
[1m[30m[46m RUN [49m[39m[22m [36mv5.0.3 [39m[90m/workspace[39m

 [32m✓[39m tests/integration/map-search.test.ts [2m([22m[2m2 tests[22m[2m)[22m[33m 1934[2mms[22m[39m
   [33m[2m✓[22m[39m D05 map/list bounds use identical canonical criteria and only rounded public community positions; private coordinate sentinels never enter responses or projections[33m 1861[2mms[22m[39m
 [32m✓[39m tests/integration/rental-availability.test.ts [2m([22m[2m3 tests[22m[2m)[22m[33m 2080[2mms[22m[39m
   [33m[2m✓[22m[39m R04 leased room invalidates whole-property search/detail/contact even with stale index; sibling room remains available and publication checks canonical occupancy[33m 1779[2mms[22m[39m
 [32m✓[39m tests/integration/discovery-ranking.test.ts [2m([22m[2m2 tests[22m[2m)[22m[33m 711[2mms[22m[39m
   [33m[2m✓[22m[39m D06 known freshness/view/curated scores produce deterministic order, duplicate events cannot inflate it, and withdrawn or private data is excluded[33m 666[2mms[22m[39m
 [32m✓[39m tests/integration/agency-assignments.test.ts [2m([22m[2m3 tests[22m[2m)[22m[33m 412[2mms[22m[39m
 [32m✓[39m tests/integration/approved-tours.test.ts [2m([22m[2m1 test[22m[2m)[22m[33m 1457[2mms[22m[39m
   [33m[2m✓[22m[39m D09 only scanned decoded approved panoramas expose public metadata and a tour badge; denied assets expose no storage URL[33m 1455[2mms[22m[39m
 [32m✓[39m tests/integration/commercial-detail.test.ts [2m([22m[2m2 tests[22m[2m)[22m[32m 245[2mms[22m[39m
 [32m✓[39m tests/integration/rental-detail.test.ts [2m([22m[2m2 tests[22m[2m)[22m[32m 192[2mms[22m[39m
 [32m✓[39m tests/integration/resale-detail.test.ts [2m([22m[2m1 test[22m[2m)[22m[33m 423[2mms[22m[39m
   [33m[2m✓[22m[39m D08 detail exposes only published facts and current eligible assigned agents; expired/unassigned agents and withdrawn listings cannot receive bookings[33m 421[2mms[22m[39m
 [32m✓[39m tests/integration/search-rebuild.test.ts [2m([22m[2m2 tests[22m[2m)[22m[33m 7361[2mms[22m[39m
   [33m[2m✓[22m[39m D10 verified temporary rebuild preserves the old serving index and browsing, then swaps the complete eligible public count and catches queued projections[33m 3514[2mms[22m[39m
   [33m[2m✓[22m[39m D10 candidate content corruption and changed SQL source abort swap; network outage uses explicit nonempty SQL degradation[33m 3843[2mms[22m[39m
 [32m✓[39m tests/integration/typed-search.test.ts [2m([22m[2m3 tests[22m[2m)[22m[33m 2323[2mms[22m[39m
   [33m[2m✓[22m[39m D02 exact city/decimal filters, UUID ties and opaque bounded cursors return the expected IDs without duplicates[33m 2282[2mms[22m[39m

[2m Test Files [22m [1m[32m10 passed[39m[22m[90m (10)[39m
[2m      Tests [22m [1m[32m21 passed[39m[22m[90m (21)[39m
[2m   Start at [22m 22:24:05
[2m   Duration [22m 27.10s[2m (tests 66%, import 31%, transform 3%)[22m
