
[1m[30m[46m RUN [49m[39m[22m [36mv5.0.3 [39m[90m/workspace[39m

 [32m✓[39m tests/integration/contracts.test.ts [2m([22m[2m5 tests[22m[2m)[22m[33m 963[2mms[22m[39m
   [32m✓[39m F08 generated API contract [2m(5)[22m
     [33m[2m✓[22m[39m published OpenAPI matches generated operations exactly[33m 321[2mms[22m[39m
 [32m✓[39m tests/integration/search-rebuild.test.ts [2m([22m[2m2 tests[22m[2m)[22m[33m 6825[2mms[22m[39m
   [33m[2m✓[22m[39m D10 verified temporary rebuild preserves the old serving index and browsing, then swaps the complete eligible public count and catches queued projections[33m 2868[2mms[22m[39m
   [33m[2m✓[22m[39m D10 candidate content corruption and changed SQL source abort swap; network outage uses explicit nonempty SQL degradation[33m 3951[2mms[22m[39m
 [32m✓[39m tests/integration/typed-search.test.ts [2m([22m[2m3 tests[22m[2m)[22m[33m 2448[2mms[22m[39m
   [33m[2m✓[22m[39m D02 exact city/decimal filters, UUID ties and opaque bounded cursors return the expected IDs without duplicates[33m 2409[2mms[22m[39m
 [32m✓[39m tests/integration/resale-filters.test.ts [2m([22m[2m2 tests[22m[2m)[22m[33m 2141[2mms[22m[39m
   [33m[2m✓[22m[39m D04 combined resale facets use OR within groups and AND between them, including actual public tour eligibility and bounded transit proximity[33m 2044[2mms[22m[39m
 [31m❯[39m tests/integration/map-search.test.ts [2m([22m[2m2 tests[22m[2m | [22m[31m1 failed[39m[2m)[22m[33m 1745[2mms[22m[39m
[31m   [31m×[31m D05 map/list bounds use identical canonical criteria and only rounded public community positions; private coordinate sentinels never enter responses or projections[39m[33m 1680[2mms[22m[39m
   [32m✓[39m D05 malformed/out-of-range/reversed bounds are rejected for both map and list[32m 63[2mms[22m[39m
 [31m❯[39m tests/integration/rental-availability.test.ts [2m([22m[2m3 tests[22m[2m | [22m[31m3 failed[39m[2m)[22m[33m 1672[2mms[22m[39m
[31m   [31m×[31m R04 leased room invalidates whole-property search/detail/contact even with stale index; sibling room remains available and publication checks canonical occupancy[39m[33m 1462[2mms[22m[39m
[31m   [31m×[31m R04 root lock serializes a whole-property leased transition against child publication and prevents publication after the committed occupancy[39m[32m 161[2mms[22m[39m
[31m   [31m×[31m R04 active whole-unit lease denies every child contact and public detail; direct consumer lead insert cannot bypass eligibility[39m[32m 46[2mms[22m[39m
 [32m✓[39m tests/integration/development-inventory.test.ts [2m([22m[2m2 tests[22m[2m)[22m[33m 1204[2mms[22m[39m
   [33m[2m✓[22m[39m N02 publishes exact decimal range with an approved drawing, keeps types distinct from individual offered units and derives nonnegative availability with timestamps[33m 711[2mms[22m[39m
   [33m[2m✓[22m[39m N02 invalid ranges, foreign/unapproved drawing, wrong building/area, stale versions and incompatible type changes are denied; draft types are private[33m 441[2mms[22m[39m
 [32m✓[39m tests/integration/development-review.test.ts [2m([22m[2m4 tests[22m[2m)[22m[33m 467[2mms[22m[39m
 [32m✓[39m tests/integration/development-discovery.test.ts [2m([22m[2m2 tests[22m[2m)[22m[33m 436[2mms[22m[39m
   [33m[2m✓[22m[39m N03 development SQL search returns expected city/district/budget/basis/status/type-range IDs, stable pages, unknown prices and explicit public fields[33m 375[2mms[22m[39m
 [31m❯[39m tests/integration/discovery-ranking.test.ts [2m([22m[2m2 tests[22m[2m | [22m[31m1 failed[39m[2m)[22m[33m 392[2mms[22m[39m
[31m   [31m×[31m D06 known freshness/view/curated scores produce deterministic order, duplicate events cannot inflate it, and withdrawn or private data is excluded[39m[33m 342[2mms[22m[39m
   [32m✓[39m D06 public ranking rejects unsupported periods/sorts; development recommendations remain city/availability scoped[32m 47[2mms[22m[39m
 [31m❯[39m tests/integration/approved-tours.test.ts [2m([22m[2m1 test[22m[2m | [22m[31m1 failed[39m[2m)[22m[32m 157[2mms[22m[39m
[31m   [31m×[31m D09 only scanned decoded approved panoramas expose public metadata and a tour badge; denied assets expose no storage URL[39m[32m 154[2mms[22m[39m
 [32m✓[39m tests/integration/home-discovery.test.ts [2m([22m[2m2 tests[22m[2m)[22m[33m 615[2mms[22m[39m
   [33m[2m✓[22m[39m D07 city-scoped bounded home feeds show only active eligible curation and disclosed sponsorship; withdrawal/sold-out remove cards immediately[33m 553[2mms[22m[39m
 [31m❯[39m tests/integration/rental-detail.test.ts [2m([22m[2m2 tests[22m[2m | [22m[31m2 failed[39m[2m)[22m[32m 131[2mms[22m[39m
[31m   [31m×[31m R03 public detail returns exact fixture deposit, explicit utilities and room facts without internal fields; absent terms are null; unavailable rentals cannot book[39m[32m 105[2mms[22m[39m
[31m   [31m×[31m R03 shared detail labels the actual child room and attributes, with explicit zero deposit rather than an unknown fee[39m[32m 23[2mms[22m[39m
 [32m✓[39m tests/integration/search-history.test.ts [2m([22m[2m2 tests[22m[2m)[22m[32m 120[2mms[22m[39m
 [31m❯[39m tests/integration/resale-detail.test.ts [2m([22m[2m1 test[22m[2m | [22m[31m1 failed[39m[2m)[22m[32m 84[2mms[22m[39m
[31m   [31m×[31m D08 detail exposes only published facts and current eligible assigned agents; expired/unassigned agents and withdrawn listings cannot receive bookings[39m[32m 81[2mms[22m[39m
 [32m✓[39m tests/integration/payment-allocations.test.ts [2m([22m[2m7 tests[22m[2m)[22m[33m 86461[2mms[22m[39m
   [33m[2m✓[22m[39m P08 partial allocation leaves exact outstanding and credit, matching receipt creates one root, and settlement retains overpayment[33m 17568[2mms[22m[39m
   [33m[2m✓[22m[39m P08 concurrent allocations respect payment 100.10 and charge 200.20 caps[33m 10993[2mms[22m[39m
   [33m[2m✓[22m[39m P08 concurrent allocations respect payment 200.20 and charge 100.10 caps[33m 11482[2mms[22m[39m
   [33m[2m✓[22m[39m P08 cross-lease, currency, stale versions, confirmation and over-allocation deny without changing balances[33m 13263[2mms[22m[39m
   [33m[2m✓[22m[39m P08 PostgreSQL independently serializes direct allocations and prevents immutable amount edits[33m 11052[2mms[22m[39m
   [33m[2m✓[22m[39m P08 actual finance-only staff can allocate, manager-only and guessed foreign staff cannot, and revoked grants deny receipts[33m 8083[2mms[22m[39m
   [33m[2m✓[22m[39m P08 allocation and existing linked reversal share lock order and retained undo versions[33m 13967[2mms[22m[39m
 [32m✓[39m tests/integration/financial-reversals.test.ts [2m([22m[2m5 tests[22m[2m)[22m[33m 68995[2mms[22m[39m
   [33m[2m✓[22m[39m P09 payment reversal preserves original, restores balance and retains one attributed undo across receipt and fresh retries[33m 17380[2mms[22m[39m
   [33m[2m✓[22m[39m P09 charge reversal preserves original and restores payment credit without reversing a reversal[33m 15523[2mms[22m[39m
   [33m[2m✓[22m[39m P09 simultaneous payment reversals and an allocation settle once under the shared finance lock[33m 15043[2mms[22m[39m
   [33m[2m✓[22m[39m P09 stale versions, confirmation, foreign actual finance and revoked grants deny reversal or receipt without evidence[33m 9594[2mms[22m[39m
   [33m[2m✓[22m[39m P09 SQL requires exact linked evidence and commit-time allocation undo atomically[33m 11413[2mms[22m[39m
 [32m✓[39m tests/integration/recurring-charges.test.ts [2m([22m[2m6 tests[22m[2m)[22m[33m 33305[2mms[22m[39m
   [33m[2m✓[22m[39m P06 leap-month proration uses exact cents, term-aware due date and one charge across retry and repeated month[33m 8699[2mms[22m[39m
   [33m[2m✓[22m[39m P06 concurrent generators cannot duplicate a charge; ended and out-of-term leases are excluded[33m 9969[2mms[22m[39m
   [33m[2m✓[22m[39m P06 stale versions, wrong scope and missing confirmation deny generation; grant revocation denies cached receipt[33m 5379[2mms[22m[39m
   [33m[2m✓[22m[39m P06 market full-month policy and explicit historical due-day fallback are snapshotted without inventing original terms[33m 3906[2mms[22m[39m
   [33m[2m✓[22m[39m P06 actual finance-only membership can generate within its granted property; a manager without finance cannot[33m 5288[2mms[22m[39m
 [32m✓[39m tests/integration/management-dashboard.test.ts [2m([22m[2m4 tests[22m[2m)[22m[33m 53087[2mms[22m[39m
   [33m[2m✓[22m[39m P15 source counts and aging reconcile, and native payment reversal restores overdue charge debt[33m 19598[2mms[22m[39m
   [33m[2m✓[22m[39m P15 immutable maintenance status, missing history and historical occupancy are declared with no private projection[33m 11146[2mms[22m[39m
   [33m[2m✓[22m[39m P15 current exact scope omits revoked foreign money and denies forged roles and selected foreign organization[33m 13079[2mms[22m[39m
   [33m[2m✓[22m[39m P15 all due-date boundaries preserve separate exact USD totals above Number precision[33m 9199[2mms[22m[39m
 [32m✓[39m tests/integration/maintenance-workbench.test.ts [2m([22m[2m2 tests[22m[2m)[22m[33m 37986[2mms[22m[39m
   [33m[2m✓[22m[39m P13 manager resolution and tenant reopen preserve public progression while all tenant APIs exclude internal notes[33m 30661[2mms[22m[39m
   [33m[2m✓[22m[39m P13 versioned public comments and private-only notes remain immutable, filtered and currently scoped[33m 7277[2mms[22m[39m
 [32m✓[39m tests/integration/tenant-leases.test.ts [2m([22m[2m5 tests[22m[2m)[22m[33m 34081[2mms[22m[39m
   [33m[2m✓[22m[39m P11 linked tenant sees exact reconciled own balance without private staff references, actor/org fields or draft payments[33m 11358[2mms[22m[39m
   [33m[2m✓[22m[39m P11 foreign users, owners and guessed finance personas cannot read another linked lease or its document[33m 1445[2mms[22m[39m
   [33m[2m✓[22m[39m P11 documents are private while draft, then exact approved bound PDF is readable only on its linked lease and revoked asset versions deny[33m 2861[2mms[22m[39m
   [33m[2m✓[22m[39m P11 reversals reconcile own recorded balance and retained history without exposing correction reasons[33m 16801[2mms[22m[39m
   [33m[2m✓[22m[39m P11 bounded history pages keep full totals, tenant-link changes deny immediately and revoked professional grant does not erase tenant contract access[33m 1569[2mms[22m[39m
 [32m✓[39m tests/integration/statements.test.ts [2m([22m[2m4 tests[22m[2m)[22m[33m 29435[2mms[22m[39m
   [33m[2m✓[22m[39m P14 golden posted ledger reconciles opening, inclusive period movements and closing with linked reversals and allocation undo[33m 5425[2mms[22m[39m
   [33m[2m✓[22m[39m P14 actual posted finance reconciles with the tenant portal and current grants deny other owners, forged staff and revoked exports[33m 16733[2mms[22m[39m
   [33m[2m✓[22m[39m P14 separate USD/CNY leases preserve amounts above JavaScript integer precision and refuse historical currency conflicts[33m 3613[2mms[22m[39m
   [33m[2m✓[22m[39m P14 bounded pages retain full totals and complete exports escape labels, while oversized exports and malformed periods refuse[33m 3597[2mms[22m[39m
 [32m✓[39m tests/integration/payment-evidence.test.ts [2m([22m[2m5 tests[22m[2m)[22m[33m 33977[2mms[22m[39m
   [33m[2m✓[22m[39m P07 native draft stays out of balances and tenant reads; posting exact evidence retains history and audit once[33m 6880[2mms[22m[39m
   [33m[2m✓[22m[39m P07 edits only current drafts, retains original amount snapshots and denies posted amount changes at API and database[33m 11927[2mms[22m[39m
   [33m[2m✓[22m[39m P07 negative/float/scientific money, foreign currency and stale authority deny creation with no payment roots[33m 1394[2mms[22m[39m
   [33m[2m✓[22m[39m P07 posting requires current saved versions and confirmation, concurrent attempts create one post, and revoked grants deny receipts[33m 8849[2mms[22m[39m
   [33m[2m✓[22m[39m P07 drafts cannot be allocated or reversed before posting and actual manager-only authority cannot record payments[33m 4870[2mms[22m[39m
 [32m✓[39m tests/integration/maintenance-requests.test.ts [2m([22m[2m5 tests[22m[2m)[22m[33m 29541[2mms[22m[39m
   [33m[2m✓[22m[39m P12 linked tenant creates one versioned request with private owned photo, current manager triages and assigns with exact retained activity[33m 10408[2mms[22m[39m
   [33m[2m✓[22m[39m P12 a current manager can create an authorized request that its linked tenant sees, without impersonating tenant creation[33m 3947[2mms[22m[39m
   [33m[2m✓[22m[39m P12 foreign unit/persona/media, stale source versions, malformed labels and inactive workflow states deny without partial request roots[33m 2253[2mms[22m[39m
   [33m[2m✓[22m[39m P12 cross-request photo guessing, invalid transitions, stale request versions and wrong-team assignment deny; revoked grant denies manager and new tenant creates[33m 11417[2mms[22m[39m
   [33m[2m✓[22m[39m P12 SQL rejects unversioned runtime request and immutable photo/history edits; activity is committed with exact database timestamp[33m 1456[2mms[22m[39m
 [32m✓[39m tests/integration/deposits.test.ts [2m([22m[2m5 tests[22m[2m)[22m[33m 30638[2mms[22m[39m
   [33m[2m✓[22m[39m P10 received, partial release and explicit bidirectional adjustments reconcile liability without changing rent totals[33m 14914[2mms[22m[39m
   [33m[2m✓[22m[39m P10 excess, stale authority, invalid decimals, wrong currency and unconfirmed movements deny without liability changes; SQL rejects bypass[33m 5261[2mms[22m[39m
   [33m[2m✓[22m[39m P10 concurrent releases use one liability version and receipt replay remains scoped after revocation[33m 4376[2mms[22m[39m
   [33m[2m✓[22m[39m P10 actual foreign finance and manager-only identities cannot read or mutate another deposit ledger[33m 1448[2mms[22m[39m
   [33m[2m✓[22m[39m P10 historical adjustments preserve prior decrease convention and unknown provenance, while subsequent native release is exact[33m 4586[2mms[22m[39m
 [32m✓[39m tests/integration/lease-lifecycle.test.ts [2m([22m[2m5 tests[22m[2m)[22m[33m 21771[2mms[22m[39m
   [33m[2m✓[22m[39m P05 valid next term retains original terms, links history and replays one renewal draft[33m 5622[2mms[22m[39m
   [33m[2m✓[22m[39m P05 overlapping next terms and stale/currency versions deny renewal without partial linked drafts[33m 5315[2mms[22m[39m
   [33m[2m✓[22m[39m P05 ending records termination reason and original history, never republishes, and revoked authority denies receipt replay[33m 3323[2mms[22m[39m
   [33m[2m✓[22m[39m P05 concurrent renewal requests yield one retained successor and concurrent endings yield one record[33m 4663[2mms[22m[39m
   [33m[2m✓[22m[39m P05 historical lease ending retains unknown provenance and new renewal uses current native authority[33m 2791[2mms[22m[39m
 [32m✓[39m tests/integration/lease-activation.test.ts [2m([22m[2m4 tests[22m[2m)[22m[33m 7718[2mms[22m[39m
   [33m[2m✓[22m[39m P04 atomic activation withdraws the public rental offer with exact history, audit and matching receipts[33m 1767[2mms[22m[39m
   [33m[2m✓[22m[39m P04 simultaneous overlapping draft activations yield exactly one success and one current-state conflict[33m 2213[2mms[22m[39m
   [33m[2m✓[22m[39m P04 property occupation conflicts with child rooms while sibling rooms can hold separate exclusive terms[33m 2678[2mms[22m[39m
   [33m[2m✓[22m[39m P04 stale versions, missing confirmation and expired terms deny activation without withdrawing publication[33m 998[2mms[22m[39m
 [32m✓[39m tests/integration/lease-drafts.test.ts [2m([22m[2m4 tests[22m[2m)[22m[33m 4012[2mms[22m[39m
   [33m[2m✓[22m[39m P03 creates one permitted canonical lease draft with exact decimals, monthly due terms and private attachment on retry[33m 499[2mms[22m[39m
   [33m[2m✓[22m[39m P03 rejects invalid calendar/range/currency, floating amounts, stale sources and unauthorized documents without partial lease rows[33m 676[2mms[22m[39m
   [33m[2m✓[22m[39m P03 updates only current draft versions, retains original history and denies ended lease term edits[33m 1376[2mms[22m[39m
   [33m[2m✓[22m[39m P03 another real manager retains an existing team PDF while foreign and tenant document access are denied[33m 987[2mms[22m[39m
 [32m✓[39m tests/integration/viewing-calendar.test.ts [2m([22m[2m8 tests[22m[2m)[22m[33m 3135[2mms[22m[39m
   [33m[2m✓[22m[39m L05 consumer atomically reschedules a confirmed viewing, requiring fresh confirmation; idempotent receipt preserves one event and row[33m 498[2mms[22m[39m
   [33m[2m✓[22m[39m L05 conflicting/stale/unauthorized reschedules and cancellations preserve the original confirmed interval[33m 387[2mms[22m[39m
   [33m[2m✓[22m[39m L05 assigned professional reschedule retains confirmation; professional cancellation releases the new slot[33m 398[2mms[22m[39m
   [33m[2m✓[22m[39m L05 concurrent reschedules from the same version yield one change and one conflict[33m 326[2mms[22m[39m
   [33m[2m✓[22m[39m L05 calendar date filters use the recorded property date, including times on the previous UTC day[33m 314[2mms[22m[39m
   [33m[2m✓[22m[39m L05 property capacity remains reserved when assignment changes; the former appointment can be cancelled through actual professional scope[33m 631[2mms[22m[39m
 [32m✓[39m tests/integration/rental-discovery.test.ts [2m([22m[2m2 tests[22m[2m)[22m[33m 2686[2mms[22m[39m
   [33m[2m✓[22m[39m R02 indexed and SQL rental criteria isolate entire furnished monthly budgets, availability dates and yearly amounts[33m 2682[2mms[22m[39m
 [32m✓[39m tests/integration/provider-catalog.test.ts [2m([22m[2m5 tests[22m[2m)[22m[33m 2833[2mms[22m[39m
   [33m[2m✓[22m[39m V01 only independently approved provider is public in its exact service area, with scanned portfolio and no owner/private review fields[33m 664[2mms[22m[39m
   [33m[2m✓[22m[39m V01 unscanned/foreign/stale-version/duplicate portfolio references and wrong-city districts are rejected without partial provider writes[33m 862[2mms[22m[39m
   [33m[2m✓[22m[39m V01 editing approval removes public access, submitted edits need withdrawal, stale writes conflict, and matching create retry returns one profile[33m 552[2mms[22m[39m
   [33m[2m✓[22m[39m V01 revoked vendor membership removes authoring/public eligibility while exact own personal export retains its provider metadata[33m 650[2mms[22m[39m
 [32m✓[39m tests/integration/viewing-reminders.test.ts [2m([22m[2m6 tests[22m[2m)[22m[33m 2390[2mms[22m[39m
   [33m[2m✓[22m[39m L06 confirmation schedules one versioned reminder; actual BullMQ and SMTP receipt replay produce one email and one native notification[33m 523[2mms[22m[39m
   [33m[2m✓[22m[39m L06 cancellation invalidates queued and failed reminders and all stale retries send no email[33m 441[2mms[22m[39m
   [33m[2m✓[22m[39m L06 lost post-SMTP acknowledgement reconciles the frozen provider receipt without duplicate sending[33m 306[2mms[22m[39m
   [33m[2m✓[22m[39m L06 rescheduling invalidates the former booking job and fresh confirmation schedules the new version; unsigned service calls and private table reads fail[33m 371[2mms[22m[39m
   [33m[2m✓[22m[39m L06 transactional reminders never email unverified accounts, and inactive accounts receive no reminder[33m 425[2mms[22m[39m
 [32m✓[39m tests/integration/outbox.test.ts [2m([22m[2m2 tests[22m[2m)[22m[33m 2539[2mms[22m[39m
   [32m✓[39m F09 real queue replay and crash recovery [2m(2)[22m
     [33m[2m✓[22m[39m crash after SMTP delivery retries without duplicating mail or notifications[33m 1832[2mms[22m[39m
     [33m[2m✓[22m[39m an old publish event cannot resurrect withdrawn inventory[33m 703[2mms[22m[39m
 [32m✓[39m tests/integration/tenant-links.test.ts [2m([22m[2m4 tests[22m[2m)[22m[33m 4618[2mms[22m[39m
   [33m[2m✓[22m[39m P02 verified recipient accepts exact grant invitation once and reads own linked profile without enumerating others[33m 4321[2mms[22m[39m
 [32m✓[39m tests/integration/commercial-discovery.test.ts [2m([22m[2m2 tests[22m[2m)[22m[33m 2591[2mms[22m[39m
   [33m[2m✓[22m[39m C02 furnished office rentals compare explicit periods, price bases and area definitions in SQL and indexed search[33m 2584[2mms[22m[39m
 [32m✓[39m tests/integration/public-read-cache.test.ts [2m([22m[2m7 tests[22m[2m)[22m[33m 2411[2mms[22m[39m
   [33m[2m✓[22m[39m Q07 reusable current public snapshots coalesce reads without bypassing expiry when no mutation occurs[33m 1141[2mms[22m[39m
   [33m[2m✓[22m[39m Q07 pending reads cannot cross a publication deadline, and upcoming curation starts refresh without a write[33m 1027[2mms[22m[39m
 [32m✓[39m tests/integration/viewing-bookings.test.ts [2m([22m[2m6 tests[22m[2m)[22m[33m 2030[2mms[22m[39m
   [33m[2m✓[22m[39m L04 concurrent actual consumers yield one accepted reservation and one conflict[33m 326[2mms[22m[39m
   [33m[2m✓[22m[39m L04 only the current assigned professional confirms once; owning cancellation is versioned and releases capacity[33m 315[2mms[22m[39m
   [33m[2m✓[22m[39m L04 database writes require current metadata and retained travel gaps apply across properties[33m 663[2mms[22m[39m
 [32m✓[39m tests/integration/account-privacy.test.ts [2m([22m[2m4 tests[22m[2m)[22m[33m 2169[2mms[22m[39m
   [33m[2m✓[22m[39m A06 one-snapshot personal export excludes another persona even for an administrator and keeps money as decimal strings[33m 784[2mms[22m[39m
   [33m[2m✓[22m[39m A06 strict confirmed versioned deletion revokes every own session/optional channel and preserves posted finance plus reversal history[33m 645[2mms[22m[39m
   [33m[2m✓[22m[39m Q04 own staff deletion keeps original permission history, advances revoked membership versions and never records an administrator reactivation[33m 462[2mms[22m[39m
 [32m✓[39m tests/integration/messages.test.ts [2m([22m[2m5 tests[22m[2m)[22m[33m 1903[2mms[22m[39m
   [33m[2m✓[22m[39m M02 same client ID replay, including concurrent retries, returns one committed message and one event; changed content cannot reuse it[33m 316[2mms[22m[39m
   [33m[2m✓[22m[39m M02 concurrent different participants receive unique ordered BIGINT sequences; stale grants and cross-room client ID reuse persist no new message[33m 361[2mms[22m[39m
   [33m[2m✓[22m[39m M02 scanned owned private files commit with the message and are readable only by its current participants; replay grants remain exact[33m 456[2mms[22m[39m
   [33m[2m✓[22m[39m M02 foreign/unscanned/stale and other-conversation files are denied without partial message/event/attachment writes[33m 572[2mms[22m[39m
 [32m✓[39m tests/integration/home-content.test.ts [2m([22m[2m3 tests[22m[2m)[22m[33m 1780[2mms[22m[39m
   [33m[2m✓[22m[39m S03 versioned scheduled publication uses the exact eligible snapshot, preserves independent draft edits and current public visibility[33m 1014[2mms[22m[39m
   [33m[2m✓[22m[39m S03 future and expired schedules stay absent; invalid city/category/version/link, guessed preview and forged editor permissions deny[33m 389[2mms[22m[39m
   [33m[2m✓[22m[39m S03 actual editor taxonomy is versioned with immutable history; disabled eligibility hides publication and blocks draft admission[33m 373[2mms[22m[39m
 [32m✓[39m tests/integration/agent-directory.test.ts [2m([22m[2m3 tests[22m[2m)[22m[33m 2164[2mms[22m[39m
   [33m[2m✓[22m[39m B02 city/name/service-area/language filters open seeded assigned inventory without private credential data or invented statistics[33m 580[2mms[22m[39m
   [33m[2m✓[22m[39m B02 consented contact routes to the selected actual agent; missing consent, stale version and expired service eligibility fail[33m 345[2mms[22m[39m
   [33m[2m✓[22m[39m B02 assigned inventory and current counts exclude unpublished/withdrawn offers immediately[33m 1227[2mms[22m[39m
 [32m✓[39m tests/integration/notifications.test.ts [2m([22m[2m6 tests[22m[2m)[22m[33m 1872[2mms[22m[39m
   [33m[2m✓[22m[39m A05 a real publication worker plans one daily digest; BullMQ delivers one provider-accepted email and one in-app notification; replay stays deduplicated[33m 779[2mms[22m[39m
 [32m✓[39m tests/integration/agent-credentials.test.ts [2m([22m[2m3 tests[22m[2m)[22m[33m 1516[2mms[22m[39m
   [33m[2m✓[22m[39m B01 independent approval produces a badge; own/private projections omit internal notes and document identifiers[33m 485[2mms[22m[39m
   [33m[2m✓[22m[39m B01 public identity changes invalidate approval; self-granted expiry and cross-agency authoring are denied[33m 805[2mms[22m[39m
 [32m✓[39m tests/integration/realtime.test.ts [2m([22m[2m3 tests[22m[2m)[22m[33m 1860[2mms[22m[39m
   [33m[2m✓[22m[39m M04 replay after a saved sequence returns ordered missing pages and no duplicate previously received records[33m 1278[2mms[22m[39m
 [32m✓[39m tests/integration/listing-expiration.test.ts [2m([22m[2m5 tests[22m[2m)[22m[33m 1633[2mms[22m[39m
   [33m[2m✓[22m[39m I08 real queue expiration and late duplicate jobs create one atomic transition and remove public destinations/search[33m 1024[2mms[22m[39m
 [32m✓[39m tests/integration/search-projection.test.ts [2m([22m[2m2 tests[22m[2m)[22m[33m 1368[2mms[22m[39m
   [33m[2m✓[22m[39m D01 approved public projection is searchable with exact decimal price and no private fields; old publication cannot resurrect withdrawal[33m 1363[2mms[22m[39m
 [32m✓[39m tests/integration/read-cursors.test.ts [2m([22m[2m4 tests[22m[2m)[22m[33m 1213[2mms[22m[39m
   [33m[2m✓[22m[39m M03 unread counts exclude own messages and only a participant’s monotonic committed cursor marks incoming messages read[33m 432[2mms[22m[39m
   [33m[2m✓[22m[39m M03 latest history and before/after pages remain ordered and recover all messages beyond the initial window[33m 342[2mms[22m[39m
 [32m✓[39m tests/integration/viewing-availability.test.ts [2m([22m[2m6 tests[22m[2m)[22m[33m 1060[2mms[22m[39m
   [33m[2m✓[22m[39m L03 private blocked intervals and existing agent appointments remove overlapping or buffered slots; cancellation restores capacity[33m 405[2mms[22m[39m
 [32m✓[39m tests/integration/city-taxonomy-bootstrap.test.ts [2m([22m[2m2 tests[22m[2m)[22m[33m 1520[2mms[22m[39m
   [33m[2m✓[22m[39m Q04 cold seed includes editable categories and a trusted replay preserves existing native labels, state, versions and original activity[33m 1396[2mms[22m[39m
 [32m✓[39m tests/integration/management-grants.test.ts [2m([22m[2m5 tests[22m[2m)[22m[33m 760[2mms[22m[39m
   [33m[2m✓[22m[39m P01 owner grant admits manager to the same canonical unit, retries persist one root and privacy history[33m 539[2mms[22m[39m
 [32m✓[39m tests/integration/quotes.test.ts [2m([22m[2m4 tests[22m[2m)[22m[33m 759[2mms[22m[39m
 [32m✓[39m tests/integration/owner-wizard.test.ts [2m([22m[2m2 tests[22m[2m)[22m[33m 755[2mms[22m[39m
   [33m[2m✓[22m[39m O02 private autosaved progress survives reads, rejects invalid step advancement and guards version, scope and final completeness[33m 541[2mms[22m[39m
 [32m✓[39m tests/integration/browsing-history.test.ts [2m([22m[2m1 test[22m[2m)[22m[33m 671[2mms[22m[39m
   [33m[2m✓[22m[39m A03 history is opt-in, versioned, removable/clearable and scoped; archived favorites/history stay unavailable without private fields[33m 668[2mms[22m[39m
 [32m✓[39m tests/integration/provider-discovery.test.ts [2m([22m[2m1 test[22m[2m)[22m[33m 698[2mms[22m[39m
   [33m[2m✓[22m[39m V02 filters published providers by exact category/canonical area/text/city with bounded stable pages; other areas and unknown matches remain empty[33m 622[2mms[22m[39m
 [32m✓[39m tests/integration/inquiries.test.ts [2m([22m[2m6 tests[22m[2m)[22m[33m 604[2mms[22m[39m
 [32m✓[39m tests/integration/crm.test.ts [2m([22m[2m4 tests[22m[2m)[22m[33m 476[2mms[22m[39m
 [32m✓[39m tests/integration/support-workbench.test.ts [2m([22m[2m3 tests[22m[2m)[22m[33m 563[2mms[22m[39m
 [32m✓[39m tests/integration/database.test.ts [2m([22m[2m15 tests[22m[2m)[22m[33m 395[2mms[22m[39m
 [32m✓[39m tests/integration/analytics.test.ts [2m([22m[2m3 tests[22m[2m)[22m[33m 525[2mms[22m[39m
   [33m[2m✓[22m[39m S06 six declared consented source events project exact unique counts; retries, repeated-source events and concurrent workers cannot double count or expose private text[33m 447[2mms[22m[39m
 [32m✓[39m tests/integration/owner-evidence.test.ts [2m([22m[2m2 tests[22m[2m)[22m[33m 543[2mms[22m[39m
   [33m[2m✓[22m[39m O03 actual approved PDF attachment is versioned, scoped and labelled; authorized downloads are audited and expired/foreign tickets fail[33m 422[2mms[22m[39m
 [32m✓[39m tests/integration/owner-grants.test.ts [2m([22m[2m2 tests[22m[2m)[22m[33m 472[2mms[22m[39m
   [33m[2m✓[22m[39m O01 owner creates an exact private draft using a current explicit grant; contact audience isolates reviewers then the assigned team[33m 352[2mms[22m[39m
 [31m❯[39m tests/integration/agency-assignments.test.ts [2m([22m[2m3 tests[22m[2m | [22m[31m3 failed[39m[2m)[22m[32m 237[2mms[22m[39m
[31m   [31m×[31m B04 assigned agent edits while unassigned/foreign agents are denied; policy preserves or atomically moves open leads/threads[39m[32m 87[2mms[22m[39m
[31m   [31m×[31m B04 disabled/ineligible/foreign agents and managers, stale versions, self assignment and terminal workflow are denied[39m[32m 35[2mms[22m[39m
[31m   [31m×[31m B04 lead-only assignment, idempotent replay, rollback, retained history and closed lead protection use exact current records[39m[32m 32[2mms[22m[39m
 [32m✓[39m tests/integration/support-cases.test.ts [2m([22m[2m3 tests[22m[2m)[22m[33m 416[2mms[22m[39m
 [32m✓[39m tests/integration/owner-lifecycle.test.ts [2m([22m[2m3 tests[22m[2m)[22m[33m 434[2mms[22m[39m
 [32m✓[39m tests/integration/conversations.test.ts [2m([22m[2m3 tests[22m[2m)[22m[33m 379[2mms[22m[39m
 [32m✓[39m tests/integration/listing-workflow.test.ts [2m([22m[2m6 tests[22m[2m)[22m[33m 348[2mms[22m[39m
 [32m✓[39m tests/integration/development-detail.test.ts [2m([22m[2m2 tests[22m[2m)[22m[33m 381[2mms[22m[39m
 [32m✓[39m tests/integration/commercial-facts.test.ts [2m([22m[2m3 tests[22m[2m)[22m[33m 310[2mms[22m[39m
 [32m✓[39m tests/integration/favorites.test.ts [2m([22m[2m1 test[22m[2m)[22m[32m 296[2mms[22m[39m
 [32m✓[39m tests/integration/agency-memberships.test.ts [2m([22m[2m3 tests[22m[2m)[22m[32m 291[2mms[22m[39m
 [32m✓[39m tests/integration/market-policy.test.ts [2m([22m[2m2 tests[22m[2m)[22m[32m 243[2mms[22m[39m
 [32m✓[39m tests/integration/rental-terms.test.ts [2m([22m[2m2 tests[22m[2m)[22m[32m 254[2mms[22m[39m
 [32m✓[39m tests/integration/development-projects.test.ts [2m([22m[2m2 tests[22m[2m)[22m[32m 224[2mms[22m[39m
 [32m✓[39m tests/integration/agent-dashboard.test.ts [2m([22m[2m3 tests[22m[2m)[22m[33m 316[2mms[22m[39m
 [31m❯[39m tests/integration/commercial-detail.test.ts [2m([22m[2m2 tests[22m[2m | [22m[31m2 failed[39m[2m)[22m[32m 137[2mms[22m[39m
[31m   [31m×[31m C03 public business facts and inquiry preserve an immutable exact submitted context in the assigned agency without private disclosure[39m[32m 51[2mms[22m[39m
[31m   [31m×[31m C03 commercial submissions require a current version and reject withdrawn/expired offers at API and direct database insertion[39m[32m 79[2mms[22m[39m
 [32m✓[39m tests/integration/seo.test.ts [2m([22m[2m2 tests[22m[2m)[22m[32m 260[2mms[22m[39m
 [32m✓[39m tests/integration/saved-searches.test.ts [2m([22m[2m2 tests[22m[2m)[22m[32m 245[2mms[22m[39m
 [32m✓[39m tests/integration/platform-administration.test.ts [2m([22m[2m3 tests[22m[2m)[22m[32m 200[2mms[22m[39m
 [32m✓[39m tests/integration/owner-assignment.test.ts [2m([22m[2m2 tests[22m[2m)[22m[32m 172[2mms[22m[39m
 [32m✓[39m tests/integration/listing-revisions.test.ts [2m([22m[2m4 tests[22m[2m)[22m[32m 216[2mms[22m[39m
 [32m✓[39m tests/integration/mortgage-market.test.ts [2m([22m[2m1 test[22m[2m)[22m[32m 91[2mms[22m[39m
 [32m✓[39m tests/integration/inventory-schema.test.ts [2m([22m[2m6 tests[22m[2m)[22m[32m 97[2mms[22m[39m
 [32m✓[39m tests/integration/account-profile.test.ts [2m([22m[2m1 test[22m[2m)[22m[32m 101[2mms[22m[39m
 [32m✓[39m tests/integration/moderation-evidence.test.ts [2m([22m[2m4 tests[22m[2m)[22m[32m 66[2mms[22m[39m
 [32m✓[39m tests/integration/geography.test.ts [2m([22m[2m4 tests[22m[2m)[22m[32m 59[2mms[22m[39m
 [32m✓[39m tests/integration/transaction-context.test.ts [2m([22m[2m2 tests[22m[2m)[22m[32m 55[2mms[22m[39m
 [32m✓[39m tests/integration/readiness.test.ts [2m([22m[2m2 tests[22m[2m)[22m[32m 40[2mms[22m[39m

[31m⎯⎯⎯⎯⎯⎯[39m[1m[41m Failed Tests 14 [49m[22m[31m⎯⎯⎯⎯⎯⎯⎯[39m

[41m[1m FAIL [22m[49m tests/integration/agency-assignments.test.ts[2m > [22mB04 assigned agent edits while unassigned/foreign agents are denied; policy preserves or atomically moves open leads/threads
[31m[1mHttpException[22m: Property is already assigned to this agent[39m
[36m [2m❯[22m fail apps/api/src/platform/core.ts:[2m9:87[22m[39m

[90m [2m❯[22m assignListing apps/api/src/inventory/assignments.ts:[2m12:510[22m[39m
[90m [2m❯[22m apps/api/src/inventory/controller.ts:[2m72:245[22m[39m
[90m [2m❯[22m idempotent apps/api/src/platform/core.ts:[2m21:1047[22m[39m
[90m [2m❯[22m transaction packages/database/src/index.ts:[2m7:1053[22m[39m
[90m [2m❯[22m tests/integration/agency-assignments.test.ts:[2m18:362[22m[39m

[31m[2m⎯⎯⎯⎯⎯⎯⎯⎯⎯⎯⎯⎯⎯⎯⎯⎯⎯⎯⎯⎯⎯⎯⎯[1/14]⎯[22m[39m

[41m[1m FAIL [22m[49m tests/integration/agency-assignments.test.ts[2m > [22mB04 disabled/ineligible/foreign agents and managers, stale versions, self assignment and terminal workflow are denied
[31m[1mAssertionError[22m: expected HttpException: Property is already assign… { …(4) } to match object { status: 404 }
(8 matching properties omitted from actual)[39m

[32m- Expected[39m
[31m+ Received[39m

[32m- {[39m
[32m-   "status": 404,[39m
[31m+ HttpException {[39m
[31m+   "status": 409,[39m
[2m  }[22m

[36m [2m❯[22m tests/integration/agency-assignments.test.ts:[2m19:689[22m[39m


[31m[2m⎯⎯⎯⎯⎯⎯⎯⎯⎯⎯⎯⎯⎯⎯⎯⎯⎯⎯⎯⎯⎯⎯⎯[2/14]⎯[22m[39m

[41m[1m FAIL [22m[49m tests/integration/agency-assignments.test.ts[2m > [22mB04 lead-only assignment, idempotent replay, rollback, retained history and closed lead protection use exact current records
[31m[1mHttpException[22m: Lead is already assigned to this agent[39m
[36m [2m❯[22m fail apps/api/src/platform/core.ts:[2m9:87[22m[39m

[90m [2m❯[22m assignLead apps/api/src/engagement/lead-assignments.ts:[2m12:467[22m[39m
[90m [2m❯[22m apps/api/src/engagement/lead-assignments.ts:[2m18:294[22m[39m
[90m [2m❯[22m idempotent apps/api/src/platform/core.ts:[2m21:1047[22m[39m
[90m [2m❯[22m transaction packages/database/src/index.ts:[2m7:1053[22m[39m
[90m [2m❯[22m tests/integration/agency-assignments.test.ts:[2m20:462[22m[39m

[31m[2m⎯⎯⎯⎯⎯⎯⎯⎯⎯⎯⎯⎯⎯⎯⎯⎯⎯⎯⎯⎯⎯⎯⎯[3/14]⎯[22m[39m

[41m[1m FAIL [22m[49m tests/integration/approved-tours.test.ts[2m > [22mD09 only scanned decoded approved panoramas expose public metadata and a tour badge; denied assets expose no storage URL
[31m[1mTypeError[22m: Cannot read properties of undefined (reading 'tourAvailable')[39m
[36m [2m❯[22m tests/integration/approved-tours.test.ts:[2m18:27[22m[39m


[31m[2m⎯⎯⎯⎯⎯⎯⎯⎯⎯⎯⎯⎯⎯⎯⎯⎯⎯⎯⎯⎯⎯⎯⎯[4/14]⎯[22m[39m

[41m[1m FAIL [22m[49m tests/integration/commercial-detail.test.ts[2m > [22mC03 public business facts and inquiry preserve an immutable exact submitted context in the assigned agency without private disclosure
[31m[1merror[22m: operator does not exist: text = uuid[39m
[90m [2m❯[22m node_modules/.pnpm/pg@8.23.1/node_modules/pg/lib/client.js:[2m694:17[22m[39m
[36m [2m❯[22m apps/api/src/geography/controller.ts:[2m34:191[22m[39m

[90m [2m❯[22m transaction packages/database/src/index.ts:[2m7:1053[22m[39m
[90m [2m❯[22m apps/api/src/geography/public-read-cache.ts:[2m21:46[22m[39m
[90m [2m❯[22m cached apps/api/src/geography/public-read-cache.ts:[2m22:29[22m[39m
[90m [2m❯[22m tests/integration/commercial-detail.test.ts:[2m15:254[22m[39m

[31m[2m⎯⎯⎯⎯⎯⎯⎯⎯⎯⎯⎯⎯⎯⎯⎯⎯⎯⎯⎯⎯⎯⎯⎯[5/14]⎯[22m[39m

[41m[1m FAIL [22m[49m tests/integration/commercial-detail.test.ts[2m > [22mC03 commercial submissions require a current version and reject withdrawn/expired offers at API and direct database insertion
[31m[1mAssertionError[22m: expected error: operator does not exist: text = uu… { …(15) } to match object { status: 404 }
(18 matching properties omitted from actual)[39m

[32m- Expected[39m
[31m+ Received[39m

[32m- {[39m
[32m-   "status": 404,[39m
[31m+ error {[39m
[31m+   "message": "operator does not exist: text = uuid",[39m
[31m+   "length": 197,[39m
[31m+   "name": "error",[39m
[31m+   "severity": "ERROR",[39m
[31m+   "code": "42883",[39m
[31m+   "detail": undefined,[39m
[31m+   "hint": "No operator matches the given name and argument types. You might need to add explicit type casts.",[39m
[31m+   "position": "212",[39m
[31m+   "internalPosition": undefined,[39m
[31m+   "internalQuery": undefined,[39m
[31m+   "where": undefined,[39m
[31m+   "schema": undefined,[39m
[31m+   "table": undefined,[39m
[31m+   "column": undefined,[39m
[31m+   "dataType": undefined,[39m
[31m+   "constraint": undefined,[39m
[31m+   "file": "parse_oper.c",[39m
[31m+   "line": "635",[39m
[31m+   "routine": "op_error",[39m
[2m  }[22m

[36m [2m❯[22m tests/integration/commercial-detail.test.ts:[2m16:1327[22m[39m


[31m[2m⎯⎯⎯⎯⎯⎯⎯⎯⎯⎯⎯⎯⎯⎯⎯⎯⎯⎯⎯⎯⎯⎯⎯[6/14]⎯[22m[39m

[41m[1m FAIL [22m[49m tests/integration/discovery-ranking.test.ts[2m > [22mD06 known freshness/view/curated scores produce deterministic order, duplicate events cannot inflate it, and withdrawn or private data is excluded
[31m[1mAssertionError[22m: expected undefined to match object { sponsored: true, …(1) }[39m

[32m- Expected:[39m
{
  "curationLabel": "Synthetic Sponsor",
  "sponsored": true,
}

[31m+ Received:[39m
undefined

[36m [2m❯[22m tests/integration/discovery-ranking.test.ts:[2m38:242[22m[39m


[31m[2m⎯⎯⎯⎯⎯⎯⎯⎯⎯⎯⎯⎯⎯⎯⎯⎯⎯⎯⎯⎯⎯⎯⎯[7/14]⎯[22m[39m

[41m[1m FAIL [22m[49m tests/integration/map-search.test.ts[2m > [22mD05 map/list bounds use identical canonical criteria and only rounded public community positions; private coordinate sentinels never enter responses or projections
[31m[1mAssertionError[22m: expected 500 to be 200 // Object.is equality[39m

[32m- Expected[39m
[31m+ Received[39m

[32m- 200[39m
[31m+ 500[39m

[36m [2m❯[22m response tests/integration/map-search.test.ts:[2m7:168[22m[39m
    [90m  5|[39m afterAll(()=>pool.end());
    [90m  6|[39m const origin=(process.env.INTEGRATION_WEB_URL||process.env.PUBLIC_WEB_…
    [90m  7|[39m async function response(path:string,query:Record<string,string>){const…
    [90m   |[39m                                                                                                                                                                        [31m^[39m
    [90m  8|[39m it('D05 map/list bounds use identical canonical criteria and only roun…
    [90m  9|[39m  await initializeSearch();const ids:string[]=[],privateLatitude='12.34…
[90m [2m❯[22m tests/integration/map-search.test.ts:[2m26:16[22m[39m

[31m[2m⎯⎯⎯⎯⎯⎯⎯⎯⎯⎯⎯⎯⎯⎯⎯⎯⎯⎯⎯⎯⎯⎯⎯[8/14]⎯[22m[39m

[41m[1m FAIL [22m[49m tests/integration/rental-availability.test.ts[2m > [22mR04 leased room invalidates whole-property search/detail/contact even with stale index; sibling room remains available and publication checks canonical occupancy
[31m[1mAssertionError[22m: expected 500 to be 404 // Object.is equality[39m

[32m- Expected[39m
[31m+ Received[39m

[32m- 404[39m
[31m+ 500[39m

[36m [2m❯[22m tests/integration/rental-availability.test.ts:[2m17:1249[22m[39m


[31m[2m⎯⎯⎯⎯⎯⎯⎯⎯⎯⎯⎯⎯⎯⎯⎯⎯⎯⎯⎯⎯⎯⎯⎯[9/14]⎯[22m[39m

[41m[1m FAIL [22m[49m tests/integration/rental-availability.test.ts[2m > [22mR04 root lock serializes a whole-property leased transition against child publication and prevents publication after the committed occupancy
[31m[1mAssertionError[22m: expected 500 to be 404 // Object.is equality[39m

[32m- Expected[39m
[31m+ Received[39m

[32m- 404[39m
[31m+ 500[39m

[36m [2m❯[22m tests/integration/rental-availability.test.ts:[2m20:1271[22m[39m


[31m[2m⎯⎯⎯⎯⎯⎯⎯⎯⎯⎯⎯⎯⎯⎯⎯⎯⎯⎯⎯⎯⎯⎯[10/14]⎯[22m[39m

[41m[1m FAIL [22m[49m tests/integration/rental-availability.test.ts[2m > [22mR04 active whole-unit lease denies every child contact and public detail; direct consumer lead insert cannot bypass eligibility
[31m[1mAssertionError[22m: expected 500 to be 404 // Object.is equality[39m

[32m- Expected[39m
[31m+ Received[39m

[32m- 404[39m
[31m+ 500[39m

[36m [2m❯[22m tests/integration/rental-availability.test.ts:[2m23:564[22m[39m


[31m[2m⎯⎯⎯⎯⎯⎯⎯⎯⎯⎯⎯⎯⎯⎯⎯⎯⎯⎯⎯⎯⎯⎯[11/14]⎯[22m[39m

[41m[1m FAIL [22m[49m tests/integration/rental-detail.test.ts[2m > [22mR03 public detail returns exact fixture deposit, explicit utilities and room facts without internal fields; absent terms are null; unavailable rentals cannot book
[31m[1mAssertionError[22m: expected 500 to be 404 // Object.is equality[39m

[32m- Expected[39m
[31m+ Received[39m

[32m- 404[39m
[31m+ 500[39m

[36m [2m❯[22m tests/integration/rental-detail.test.ts:[2m13:762[22m[39m


[31m[2m⎯⎯⎯⎯⎯⎯⎯⎯⎯⎯⎯⎯⎯⎯⎯⎯⎯⎯⎯⎯⎯⎯[12/14]⎯[22m[39m

[41m[1m FAIL [22m[49m tests/integration/rental-detail.test.ts[2m > [22mR03 shared detail labels the actual child room and attributes, with explicit zero deposit rather than an unknown fee
[31m[1mTypeError[22m: Cannot read properties of undefined (reading 'area')[39m
[36m [2m❯[22m tests/integration/rental-detail.test.ts:[2m17:185[22m[39m


[31m[2m⎯⎯⎯⎯⎯⎯⎯⎯⎯⎯⎯⎯⎯⎯⎯⎯⎯⎯⎯⎯⎯⎯[13/14]⎯[22m[39m

[41m[1m FAIL [22m[49m tests/integration/resale-detail.test.ts[2m > [22mD08 detail exposes only published facts and current eligible assigned agents; expired/unassigned agents and withdrawn listings cannot receive bookings
[31m[1mTypeError[22m: Cannot read properties of undefined (reading 'map')[39m
[36m [2m❯[22m tests/integration/resale-detail.test.ts:[2m20:54[22m[39m


[31m[2m⎯⎯⎯⎯⎯⎯⎯⎯⎯⎯⎯⎯⎯⎯⎯⎯⎯⎯⎯⎯⎯⎯[14/14]⎯[22m[39m


[2m Test Files [22m [1m[31m8 failed[39m[22m[2m | [22m[1m[32m79 passed[39m[22m[90m (87)[39m
[2m      Tests [22m [1m[31m14 failed[39m[22m[2m | [22m[1m[32m289 passed[39m[22m[90m (303)[39m
[2m   Start at [22m 22:02:47
[2m   Duration [22m 642.85s[2m (tests 87%, import 13%)[22m
