{
  "type": "sale",
  "ms": 316.432842,
  "plan": [
    {
      "Plan": {
        "Node Type": "Aggregate",
        "Strategy": "Plain",
        "Partial Mode": "Simple",
        "Parallel Aware": false,
        "Async Capable": false,
        "Startup Cost": 93611.2,
        "Total Cost": 93611.21,
        "Plan Rows": 1,
        "Plan Width": 8,
        "Actual Startup Time": 283.247,
        "Actual Total Time": 283.251,
        "Actual Rows": 1,
        "Actual Loops": 1,
        "Shared Hit Blocks": 401581,
        "Shared Read Blocks": 183,
        "Shared Dirtied Blocks": 0,
        "Shared Written Blocks": 0,
        "Local Hit Blocks": 0,
        "Local Read Blocks": 0,
        "Local Dirtied Blocks": 0,
        "Local Written Blocks": 0,
        "Temp Read Blocks": 0,
        "Temp Written Blocks": 0,
        "Plans": [
          {
            "Node Type": "Nested Loop",
            "Parent Relationship": "Outer",
            "Parallel Aware": false,
            "Async Capable": false,
            "Join Type": "Inner",
            "Startup Cost": 3.59,
            "Total Cost": 93590.04,
            "Plan Rows": 8466,
            "Plan Width": 0,
            "Actual Startup Time": 0.093,
            "Actual Total Time": 277.615,
            "Actual Rows": 69999,
            "Actual Loops": 1,
            "Inner Unique": false,
            "Shared Hit Blocks": 401581,
            "Shared Read Blocks": 183,
            "Shared Dirtied Blocks": 0,
            "Shared Written Blocks": 0,
            "Local Hit Blocks": 0,
            "Local Read Blocks": 0,
            "Local Dirtied Blocks": 0,
            "Local Written Blocks": 0,
            "Temp Read Blocks": 0,
            "Temp Written Blocks": 0,
            "Plans": [
              {
                "Node Type": "Nested Loop",
                "Parent Relationship": "Outer",
                "Parallel Aware": false,
                "Async Capable": false,
                "Join Type": "Inner",
                "Startup Cost": 0.29,
                "Total Cost": 1461.05,
                "Plan Rows": 14286,
                "Plan Width": 16,
                "Actual Startup Time": 0.072,
                "Actual Total Time": 33.706,
                "Actual Rows": 100000,
                "Actual Loops": 1,
                "Inner Unique": false,
                "Shared Hit Blocks": 1764,
                "Shared Read Blocks": 0,
                "Shared Dirtied Blocks": 0,
                "Shared Written Blocks": 0,
                "Local Hit Blocks": 0,
                "Local Read Blocks": 0,
                "Local Dirtied Blocks": 0,
                "Local Written Blocks": 0,
                "Temp Read Blocks": 0,
                "Temp Written Blocks": 0,
                "Plans": [
                  {
                    "Node Type": "Nested Loop",
                    "Parent Relationship": "Outer",
                    "Parallel Aware": false,
                    "Async Capable": false,
                    "Join Type": "Inner",
                    "Startup Cost": 0,
                    "Total Cost": 61.99,
                    "Plan Rows": 1,
                    "Plan Width": 16,
                    "Actual Startup Time": 0.052,
                    "Actual Total Time": 0.079,
                    "Actual Rows": 6,
                    "Actual Loops": 1,
                    "Inner Unique": false,
                    "Join Filter": "(d.id = co.district_id)",
                    "Rows Removed by Join Filter": 30,
                    "Shared Hit Blocks": 6,
                    "Shared Read Blocks": 0,
                    "Shared Dirtied Blocks": 0,
                    "Shared Written Blocks": 0,
                    "Local Hit Blocks": 0,
                    "Local Read Blocks": 0,
                    "Local Dirtied Blocks": 0,
                    "Local Written Blocks": 0,
                    "Temp Read Blocks": 0,
                    "Temp Written Blocks": 0,
                    "Plans": [
                      {
                        "Node Type": "Seq Scan",
                        "Parent Relationship": "Outer",
                        "Parallel Aware": false,
                        "Async Capable": false,
                        "Relation Name": "communities",
                        "Alias": "co",
                        "Startup Cost": 0,
                        "Total Cost": 52.28,
                        "Plan Rows": 3,
                        "Plan Width": 32,
                        "Actual Startup Time": 0.026,
                        "Actual Total Time": 0.031,
                        "Actual Rows": 6,
                        "Actual Loops": 1,
                        "Filter": "((current_setting('app.admin'::text, true) = 'true'::text) OR ((status = 'active'::text) AND (ANY (district_id = (hashed SubPlan 22).col1))) OR (current_setting('app.admin'::text, true) = 'true'::text))",
                        "Rows Removed by Filter": 0,
                        "Shared Hit Blocks": 3,
                        "Shared Read Blocks": 0,
                        "Shared Dirtied Blocks": 0,
                        "Shared Written Blocks": 0,
                        "Local Hit Blocks": 0,
                        "Local Read Blocks": 0,
                        "Local Dirtied Blocks": 0,
                        "Local Written Blocks": 0,
                        "Temp Read Blocks": 0,
                        "Temp Written Blocks": 0,
                        "Plans": [
                          {
                            "Node Type": "Seq Scan",
                            "Parent Relationship": "SubPlan",
                            "Subplan Name": "SubPlan 22",
                            "Parallel Aware": false,
                            "Async Capable": false,
                            "Relation Name": "districts",
                            "Alias": "districts",
                            "Startup Cost": 0,
                            "Total Cost": 8.51,
                            "Plan Rows": 4,
                            "Plan Width": 16,
                            "Actual Startup Time": 0.011,
                            "Actual Total Time": 0.014,
                            "Actual Rows": 7,
                            "Actual Loops": 1,
                            "Filter": "((current_setting('app.admin'::text, true) = 'true'::text) OR ((status = 'active'::text) AND (ANY (city_id = (hashed SubPlan 21).col1))) OR (current_setting('app.admin'::text, true) = 'true'::text))",
                            "Rows Removed by Filter": 0,
                            "Shared Hit Blocks": 2,
                            "Shared Read Blocks": 0,
                            "Shared Dirtied Blocks": 0,
                            "Shared Written Blocks": 0,
                            "Local Hit Blocks": 0,
                            "Local Read Blocks": 0,
                            "Local Dirtied Blocks": 0,
                            "Local Written Blocks": 0,
                            "Temp Read Blocks": 0,
                            "Temp Written Blocks": 0,
                            "Plans": [
                              {
                                "Node Type": "Seq Scan",
                                "Parent Relationship": "SubPlan",
                                "Subplan Name": "SubPlan 21",
                                "Parallel Aware": false,
                                "Async Capable": false,
                                "Relation Name": "cities",
                                "Alias": "cities",
                                "Startup Cost": 0,
                                "Total Cost": 1.04,
                                "Plan Rows": 2,
                                "Plan Width": 16,
                                "Actual Startup Time": 0.004,
                                "Actual Total Time": 0.005,
                                "Actual Rows": 2,
                                "Actual Loops": 1,
                                "Filter": "((current_setting('app.admin'::text, true) = 'true'::text) OR (status = 'active'::text) OR (current_setting('app.admin'::text, true) = 'true'::text))",
                                "Rows Removed by Filter": 0,
                                "Shared Hit Blocks": 1,
                                "Shared Read Blocks": 0,
                                "Shared Dirtied Blocks": 0,
                                "Shared Written Blocks": 0,
                                "Local Hit Blocks": 0,
                                "Local Read Blocks": 0,
                                "Local Dirtied Blocks": 0,
                                "Local Written Blocks": 0,
                                "Temp Read Blocks": 0,
                                "Temp Written Blocks": 0
                              }
                            ]
                          }
                        ]
                      },
                      {
                        "Node Type": "Materialize",
                        "Parent Relationship": "Inner",
                        "Parallel Aware": false,
                        "Async Capable": false,
                        "Startup Cost": 0,
                        "Total Cost": 9.62,
                        "Plan Rows": 2,
                        "Plan Width": 16,
                        "Actual Startup Time": 0.004,
                        "Actual Total Time": 0.007,
                        "Actual Rows": 6,
                        "Actual Loops": 6,
                        "Shared Hit Blocks": 3,
                        "Shared Read Blocks": 0,
                        "Shared Dirtied Blocks": 0,
                        "Shared Written Blocks": 0,
                        "Local Hit Blocks": 0,
                        "Local Read Blocks": 0,
                        "Local Dirtied Blocks": 0,
                        "Local Written Blocks": 0,
                        "Temp Read Blocks": 0,
                        "Temp Written Blocks": 0,
                        "Plans": [
                          {
                            "Node Type": "Nested Loop",
                            "Parent Relationship": "Outer",
                            "Parallel Aware": false,
                            "Async Capable": false,
                            "Join Type": "Inner",
                            "Startup Cost": 0,
                            "Total Cost": 9.61,
                            "Plan Rows": 2,
                            "Plan Width": 16,
                            "Actual Startup Time": 0.022,
                            "Actual Total Time": 0.031,
                            "Actual Rows": 6,
                            "Actual Loops": 1,
                            "Inner Unique": false,
                            "Join Filter": "(d.city_id = ci.id)",
                            "Rows Removed by Join Filter": 1,
                            "Shared Hit Blocks": 3,
                            "Shared Read Blocks": 0,
                            "Shared Dirtied Blocks": 0,
                            "Shared Written Blocks": 0,
                            "Local Hit Blocks": 0,
                            "Local Read Blocks": 0,
                            "Local Dirtied Blocks": 0,
                            "Local Written Blocks": 0,
                            "Temp Read Blocks": 0,
                            "Temp Written Blocks": 0,
                            "Plans": [
                              {
                                "Node Type": "Seq Scan",
                                "Parent Relationship": "Outer",
                                "Parallel Aware": false,
                                "Async Capable": false,
                                "Relation Name": "cities",
                                "Alias": "ci",
                                "Startup Cost": 0,
                                "Total Cost": 1.05,
                                "Plan Rows": 1,
                                "Plan Width": 16,
                                "Actual Startup Time": 0.002,
                                "Actual Total Time": 0.003,
                                "Actual Rows": 1,
                                "Actual Loops": 1,
                                "Filter": "((slug = 'bj'::text) AND ((current_setting('app.admin'::text, true) = 'true'::text) OR (status = 'active'::text) OR (current_setting('app.admin'::text, true) = 'true'::text)))",
                                "Rows Removed by Filter": 1,
                                "Shared Hit Blocks": 1,
                                "Shared Read Blocks": 0,
                                "Shared Dirtied Blocks": 0,
                                "Shared Written Blocks": 0,
                                "Local Hit Blocks": 0,
                                "Local Read Blocks": 0,
                                "Local Dirtied Blocks": 0,
                                "Local Written Blocks": 0,
                                "Temp Read Blocks": 0,
                                "Temp Written Blocks": 0
                              },
                              {
                                "Node Type": "Seq Scan",
                                "Parent Relationship": "Inner",
                                "Parallel Aware": false,
                                "Async Capable": false,
                                "Relation Name": "districts",
                                "Alias": "d",
                                "Startup Cost": 0,
                                "Total Cost": 8.51,
                                "Plan Rows": 4,
                                "Plan Width": 32,
                                "Actual Startup Time": 0.019,
                                "Actual Total Time": 0.026,
                                "Actual Rows": 7,
                                "Actual Loops": 1,
                                "Filter": "((current_setting('app.admin'::text, true) = 'true'::text) OR ((status = 'active'::text) AND (ANY (city_id = (hashed SubPlan 24).col1))) OR (current_setting('app.admin'::text, true) = 'true'::text))",
                                "Rows Removed by Filter": 0,
                                "Shared Hit Blocks": 2,
                                "Shared Read Blocks": 0,
                                "Shared Dirtied Blocks": 0,
                                "Shared Written Blocks": 0,
                                "Local Hit Blocks": 0,
                                "Local Read Blocks": 0,
                                "Local Dirtied Blocks": 0,
                                "Local Written Blocks": 0,
                                "Temp Read Blocks": 0,
                                "Temp Written Blocks": 0,
                                "Plans": [
                                  {
                                    "Node Type": "Seq Scan",
                                    "Parent Relationship": "SubPlan",
                                    "Subplan Name": "SubPlan 24",
                                    "Parallel Aware": false,
                                    "Async Capable": false,
                                    "Relation Name": "cities",
                                    "Alias": "cities_1",
                                    "Startup Cost": 0,
                                    "Total Cost": 1.04,
                                    "Plan Rows": 2,
                                    "Plan Width": 16,
                                    "Actual Startup Time": 0.009,
                                    "Actual Total Time": 0.01,
                                    "Actual Rows": 2,
                                    "Actual Loops": 1,
                                    "Filter": "((current_setting('app.admin'::text, true) = 'true'::text) OR (status = 'active'::text) OR (current_setting('app.admin'::text, true) = 'true'::text))",
                                    "Rows Removed by Filter": 0,
                                    "Shared Hit Blocks": 1,
                                    "Shared Read Blocks": 0,
                                    "Shared Dirtied Blocks": 0,
                                    "Shared Written Blocks": 0,
                                    "Local Hit Blocks": 0,
                                    "Local Read Blocks": 0,
                                    "Local Dirtied Blocks": 0,
                                    "Local Written Blocks": 0,
                                    "Temp Read Blocks": 0,
                                    "Temp Written Blocks": 0
                                  }
                                ]
                              }
                            ]
                          }
                        ]
                      }
                    ]
                  },
                  {
                    "Node Type": "Index Scan",
                    "Parent Relationship": "Inner",
                    "Parallel Aware": false,
                    "Async Capable": false,
                    "Scan Direction": "Forward",
                    "Index Name": "units_community",
                    "Relation Name": "units",
                    "Alias": "u",
                    "Startup Cost": 0.29,
                    "Total Cost": 1232.39,
                    "Plan Rows": 16667,
                    "Plan Width": 48,
                    "Actual Startup Time": 0.005,
                    "Actual Total Time": 4.21,
                    "Actual Rows": 16667,
                    "Actual Loops": 6,
                    "Index Cond": "(community_id = co.id)",
                    "Rows Removed by Index Recheck": 0,
                    "Shared Hit Blocks": 1758,
                    "Shared Read Blocks": 0,
                    "Shared Dirtied Blocks": 0,
                    "Shared Written Blocks": 0,
                    "Local Hit Blocks": 0,
                    "Local Read Blocks": 0,
                    "Local Dirtied Blocks": 0,
                    "Local Written Blocks": 0,
                    "Temp Read Blocks": 0,
                    "Temp Written Blocks": 0
                  }
                ]
              },
              {
                "Node Type": "Index Scan",
                "Parent Relationship": "Inner",
                "Parallel Aware": false,
                "Async Capable": false,
                "Scan Direction": "Forward",
                "Index Name": "listings_unit",
                "Relation Name": "listings",
                "Alias": "l",
                "Startup Cost": 3.3,
                "Total Cost": 6.44,
                "Plan Rows": 1,
                "Plan Width": 43,
                "Actual Startup Time": 0.002,
                "Actual Total Time": 0.002,
                "Actual Rows": 1,
                "Actual Loops": 100000,
                "Index Cond": "(unit_id = u.id)",
                "Rows Removed by Index Recheck": 0,
                "Filter": "((status = 'published'::text) AND (transaction = 'sale'::text) AND (currency = 'CNY'::bpchar) AND ((expires_at IS NULL) OR (expires_at > now())) AND ((COALESCE(current_setting('app.agent_only'::text, true), 'false'::text) <> 'true'::text) OR (status = 'published'::text) OR (owner_id = (NULLIF(current_setting('app.actor'::text, true), ''::text))::uuid) OR (ANY (agent_id = (hashed SubPlan 15).col1))) AND ((COALESCE(current_setting('app.review'::text, true), 'false'::text) = 'true'::text) OR (status = 'published'::text) OR (organization_id = (NULLIF(current_setting('app.org'::text, true), ''::text))::uuid) OR (owner_id = (NULLIF(current_setting('app.actor'::text, true), ''::text))::uuid) OR (COALESCE(current_setting('app.admin'::text, true), 'false'::text) = 'true'::text) OR (ANY (unit_id = (hashed SubPlan 16).col1)) OR (organization_id = (NULLIF(current_setting('app.org'::text, true), ''::text))::uuid) OR (owner_id = (NULLIF(current_setting('app.actor'::text, true), ''::text))::uuid) OR (COALESCE(current_setting('app.admin'::text, true), 'false'::text) = 'true'::text)) AND ((transaction <> 'rent'::text) OR (NOT EXISTS(SubPlan 1))))",
                "Rows Removed by Filter": 0,
                "Shared Hit Blocks": 399817,
                "Shared Read Blocks": 183,
                "Shared Dirtied Blocks": 0,
                "Shared Written Blocks": 0,
                "Local Hit Blocks": 0,
                "Local Read Blocks": 0,
                "Local Dirtied Blocks": 0,
                "Local Written Blocks": 0,
                "Temp Read Blocks": 0,
                "Temp Written Blocks": 0,
                "Plans": [
                  {
                    "Node Type": "Seq Scan",
                    "Parent Relationship": "SubPlan",
                    "Subplan Name": "SubPlan 15",
                    "Parallel Aware": false,
                    "Async Capable": false,
                    "Relation Name": "agents",
                    "Alias": "agents",
                    "Startup Cost": 0,
                    "Total Cost": 1.09,
                    "Plan Rows": 1,
                    "Plan Width": 16,
                    "Actual Startup Time": 0,
                    "Actual Total Time": 0,
                    "Actual Rows": 0,
                    "Actual Loops": 0,
                    "Filter": "(user_id = (NULLIF(current_setting('app.actor'::text, true), ''::text))::uuid)",
                    "Rows Removed by Filter": 0,
                    "Shared Hit Blocks": 0,
                    "Shared Read Blocks": 0,
                    "Shared Dirtied Blocks": 0,
                    "Shared Written Blocks": 0,
                    "Local Hit Blocks": 0,
                    "Local Read Blocks": 0,
                    "Local Dirtied Blocks": 0,
                    "Local Written Blocks": 0,
                    "Temp Read Blocks": 0,
                    "Temp Written Blocks": 0
                  },
                  {
                    "Node Type": "Seq Scan",
                    "Parent Relationship": "SubPlan",
                    "Subplan Name": "SubPlan 16",
                    "Parallel Aware": false,
                    "Async Capable": false,
                    "Relation Name": "management_grants",
                    "Alias": "management_grants",
                    "Startup Cost": 0,
                    "Total Cost": 1.79,
                    "Plan Rows": 1,
                    "Plan Width": 16,
                    "Actual Startup Time": 0,
                    "Actual Total Time": 0,
                    "Actual Rows": 0,
                    "Actual Loops": 0,
                    "Filter": "((expires_at > now()) AND (organization_id = (NULLIF(current_setting('app.org'::text, true), ''::text))::uuid) AND ((owner_id = (NULLIF(current_setting('app.actor'::text, true), ''::text))::uuid) OR management_admin() OR (management_team(organization_id) AND management_grant_valid(id))))",
                    "Rows Removed by Filter": 0,
                    "Shared Hit Blocks": 0,
                    "Shared Read Blocks": 0,
                    "Shared Dirtied Blocks": 0,
                    "Shared Written Blocks": 0,
                    "Local Hit Blocks": 0,
                    "Local Read Blocks": 0,
                    "Local Dirtied Blocks": 0,
                    "Local Written Blocks": 0,
                    "Temp Read Blocks": 0,
                    "Temp Written Blocks": 0
                  },
                  {
                    "Node Type": "Function Scan",
                    "Parent Relationship": "SubPlan",
                    "Subplan Name": "SubPlan 1",
                    "Parallel Aware": false,
                    "Async Capable": false,
                    "Function Name": "public_unavailable_rental_units",
                    "Alias": "blocked",
                    "Startup Cost": 0.25,
                    "Total Cost": 12.75,
                    "Plan Rows": 5,
                    "Plan Width": 0,
                    "Actual Startup Time": 0,
                    "Actual Total Time": 0,
                    "Actual Rows": 0,
                    "Actual Loops": 0,
                    "Filter": "(unit_id = l.unit_id)",
                    "Rows Removed by Filter": 0,
                    "Shared Hit Blocks": 0,
                    "Shared Read Blocks": 0,
                    "Shared Dirtied Blocks": 0,
                    "Shared Written Blocks": 0,
                    "Local Hit Blocks": 0,
                    "Local Read Blocks": 0,
                    "Local Dirtied Blocks": 0,
                    "Local Written Blocks": 0,
                    "Temp Read Blocks": 0,
                    "Temp Written Blocks": 0
                  }
                ]
              }
            ]
          }
        ]
      },
      "Planning": {
        "Shared Hit Blocks": 1237,
        "Shared Read Blocks": 1,
        "Shared Dirtied Blocks": 0,
        "Shared Written Blocks": 0,
        "Local Hit Blocks": 0,
        "Local Read Blocks": 0,
        "Local Dirtied Blocks": 0,
        "Local Written Blocks": 0,
        "Temp Read Blocks": 0,
        "Temp Written Blocks": 0
      },
      "Planning Time": 6.624,
      "Triggers": [],
      "Execution Time": 283.805
    }
  ]
}
{
  "type": "rent",
  "ms": 280.192486,
  "plan": [
    {
      "Plan": {
        "Node Type": "Aggregate",
        "Strategy": "Plain",
        "Partial Mode": "Simple",
        "Parallel Aware": false,
        "Async Capable": false,
        "Startup Cost": 93599.19,
        "Total Cost": 93599.2,
        "Plan Rows": 1,
        "Plan Width": 8,
        "Actual Startup Time": 274.61,
        "Actual Total Time": 274.614,
        "Actual Rows": 1,
        "Actual Loops": 1,
        "Shared Hit Blocks": 401913,
        "Shared Read Blocks": 2,
        "Shared Dirtied Blocks": 0,
        "Shared Written Blocks": 0,
        "Local Hit Blocks": 0,
        "Local Read Blocks": 0,
        "Local Dirtied Blocks": 0,
        "Local Written Blocks": 0,
        "Temp Read Blocks": 0,
        "Temp Written Blocks": 0,
        "Plans": [
          {
            "Node Type": "Nested Loop",
            "Parent Relationship": "Outer",
            "Parallel Aware": false,
            "Async Capable": false,
            "Join Type": "Inner",
            "Startup Cost": 3.59,
            "Total Cost": 93590.04,
            "Plan Rows": 3662,
            "Plan Width": 0,
            "Actual Startup Time": 0.936,
            "Actual Total Time": 272.062,
            "Actual Rows": 29998,
            "Actual Loops": 1,
            "Inner Unique": false,
            "Shared Hit Blocks": 401913,
            "Shared Read Blocks": 2,
            "Shared Dirtied Blocks": 0,
            "Shared Written Blocks": 0,
            "Local Hit Blocks": 0,
            "Local Read Blocks": 0,
            "Local Dirtied Blocks": 0,
            "Local Written Blocks": 0,
            "Temp Read Blocks": 0,
            "Temp Written Blocks": 0,
            "Plans": [
              {
                "Node Type": "Nested Loop",
                "Parent Relationship": "Outer",
                "Parallel Aware": false,
                "Async Capable": false,
                "Join Type": "Inner",
                "Startup Cost": 0.29,
                "Total Cost": 1461.05,
                "Plan Rows": 14286,
                "Plan Width": 16,
                "Actual Startup Time": 0.047,
                "Actual Total Time": 34.716,
                "Actual Rows": 100000,
                "Actual Loops": 1,
                "Inner Unique": false,
                "Shared Hit Blocks": 1764,
                "Shared Read Blocks": 0,
                "Shared Dirtied Blocks": 0,
                "Shared Written Blocks": 0,
                "Local Hit Blocks": 0,
                "Local Read Blocks": 0,
                "Local Dirtied Blocks": 0,
                "Local Written Blocks": 0,
                "Temp Read Blocks": 0,
                "Temp Written Blocks": 0,
                "Plans": [
                  {
                    "Node Type": "Nested Loop",
                    "Parent Relationship": "Outer",
                    "Parallel Aware": false,
                    "Async Capable": false,
                    "Join Type": "Inner",
                    "Startup Cost": 0,
                    "Total Cost": 61.99,
                    "Plan Rows": 1,
                    "Plan Width": 16,
                    "Actual Startup Time": 0.036,
                    "Actual Total Time": 0.059,
                    "Actual Rows": 6,
                    "Actual Loops": 1,
                    "Inner Unique": false,
                    "Join Filter": "(d.id = co.district_id)",
                    "Rows Removed by Join Filter": 30,
                    "Shared Hit Blocks": 6,
                    "Shared Read Blocks": 0,
                    "Shared Dirtied Blocks": 0,
                    "Shared Written Blocks": 0,
                    "Local Hit Blocks": 0,
                    "Local Read Blocks": 0,
                    "Local Dirtied Blocks": 0,
                    "Local Written Blocks": 0,
                    "Temp Read Blocks": 0,
                    "Temp Written Blocks": 0,
                    "Plans": [
                      {
                        "Node Type": "Seq Scan",
                        "Parent Relationship": "Outer",
                        "Parallel Aware": false,
                        "Async Capable": false,
                        "Relation Name": "communities",
                        "Alias": "co",
                        "Startup Cost": 0,
                        "Total Cost": 52.28,
                        "Plan Rows": 3,
                        "Plan Width": 32,
                        "Actual Startup Time": 0.019,
                        "Actual Total Time": 0.024,
                        "Actual Rows": 6,
                        "Actual Loops": 1,
                        "Filter": "((current_setting('app.admin'::text, true) = 'true'::text) OR ((status = 'active'::text) AND (ANY (district_id = (hashed SubPlan 22).col1))) OR (current_setting('app.admin'::text, true) = 'true'::text))",
                        "Rows Removed by Filter": 0,
                        "Shared Hit Blocks": 3,
                        "Shared Read Blocks": 0,
                        "Shared Dirtied Blocks": 0,
                        "Shared Written Blocks": 0,
                        "Local Hit Blocks": 0,
                        "Local Read Blocks": 0,
                        "Local Dirtied Blocks": 0,
                        "Local Written Blocks": 0,
                        "Temp Read Blocks": 0,
                        "Temp Written Blocks": 0,
                        "Plans": [
                          {
                            "Node Type": "Seq Scan",
                            "Parent Relationship": "SubPlan",
                            "Subplan Name": "SubPlan 22",
                            "Parallel Aware": false,
                            "Async Capable": false,
                            "Relation Name": "districts",
                            "Alias": "districts",
                            "Startup Cost": 0,
                            "Total Cost": 8.51,
                            "Plan Rows": 4,
                            "Plan Width": 16,
                            "Actual Startup Time": 0.007,
                            "Actual Total Time": 0.01,
                            "Actual Rows": 7,
                            "Actual Loops": 1,
                            "Filter": "((current_setting('app.admin'::text, true) = 'true'::text) OR ((status = 'active'::text) AND (ANY (city_id = (hashed SubPlan 21).col1))) OR (current_setting('app.admin'::text, true) = 'true'::text))",
                            "Rows Removed by Filter": 0,
                            "Shared Hit Blocks": 2,
                            "Shared Read Blocks": 0,
                            "Shared Dirtied Blocks": 0,
                            "Shared Written Blocks": 0,
                            "Local Hit Blocks": 0,
                            "Local Read Blocks": 0,
                            "Local Dirtied Blocks": 0,
                            "Local Written Blocks": 0,
                            "Temp Read Blocks": 0,
                            "Temp Written Blocks": 0,
                            "Plans": [
                              {
                                "Node Type": "Seq Scan",
                                "Parent Relationship": "SubPlan",
                                "Subplan Name": "SubPlan 21",
                                "Parallel Aware": false,
                                "Async Capable": false,
                                "Relation Name": "cities",
                                "Alias": "cities",
                                "Startup Cost": 0,
                                "Total Cost": 1.04,
                                "Plan Rows": 2,
                                "Plan Width": 16,
                                "Actual Startup Time": 0.002,
                                "Actual Total Time": 0.003,
                                "Actual Rows": 2,
                                "Actual Loops": 1,
                                "Filter": "((current_setting('app.admin'::text, true) = 'true'::text) OR (status = 'active'::text) OR (current_setting('app.admin'::text, true) = 'true'::text))",
                                "Rows Removed by Filter": 0,
                                "Shared Hit Blocks": 1,
                                "Shared Read Blocks": 0,
                                "Shared Dirtied Blocks": 0,
                                "Shared Written Blocks": 0,
                                "Local Hit Blocks": 0,
                                "Local Read Blocks": 0,
                                "Local Dirtied Blocks": 0,
                                "Local Written Blocks": 0,
                                "Temp Read Blocks": 0,
                                "Temp Written Blocks": 0
                              }
                            ]
                          }
                        ]
                      },
                      {
                        "Node Type": "Materialize",
                        "Parent Relationship": "Inner",
                        "Parallel Aware": false,
                        "Async Capable": false,
                        "Startup Cost": 0,
                        "Total Cost": 9.62,
                        "Plan Rows": 2,
                        "Plan Width": 16,
                        "Actual Startup Time": 0.003,
                        "Actual Total Time": 0.005,
                        "Actual Rows": 6,
                        "Actual Loops": 6,
                        "Shared Hit Blocks": 3,
                        "Shared Read Blocks": 0,
                        "Shared Dirtied Blocks": 0,
                        "Shared Written Blocks": 0,
                        "Local Hit Blocks": 0,
                        "Local Read Blocks": 0,
                        "Local Dirtied Blocks": 0,
                        "Local Written Blocks": 0,
                        "Temp Read Blocks": 0,
                        "Temp Written Blocks": 0,
                        "Plans": [
                          {
                            "Node Type": "Nested Loop",
                            "Parent Relationship": "Outer",
                            "Parallel Aware": false,
                            "Async Capable": false,
                            "Join Type": "Inner",
                            "Startup Cost": 0,
                            "Total Cost": 9.61,
                            "Plan Rows": 2,
                            "Plan Width": 16,
                            "Actual Startup Time": 0.016,
                            "Actual Total Time": 0.025,
                            "Actual Rows": 6,
                            "Actual Loops": 1,
                            "Inner Unique": false,
                            "Join Filter": "(d.city_id = ci.id)",
                            "Rows Removed by Join Filter": 1,
                            "Shared Hit Blocks": 3,
                            "Shared Read Blocks": 0,
                            "Shared Dirtied Blocks": 0,
                            "Shared Written Blocks": 0,
                            "Local Hit Blocks": 0,
                            "Local Read Blocks": 0,
                            "Local Dirtied Blocks": 0,
                            "Local Written Blocks": 0,
                            "Temp Read Blocks": 0,
                            "Temp Written Blocks": 0,
                            "Plans": [
                              {
                                "Node Type": "Seq Scan",
                                "Parent Relationship": "Outer",
                                "Parallel Aware": false,
                                "Async Capable": false,
                                "Relation Name": "cities",
                                "Alias": "ci",
                                "Startup Cost": 0,
                                "Total Cost": 1.05,
                                "Plan Rows": 1,
                                "Plan Width": 16,
                                "Actual Startup Time": 0.001,
                                "Actual Total Time": 0.002,
                                "Actual Rows": 1,
                                "Actual Loops": 1,
                                "Filter": "((slug = 'bj'::text) AND ((current_setting('app.admin'::text, true) = 'true'::text) OR (status = 'active'::text) OR (current_setting('app.admin'::text, true) = 'true'::text)))",
                                "Rows Removed by Filter": 1,
                                "Shared Hit Blocks": 1,
                                "Shared Read Blocks": 0,
                                "Shared Dirtied Blocks": 0,
                                "Shared Written Blocks": 0,
                                "Local Hit Blocks": 0,
                                "Local Read Blocks": 0,
                                "Local Dirtied Blocks": 0,
                                "Local Written Blocks": 0,
                                "Temp Read Blocks": 0,
                                "Temp Written Blocks": 0
                              },
                              {
                                "Node Type": "Seq Scan",
                                "Parent Relationship": "Inner",
                                "Parallel Aware": false,
                                "Async Capable": false,
                                "Relation Name": "districts",
                                "Alias": "d",
                                "Startup Cost": 0,
                                "Total Cost": 8.51,
                                "Plan Rows": 4,
                                "Plan Width": 32,
                                "Actual Startup Time": 0.014,
                                "Actual Total Time": 0.02,
                                "Actual Rows": 7,
                                "Actual Loops": 1,
                                "Filter": "((current_setting('app.admin'::text, true) = 'true'::text) OR ((status = 'active'::text) AND (ANY (city_id = (hashed SubPlan 24).col1))) OR (current_setting('app.admin'::text, true) = 'true'::text))",
                                "Rows Removed by Filter": 0,
                                "Shared Hit Blocks": 2,
                                "Shared Read Blocks": 0,
                                "Shared Dirtied Blocks": 0,
                                "Shared Written Blocks": 0,
                                "Local Hit Blocks": 0,
                                "Local Read Blocks": 0,
                                "Local Dirtied Blocks": 0,
                                "Local Written Blocks": 0,
                                "Temp Read Blocks": 0,
                                "Temp Written Blocks": 0,
                                "Plans": [
                                  {
                                    "Node Type": "Seq Scan",
                                    "Parent Relationship": "SubPlan",
                                    "Subplan Name": "SubPlan 24",
                                    "Parallel Aware": false,
                                    "Async Capable": false,
                                    "Relation Name": "cities",
                                    "Alias": "cities_1",
                                    "Startup Cost": 0,
                                    "Total Cost": 1.04,
                                    "Plan Rows": 2,
                                    "Plan Width": 16,
                                    "Actual Startup Time": 0.003,
                                    "Actual Total Time": 0.004,
                                    "Actual Rows": 2,
                                    "Actual Loops": 1,
                                    "Filter": "((current_setting('app.admin'::text, true) = 'true'::text) OR (status = 'active'::text) OR (current_setting('app.admin'::text, true) = 'true'::text))",
                                    "Rows Removed by Filter": 0,
                                    "Shared Hit Blocks": 1,
                                    "Shared Read Blocks": 0,
                                    "Shared Dirtied Blocks": 0,
                                    "Shared Written Blocks": 0,
                                    "Local Hit Blocks": 0,
                                    "Local Read Blocks": 0,
                                    "Local Dirtied Blocks": 0,
                                    "Local Written Blocks": 0,
                                    "Temp Read Blocks": 0,
                                    "Temp Written Blocks": 0
                                  }
                                ]
                              }
                            ]
                          }
                        ]
                      }
                    ]
                  },
                  {
                    "Node Type": "Index Scan",
                    "Parent Relationship": "Inner",
                    "Parallel Aware": false,
                    "Async Capable": false,
                    "Scan Direction": "Forward",
                    "Index Name": "units_community",
                    "Relation Name": "units",
                    "Alias": "u",
                    "Startup Cost": 0.29,
                    "Total Cost": 1232.39,
                    "Plan Rows": 16667,
                    "Plan Width": 48,
                    "Actual Startup Time": 0.004,
                    "Actual Total Time": 4.349,
                    "Actual Rows": 16667,
                    "Actual Loops": 6,
                    "Index Cond": "(community_id = co.id)",
                    "Rows Removed by Index Recheck": 0,
                    "Shared Hit Blocks": 1758,
                    "Shared Read Blocks": 0,
                    "Shared Dirtied Blocks": 0,
                    "Shared Written Blocks": 0,
                    "Local Hit Blocks": 0,
                    "Local Read Blocks": 0,
                    "Local Dirtied Blocks": 0,
                    "Local Written Blocks": 0,
                    "Temp Read Blocks": 0,
                    "Temp Written Blocks": 0
                  }
                ]
              },
              {
                "Node Type": "Index Scan",
                "Parent Relationship": "Inner",
                "Parallel Aware": false,
                "Async Capable": false,
                "Scan Direction": "Forward",
                "Index Name": "listings_unit",
                "Relation Name": "listings",
                "Alias": "l",
                "Startup Cost": 3.3,
                "Total Cost": 6.44,
                "Plan Rows": 1,
                "Plan Width": 43,
                "Actual Startup Time": 0.002,
                "Actual Total Time": 0.002,
                "Actual Rows": 0,
                "Actual Loops": 100000,
                "Index Cond": "(unit_id = u.id)",
                "Rows Removed by Index Recheck": 0,
                "Filter": "((status = 'published'::text) AND (transaction = 'rent'::text) AND (currency = 'CNY'::bpchar) AND ((expires_at IS NULL) OR (expires_at > now())) AND ((COALESCE(current_setting('app.agent_only'::text, true), 'false'::text) <> 'true'::text) OR (status = 'published'::text) OR (owner_id = (NULLIF(current_setting('app.actor'::text, true), ''::text))::uuid) OR (ANY (agent_id = (hashed SubPlan 15).col1))) AND ((COALESCE(current_setting('app.review'::text, true), 'false'::text) = 'true'::text) OR (status = 'published'::text) OR (organization_id = (NULLIF(current_setting('app.org'::text, true), ''::text))::uuid) OR (owner_id = (NULLIF(current_setting('app.actor'::text, true), ''::text))::uuid) OR (COALESCE(current_setting('app.admin'::text, true), 'false'::text) = 'true'::text) OR (ANY (unit_id = (hashed SubPlan 16).col1)) OR (organization_id = (NULLIF(current_setting('app.org'::text, true), ''::text))::uuid) OR (owner_id = (NULLIF(current_setting('app.actor'::text, true), ''::text))::uuid) OR (COALESCE(current_setting('app.admin'::text, true), 'false'::text) = 'true'::text)) AND ((transaction <> 'rent'::text) OR (NOT EXISTS(SubPlan 1))))",
                "Rows Removed by Filter": 1,
                "Shared Hit Blocks": 400149,
                "Shared Read Blocks": 2,
                "Shared Dirtied Blocks": 0,
                "Shared Written Blocks": 0,
                "Local Hit Blocks": 0,
                "Local Read Blocks": 0,
                "Local Dirtied Blocks": 0,
                "Local Written Blocks": 0,
                "Temp Read Blocks": 0,
                "Temp Written Blocks": 0,
                "Plans": [
                  {
                    "Node Type": "Seq Scan",
                    "Parent Relationship": "SubPlan",
                    "Subplan Name": "SubPlan 15",
                    "Parallel Aware": false,
                    "Async Capable": false,
                    "Relation Name": "agents",
                    "Alias": "agents",
                    "Startup Cost": 0,
                    "Total Cost": 1.09,
                    "Plan Rows": 1,
                    "Plan Width": 16,
                    "Actual Startup Time": 0,
                    "Actual Total Time": 0,
                    "Actual Rows": 0,
                    "Actual Loops": 0,
                    "Filter": "(user_id = (NULLIF(current_setting('app.actor'::text, true), ''::text))::uuid)",
                    "Rows Removed by Filter": 0,
                    "Shared Hit Blocks": 0,
                    "Shared Read Blocks": 0,
                    "Shared Dirtied Blocks": 0,
                    "Shared Written Blocks": 0,
                    "Local Hit Blocks": 0,
                    "Local Read Blocks": 0,
                    "Local Dirtied Blocks": 0,
                    "Local Written Blocks": 0,
                    "Temp Read Blocks": 0,
                    "Temp Written Blocks": 0
                  },
                  {
                    "Node Type": "Seq Scan",
                    "Parent Relationship": "SubPlan",
                    "Subplan Name": "SubPlan 16",
                    "Parallel Aware": false,
                    "Async Capable": false,
                    "Relation Name": "management_grants",
                    "Alias": "management_grants",
                    "Startup Cost": 0,
                    "Total Cost": 1.79,
                    "Plan Rows": 1,
                    "Plan Width": 16,
                    "Actual Startup Time": 0,
                    "Actual Total Time": 0,
                    "Actual Rows": 0,
                    "Actual Loops": 0,
                    "Filter": "((expires_at > now()) AND (organization_id = (NULLIF(current_setting('app.org'::text, true), ''::text))::uuid) AND ((owner_id = (NULLIF(current_setting('app.actor'::text, true), ''::text))::uuid) OR management_admin() OR (management_team(organization_id) AND management_grant_valid(id))))",
                    "Rows Removed by Filter": 0,
                    "Shared Hit Blocks": 0,
                    "Shared Read Blocks": 0,
                    "Shared Dirtied Blocks": 0,
                    "Shared Written Blocks": 0,
                    "Local Hit Blocks": 0,
                    "Local Read Blocks": 0,
                    "Local Dirtied Blocks": 0,
                    "Local Written Blocks": 0,
                    "Temp Read Blocks": 0,
                    "Temp Written Blocks": 0
                  },
                  {
                    "Node Type": "Function Scan",
                    "Parent Relationship": "SubPlan",
                    "Subplan Name": "SubPlan 1",
                    "Parallel Aware": false,
                    "Async Capable": false,
                    "Function Name": "public_unavailable_rental_units",
                    "Alias": "blocked",
                    "Startup Cost": 0.25,
                    "Total Cost": 12.75,
                    "Plan Rows": 5,
                    "Plan Width": 0,
                    "Actual Startup Time": 0,
                    "Actual Total Time": 0,
                    "Actual Rows": 0,
                    "Actual Loops": 29998,
                    "Filter": "(unit_id = l.unit_id)",
                    "Rows Removed by Filter": 1,
                    "Shared Hit Blocks": 149,
                    "Shared Read Blocks": 2,
                    "Shared Dirtied Blocks": 0,
                    "Shared Written Blocks": 0,
                    "Local Hit Blocks": 0,
                    "Local Read Blocks": 0,
                    "Local Dirtied Blocks": 0,
                    "Local Written Blocks": 0,
                    "Temp Read Blocks": 0,
                    "Temp Written Blocks": 0
                  }
                ]
              }
            ]
          }
        ]
      },
      "Planning": {
        "Shared Hit Blocks": 33,
        "Shared Read Blocks": 0,
        "Shared Dirtied Blocks": 0,
        "Shared Written Blocks": 0,
        "Local Hit Blocks": 0,
        "Local Read Blocks": 0,
        "Local Dirtied Blocks": 0,
        "Local Written Blocks": 0,
        "Temp Read Blocks": 0,
        "Temp Written Blocks": 0
      },
      "Planning Time": 3.143,
      "Triggers": [],
      "Execution Time": 274.864
    }
  ]
}
