time="2026-10-07T02:28:40+04:00" level=warning msg="Found orphan containers ([haven-p09-runtime-api-1 haven-p09-runtime-ops-1 haven-p09-runtime-web-1 haven-p09-runtime-q04-worker-1 haven-p09-runtime-q04final-search-1 haven-p09-runtime-q04final-cache-1 haven-p09-runtime-q04-search-1 haven-p09-runtime-q04v-search-1 haven-p09-runtime-q04v-cache-1 haven-p09-runtime-q04-mail-1 haven-p09-runtime-q04-cache-1 haven-p09-runtime-q03-proxy-1 haven-p09-runtime-q02-search-1]) for this project. If you removed or renamed this service in your compose file, you can run this command with the --remove-orphans flag to clean it up."
 Container haven-p09-runtime-tests-run-2077c3fac1d3 Creating
 Container haven-p09-runtime-tests-run-2077c3fac1d3 Created

> haven-real-estate@0.1.0 lint /workspace
> eslint . && node scripts/boundaries.mjs

Application import boundaries passed

> haven-real-estate@0.1.0 typecheck /workspace
> pnpm -r typecheck

Scope: 9 of 10 workspace projects
packages/config typecheck$ tsc --noEmit
packages/contracts typecheck$ tsc --noEmit
packages/database typecheck$ tsc --noEmit
packages/test-support typecheck$ tsc --noEmit
packages/test-support typecheck: Done
packages/config typecheck: Done
packages/database typecheck: Done
packages/contracts typecheck: Done
apps/api typecheck$ tsc --noEmit
apps/worker typecheck$ tsc --noEmit
packages/ui typecheck$ tsc --noEmit
apps/worker typecheck: Done
packages/ui typecheck: Done
apps/api typecheck: Done
apps/ops typecheck$ tsc --noEmit
apps/web typecheck$ tsc --noEmit
apps/ops typecheck: Done
apps/web typecheck: Done

> haven-real-estate@0.1.0 test:unit /workspace
> vitest run tests/unit


[1m[30m[46m RUN [49m[39m[22m [36mv5.0.3 [39m[90m/workspace[39m

 [32m✓[39m tests/unit/mortgage-engine.test.ts [2m([22m[2m4 tests[22m[2m)[22m[32m 134[2mms[22m[39m
 [32m✓[39m tests/unit/credential-scan.test.ts [2m([22m[2m1 test[22m[2m)[22m[32m 81[2mms[22m[39m
 [32m✓[39m tests/unit/ci-visual-order.test.ts [2m([22m[2m3 tests[22m[2m)[22m[32m 46[2mms[22m[39m
 [32m✓[39m tests/unit/fixtures.test.ts [2m([22m[2m3 tests[22m[2m)[22m[32m 35[2mms[22m[39m
 [32m✓[39m tests/unit/mortgage-csv.test.ts [2m([22m[2m2 tests[22m[2m)[22m[32m 26[2mms[22m[39m
 [32m✓[39m tests/unit/contracts.test.ts [2m([22m[2m11 tests[22m[2m)[22m[32m 25[2mms[22m[39m
 [32m✓[39m tests/unit/notification-provider.test.ts [2m([22m[2m2 tests[22m[2m)[22m[32m 17[2mms[22m[39m
 [32m✓[39m tests/unit/spatial-media.test.ts [2m([22m[2m6 tests[22m[2m)[22m[32m 14[2mms[22m[39m
 [32m✓[39m tests/unit/visual-policy.test.ts [2m([22m[2m2 tests[22m[2m)[22m[32m 6[2mms[22m[39m
 [32m✓[39m tests/unit/money-inputs.test.ts [2m([22m[2m2 tests[22m[2m)[22m[32m 11[2mms[22m[39m
 [32m✓[39m tests/unit/inquiry-client.test.ts [2m([22m[2m1 test[22m[2m)[22m[32m 10[2mms[22m[39m
 [32m✓[39m tests/unit/exact-parity.test.ts [2m([22m[2m2 tests[22m[2m)[22m[32m 7[2mms[22m[39m
 [32m✓[39m tests/unit/reference.test.ts [2m([22m[2m3 tests[22m[2m)[22m[32m 6[2mms[22m[39m
 [32m✓[39m tests/unit/gateway-rate-address.test.ts [2m([22m[2m2 tests[22m[2m)[22m[32m 6[2mms[22m[39m
 [32m✓[39m tests/unit/observability.test.ts [2m([22m[2m2 tests[22m[2m)[22m[32m 5[2mms[22m[39m
 [32m✓[39m tests/unit/tour-input.test.ts [2m([22m[2m3 tests[22m[2m)[22m[32m 4[2mms[22m[39m
 [32m✓[39m tests/unit/staff-mfa-flow.test.ts [2m([22m[2m1 test[22m[2m)[22m[32m 4[2mms[22m[39m
 [32m✓[39m tests/unit/public-query.test.ts [2m([22m[2m2 tests[22m[2m)[22m[32m 4[2mms[22m[39m

[2m Test Files [22m [1m[32m18 passed[39m[22m[90m (18)[39m
[2m      Tests [22m [1m[32m52 passed[39m[22m[90m (52)[39m
[2m   Start at [22m 22:29:12
[2m   Duration [22m 3.65s[2m (import 47%, tests 25%, transform 24%, worker 4%)[22m

[2m    Isolate [22m [33m18 workers spawned[39m[2m · ~97ms startup each (spawn + environment, per file)[22m
[2m            [22m [2mat least ~1.64s faster with [22m[33misolate: false[39m[2m — reuses workers across files instead of one per file[22m


> @haven/web@0.1.0 build /workspace/apps/web
> node scripts/copy-maplibre-worker.mjs && next build

⚠ You are using a non-standard "NODE_ENV" value in your environment. This creates inconsistencies in the project and is strongly advised against. Read more: https://nextjs.org/docs/messages/non-standard-node-env
▲ Next.js 16.3.8 (Turbopack)
✓ Running next.config.ts took 23ms

  Creating an optimized production build ...
✓ Compiled successfully in 5.7s
  Running TypeScript ...
  Finished TypeScript in 11.2s ...
  Collecting page data using 8 workers ...
  Generating static pages using 8 workers (0/3) ...
Each child in a list should have a unique "key" prop.

Check the top-level render call using <__next_viewport_boundary__>. See https://react.dev/link/warning-keys for more information.
Each child in a list should have a unique "key" prop. See https://react.dev/link/warning-keys for more information.
Each child in a list should have a unique "key" prop.

Check the top-level render call using <meta>. See https://react.dev/link/warning-keys for more information.
Each child in a list should have a unique "key" prop.

Check the top-level render call using <head>. See https://react.dev/link/warning-keys for more information.
Each child in a list should have a unique "key" prop.

Check the top-level render call using <meta>. See https://react.dev/link/warning-keys for more information.
Each child in a list should have a unique "key" prop.

Check the top-level render call using <html>. See https://react.dev/link/warning-keys for more information.
Each child in a list should have a unique "key" prop.

Check the top-level render call using <meta>. See https://react.dev/link/warning-keys for more information.
Each child in a list should have a unique "key" prop.

Check the top-level render call using <head>. See https://react.dev/link/warning-keys for more information.
Error occurred prerendering page "/_global-error". Read more: https://nextjs.org/docs/messages/prerender-error
TypeError: Cannot read properties of null (reading 'useContext')
    at ignore-listed frames {
  digest: '1366922007'
}
Export encountered an error on /_global-error/page: /_global-error, exiting the build.
⨯ Next.js build worker exited with code: 1 and signal: null
/workspace/apps/web:
 ERR_PNPM_RECURSIVE_RUN_FIRST_FAIL  @haven/web@0.1.0 build: `node scripts/copy-maplibre-worker.mjs && next build`
Exit status 1
