time="2026-10-07T02:29:42+04:00" level=warning msg="Found orphan containers ([haven-p09-runtime-api-1 haven-p09-runtime-ops-1 haven-p09-runtime-web-1 haven-p09-runtime-q04-worker-1 haven-p09-runtime-q04final-search-1 haven-p09-runtime-q04final-cache-1 haven-p09-runtime-q04-search-1 haven-p09-runtime-q04v-search-1 haven-p09-runtime-q04v-cache-1 haven-p09-runtime-q04-mail-1 haven-p09-runtime-q04-cache-1 haven-p09-runtime-q03-proxy-1 haven-p09-runtime-q02-search-1]) for this project. If you removed or renamed this service in your compose file, you can run this command with the --remove-orphans flag to clean it up."
 Container haven-p09-runtime-tests-run-2968e692f4e2 Creating
 Container haven-p09-runtime-tests-run-2968e692f4e2 Created

> @haven/web@0.1.0 build /workspace/apps/web
> node scripts/copy-maplibre-worker.mjs && next build

▲ Next.js 16.3.8 (Turbopack)
✓ Running next.config.ts took 24ms

  Creating an optimized production build ...
✓ Compiled successfully in 1383ms
  Running TypeScript ...
  Finished TypeScript in 2.0s ...
  Collecting page data using 8 workers ...
  Generating static pages using 8 workers (0/3) ...
✓ Generating static pages using 8 workers (3/3) in 461ms
  Finalizing page optimization ...

Route (app)
┌ ○ /_not-found
├ ƒ /[[...path]]
├ ƒ /api/[...path]
├ ○ /robots.txt
├ ƒ /sitemap.xml
└ ƒ /sitemaps/[page]


○  (Static)   prerendered as static content
ƒ  (Dynamic)  server-rendered on demand
