 Container haven-final-capacity-loader-run-1ede19b0acd9 Creating 
 Container haven-final-capacity-loader-run-1ede19b0acd9 Created 
{
  "label": "P",
  "startedAt": "2026-10-09T09:18:40.217Z",
  "completedAt": "2026-10-09T09:20:11.291Z",
  "sessions": 1000,
  "warmupSeconds": 30,
  "measuredSeconds": 60,
  "mix": {
    "search": 60,
    "detail": 40
  },
  "thinkTime": "one request per session per second, sequential within session; slow responses reduce achieved rate",
  "loadGenerator": {
    "cpu": "Intel(R) Core(TM) i9-10885H CPU @ 2.40GHz",
    "logicalCpus": 16,
    "memoryBytes": 67021262848,
    "node": "v24.21.0"
  },
  "search": {
    "requests": 35431,
    "errors": 0,
    "errorPercent": 0,
    "p50Ms": 98.48105699999724,
    "p95Ms": 364.83077200000116,
    "p99Ms": 1610.3473719999893
  },
  "detail": {
    "requests": 23606,
    "errors": 0,
    "errorPercent": 0,
    "p50Ms": 15.819738999998663,
    "p95Ms": 179.2059999999983,
    "p99Ms": 260.03813900000387
  },
  "total": {
    "requests": 59037,
    "errors": 0,
    "errorPercent": 0,
    "p50Ms": 75.05252599999949,
    "p95Ms": 307.5444950000019,
    "p99Ms": 1487.7744109999985
  },
  "failures": {},
  "targets": {
    "searchP95Ms": 500,
    "detailP95Ms": 300,
    "errorPercent": 1
  },
  "meetsTargets": true
}
