haven-final-capacity-loader-run-1e08b369cb9e 100.67% 146.4MiB / 2GiB
haven-final-capacity-previous-api-1 0.00% 82.47MiB / 2GiB
haven-final-capacity-api-1 67.90% 318MiB / 2GiB
haven-integration-proxy-1 0.00% 119.3MiB / 62.42GiB
haven-final-capacity-db-1 4.62% 268.6MiB / 62.42GiB
haven-final-capacity-search-1 5.96% 33.09MiB / 2GiB
haven-integration-web-1 145.88% 1.716GiB / 62.42GiB
haven-integration-ops-1 1.03% 504.4MiB / 62.42GiB
haven-integration-worker-1 0.00% 69.62MiB / 62.42GiB
haven-integration-api-1 0.46% 298.4MiB / 62.42GiB
haven-integration-identity-1 0.08% 741.7MiB / 62.42GiB
haven-integration-search-1 2.31% 73.71MiB / 62.42GiB
haven-integration-cache-1 6.59% 4.129MiB / 62.42GiB
haven-integration-storage-1 0.59% 212MiB / 62.42GiB
haven-integration-db-1 32.72% 48.08MiB / 62.42GiB
haven-integration-scanner-1 0.00% 952.6MiB / 62.42GiB
haven-q11-hardened-scanner-1 0.00% 975.4MiB / 3GiB
haven-q11-hardened-search-1 0.03% 40.1MiB / 2GiB
haven-q11-hardened-mail-1 0.00% 25.16MiB / 256MiB
haven-q11-hardened-cache-1 7.30% 11.24MiB / 2GiB
haven-q11-clean-ops-1 0.00% 0B / 0B
haven-q11-clean-web-1 0.00% 0B / 0B
haven-q11-clean-api-1 0.00% 0B / 0B
haven-q11-clean-worker-1 0.00% 0B / 0B
haven-q10-upgrade-scanner-1 5.68% 951.5MiB / 3GiB
haven-q09-restored-mail-1 0.00% 8.031MiB / 256MiB
haven-q09-restored-scanner-1 0.00% 958.9MiB / 3GiB
haven-q09-restored-cache-1 0.29% 3.492MiB / 2GiB
haven-q09-restored-search-1 7.75% 56.01MiB / 2GiB
haven-q08-staging-search-1 6.83% 23.12MiB / 2GiB
haven-q08-staging-mail-1 0.00% 24.06MiB / 256MiB
haven-q08-staging-scanner-1 5.99% 949.5MiB / 3GiB
haven-q08-staging-cache-1 0.26% 13.31MiB / 2GiB
haven-processing-cpu-1 51.24% 48.97MiB / 512MiB
haven-api-1 0.07% 430MiB / 62.42GiB
haven-web-1 0.15% 520.1MiB / 62.42GiB
haven-ops-1 0.08% 489.1MiB / 62.42GiB
haven-worker-1 0.00% 79.7MiB / 62.42GiB
buildx_buildkit_runner-1122-builder0 0.00% 56.76MiB / 62.42GiB
