
[1m[30m[46m RUN [49m[39m[22m [36mv5.0.3 [39m[90m/workspace[39m

 [32m✓[39m tests/integration/public-read-cache.test.ts [2m([22m[2m11 tests[22m[2m)[22m[33m 3346[2mms[22m[39m
   [33m[2m✓[22m[39m Q07 reusable current public snapshots coalesce reads without bypassing expiry when no mutation occurs[33m 1168[2mms[22m[39m
   [33m[2m✓[22m[39m Q07 pending reads cannot cross a publication deadline, and upcoming curation starts refresh without a write[33m 1076[2mms[22m[39m
 [31m❯[39m tests/integration/rental-availability.test.ts [2m([22m[2m3 tests[22m[2m | [22m[31m3 failed[39m[2m)[22m[33m 1344[2mms[22m[39m
[31m   [31m×[31m R04 leased room invalidates whole-property search/detail/contact even with stale index; sibling room remains available and publication checks canonical occupancy[39m[33m 1053[2mms[22m[39m
[31m   [31m×[31m R04 root lock serializes a whole-property leased transition against child publication and prevents publication after the committed occupancy[39m[32m 228[2mms[22m[39m
[31m   [31m×[31m R04 active whole-unit lease denies every child contact and public detail; direct consumer lead insert cannot bypass eligibility[39m[32m 60[2mms[22m[39m
 [32m✓[39m tests/integration/lease-activation.test.ts [2m([22m[2m4 tests[22m[2m)[22m[33m 1623[2mms[22m[39m
   [33m[2m✓[22m[39m P04 atomic activation withdraws the public rental offer with exact history, audit and matching receipts[33m 317[2mms[22m[39m
   [33m[2m✓[22m[39m P04 simultaneous overlapping draft activations yield exactly one success and one current-state conflict[33m 318[2mms[22m[39m
   [33m[2m✓[22m[39m P04 property occupation conflicts with child rooms while sibling rooms can hold separate exclusive terms[33m 634[2mms[22m[39m
 [32m✓[39m tests/integration/public-search-coalescing.test.ts [2m([22m[2m1 test[22m[2m)[22m[33m 583[2mms[22m[39m
   [33m[2m✓[22m[39m Q07 concurrent identical searches share only a pending real index request; subsequent reads recheck the native provider[33m 576[2mms[22m[39m

[31m⎯⎯⎯⎯⎯⎯⎯[39m[1m[41m Failed Tests 3 [49m[22m[31m⎯⎯⎯⎯⎯⎯⎯[39m

[41m[1m FAIL [22m[49m tests/integration/rental-availability.test.ts[2m > [22mR04 leased room invalidates whole-property search/detail/contact even with stale index; sibling room remains available and publication checks canonical occupancy
[41m[1m FAIL [22m[49m tests/integration/rental-availability.test.ts[2m > [22mR04 root lock serializes a whole-property leased transition against child publication and prevents publication after the committed occupancy
[41m[1m FAIL [22m[49m tests/integration/rental-availability.test.ts[2m > [22mR04 active whole-unit lease denies every child contact and public detail; direct consumer lead insert cannot bypass eligibility
[31m[1mTypeError[22m: fetch failed[39m
[31m[1mCaused by: Error[22m: connect ECONNREFUSED 127.0.0.1:8088[39m
[31m[2m⎯⎯⎯⎯⎯⎯⎯⎯⎯⎯⎯⎯⎯⎯⎯⎯⎯⎯⎯⎯⎯⎯⎯⎯⎯⎯⎯⎯⎯⎯[22m[39m
[31m[1mSerialized Error:[22m[39m [90m{ errno: -111, code: 'ECONNREFUSED', syscall: 'connect', address: '127.0.0.1', port: 8088 }[39m
[31m[2m⎯⎯⎯⎯⎯⎯⎯⎯⎯⎯⎯⎯⎯⎯⎯⎯⎯⎯⎯⎯⎯⎯⎯⎯[1/3]⎯[22m[39m


[2m Test Files [22m [1m[31m1 failed[39m[22m[2m | [22m[1m[32m3 passed[39m[22m[90m (4)[39m
[2m      Tests [22m [1m[31m3 failed[39m[22m[2m | [22m[1m[32m16 passed[39m[22m[90m (19)[39m
[2m   Start at [22m 09:17:12
[2m   Duration [22m 14.93s[2m (tests 49%, import 42%, transform 9%)[22m

