#0 building with "default" instance using docker driver

#1 [internal] load build definition from Dockerfile
#1 transferring dockerfile: 199B done
#1 DONE 0.0s

#2 [internal] load metadata for docker.io/library/haven-finalization-base:82b70a81a033
#2 DONE 0.0s

#3 [internal] load .dockerignore
#3 transferring context: 2B done
#3 DONE 0.0s

#4 [internal] load build context
#4 transferring context: 33.69kB 0.0s done
#4 DONE 0.1s

#5 [1/3] FROM docker.io/library/haven-finalization-base:82b70a81a033@sha256:82b70a81a0331ebbc421a5764f11ca6caa3896f59f3a5d018f3201739d5e42b3
#5 resolve docker.io/library/haven-finalization-base:82b70a81a033@sha256:82b70a81a0331ebbc421a5764f11ca6caa3896f59f3a5d018f3201739d5e42b3 0.0s done
#5 CACHED

#6 [2/3] COPY --chown=node:node packages/ /workspace/packages/
#6 DONE 0.1s

#7 [3/3] COPY --chown=node:node apps/api/dist/ /workspace/apps/api/dist/
#7 DONE 0.1s

#8 exporting to image
#8 exporting layers
#8 exporting layers 0.3s done
#8 exporting manifest sha256:a7ff85e78c20f82a581b92774e5e5c7e170783373fa629b922914e4113cc1f69 0.0s done
#8 exporting config sha256:f5241dc4ff052f5086fead3bae27c2645e41e953b9d1c2aca94a0d1d0a0b0400 0.0s done
#8 exporting attestation manifest sha256:64634bb9356b0898e7ae77c28c30f5d29de820e0de9a82dca33ebb6355c4d1c7
#8 exporting attestation manifest sha256:64634bb9356b0898e7ae77c28c30f5d29de820e0de9a82dca33ebb6355c4d1c7 0.1s done
#8 exporting manifest list sha256:117ea14c9789249666649a7bc9242ebd943b8317e46685e7c624edb6988d30f7 0.0s done
#8 naming to docker.io/library/haven-finalization-api:20261009-rental-set
#8 naming to docker.io/library/haven-finalization-api:20261009-rental-set done
#8 unpacking to docker.io/library/haven-finalization-api:20261009-rental-set
#8 unpacking to docker.io/library/haven-finalization-api:20261009-rental-set 0.2s done
#8 DONE 0.8s
