 Container haven-final-capacity-loader-run-c2d5eda6dd51 Creating 
 Container haven-final-capacity-loader-run-c2d5eda6dd51 Created 
{
  "label": "P",
  "startedAt": "2026-10-09T09:21:26.729Z",
  "completedAt": "2026-10-09T09:31:58.682Z",
  "sessions": 1000,
  "warmupSeconds": 30,
  "measuredSeconds": 600,
  "mix": {
    "search": 60,
    "detail": 40
  },
  "thinkTime": "one request per session per second, sequential within session; slow responses reduce achieved rate",
  "loadGenerator": {
    "cpu": "Intel(R) Core(TM) i9-10885H CPU @ 2.40GHz",
    "logicalCpus": 16,
    "memoryBytes": 67021262848,
    "node": "v24.21.0"
  },
  "search": {
    "requests": 340002,
    "errors": 0,
    "errorPercent": 0,
    "p50Ms": 154.5543020000041,
    "p95Ms": 1435.343496000045,
    "p99Ms": 2040.0554309999861
  },
  "detail": {
    "requests": 226932,
    "errors": 0,
    "errorPercent": 0,
    "p50Ms": 24.449009999996633,
    "p95Ms": 384.0505470000062,
    "p99Ms": 851.7053109999979
  },
  "total": {
    "requests": 566934,
    "errors": 0,
    "errorPercent": 0,
    "p50Ms": 104.02591399999801,
    "p95Ms": 1005.011416000023,
    "p99Ms": 1924.5481460000155
  },
  "failures": {},
  "targets": {
    "searchP95Ms": 500,
    "detailP95Ms": 300,
    "errorPercent": 1
  },
  "meetsTargets": false
}

