 WARN  Shared workspace lockfile detected but configuration forces legacy deploy implementation.
Packages are copied from the content-addressable store to the virtual store.
  Content-addressable store is at: /workspace/.pnpm-store/v10
  Virtual store is at:             ../tmp/haven-final-contracts-package/node_modules/.pnpm
Progress: resolved 1, reused 0, downloaded 0, added 0
Progress: resolved 73, reused 0, downloaded 0, added 0
 WARN  GET https://registry.npmjs.org/earcut error (DEPTH_ZERO_SELF_SIGNED_CERT). Will retry in 10 seconds. 2 retries left.
 WARN  GET https://registry.npmjs.org/drizzle-orm error (DEPTH_ZERO_SELF_SIGNED_CERT). Will retry in 10 seconds. 2 retries left.
 WARN  GET https://registry.npmjs.org/decimal.js error (DEPTH_ZERO_SELF_SIGNED_CERT). Will retry in 10 seconds. 2 retries left.
 WARN  GET https://registry.npmjs.org/@tanstack%2Freact-query error (DEPTH_ZERO_SELF_SIGNED_CERT). Will retry in 10 seconds. 2 retries left.
 WARN  GET https://registry.npmjs.org/zod error (DEPTH_ZERO_SELF_SIGNED_CERT). Will retry in 10 seconds. 2 retries left.
 WARN  GET https://registry.npmjs.org/pg error (DEPTH_ZERO_SELF_SIGNED_CERT). Will retry in 10 seconds. 2 retries left.
 WARN  GET https://registry.npmjs.org/lucide-react error (DEPTH_ZERO_SELF_SIGNED_CERT). Will retry in 10 seconds. 2 retries left.
 WARN  GET https://registry.npmjs.org/react error (DEPTH_ZERO_SELF_SIGNED_CERT). Will retry in 10 seconds. 2 retries left.
Progress: resolved 381, reused 0, downloaded 0, added 0
Progress: resolved 398, reused 0, downloaded 0, added 0
 WARN  GET https://registry.npmjs.org/@tanstack%2Freact-query error (DEPTH_ZERO_SELF_SIGNED_CERT). Will retry in 1 minute. 1 retries left.
 WARN  GET https://registry.npmjs.org/react error (DEPTH_ZERO_SELF_SIGNED_CERT). Will retry in 1 minute. 1 retries left.
 WARN  GET https://registry.npmjs.org/pg error (DEPTH_ZERO_SELF_SIGNED_CERT). Will retry in 1 minute. 1 retries left.
 WARN  GET https://registry.npmjs.org/lucide-react error (DEPTH_ZERO_SELF_SIGNED_CERT). Will retry in 1 minute. 1 retries left.
 WARN  GET https://registry.npmjs.org/zod error (DEPTH_ZERO_SELF_SIGNED_CERT). Will retry in 1 minute. 1 retries left.
 WARN  GET https://registry.npmjs.org/earcut error (DEPTH_ZERO_SELF_SIGNED_CERT). Will retry in 1 minute. 1 retries left.
 WARN  GET https://registry.npmjs.org/decimal.js error (DEPTH_ZERO_SELF_SIGNED_CERT). Will retry in 1 minute. 1 retries left.
 WARN  GET https://registry.npmjs.org/drizzle-orm error (DEPTH_ZERO_SELF_SIGNED_CERT). Will retry in 1 minute. 1 retries left.
/workspace/apps/ops:
 ERR_PNPM_META_FETCH_FAIL  GET https://registry.npmjs.org/react: request to https://registry.npmjs.org/react failed, reason: self-signed certificate; if the root CA is installed locally, try running Node.js with --use-system-ca

This error happened while installing the dependencies of @haven/ui@0.1.0
