
> haven-real-estate@0.1.0 test:unit /workspace
> vitest run tests/unit


[1m[30m[46m RUN [49m[39m[22m [36mv5.0.3 [39m[90m/workspace[39m

 [32m✓[39m tests/unit/digitization-ledger.test.ts [2m([22m[2m9 tests[22m[2m)[22m[33m 2671[2mms[22m[39m
   [32m✓[39m HE-R01 separate digitization acceptance and release gate [2m(9)[22m
     [33m[2m✓[22m[39m rejects unknown prerequisites and empty acceptance/tests[33m 449[2mms[22m[39m
     [33m[2m✓[22m[39m rejects missing provenance and unfinished done prerequisites[33m 332[2mms[22m[39m
     [33m[2m✓[22m[39m accepts reviewed evidence and requires explicit markdown regeneration[33m 379[2mms[22m[39m
     [33m[2m✓[22m[39m wires both root gates without modifying marketplace ledger bytes[33m 401[2mms[22m[39m
 [32m✓[39m tests/unit/processing-licenses.test.ts [2m([22m[2m9 tests[22m[2m)[22m[33m 1154[2mms[22m[39m
 [32m✓[39m tests/unit/digitization-capture-completion.test.ts [2m([22m[2m4 tests[22m[2m)[22m[32m 97[2mms[22m[39m
 [32m✓[39m tests/unit/recovery-envelope.test.ts [2m([22m[2m2 tests[22m[2m)[22m[32m 221[2mms[22m[39m
 [32m✓[39m tests/unit/mortgage-engine.test.ts [2m([22m[2m4 tests[22m[2m)[22m[32m 282[2mms[22m[39m
 [32m✓[39m tests/unit/digitization-structural-glb.test.ts [2m([22m[2m2 tests[22m[2m)[22m[32m 267[2mms[22m[39m
 [32m✓[39m tests/unit/digitization-contracts.test.ts [2m([22m[2m11 tests[22m[2m)[22m[32m 65[2mms[22m[39m
 [32m✓[39m tests/unit/ci-recording.test.ts [2m([22m[2m1 test[22m[2m)[22m[33m 318[2mms[22m[39m
   [33m[2m✓[22m[39m CI collector retains failure and binds sanitized logs to the actual run revision[33m 315[2mms[22m[39m
 [32m✓[39m tests/unit/credential-scan.test.ts [2m([22m[2m1 test[22m[2m)[22m[32m 142[2mms[22m[39m
 [32m✓[39m tests/unit/digitization-plan-render.test.ts [2m([22m[2m4 tests[22m[2m)[22m[32m 116[2mms[22m[39m
 [32m✓[39m tests/unit/ci-visual-order.test.ts [2m([22m[2m3 tests[22m[2m)[22m[32m 199[2mms[22m[39m
 [32m✓[39m tests/unit/digitization-stream.test.ts [2m([22m[2m2 tests[22m[2m)[22m[32m 88[2mms[22m[39m
 [32m✓[39m tests/unit/fixtures.test.ts [2m([22m[2m3 tests[22m[2m)[22m[32m 101[2mms[22m[39m
 [32m✓[39m tests/unit/mortgage-csv.test.ts [2m([22m[2m2 tests[22m[2m)[22m[32m 61[2mms[22m[39m
 [32m✓[39m tests/unit/digitization-plan-scale.test.ts [2m([22m[2m2 tests[22m[2m)[22m[32m 44[2mms[22m[39m
 [32m✓[39m tests/unit/contracts.test.ts [2m([22m[2m11 tests[22m[2m)[22m[32m 58[2mms[22m[39m
 [32m✓[39m tests/unit/digitization-topology.test.ts [2m([22m[2m4 tests[22m[2m)[22m[32m 35[2mms[22m[39m
 [32m✓[39m tests/unit/legacy-digitization-geometry.test.ts [2m([22m[2m4 tests[22m[2m)[22m[32m 17[2mms[22m[39m
 [32m✓[39m tests/unit/digitization-worker-auth.test.ts [2m([22m[2m1 test[22m[2m)[22m[32m 21[2mms[22m[39m
 [32m✓[39m tests/unit/notification-provider.test.ts [2m([22m[2m2 tests[22m[2m)[22m[32m 27[2mms[22m[39m
 [32m✓[39m tests/unit/spatial-media.test.ts [2m([22m[2m6 tests[22m[2m)[22m[32m 16[2mms[22m[39m
 [32m✓[39m tests/unit/release-readiness.test.ts [2m([22m[2m2 tests[22m[2m)[22m[32m 20[2mms[22m[39m
 [32m✓[39m tests/unit/mfa-policy.test.ts [2m([22m[2m1 test[22m[2m)[22m[32m 7[2mms[22m[39m
 [32m✓[39m tests/unit/visual-policy.test.ts [2m([22m[2m2 tests[22m[2m)[22m[32m 15[2mms[22m[39m
 [32m✓[39m tests/unit/development-login.test.ts [2m([22m[2m1 test[22m[2m)[22m[32m 15[2mms[22m[39m
 [32m✓[39m tests/unit/money-inputs.test.ts [2m([22m[2m2 tests[22m[2m)[22m[32m 13[2mms[22m[39m
 [32m✓[39m tests/unit/inquiry-client.test.ts [2m([22m[2m1 test[22m[2m)[22m[32m 12[2mms[22m[39m
 [32m✓[39m tests/unit/integration-lock.test.ts [2m([22m[2m1 test[22m[2m)[22m[32m 17[2mms[22m[39m
 [32m✓[39m tests/unit/exact-parity.test.ts [2m([22m[2m2 tests[22m[2m)[22m[32m 9[2mms[22m[39m
 [32m✓[39m tests/unit/public-query.test.ts [2m([22m[2m2 tests[22m[2m)[22m[32m 6[2mms[22m[39m
 [32m✓[39m tests/unit/reference.test.ts [2m([22m[2m3 tests[22m[2m)[22m[32m 20[2mms[22m[39m
 [32m✓[39m tests/unit/staff-mfa-flow.test.ts [2m([22m[2m1 test[22m[2m)[22m[32m 8[2mms[22m[39m
 [32m✓[39m tests/unit/observability.test.ts [2m([22m[2m2 tests[22m[2m)[22m[32m 6[2mms[22m[39m
 [32m✓[39m tests/unit/gateway-rate-address.test.ts [2m([22m[2m2 tests[22m[2m)[22m[32m 5[2mms[22m[39m
 [32m✓[39m tests/unit/tour-input.test.ts [2m([22m[2m3 tests[22m[2m)[22m[32m 7[2mms[22m[39m
 [32m✓[39m tests/unit/reply-dates.test.ts [2m([22m[2m1 test[22m[2m)[22m[32m 5[2mms[22m[39m

[2m Test Files [22m [1m[32m36 passed[39m[22m[90m (36)[39m
[2m      Tests [22m [1m[32m113 passed[39m[22m[90m (113)[39m
[2m   Start at [22m 08:45:39
[2m   Duration [22m 18.57s[2m (tests 51%, import 35%, transform 11%, worker 3%)[22m

[2m     Import [22m [33m140 modules were evaluated 214 times[39m[2m · 4.23s total, 35% of tracked time[22m
[2m            [22m [2m~1.46s faster with [22m[33misolate: false[39m[2m — shared modules are evaluated once per worker instead of once per file[22m
[2m            [22m [2mlearn more: https://vitest.dev/guide/improving-performance#test-isolation[22m

