#0 building with "default" instance using docker driver

#1 [internal] load build definition from Dockerfile
#1 transferring dockerfile: 199B done
#1 DONE 0.0s

#2 [internal] load metadata for docker.io/library/haven-finalization-base:82b70a81a033
#2 DONE 0.0s

#3 [internal] load .dockerignore
#3 transferring context: 2B done
#3 DONE 0.0s

#4 [internal] load build context
#4 transferring context: 140.48kB 0.0s done
#4 DONE 0.1s

#5 [1/3] FROM docker.io/library/haven-finalization-base:82b70a81a033@sha256:82b70a81a0331ebbc421a5764f11ca6caa3896f59f3a5d018f3201739d5e42b3
#5 resolve docker.io/library/haven-finalization-base:82b70a81a033@sha256:82b70a81a0331ebbc421a5764f11ca6caa3896f59f3a5d018f3201739d5e42b3 0.0s done
#5 CACHED

#6 [2/3] COPY --chown=node:node packages/ /workspace/packages/
#6 DONE 0.1s

#7 [3/3] COPY --chown=node:node apps/api/dist/ /workspace/apps/api/dist/
#7 DONE 0.1s

#8 exporting to image
#8 exporting layers
#8 exporting layers 0.3s done
#8 exporting manifest sha256:e334c6c8419cc88ad8346275f122e893ee68b6109cd0bf770e82125b3c416f70 0.0s done
#8 exporting config sha256:dcdf1ec2fb62609dfbbba692d1873daad927cb7bf765a6d3db680f0b04e3d9e7 0.0s done
#8 exporting attestation manifest sha256:c59a70822f86a4a8d4d077ee72a3971e425d7893e381bb8d655abc2242a052f4
#8 exporting attestation manifest sha256:c59a70822f86a4a8d4d077ee72a3971e425d7893e381bb8d655abc2242a052f4 0.1s done
#8 exporting manifest list sha256:252b992ca6b731e53044c6f7638cd675e3ebf563909b18fd8287d38f05bbeb33 0.0s done
#8 naming to docker.io/library/haven-finalization-api:20261009-copy-snapshot-deps
#8 naming to docker.io/library/haven-finalization-api:20261009-copy-snapshot-deps done
#8 unpacking to docker.io/library/haven-finalization-api:20261009-copy-snapshot-deps
#8 unpacking to docker.io/library/haven-finalization-api:20261009-copy-snapshot-deps 0.2s done
#8 DONE 0.8s
