 Container haven-final-capacity-loader-run-f1e6360381a5 Creating 
 Container haven-final-capacity-loader-run-f1e6360381a5 Created 
{
  "label": "P",
  "startedAt": "2026-10-09T08:53:50.611Z",
  "completedAt": "2026-10-09T08:55:21.673Z",
  "sessions": 1000,
  "warmupSeconds": 30,
  "measuredSeconds": 60,
  "mix": {
    "search": 60,
    "detail": 40
  },
  "thinkTime": "one request per session per second, sequential within session; slow responses reduce achieved rate",
  "loadGenerator": {
    "cpu": "Intel(R) Core(TM) i9-10885H CPU @ 2.40GHz",
    "logicalCpus": 16,
    "memoryBytes": 67021262848,
    "node": "v24.21.0"
  },
  "search": {
    "requests": 34583,
    "errors": 0,
    "errorPercent": 0,
    "p50Ms": 257.9129300000059,
    "p95Ms": 845.3589030000003,
    "p99Ms": 2506.37329399999
  },
  "detail": {
    "requests": 22871,
    "errors": 0,
    "errorPercent": 0,
    "p50Ms": 47.44991300000402,
    "p95Ms": 501.65795100000105,
    "p99Ms": 1265.058885999999
  },
  "total": {
    "requests": 57454,
    "errors": 0,
    "errorPercent": 0,
    "p50Ms": 164.05221999999776,
    "p95Ms": 817.9914989999961,
    "p99Ms": 2488.254025999995
  },
  "failures": {},
  "targets": {
    "searchP95Ms": 500,
    "detailP95Ms": 300,
    "errorPercent": 1
  },
  "meetsTargets": false
}

