 Container haven-final-capacity-loader-run-2d58ed119c79 Creating 
 Container haven-final-capacity-loader-run-2d58ed119c79 Created 
{
  "label": "P",
  "startedAt": "2026-10-09T08:53:08.536Z",
  "completedAt": "2026-10-09T08:53:39.523Z",
  "sessions": 100,
  "warmupSeconds": 10,
  "measuredSeconds": 20,
  "mix": {
    "search": 60,
    "detail": 40
  },
  "thinkTime": "one request per session per second, sequential within session; slow responses reduce achieved rate",
  "loadGenerator": {
    "cpu": "Intel(R) Core(TM) i9-10885H CPU @ 2.40GHz",
    "logicalCpus": 16,
    "memoryBytes": 67021262848,
    "node": "v24.21.0"
  },
  "search": {
    "requests": 1200,
    "errors": 0,
    "errorPercent": 0,
    "p50Ms": 49.24356699999771,
    "p95Ms": 71.31049700000221,
    "p99Ms": 77.82923399999709
  },
  "detail": {
    "requests": 800,
    "errors": 0,
    "errorPercent": 0,
    "p50Ms": 3.9527469999993627,
    "p95Ms": 13.523086999999578,
    "p99Ms": 20.107967000001736
  },
  "total": {
    "requests": 2000,
    "errors": 0,
    "errorPercent": 0,
    "p50Ms": 30.601439000001847,
    "p95Ms": 69.56848999999966,
    "p99Ms": 74.62140299999737
  },
  "failures": {},
  "targets": {
    "searchP95Ms": 500,
    "detailP95Ms": 300,
    "errorPercent": 1
  },
  "meetsTargets": true
}
