#0 building with "default" instance using docker driver

#1 [internal] load build definition from Dockerfile
#1 transferring dockerfile: 199B done
#1 DONE 0.1s

#2 [internal] load metadata for docker.io/library/haven-finalization-base:82b70a81a033
#2 DONE 0.1s

#3 [internal] load .dockerignore
#3 transferring context: 2B done
#3 DONE 0.1s

#4 [internal] load build context
#4 transferring context: 1.67MB 0.1s done
#4 DONE 0.2s

#5 [1/3] FROM docker.io/library/haven-finalization-base:82b70a81a033@sha256:82b70a81a0331ebbc421a5764f11ca6caa3896f59f3a5d018f3201739d5e42b3
#5 resolve docker.io/library/haven-finalization-base:82b70a81a033@sha256:82b70a81a0331ebbc421a5764f11ca6caa3896f59f3a5d018f3201739d5e42b3 0.1s done
#5 DONE 0.3s

#6 [2/3] COPY --chown=node:node packages/ /workspace/packages/
#6 DONE 0.3s

#7 [3/3] COPY --chown=node:node apps/api/dist/ /workspace/apps/api/dist/
#7 DONE 0.2s

#8 exporting to image
#8 exporting layers
#8 exporting layers 0.3s done
#8 exporting manifest sha256:a331229807b0e0c8a8c5c5e2371129a380d32239bbedfc9df011a9175e7d0932 0.0s done
#8 exporting config sha256:24618abf021b73330c2173e0773e53a36465967c17a43a11f5da24bb02f4e7e0 0.0s done
#8 exporting attestation manifest sha256:d78d130875d69b9e85b25aa210d6e6dee7eb43bf79f0f126bc2394b2ee79b905
#8 exporting attestation manifest sha256:d78d130875d69b9e85b25aa210d6e6dee7eb43bf79f0f126bc2394b2ee79b905 0.1s done
#8 exporting manifest list sha256:554ceffffd1c8676030971668fa175d13a35818e5274fcf54b35ab5dd5d70f67 0.0s done
#8 naming to docker.io/library/haven-finalization-api:20261009-copy-snapshot
#8 naming to docker.io/library/haven-finalization-api:20261009-copy-snapshot done
#8 unpacking to docker.io/library/haven-finalization-api:20261009-copy-snapshot 0.1s done
#8 DONE 0.7s
