 Container haven-final-capacity-loader-run-df5340c11057 Creating 
 Container haven-final-capacity-loader-run-df5340c11057 Created 
Warning: Ignoring extra certs from `/run/tls/ca.pem`, load failed: error:80000002:system library::No such file or directory
{
  "label": "P",
  "startedAt": "2026-10-09T08:43:55.477Z",
  "completedAt": "2026-10-09T08:44:36.342Z",
  "sessions": 100,
  "warmupSeconds": 10,
  "measuredSeconds": 30,
  "mix": {
    "search": 60,
    "detail": 40
  },
  "thinkTime": "one request per session per second, sequential within session; slow responses reduce achieved rate",
  "loadGenerator": {
    "cpu": "Intel(R) Core(TM) i9-10885H CPU @ 2.40GHz",
    "logicalCpus": 16,
    "memoryBytes": 67021262848,
    "node": "v24.21.0"
  },
  "search": {
    "requests": 1672,
    "errors": 0,
    "errorPercent": 0,
    "p50Ms": 220.2696450000003,
    "p95Ms": 1499.3532870000054,
    "p99Ms": 2095.090680000001
  },
  "detail": {
    "requests": 1180,
    "errors": 0,
    "errorPercent": 0,
    "p50Ms": 9.339772999999695,
    "p95Ms": 1308.4256690000002,
    "p99Ms": 1472.5395719999979
  },
  "total": {
    "requests": 2852,
    "errors": 0,
    "errorPercent": 0,
    "p50Ms": 198.88922100000127,
    "p95Ms": 1481.7420009999987,
    "p99Ms": 2088.620132
  },
  "failures": {},
  "targets": {
    "searchP95Ms": 500,
    "detailP95Ms": 300,
    "errorPercent": 1
  },
  "meetsTargets": false
}

