                                                                                                                                             QUERY PLAN                                                                                                                                             
----------------------------------------------------------------------------------------------------------------------------------------------------------------------------------------------------------------------------------------------------------------------------------------------------
 Aggregate  (cost=13835.19..13835.20 rows=1 width=8) (actual time=108.791..108.797 rows=1 loops=1)
   Buffers: shared hit=7731
   ->  Hash Join  (cost=4164.14..13761.31 rows=29552 width=0) (actual time=52.782..105.201 rows=69989 loops=1)
         Hash Cond: (l.unit_id = u.id)
         Buffers: shared hit=7731
         ->  Seq Scan on listings l  (cost=12.74..9092.74 rows=59105 width=43) (actual time=0.042..37.193 rows=69989 loops=1)
               Filter: ((status = 'published'::text) AND (currency = 'CNY'::bpchar) AND (transaction = 'sale'::text) AND (segment = 'residential'::text) AND ((expires_at IS NULL) OR (expires_at > now())) AND ((transaction <> 'rent'::text) OR (NOT (ANY (unit_id = (hashed SubPlan 1).col1)))))
               Rows Removed by Filter: 30011
               Buffers: shared hit=6080
               SubPlan 1
                 ->  Function Scan on public_unavailable_rental_units blocked  (cost=0.25..10.25 rows=995 width=16) (never executed)
                       Filter: (unit_id IS NOT NULL)
         ->  Hash  (cost=3526.40..3526.40 rows=50000 width=16) (actual time=52.329..52.333 rows=100000 loops=1)
               Buckets: 131072 (originally 65536)  Batches: 1 (originally 1)  Memory Usage: 5712kB
               Buffers: shared hit=1651
               ->  Hash Join  (cost=3.40..3526.40 rows=50000 width=16) (actual time=0.130..31.297 rows=100000 loops=1)
                     Hash Cond: (u.community_id = co.id)
                     Buffers: shared hit=1651
                     ->  Seq Scan on units u  (cost=0.00..2648.00 rows=100000 width=48) (actual time=0.015..9.881 rows=100000 loops=1)
                           Buffers: shared hit=1648
                     ->  Hash  (cost=3.36..3.36 rows=3 width=16) (actual time=0.088..0.091 rows=6 loops=1)
                           Buckets: 1024  Batches: 1  Memory Usage: 9kB
                           Buffers: shared hit=3
                           ->  Hash Join  (cost=1.14..3.36 rows=3 width=16) (actual time=0.063..0.073 rows=6 loops=1)
                                 Hash Cond: (d.id = co.district_id)
                                 Buffers: shared hit=3
                                 ->  Nested Loop  (cost=0.00..2.18 rows=4 width=16) (actual time=0.016..0.021 rows=6 loops=1)
                                       Join Filter: (d.city_id = ci.id)
                                       Rows Removed by Join Filter: 1
                                       Buffers: shared hit=2
                                       ->  Seq Scan on cities ci  (cost=0.00..1.02 rows=1 width=16) (actual time=0.007..0.008 rows=1 loops=1)
                                             Filter: (slug = 'bj'::text)
                                             Rows Removed by Filter: 1
                                             Buffers: shared hit=1
                                       ->  Seq Scan on districts d  (cost=0.00..1.07 rows=7 width=32) (actual time=0.005..0.007 rows=7 loops=1)
                                             Buffers: shared hit=1
                                 ->  Hash  (cost=1.06..1.06 rows=6 width=32) (actual time=0.021..0.022 rows=6 loops=1)
                                       Buckets: 1024  Batches: 1  Memory Usage: 9kB
                                       Buffers: shared hit=1
                                       ->  Seq Scan on communities co  (cost=0.00..1.06 rows=6 width=32) (actual time=0.004..0.006 rows=6 loops=1)
                                             Buffers: shared hit=1
 Planning:
   Buffers: shared hit=1041
 Planning Time: 9.182 ms
 Execution Time: 109.708 ms
(45 rows)

