 Container haven-final-capacity-loader-run-79486119a352 Creating 
 Container haven-final-capacity-loader-run-79486119a352 Created 
{
  "label": "P",
  "startedAt": "2026-10-09T09:01:45.849Z",
  "completedAt": "2026-10-09T09:12:17.802Z",
  "sessions": 1000,
  "warmupSeconds": 30,
  "measuredSeconds": 600,
  "mix": {
    "search": 60,
    "detail": 40
  },
  "thinkTime": "one request per session per second, sequential within session; slow responses reduce achieved rate",
  "loadGenerator": {
    "cpu": "Intel(R) Core(TM) i9-10885H CPU @ 2.40GHz",
    "logicalCpus": 16,
    "memoryBytes": 67021262848,
    "node": "v24.21.0"
  },
  "search": {
    "requests": 342353,
    "errors": 0,
    "errorPercent": 0,
    "p50Ms": 161.65394899999956,
    "p95Ms": 1619.3019479999784,
    "p99Ms": 2024.6848330000066
  },
  "detail": {
    "requests": 229057,
    "errors": 0,
    "errorPercent": 0,
    "p50Ms": 20.214288999995915,
    "p95Ms": 252.037178000086,
    "p99Ms": 665.1622340000031
  },
  "total": {
    "requests": 571410,
    "errors": 0,
    "errorPercent": 0,
    "p50Ms": 102.85161499999231,
    "p95Ms": 721.0257069999934,
    "p99Ms": 1912.7467269999906
  },
  "failures": {},
  "targets": {
    "searchP95Ms": 500,
    "detailP95Ms": 300,
    "errorPercent": 1
  },
  "meetsTargets": false
}

