#0 building with "default" instance using docker driver

#1 [internal] load build definition from Dockerfile
#1 transferring dockerfile: 199B done
#1 DONE 0.0s

#2 [internal] load metadata for docker.io/library/haven-finalization-base:82b70a81a033
#2 DONE 0.1s

#3 [internal] load .dockerignore
#3 transferring context: 2B done
#3 DONE 0.0s

#4 [1/3] FROM docker.io/library/haven-finalization-base:82b70a81a033@sha256:82b70a81a0331ebbc421a5764f11ca6caa3896f59f3a5d018f3201739d5e42b3
#4 resolve docker.io/library/haven-finalization-base:82b70a81a033@sha256:82b70a81a0331ebbc421a5764f11ca6caa3896f59f3a5d018f3201739d5e42b3 0.1s done
#4 DONE 0.1s

#5 [internal] load build context
#5 transferring context: 790.67kB 0.1s done
#5 DONE 0.1s

#4 [1/3] FROM docker.io/library/haven-finalization-base:82b70a81a033@sha256:82b70a81a0331ebbc421a5764f11ca6caa3896f59f3a5d018f3201739d5e42b3
#4 CACHED

#6 [2/3] COPY --chown=node:node packages/ /workspace/packages/
#6 DONE 0.2s

#7 [3/3] COPY --chown=node:node apps/api/dist/ /workspace/apps/api/dist/
#7 DONE 0.2s

#8 exporting to image
#8 exporting layers
#8 exporting layers 0.3s done
#8 exporting manifest sha256:d6155a592fa3555972c4c012174c76d7bc8e71bf7311e3680a03b0fd395b116b 0.0s done
#8 exporting config sha256:77a535a7adc137805e3ec0e695ceaf2c1aff37016b35c676c2dd1d23a91ebd97 0.0s done
#8 exporting attestation manifest sha256:e092a368e4488f1f623db049bae5d3b9d84f5f8aa4e5ee236b9db5dd60c22355
#8 exporting attestation manifest sha256:e092a368e4488f1f623db049bae5d3b9d84f5f8aa4e5ee236b9db5dd60c22355 0.1s done
#8 exporting manifest list sha256:cc22964b725ee53b707087dcb0d59ced2506e58bd8dbf12c820f4dcacec48554 0.0s done
#8 naming to docker.io/library/haven-finalization-api:20261009-wire-key
#8 naming to docker.io/library/haven-finalization-api:20261009-wire-key done
#8 unpacking to docker.io/library/haven-finalization-api:20261009-wire-key
#8 unpacking to docker.io/library/haven-finalization-api:20261009-wire-key 0.2s done
#8 DONE 0.8s
