
> haven-real-estate@0.1.0 test:unit /workspace
> vitest run tests/unit


[1m[30m[46m RUN [49m[39m[22m [36mv5.0.3 [39m[90m/workspace[39m

 [32m✓[39m tests/unit/digitization-ledger.test.ts [2m([22m[2m9 tests[22m[2m)[22m[33m 2108[2mms[22m[39m
   [32m✓[39m HE-R01 separate digitization acceptance and release gate [2m(9)[22m
     [33m[2m✓[22m[39m rejects unknown prerequisites and empty acceptance/tests[33m 361[2mms[22m[39m
     [33m[2m✓[22m[39m accepts reviewed evidence and requires explicit markdown regeneration[33m 317[2mms[22m[39m
 [32m✓[39m tests/unit/processing-licenses.test.ts [2m([22m[2m9 tests[22m[2m)[22m[33m 1444[2mms[22m[39m
 [32m✓[39m tests/unit/mortgage-engine.test.ts [2m([22m[2m4 tests[22m[2m)[22m[33m 509[2mms[22m[39m
   [33m[2m✓[22m[39m T01 fractional-cent installments, tiny loans and high-value long schedules never grow principal or produce negative rows[33m 432[2mms[22m[39m
 [32m✓[39m tests/unit/digitization-structural-glb.test.ts [2m([22m[2m2 tests[22m[2m)[22m[32m 184[2mms[22m[39m
 [32m✓[39m tests/unit/ci-recording.test.ts [2m([22m[2m1 test[22m[2m)[22m[32m 262[2mms[22m[39m
 [32m✓[39m tests/unit/recovery-envelope.test.ts [2m([22m[2m2 tests[22m[2m)[22m[33m 1000[2mms[22m[39m
   [33m[2m✓[22m[39m Q09 authenticated streaming backup restores exact decimal records and refuses missing WAL or modified ciphertext before successful restoration[33m 995[2mms[22m[39m
 [32m✓[39m tests/unit/ci-visual-order.test.ts [2m([22m[2m3 tests[22m[2m)[22m[32m 249[2mms[22m[39m
 [32m✓[39m tests/unit/credential-scan.test.ts [2m([22m[2m1 test[22m[2m)[22m[32m 151[2mms[22m[39m
 [32m✓[39m tests/unit/digitization-plan-render.test.ts [2m([22m[2m4 tests[22m[2m)[22m[32m 71[2mms[22m[39m
 [32m✓[39m tests/unit/fixtures.test.ts [2m([22m[2m3 tests[22m[2m)[22m[32m 64[2mms[22m[39m
 [32m✓[39m tests/unit/digitization-capture-completion.test.ts [2m([22m[2m4 tests[22m[2m)[22m[32m 80[2mms[22m[39m
 [32m✓[39m tests/unit/digitization-stream.test.ts [2m([22m[2m2 tests[22m[2m)[22m[32m 51[2mms[22m[39m
 [32m✓[39m tests/unit/digitization-contracts.test.ts [2m([22m[2m11 tests[22m[2m)[22m[32m 65[2mms[22m[39m
 [32m✓[39m tests/unit/mortgage-csv.test.ts [2m([22m[2m2 tests[22m[2m)[22m[32m 64[2mms[22m[39m
 [32m✓[39m tests/unit/contracts.test.ts [2m([22m[2m11 tests[22m[2m)[22m[32m 43[2mms[22m[39m
 [32m✓[39m tests/unit/digitization-plan-scale.test.ts [2m([22m[2m2 tests[22m[2m)[22m[32m 48[2mms[22m[39m
 [32m✓[39m tests/unit/digitization-topology.test.ts [2m([22m[2m4 tests[22m[2m)[22m[32m 43[2mms[22m[39m
 [32m✓[39m tests/unit/notification-provider.test.ts [2m([22m[2m2 tests[22m[2m)[22m[32m 48[2mms[22m[39m
 [32m✓[39m tests/unit/inquiry-client.test.ts [2m([22m[2m1 test[22m[2m)[22m[32m 22[2mms[22m[39m
 [32m✓[39m tests/unit/release-readiness.test.ts [2m([22m[2m2 tests[22m[2m)[22m[32m 36[2mms[22m[39m
 [32m✓[39m tests/unit/digitization-worker-auth.test.ts [2m([22m[2m1 test[22m[2m)[22m[32m 34[2mms[22m[39m
 [32m✓[39m tests/unit/reference.test.ts [2m([22m[2m3 tests[22m[2m)[22m[32m 11[2mms[22m[39m
 [32m✓[39m tests/unit/integration-lock.test.ts [2m([22m[2m1 test[22m[2m)[22m[32m 11[2mms[22m[39m
 [32m✓[39m tests/unit/legacy-digitization-geometry.test.ts [2m([22m[2m4 tests[22m[2m)[22m[32m 30[2mms[22m[39m
 [32m✓[39m tests/unit/spatial-media.test.ts [2m([22m[2m6 tests[22m[2m)[22m[32m 33[2mms[22m[39m
 [32m✓[39m tests/unit/visual-policy.test.ts [2m([22m[2m2 tests[22m[2m)[22m[32m 12[2mms[22m[39m
 [32m✓[39m tests/unit/development-login.test.ts [2m([22m[2m1 test[22m[2m)[22m[32m 19[2mms[22m[39m
 [32m✓[39m tests/unit/gateway-rate-address.test.ts [2m([22m[2m3 tests[22m[2m)[22m[32m 15[2mms[22m[39m
 [32m✓[39m tests/unit/money-inputs.test.ts [2m([22m[2m2 tests[22m[2m)[22m[32m 16[2mms[22m[39m
 [32m✓[39m tests/unit/exact-parity.test.ts [2m([22m[2m2 tests[22m[2m)[22m[32m 27[2mms[22m[39m
 [32m✓[39m tests/unit/staff-mfa-flow.test.ts [2m([22m[2m1 test[22m[2m)[22m[32m 7[2mms[22m[39m
 [32m✓[39m tests/unit/mfa-policy.test.ts [2m([22m[2m1 test[22m[2m)[22m[32m 8[2mms[22m[39m
 [32m✓[39m tests/unit/tour-input.test.ts [2m([22m[2m3 tests[22m[2m)[22m[32m 7[2mms[22m[39m
 [32m✓[39m tests/unit/observability.test.ts [2m([22m[2m2 tests[22m[2m)[22m[32m 10[2mms[22m[39m
 [32m✓[39m tests/unit/public-query.test.ts [2m([22m[2m2 tests[22m[2m)[22m[32m 9[2mms[22m[39m
 [32m✓[39m tests/unit/reply-dates.test.ts [2m([22m[2m1 test[22m[2m)[22m[32m 7[2mms[22m[39m

[2m Test Files [22m [1m[32m36 passed[39m[22m[90m (36)[39m
[2m      Tests [22m [1m[32m114 passed[39m[22m[90m (114)[39m
[2m   Start at [22m 08:59:35
[2m   Duration [22m 20.69s[2m (tests 53%, import 35%, transform 10%, worker 2%)[22m

[2m     Import [22m [33m140 modules were evaluated 214 times[39m[2m · 4.46s total, 35% of tracked time[22m
[2m            [22m [2m~1.54s faster with [22m[33misolate: false[39m[2m — shared modules are evaluated once per worker instead of once per file[22m
[2m            [22m [2mlearn more: https://vitest.dev/guide/improving-performance#test-isolation[22m

