 Container haven-final-capacity-loader-run-bef396ae7f97 Creating 
 Container haven-final-capacity-loader-run-bef396ae7f97 Created 
{
  "label": "P",
  "startedAt": "2026-10-09T08:59:09.114Z",
  "completedAt": "2026-10-09T09:00:40.102Z",
  "sessions": 1000,
  "warmupSeconds": 30,
  "measuredSeconds": 60,
  "mix": {
    "search": 60,
    "detail": 40
  },
  "thinkTime": "one request per session per second, sequential within session; slow responses reduce achieved rate",
  "loadGenerator": {
    "cpu": "Intel(R) Core(TM) i9-10885H CPU @ 2.40GHz",
    "logicalCpus": 16,
    "memoryBytes": 67021262848,
    "node": "v24.21.0"
  },
  "search": {
    "requests": 34176,
    "errors": 0,
    "errorPercent": 0,
    "p50Ms": 186.27266200000304,
    "p95Ms": 1356.8813440000085,
    "p99Ms": 2108.518769000002
  },
  "detail": {
    "requests": 22790,
    "errors": 0,
    "errorPercent": 0,
    "p50Ms": 72.65154600000824,
    "p95Ms": 799.1410269999906,
    "p99Ms": 931.9589219999907
  },
  "total": {
    "requests": 56966,
    "errors": 0,
    "errorPercent": 0,
    "p50Ms": 140.87631499999407,
    "p95Ms": 911.4026330000015,
    "p99Ms": 1833.1236180000124
  },
  "failures": {},
  "targets": {
    "searchP95Ms": 500,
    "detailP95Ms": 300,
    "errorPercent": 1
  },
  "meetsTargets": false
}

