
[1m[30m[46m RUN [49m[39m[22m [36mv5.0.3 [39m[90m/workspace[39m

 [32m✓[39m tests/integration/digitization-runner-protocol.test.ts [2m([22m[2m1 test[22m[2m)[22m[33m 1776[2mms[22m[39m
   [33m[2m✓[22m[39m HE-C03 API transport sends scoped source bytes to a real Python runner and observes its actual raster output[33m 1774[2mms[22m[39m

[2m Test Files [22m [1m[32m1 passed[39m[22m[90m (1)[39m
[2m      Tests [22m [1m[32m1 passed[39m[22m[90m (1)[39m
[2m   Start at [22m 14:46:44
[2m   Duration [22m 2.60s[2m (tests 72%, transform 17%, import 11%)[22m


[1m[30m[46m RUN [49m[39m[22m [36mv5.0.3 [39m[90m/workspace[39m

[90mstdout[2m | tests/integration/digitization-coordinator.test.ts[2m > [22m[2mHE-R06/C02 dedicated real queue recovers both enqueue crash boundaries; duplicate events reuse one actual CPU execution and private result
[22m[39m{"event":"test.coordinator.failed","code":"ENGINE_EVENT_UNSUPPORTED"}

 [32m✓[39m tests/integration/digitization-coordinator.test.ts [2m([22m[2m2 tests[22m[2m)[22m[33m 9630[2mms[22m[39m
   [33m[2m✓[22m[39m HE-R06/C02 dedicated real queue recovers both enqueue crash boundaries; duplicate events reuse one actual CPU execution and private result[33m 9337[2mms[22m[39m
 [32m✓[39m tests/integration/digitization-authorized-runner.test.ts [2m([22m[2m4 tests[22m[2m)[22m[33m 11082[2mms[22m[39m
   [33m[2m✓[22m[39m current API-owned lease transfers real scoped S3 input to the CPU runner and cancels a superseded acknowledgement[33m 3034[2mms[22m[39m
   [33m[2m✓[22m[39m real CPU upright-image-v1 renders commit privately with checksum lineage and replay; invalid, revoked and superseded results cannot commit[33m 3882[2mms[22m[39m
   [33m[2m✓[22m[39m real CPU pdfium-150dpi-v1 renders commit privately with checksum lineage and replay; invalid, revoked and superseded results cannot commit[33m 2502[2mms[22m[39m
   [33m[2m✓[22m[39m real CPU pdfium-overbudget renders commit privately with checksum lineage and replay; invalid, revoked and superseded results cannot commit[33m 1659[2mms[22m[39m
 [32m✓[39m tests/integration/digitization-public-derivatives.test.ts [2m([22m[2m1 test[22m[2m)[22m[33m 322[2mms[22m[39m
   [33m[2m✓[22m[39m HE-B06 actual scanned public photo variants omit source GPS EXIF and private location metadata[33m 319[2mms[22m[39m

[2m Test Files [22m [1m[32m3 passed[39m[22m[90m (3)[39m
[2m      Tests [22m [1m[32m7 passed[39m[22m[90m (7)[39m
[2m   Start at [22m 14:46:48
[2m   Duration [22m 26.23s[2m (tests 81%, import 15%, transform 4%)[22m

