
> haven-real-estate@0.1.0 test:unit /workspace
> vitest run tests/unit


[1m[30m[46m RUN [49m[39m[22m [36mv5.0.3 [39m[90m/workspace[39m

 [32m✓[39m tests/unit/processing-licenses.test.ts [2m([22m[2m9 tests[22m[2m)[22m[33m 5627[2mms[22m[39m
   [32m✓[39m HE-A02 exact processing dependency/image/model license gate [2m(8)[22m
     [33m[2m✓[22m[39m accepts actual hash-locked baseline with unavailable GPU and no approved models[33m 607[2mms[22m[39m
     [33m[2m✓[22m[39m rejects absent package licenses and mismatched wheel hashes[33m 982[2mms[22m[39m
     [33m[2m✓[22m[39m rejects floating versions, unhashed wheels and unmanifested CPU/GPU base images[33m 837[2mms[22m[39m
     [33m[2m✓[22m[39m rejects new unpinned processing service images[33m 398[2mms[22m[39m
     [33m[2m✓[22m[39m rejects floating images in root processing deployment overrides[33m 433[2mms[22m[39m
     [33m[2m✓[22m[39m requires exact separately licensed GPU compatibility and dependency locks[33m 404[2mms[22m[39m
     [33m[2m✓[22m[39m rejects enabled weights without proven licenses/checksums; disabled models require a reason[33m 778[2mms[22m[39m
     [33m[2m✓[22m[39m validates actual enabled model bytes instead of trusting a declared checksum[33m 389[2mms[22m[39m
   [33m[2m✓[22m[39m native bundled license notices are checksum-bound and script-enabled PDFium builds fail closed[33m 795[2mms[22m[39m
 [32m✓[39m tests/unit/digitization-ledger.test.ts [2m([22m[2m9 tests[22m[2m)[22m[33m 1214[2mms[22m[39m
 [32m✓[39m tests/unit/recovery-envelope.test.ts [2m([22m[2m2 tests[22m[2m)[22m[33m 439[2mms[22m[39m
   [33m[2m✓[22m[39m Q09 authenticated streaming backup restores exact decimal records and refuses missing WAL or modified ciphertext before successful restoration[33m 435[2mms[22m[39m
 [32m✓[39m tests/unit/mortgage-engine.test.ts [2m([22m[2m4 tests[22m[2m)[22m[32m 169[2mms[22m[39m
 [32m✓[39m tests/unit/ci-recording.test.ts [2m([22m[2m1 test[22m[2m)[22m[32m 185[2mms[22m[39m
 [32m✓[39m tests/unit/digitization-structural-glb.test.ts [2m([22m[2m2 tests[22m[2m)[22m[32m 177[2mms[22m[39m
 [32m✓[39m tests/unit/credential-scan.test.ts [2m([22m[2m1 test[22m[2m)[22m[32m 110[2mms[22m[39m
 [32m✓[39m tests/unit/ci-visual-order.test.ts [2m([22m[2m3 tests[22m[2m)[22m[32m 87[2mms[22m[39m
 [32m✓[39m tests/unit/fixtures.test.ts [2m([22m[2m3 tests[22m[2m)[22m[32m 65[2mms[22m[39m
 [32m✓[39m tests/unit/digitization-stream.test.ts [2m([22m[2m2 tests[22m[2m)[22m[32m 61[2mms[22m[39m
 [32m✓[39m tests/unit/digitization-capture-completion.test.ts [2m([22m[2m4 tests[22m[2m)[22m[32m 94[2mms[22m[39m
 [32m✓[39m tests/unit/digitization-contracts.test.ts [2m([22m[2m11 tests[22m[2m)[22m[32m 48[2mms[22m[39m
 [32m✓[39m tests/unit/digitization-plan-render.test.ts [2m([22m[2m4 tests[22m[2m)[22m[32m 53[2mms[22m[39m
 [32m✓[39m tests/unit/digitization-plan-scale.test.ts [2m([22m[2m2 tests[22m[2m)[22m[32m 28[2mms[22m[39m
 [32m✓[39m tests/unit/digitization-plan-edit.test.ts [2m([22m[2m3 tests[22m[2m)[22m[32m 27[2mms[22m[39m
 [32m✓[39m tests/unit/contracts.test.ts [2m([22m[2m11 tests[22m[2m)[22m[32m 27[2mms[22m[39m
 [32m✓[39m tests/unit/mortgage-csv.test.ts [2m([22m[2m2 tests[22m[2m)[22m[32m 36[2mms[22m[39m
 [32m✓[39m tests/unit/inquiry-client.test.ts [2m([22m[2m1 test[22m[2m)[22m[32m 11[2mms[22m[39m
 [32m✓[39m tests/unit/money-inputs.test.ts [2m([22m[2m2 tests[22m[2m)[22m[32m 14[2mms[22m[39m
 [32m✓[39m tests/unit/digitization-worker-auth.test.ts [2m([22m[2m1 test[22m[2m)[22m[32m 24[2mms[22m[39m
 [32m✓[39m tests/unit/digitization-topology.test.ts [2m([22m[2m4 tests[22m[2m)[22m[32m 24[2mms[22m[39m
 [32m✓[39m tests/unit/notification-provider.test.ts [2m([22m[2m2 tests[22m[2m)[22m[32m 22[2mms[22m[39m
 [32m✓[39m tests/unit/release-readiness.test.ts [2m([22m[2m2 tests[22m[2m)[22m[32m 11[2mms[22m[39m
 [32m✓[39m tests/unit/legacy-digitization-geometry.test.ts [2m([22m[2m4 tests[22m[2m)[22m[32m 15[2mms[22m[39m
 [32m✓[39m tests/unit/integration-lock.test.ts [2m([22m[2m1 test[22m[2m)[22m[32m 9[2mms[22m[39m
 [32m✓[39m tests/unit/spatial-media.test.ts [2m([22m[2m6 tests[22m[2m)[22m[32m 16[2mms[22m[39m
 [32m✓[39m tests/unit/digitization-plan-page.test.ts [2m([22m[2m2 tests[22m[2m)[22m[32m 13[2mms[22m[39m
 [32m✓[39m tests/unit/development-login.test.ts [2m([22m[2m1 test[22m[2m)[22m[32m 6[2mms[22m[39m
 [32m✓[39m tests/unit/exact-parity.test.ts [2m([22m[2m2 tests[22m[2m)[22m[32m 8[2mms[22m[39m
 [32m✓[39m tests/unit/visual-policy.test.ts [2m([22m[2m2 tests[22m[2m)[22m[32m 15[2mms[22m[39m
 [32m✓[39m tests/unit/digitization-revision-policy.test.ts [2m([22m[2m2 tests[22m[2m)[22m[32m 8[2mms[22m[39m
 [32m✓[39m tests/unit/account-experience.test.ts [2m([22m[2m4 tests[22m[2m)[22m[32m 7[2mms[22m[39m
 [32m✓[39m tests/unit/mfa-policy.test.ts [2m([22m[2m1 test[22m[2m)[22m[32m 10[2mms[22m[39m
 [32m✓[39m tests/unit/gateway-rate-address.test.ts [2m([22m[2m3 tests[22m[2m)[22m[32m 10[2mms[22m[39m
 [32m✓[39m tests/unit/observability.test.ts [2m([22m[2m2 tests[22m[2m)[22m[32m 9[2mms[22m[39m
 [32m✓[39m tests/unit/reference.test.ts [2m([22m[2m3 tests[22m[2m)[22m[32m 6[2mms[22m[39m
 [32m✓[39m tests/unit/staff-mfa-flow.test.ts [2m([22m[2m1 test[22m[2m)[22m[32m 7[2mms[22m[39m
 [32m✓[39m tests/unit/tour-input.test.ts [2m([22m[2m3 tests[22m[2m)[22m[32m 5[2mms[22m[39m
 [32m✓[39m tests/unit/public-query.test.ts [2m([22m[2m2 tests[22m[2m)[22m[32m 9[2mms[22m[39m
 [32m✓[39m tests/unit/reply-dates.test.ts [2m([22m[2m1 test[22m[2m)[22m[32m 6[2mms[22m[39m

[2m Test Files [22m [1m[32m40 passed[39m[22m[90m (40)[39m
[2m      Tests [22m [1m[32m125 passed[39m[22m[90m (125)[39m
[2m   Start at [22m 14:46:01
[2m   Duration [22m 18.82s[2m (tests 65%, import 25%, transform 8%, worker 2%)[22m

[2m     Import [22m [33m148 modules were evaluated 223 times[39m[2m · 3.35s total, 25% of tracked time[22m
[2m            [22m [2m~1.13s faster with [22m[33misolate: false[39m[2m — shared modules are evaluated once per worker instead of once per file[22m
[2m            [22m [2mlearn more: https://vitest.dev/guide/improving-performance#test-isolation[22m

