
[1m[30m[46m RUN [49m[39m[22m [36mv5.0.3 [39m[90m/workspace[39m

 [32m✓[39m tests/integration/digitization-runner-protocol.test.ts [2m([22m[2m1 test[22m[2m)[22m[33m 1571[2mms[22m[39m
   [33m[2m✓[22m[39m HE-C03 API transport sends scoped source bytes to a real Python runner and observes its actual raster output[33m 1568[2mms[22m[39m

[2m Test Files [22m [1m[32m1 passed[39m[22m[90m (1)[39m
[2m      Tests [22m [1m[32m1 passed[39m[22m[90m (1)[39m
[2m   Start at [22m 14:00:24
[2m   Duration [22m 2.34s[2m (tests 71%, transform 17%, import 11%)[22m


[1m[30m[46m RUN [49m[39m[22m [36mv5.0.3 [39m[90m/workspace[39m

 [31m❯[39m tests/integration/digitization-coordinator.test.ts [2m([22m[2m2 tests[22m[2m | [22m[31m1 failed[39m[2m)[22m[33m 24546[2mms[22m[39m
[31m   [31m×[31m HE-R06/C02 dedicated real queue recovers both enqueue crash boundaries; duplicate events reuse one actual CPU execution and private result[39m[33m 24247[2mms[22m[39m
   [32m✓[39m HE-C06 real HTTP outage and BullMQ delivery obey five retries without resetting the failed job[32m 296[2mms[22m[39m
 [32m✓[39m tests/integration/digitization-authorized-runner.test.ts [2m([22m[2m4 tests[22m[2m)[22m[33m 8983[2mms[22m[39m
   [33m[2m✓[22m[39m current API-owned lease transfers real scoped S3 input to the CPU runner and cancels a superseded acknowledgement[33m 2085[2mms[22m[39m
   [33m[2m✓[22m[39m real CPU upright-image-v1 renders commit privately with checksum lineage and replay; invalid, revoked and superseded results cannot commit[33m 3555[2mms[22m[39m
   [33m[2m✓[22m[39m real CPU pdfium-150dpi-v1 renders commit privately with checksum lineage and replay; invalid, revoked and superseded results cannot commit[33m 2132[2mms[22m[39m
   [33m[2m✓[22m[39m real CPU pdfium-overbudget renders commit privately with checksum lineage and replay; invalid, revoked and superseded results cannot commit[33m 1206[2mms[22m[39m
 [32m✓[39m tests/integration/digitization-public-derivatives.test.ts [2m([22m[2m1 test[22m[2m)[22m[32m 286[2mms[22m[39m

[31m⎯⎯⎯⎯⎯⎯⎯[39m[1m[41m Failed Tests 1 [49m[22m[31m⎯⎯⎯⎯⎯⎯⎯[39m

[41m[1m FAIL [22m[49m tests/integration/digitization-coordinator.test.ts[2m > [22mHE-R06/C02 dedicated real queue recovers both enqueue crash boundaries; duplicate events reuse one actual CPU execution and private result
[31m[1mAssertionError[22m: expected 'running' to be 'succeeded' // Object.is equality[39m

Expected: [32m"succeeded"[39m
Received: [31m"running"[39m

[36m [2m❯[22m tests/integration/digitization-coordinator.test.ts:[2m81:166[22m[39m
    [90m 79|[39m   expect(await queue.getActiveCount()).toBe(1);
    [90m 80|[39m   worker=new Worker(queueName,createDigitizationProcessor(apiOrigin,te…
    [90m 81|[39m   await expect.poll(async()=>transaction(actor,async c=>(await c.query…
    [90m   |[39m                                                                                                                                                                      [31m^[39m
    [90m 82|[39m   await queue.add('engine-event',{id:eventId},{jobId:crypto.randomUUID…
    [90m 83|[39m   await expect.poll(async()=>queue.getCompletedCount(),{timeout:10000}…

[31m[1mCaused by: Error[22m: Matcher did not succeed in time.[39m
[36m [2m❯[22m tests/integration/digitization-coordinator.test.ts:[2m81:3[22m[39m

[31m[2m⎯⎯⎯⎯⎯⎯⎯⎯⎯⎯⎯⎯⎯⎯⎯⎯⎯⎯⎯⎯⎯⎯⎯⎯[1/1]⎯[22m[39m


[2m Test Files [22m [1m[31m1 failed[39m[22m[2m | [22m[1m[32m2 passed[39m[22m[90m (3)[39m
[2m      Tests [22m [1m[31m1 failed[39m[22m[2m | [22m[1m[32m6 passed[39m[22m[90m (7)[39m
[2m   Start at [22m 14:00:27
[2m   Duration [22m 37.81s[2m (tests 90%, import 8%, transform 2%)[22m

