
[1m[30m[46m RUN [49m[39m[22m [36mv5.0.3 [39m[90m/workspace[39m

 [32m✓[39m tests/integration/digitization-runner-protocol.test.ts [2m([22m[2m1 test[22m[2m)[22m[33m 1580[2mms[22m[39m
   [33m[2m✓[22m[39m HE-C03 API transport sends scoped source bytes to a real Python runner and observes its actual raster output[33m 1578[2mms[22m[39m

[2m Test Files [22m [1m[32m1 passed[39m[22m[90m (1)[39m
[2m      Tests [22m [1m[32m1 passed[39m[22m[90m (1)[39m
[2m   Start at [22m 12:22:19
[2m   Duration [22m 2.46s[2m (tests 68%, transform 19%, import 13%)[22m


[1m[30m[46m RUN [49m[39m[22m [36mv5.0.3 [39m[90m/workspace[39m

 [32m✓[39m tests/integration/digitization-coordinator.test.ts [2m([22m[2m2 tests[22m[2m)[22m[33m 10105[2mms[22m[39m
   [33m[2m✓[22m[39m HE-R06/C02 dedicated real queue recovers both enqueue crash boundaries; duplicate events reuse one actual CPU execution and private result[33m 9748[2mms[22m[39m
   [33m[2m✓[22m[39m HE-C06 real HTTP outage and BullMQ delivery obey five retries without resetting the failed job[33m 354[2mms[22m[39m
 [31m❯[39m tests/integration/digitization-authorized-runner.test.ts [2m([22m[2m4 tests[22m[2m | [22m[31m1 failed[39m[2m)[22m[33m 10005[2mms[22m[39m
   [33m[2m✓[22m[39m current API-owned lease transfers real scoped S3 input to the CPU runner and cancels a superseded acknowledgement[33m 2753[2mms[22m[39m
[31m   [31m×[31m real CPU upright-image-v1 renders commit privately with checksum lineage and replay; invalid, revoked and superseded results cannot commit[39m[33m 3492[2mms[22m[39m
   [33m[2m✓[22m[39m real CPU pdfium-150dpi-v1 renders commit privately with checksum lineage and replay; invalid, revoked and superseded results cannot commit[33m 2274[2mms[22m[39m
   [33m[2m✓[22m[39m real CPU pdfium-overbudget renders commit privately with checksum lineage and replay; invalid, revoked and superseded results cannot commit[33m 1481[2mms[22m[39m
 [32m✓[39m tests/integration/digitization-public-derivatives.test.ts [2m([22m[2m1 test[22m[2m)[22m[33m 361[2mms[22m[39m
   [33m[2m✓[22m[39m HE-B06 actual scanned public photo variants omit source GPS EXIF and private location metadata[33m 359[2mms[22m[39m

[31m⎯⎯⎯⎯⎯⎯⎯[39m[1m[41m Failed Tests 1 [49m[22m[31m⎯⎯⎯⎯⎯⎯⎯[39m

[41m[1m FAIL [22m[49m tests/integration/digitization-authorized-runner.test.ts[2m > [22mreal CPU upright-image-v1 renders commit privately with checksum lineage and replay; invalid, revoked and superseded results cannot commit
[31m[1mAssertionError[22m: expected [] to have a length of 1 but got +0[39m

[32m- Expected[39m
[31m+ Received[39m

[32m- 1[39m
[31m+ 0[39m

[36m [2m❯[22m tests/integration/digitization-authorized-runner.test.ts:[2m164:56[22m[39m


[31m[2m⎯⎯⎯⎯⎯⎯⎯⎯⎯⎯⎯⎯⎯⎯⎯⎯⎯⎯⎯⎯⎯⎯⎯⎯[1/1]⎯[22m[39m


[2m Test Files [22m [1m[31m1 failed[39m[22m[2m | [22m[1m[32m2 passed[39m[22m[90m (3)[39m
[2m      Tests [22m [1m[31m1 failed[39m[22m[2m | [22m[1m[32m6 passed[39m[22m[90m (7)[39m
[2m   Start at [22m 12:22:22
[2m   Duration [22m 25.56s[2m (tests 81%, import 15%, transform 3%)[22m

