
[1m[30m[46m RUN [49m[39m[22m [36mv5.0.3 [39m[90m/workspace[39m

 [31m❯[39m tests/integration/digitization-schema.test.ts [2m([22m[2m0 test[22m[2m)[22m
 [31m❯[39m tests/integration/digitization-intakes.test.ts [2m([22m[2m0 test[22m[2m)[22m
 [31m❯[39m tests/integration/digitization-access.test.ts [2m([22m[2m0 test[22m[2m)[22m

[31m⎯⎯⎯⎯⎯⎯[39m[1m[41m Failed Suites 3 [49m[22m[31m⎯⎯⎯⎯⎯⎯⎯[39m

[41m[1m FAIL [22m[49m tests/integration/digitization-access.test.ts[2m [ tests/integration/digitization-access.test.ts ][22m
[31m[1mError[22m: spawnSync docker ENOENT[39m
[36m [2m❯[22m ip tests/support/env.ts:[2m5:79[22m[39m

[90m [2m❯[22m tests/support/env.ts:[2m6:62[22m[39m
[90m [2m❯[22m tests/integration/digitization-access.test.ts:[2m1:1[22m[39m

[31m[2m⎯⎯⎯⎯⎯⎯⎯⎯⎯⎯⎯⎯⎯⎯⎯⎯⎯⎯⎯⎯⎯⎯⎯⎯[1/3]⎯[22m[39m

[41m[1m FAIL [22m[49m tests/integration/digitization-intakes.test.ts[2m [ tests/integration/digitization-intakes.test.ts ][22m
[31m[1mError[22m: spawnSync docker ENOENT[39m
[36m [2m❯[22m ip tests/support/env.ts:[2m5:79[22m[39m

[90m [2m❯[22m tests/support/env.ts:[2m6:62[22m[39m
[90m [2m❯[22m tests/integration/digitization-intakes.test.ts:[2m1:1[22m[39m

[31m[2m⎯⎯⎯⎯⎯⎯⎯⎯⎯⎯⎯⎯⎯⎯⎯⎯⎯⎯⎯⎯⎯⎯⎯⎯[2/3]⎯[22m[39m

[41m[1m FAIL [22m[49m tests/integration/digitization-schema.test.ts[2m [ tests/integration/digitization-schema.test.ts ][22m
[31m[1mError[22m: spawnSync docker ENOENT[39m
[36m [2m❯[22m ip tests/support/env.ts:[2m5:79[22m[39m

[90m [2m❯[22m tests/support/env.ts:[2m6:62[22m[39m
[90m [2m❯[22m tests/integration/digitization-schema.test.ts:[2m1:1[22m[39m

[31m[2m⎯⎯⎯⎯⎯⎯⎯⎯⎯⎯⎯⎯⎯⎯⎯⎯⎯⎯⎯⎯⎯⎯⎯⎯[3/3]⎯[22m[39m


[2m Test Files [22m [1m[31m3 failed[39m[22m[90m (3)[39m
[2m      Tests [22m [2mno tests[22m
[2m   Start at [22m 12:31:24
[2m   Duration [22m 964ms[2m (worker 98%, environment 2%)[22m

[2m    Isolate [22m [33m3 workers spawned[39m[2m · ~211ms startup each (spawn + environment, per file)[22m
[2m            [22m [2mat least ~423ms faster with [22m[33misolate: false[39m[2m — reuses workers across files instead of one per file[22m

