 Container haven-integration-tests-run-b79ba9122cc7 Creating 
 Container haven-integration-tests-run-b79ba9122cc7 Created 

[1m[30m[46m RUN [49m[39m[22m [36mv5.0.3 [39m[90m/workspace[39m

 [31m❯[39m tests/integration/digitization-inventory-application.test.ts [2m([22m[2m4 tests[22m[2m | [22m[31m4 failed[39m[2m)[22m[32m 94[2mms[22m[39m
[31m   [31m×[31m confirmed unit proposals stay private and pending; independent approval changes the shared unit without copying evidence[39m[32m 65[2mms[22m[39m
[31m   [31m×[31m unit version changes invalidate a pending proposal before public facts can be overwritten[39m[32m 10[2mms[22m[39m
[31m   [31m×[31m current assignment and evidence version are checked again at independent approval[39m[32m 9[2mms[22m[39m
[31m   [31m×[31m a later conflicting confirmation invalidates the selected fact decision[39m[32m 8[2mms[22m[39m
 [32m✓[39m tests/integration/listing-revisions.test.ts [2m([22m[2m4 tests[22m[2m)[22m[32m 268[2mms[22m[39m

[31m⎯⎯⎯⎯⎯⎯⎯[39m[1m[41m Failed Tests 4 [49m[22m[31m⎯⎯⎯⎯⎯⎯⎯[39m

[41m[1m FAIL [22m[49m tests/integration/digitization-inventory-application.test.ts[2m > [22mconfirmed unit proposals stay private and pending; independent approval changes the shared unit without copying evidence
[41m[1m FAIL [22m[49m tests/integration/digitization-inventory-application.test.ts[2m > [22munit version changes invalidate a pending proposal before public facts can be overwritten
[41m[1m FAIL [22m[49m tests/integration/digitization-inventory-application.test.ts[2m > [22mcurrent assignment and evidence version are checked again at independent approval
[41m[1m FAIL [22m[49m tests/integration/digitization-inventory-application.test.ts[2m > [22ma later conflicting confirmation invalidates the selected fact decision
[31m[1merror[22m: Listing requires a unit in its organization or an active mandate[39m
[90m [2m❯[22m node_modules/.pnpm/pg@8.23.1/node_modules/pg/lib/client.js:[2m694:17[22m[39m
[36m [2m❯[22m tests/integration/digitization-inventory-application.test.ts:[2m16:17[22m[39m

[90m [2m❯[22m transaction packages/database/src/index.ts:[2m7:1053[22m[39m
[90m [2m❯[22m fixture tests/integration/digitization-inventory-application.test.ts:[2m13:133[22m[39m

[31m[2m⎯⎯⎯⎯⎯⎯⎯⎯⎯⎯⎯⎯⎯⎯⎯⎯⎯⎯⎯⎯⎯⎯⎯⎯[1/4]⎯[22m[39m


[2m Test Files [22m [1m[31m1 failed[39m[22m[2m | [22m[1m[32m1 passed[39m[22m[90m (2)[39m
[2m      Tests [22m [1m[31m4 failed[39m[22m[2m | [22m[1m[32m4 passed[39m[22m[90m (8)[39m
[2m   Start at [22m 15:28:43
[2m   Duration [22m 3.47s[2m (import 68%, transform 21%, tests 11%)[22m


