/usr/local/lib/python3.12/site-packages/paddle/utils/cpp_extension/extension_utils.py:718: UserWarning: No ccache found. Please be aware that recompiling all source files may be required. You can download and install ccache from: https://github.com/ccache/ccache/blob/master/doc/INSTALL.md
  warnings.warn(warning_message)
[33mConnectivity check to the model hoster has been skipped because `DISABLE_MODEL_SOURCE_CHECK` is enabled.[0m
Traceback (most recent call last):
  File "<string>", line 1, in <module>
  File "/usr/local/lib/python3.12/site-packages/paddleocr/__init__.py", line 15, in <module>
    from paddlex.inference.utils.benchmark import benchmark
  File "/usr/local/lib/python3.12/site-packages/paddlex/__init__.py", line 49, in <module>
    from .inference import create_pipeline, create_predictor
  File "/usr/local/lib/python3.12/site-packages/paddlex/inference/__init__.py", line 16, in <module>
    from .models import create_predictor
  File "/usr/local/lib/python3.12/site-packages/paddlex/inference/models/__init__.py", line 26, in <module>
    from .anomaly_detection import UadPredictor
  File "/usr/local/lib/python3.12/site-packages/paddlex/inference/models/anomaly_detection/__init__.py", line 15, in <module>
    from .predictor import UadPredictor
  File "/usr/local/lib/python3.12/site-packages/paddlex/inference/models/anomaly_detection/predictor.py", line 19, in <module>
    from ....modules.anomaly_detection.model_list import MODELS
  File "/usr/local/lib/python3.12/site-packages/paddlex/modules/__init__.py", line 16, in <module>
    from .anomaly_detection import UadDatasetChecker, UadEvaluator, UadExportor, UadTrainer
  File "/usr/local/lib/python3.12/site-packages/paddlex/modules/anomaly_detection/__init__.py", line 15, in <module>
    from .dataset_checker import UadDatasetChecker
  File "/usr/local/lib/python3.12/site-packages/paddlex/modules/anomaly_detection/dataset_checker/__init__.py", line 21, in <module>
    from .dataset_src import anaylse_dataset, check_dataset, convert_dataset, split_dataset
  File "/usr/local/lib/python3.12/site-packages/paddlex/modules/anomaly_detection/dataset_checker/dataset_src/__init__.py", line 17, in <module>
    from .check_dataset import check_dataset
  File "/usr/local/lib/python3.12/site-packages/paddlex/modules/anomaly_detection/dataset_checker/dataset_src/check_dataset.py", line 26, in <module>
    from .utils.visualizer import visualize
  File "/usr/local/lib/python3.12/site-packages/paddlex/modules/anomaly_detection/dataset_checker/dataset_src/utils/visualizer.py", line 21, in <module>
    import cv2
ImportError: libGL.so.1: cannot open shared object file: No such file or directory
3.2.2
