libgomp1:
  Installed: (none)
  Candidate: 14.2.0-19
  Version table:
     14.2.0-19 500
        500 http://deb.debian.org/debian trixie/main amd64 Packages
libgl1:
  Installed: (none)
  Candidate: 1.7.0-1+b2
  Version table:
     1.7.0-1+b2 500
        500 http://deb.debian.org/debian trixie/main amd64 Packages
libglib2.0-0t64:
  Installed: (none)
  Candidate: 2.84.4-3~deb13u5
  Version table:
     2.84.4-3~deb13u5 500
        500 http://deb.debian.org/debian trixie/main amd64 Packages
Get:1 http://deb.debian.org/debian trixie/main amd64 libgomp1 amd64 14.2.0-19 [137 kB]
Get:2 http://deb.debian.org/debian trixie/main amd64 libglib2.0-0t64 amd64 2.84.4-3~deb13u5 [1521 kB]
Get:3 http://deb.debian.org/debian trixie/main amd64 libgl1 amd64 1.7.0-1+b2 [89.5 kB]
W: Download is performed unsandboxed as root as file '//libgomp1_14.2.0-19_amd64.deb' couldn't be accessed by user '_apt'. - pkgAcquire::Run (13: Permission denied)
Fetched 1748 kB in 3s (658 kB/s)
