#0 building with "default" instance using docker driver

#1 [internal] load build definition from Dockerfile.probe
#1 transferring dockerfile: 627B done
#1 DONE 0.1s

#2 [internal] load metadata for docker.io/library/python:3.12.14-slim-trixie@sha256:78387bc3881b8273120a12ebe6c1ab22b018ccc2c9adf565ae1ac9b536e184ea
#2 ...

#3 [auth] library/python:pull token for registry-1.docker.io
#3 DONE 0.0s

#2 [internal] load metadata for docker.io/library/python:3.12.14-slim-trixie@sha256:78387bc3881b8273120a12ebe6c1ab22b018ccc2c9adf565ae1ac9b536e184ea
#2 DONE 2.4s

#4 [internal] load .dockerignore
#4 transferring context:
#4 transferring context: 2B done
#4 DONE 0.2s

#5 [1/4] FROM docker.io/library/python:3.12.14-slim-trixie@sha256:78387bc3881b8273120a12ebe6c1ab22b018ccc2c9adf565ae1ac9b536e184ea
#5 resolve docker.io/library/python:3.12.14-slim-trixie@sha256:78387bc3881b8273120a12ebe6c1ab22b018ccc2c9adf565ae1ac9b536e184ea 0.0s done
#5 CACHED

#6 [internal] load build context
#6 transferring context: 368.06MB 2.2s done
#6 DONE 2.2s

#7 [2/4] COPY . /wheels
#7 DONE 0.5s

#8 [3/4] RUN python -m pip install --no-index --find-links=/wheels --require-hashes -r /wheels/ocr-probe.lock && python -m pip check
#8 1.463 Looking in links: /wheels
#8 1.473 Processing /wheels/aistudio_sdk-0.3.9-py3-none-any.whl (from -r /wheels/ocr-probe.lock (line 1))
#8 1.478 Processing /wheels/annotated_types-0.8.0-py3-none-any.whl (from -r /wheels/ocr-probe.lock (line 2))
#8 1.480 Processing /wheels/anyio-4.15.1-py3-none-any.whl (from -r /wheels/ocr-probe.lock (line 3))
#8 1.484 Processing /wheels/bce_python_sdk-0.9.79-py3-none-any.whl (from -r /wheels/ocr-probe.lock (line 4))
#8 1.490 Processing /wheels/certifi-2026.7.22-py3-none-any.whl (from -r /wheels/ocr-probe.lock (line 5))
#8 1.492 Processing /wheels/cffi-2.1.1-cp312-cp312-manylinux2014_x86_64.manylinux_2_17_x86_64.whl (from -r /wheels/ocr-probe.lock (line 6))
#8 1.496 Processing /wheels/chardet-7.6.0-cp312-cp312-manylinux2014_x86_64.manylinux_2_17_x86_64.manylinux_2_28_x86_64.whl (from -r /wheels/ocr-probe.lock (line 7))
#8 1.506 Processing /wheels/charset_normalizer-3.5.2-cp312-cp312-manylinux2014_x86_64.manylinux_2_17_x86_64.manylinux_2_28_x86_64.whl (from -r /wheels/ocr-probe.lock (line 8))
#8 1.512 Processing /wheels/click-8.5.0-py3-none-any.whl (from -r /wheels/ocr-probe.lock (line 9))
#8 1.514 Processing /wheels/colorlog-6.12.0-py3-none-any.whl (from -r /wheels/ocr-probe.lock (line 10))
#8 1.518 Processing /wheels/crc32c-2.9.post0-cp312-cp312-manylinux1_x86_64.manylinux_2_28_x86_64.manylinux_2_5_x86_64.whl (from -r /wheels/ocr-probe.lock (line 11))
#8 1.521 Processing /wheels/cryptography-50.0.2-cp311-abi3-manylinux_2_34_x86_64.whl (from -r /wheels/ocr-probe.lock (line 12))
#8 1.547 Processing /wheels/filelock-4.0.12-py3-none-any.whl (from -r /wheels/ocr-probe.lock (line 13))
#8 1.550 Processing /wheels/fsspec-2026.9.0-py3-none-any.whl (from -r /wheels/ocr-probe.lock (line 14))
#8 1.588 Processing /wheels/future-1.0.0-py3-none-any.whl (from -r /wheels/ocr-probe.lock (line 15))
#8 1.595 Processing /wheels/h11-0.16.0-py3-none-any.whl (from -r /wheels/ocr-probe.lock (line 16))
#8 1.598 Processing /wheels/hf_xet-1.7.0-cp38-abi3-manylinux2014_x86_64.manylinux_2_17_x86_64.whl (from -r /wheels/ocr-probe.lock (line 17))
#8 1.626 Processing /wheels/httpcore-1.0.9-py3-none-any.whl (from -r /wheels/ocr-probe.lock (line 18))
#8 1.631 Processing /wheels/httpcore2-2.13.1-py3-none-any.whl (from -r /wheels/ocr-probe.lock (line 19))
#8 1.635 Processing /wheels/httpx-0.28.1-py3-none-any.whl (from -r /wheels/ocr-probe.lock (line 20))
#8 1.639 Processing /wheels/httpx2-2.13.1-py3-none-any.whl (from -r /wheels/ocr-probe.lock (line 21))
#8 1.645 Processing /wheels/huggingface_hub-2.2.0-py3-none-any.whl (from -r /wheels/ocr-probe.lock (line 22))
#8 1.670 Processing /wheels/idna-3.20-py3-none-any.whl (from -r /wheels/ocr-probe.lock (line 23))
#8 1.673 Processing /wheels/imagesize-2.0.1-py3-none-any.whl (from -r /wheels/ocr-probe.lock (line 24))
#8 1.675 Processing /wheels/modelscope-1.40.2-py3-none-any.whl (from -r /wheels/ocr-probe.lock (line 25))
#8 1.831 Processing /wheels/modelscope_hub-0.4.6-py3-none-any.whl (from -r /wheels/ocr-probe.lock (line 26))
#8 1.837 Processing /wheels/networkx-3.7-py3-none-any.whl (from -r /wheels/ocr-probe.lock (line 27))
#8 1.859 Processing /wheels/numpy-1.26.4-cp312-cp312-manylinux_2_17_x86_64.manylinux2014_x86_64.whl (from -r /wheels/ocr-probe.lock (line 28))
#8 1.965 Processing /wheels/opencv_contrib_python-4.10.0.84-cp37-abi3-manylinux_2_17_x86_64.manylinux2014_x86_64.whl (from -r /wheels/ocr-probe.lock (line 29))
#8 2.363 Processing /wheels/opt_einsum-3.3.0-py3-none-any.whl (from -r /wheels/ocr-probe.lock (line 30))
#8 2.366 Processing /wheels/packaging-25.0-py3-none-any.whl (from -r /wheels/ocr-probe.lock (line 31))
#8 2.369 Processing /wheels/paddleocr-3.3.3-py3-none-any.whl (from -r /wheels/ocr-probe.lock (line 32))
#8 2.374 Processing /wheels/paddlepaddle-3.2.2-cp312-cp312-manylinux1_x86_64.whl (from -r /wheels/ocr-probe.lock (line 33))
#8 3.356 Processing /wheels/paddlex-3.3.13-py3-none-any.whl (from -r /wheels/ocr-probe.lock (line 34))
#8 3.410 Processing /wheels/pandas-3.0.6-cp312-cp312-manylinux_2_24_x86_64.manylinux_2_28_x86_64.whl (from -r /wheels/ocr-probe.lock (line 35))
#8 3.527 Processing /wheels/pillow-11.3.0-cp312-cp312-manylinux_2_27_x86_64.manylinux_2_28_x86_64.whl (from -r /wheels/ocr-probe.lock (line 36))
#8 3.574 Processing /wheels/prettytable-3.18.0-py3-none-any.whl (from -r /wheels/ocr-probe.lock (line 37))
#8 3.580 Processing /wheels/protobuf-7.36.2-cp310-abi3-manylinux2014_x86_64.whl (from -r /wheels/ocr-probe.lock (line 38))
#8 3.585 Processing /wheels/psutil-7.2.2-cp36-abi3-manylinux2010_x86_64.manylinux_2_12_x86_64.manylinux_2_28_x86_64.whl (from -r /wheels/ocr-probe.lock (line 39))
#8 3.595 Processing /wheels/py_cpuinfo-9.0.0-py3-none-any.whl (from -r /wheels/ocr-probe.lock (line 40))
#8 3.597 Processing /wheels/pyclipper-1.4.0-cp312-cp312-manylinux2014_x86_64.manylinux_2_17_x86_64.whl (from -r /wheels/ocr-probe.lock (line 41))
#8 3.607 Processing /wheels/pycparser-3.1-py3-none-any.whl (from -r /wheels/ocr-probe.lock (line 42))
#8 3.611 Processing /wheels/pycryptodome-3.24.0-cp37-abi3-manylinux2014_x86_64.manylinux_2_17_x86_64.whl (from -r /wheels/ocr-probe.lock (line 43))
#8 3.632 Processing /wheels/pydantic-2.14.0-py3-none-any.whl (from -r /wheels/ocr-probe.lock (line 44))
#8 3.643 Processing /wheels/pydantic_core-2.50.0-cp312-cp312-manylinux_2_17_x86_64.manylinux2014_x86_64.whl (from -r /wheels/ocr-probe.lock (line 45))
#8 3.661 Processing /wheels/pypdf-6.1.1-py3-none-any.whl (from -r /wheels/ocr-probe.lock (line 46))
#8 3.669 Processing /wheels/pypdfium2-5.14.0-py3-none-manylinux_2_17_x86_64.manylinux2014_x86_64.whl (from -r /wheels/ocr-probe.lock (line 47))
#8 3.698 Processing /wheels/python_bidi-0.6.11-cp312-cp312-manylinux_2_17_x86_64.manylinux2014_x86_64.whl (from -r /wheels/ocr-probe.lock (line 48))
#8 3.702 Processing /wheels/python_dateutil-2.9.0.post0-py2.py3-none-any.whl (from -r /wheels/ocr-probe.lock (line 49))
#8 3.706 Processing /wheels/PyYAML-6.0.2-cp312-cp312-manylinux_2_17_x86_64.manylinux2014_x86_64.whl (from -r /wheels/ocr-probe.lock (line 50))
#8 3.713 Processing /wheels/requests-2.34.2-py3-none-any.whl (from -r /wheels/ocr-probe.lock (line 51))
#8 3.717 Processing /wheels/ruamel_yaml-0.19.1-py3-none-any.whl (from -r /wheels/ocr-probe.lock (line 52))
#8 3.721 Processing /wheels/safetensors-0.8.0-cp310-abi3-manylinux_2_17_x86_64.manylinux2014_x86_64.whl (from -r /wheels/ocr-probe.lock (line 53))
#8 3.732 Processing /wheels/setuptools-84.0.0-py3-none-any.whl (from -r /wheels/ocr-probe.lock (line 54))
#8 3.748 Processing /wheels/shapely-2.2.0-cp312-cp312-manylinux_2_24_x86_64.manylinux_2_28_x86_64.whl (from -r /wheels/ocr-probe.lock (line 55))
#8 3.764 Processing /wheels/six-1.17.0-py2.py3-none-any.whl (from -r /wheels/ocr-probe.lock (line 56))
#8 3.766 Processing /wheels/tqdm-4.70.1-py3-none-any.whl (from -r /wheels/ocr-probe.lock (line 57))
#8 3.773 Processing /wheels/truststore-0.10.4-py3-none-any.whl (from -r /wheels/ocr-probe.lock (line 58))
#8 3.775 Processing /wheels/typing_extensions-4.16.0-py3-none-any.whl (from -r /wheels/ocr-probe.lock (line 59))
#8 3.778 Processing /wheels/typing_inspection-0.4.4-py3-none-any.whl (from -r /wheels/ocr-probe.lock (line 60))
#8 3.780 Processing /wheels/ujson-6.0.0-cp312-cp312-manylinux_2_24_x86_64.manylinux_2_28_x86_64.whl (from -r /wheels/ocr-probe.lock (line 61))
#8 3.783 Processing /wheels/urllib3-2.8.0-py3-none-any.whl (from -r /wheels/ocr-probe.lock (line 62))
#8 3.787 Processing /wheels/wcwidth-0.9.2-cp310-abi3-manylinux2014_x86_64.manylinux_2_17_x86_64.whl (from -r /wheels/ocr-probe.lock (line 63))
#8 4.186 Installing collected packages: py-cpuinfo, wcwidth, urllib3, ujson, typing-extensions, truststore, tqdm, six, setuptools, safetensors, ruamel-yaml, pyyaml, python-bidi, pypdfium2, pypdf, pycryptodome, pycparser, pyclipper, psutil, protobuf, pillow, packaging, numpy, networkx, imagesize, idna, hf-xet, h11, future, fsspec, filelock, crc32c, colorlog, click, charset-normalizer, chardet, certifi, annotated-types, typing-inspection, shapely, requests, python-dateutil, pydantic-core, prettytable, opt-einsum, opencv-contrib-python, httpcore2, httpcore, cffi, bce-python-sdk, anyio, pydantic, pandas, httpx2, httpx, cryptography, aistudio-sdk, paddlepaddle, modelscope-hub, huggingface-hub, modelscope, paddlex, paddleocr
#8 31.44 Successfully installed aistudio-sdk-0.3.9 annotated-types-0.8.0 anyio-4.15.1 bce-python-sdk-0.9.79 certifi-2026.7.22 cffi-2.1.1 chardet-7.6.0 charset-normalizer-3.5.2 click-8.5.0 colorlog-6.12.0 crc32c-2.9.post0 cryptography-50.0.2 filelock-4.0.12 fsspec-2026.9.0 future-1.0.0 h11-0.16.0 hf-xet-1.7.0 httpcore-1.0.9 httpcore2-2.13.1 httpx-0.28.1 httpx2-2.13.1 huggingface-hub-2.2.0 idna-3.20 imagesize-2.0.1 modelscope-1.40.2 modelscope-hub-0.4.6 networkx-3.7 numpy-1.26.4 opencv-contrib-python-4.10.0.84 opt-einsum-3.3.0 packaging-25.0 paddleocr-3.3.3 paddlepaddle-3.2.2 paddlex-3.3.13 pandas-3.0.6 pillow-11.3.0 prettytable-3.18.0 protobuf-7.36.2 psutil-7.2.2 py-cpuinfo-9.0.0 pyclipper-1.4.0 pycparser-3.1 pycryptodome-3.24.0 pydantic-2.14.0 pydantic-core-2.50.0 pypdf-6.1.1 pypdfium2-5.14.0 python-bidi-0.6.11 python-dateutil-2.9.0.post0 pyyaml-6.0.2 requests-2.34.2 ruamel-yaml-0.19.1 safetensors-0.8.0 setuptools-84.0.0 shapely-2.2.0 six-1.17.0 tqdm-4.70.1 truststore-0.10.4 typing-extensions-4.16.0 typing-inspection-0.4.4 ujson-6.0.0 urllib3-2.8.0 wcwidth-0.9.2
#8 31.44 WARNING: Running pip as the 'root' user can result in broken permissions and conflicting behaviour with the system package manager, possibly rendering your system unusable. It is recommended to use a virtual environment instead: https://pip.pypa.io/warnings/venv. Use the --root-user-action option if you know what you are doing and want to suppress this warning.
#8 31.93 No broken requirements found.
#8 DONE 32.1s

#9 [4/4] RUN dpkg-deb -x /wheels/libgomp1_14.2.0-19_amd64.deb / && dpkg-deb -x /wheels/libglib2.0-0t64_2.84.4-3~deb13u5_amd64.deb /
#9 DONE 0.3s

#10 exporting to image
#10 exporting layers
#10 exporting layers 51.3s done
#10 exporting manifest sha256:ce5ddca1eae3cec27881d32a0af1b82ef06fd1ab65ee6468cbcbab936fda64b5 0.0s done
#10 exporting config sha256:b0f5707774cb5327aea0f19fff847e2d70bbc1928b977fbdd5eeb6aa78740fc0 0.0s done
#10 exporting attestation manifest sha256:86be2a64d80a782cf6b07231135ca6dc342366f2e08cf8b034682c28406dc420
#10 exporting attestation manifest sha256:86be2a64d80a782cf6b07231135ca6dc342366f2e08cf8b034682c28406dc420 0.1s done
#10 exporting manifest list sha256:1df0af9aa43b231e5f83c75d8971a04ae1cc5bcd4169af51285ec52c8a9f5774 0.0s done
#10 naming to docker.io/library/haven-ocr-probe:latest
#10 naming to docker.io/library/haven-ocr-probe:latest done
#10 unpacking to docker.io/library/haven-ocr-probe:latest
#10 unpacking to docker.io/library/haven-ocr-probe:latest 10.3s done
#10 DONE 61.9s
