Reading package lists...
Building dependency tree...
Reading state information...
The following additional packages will be installed:
  libatomic1 libdrm-amdgpu1 libdrm-common libdrm-intel1 libdrm2 libedit2
  libelf1t64 libexpat1 libgbm1 libgl1-mesa-dri libglvnd0 libglx-mesa0 libglx0
  libllvm19 libpciaccess0 libsensors-config libsensors5 libvulkan1
  libwayland-server0 libx11-6 libx11-data libx11-xcb1 libxau6 libxcb-dri3-0
  libxcb-glx0 libxcb-present0 libxcb-randr0 libxcb-shm0 libxcb-sync1
  libxcb-xfixes0 libxcb1 libxdmcp6 libxext6 libxml2 libxshmfence1 libxxf86vm1
  libz3-4 mesa-libgallium
Suggested packages:
  low-memory-monitor pciutils lm-sensors
Recommended packages:
  libglib2.0-data shared-mime-info xdg-user-dirs mesa-vulkan-drivers
  | vulkan-icd
The following NEW packages will be installed:
  libatomic1 libdrm-amdgpu1 libdrm-common libdrm-intel1 libdrm2 libedit2
  libelf1t64 libexpat1 libgbm1 libgl1 libgl1-mesa-dri libglib2.0-0t64
  libglvnd0 libglx-mesa0 libglx0 libgomp1 libllvm19 libpciaccess0
  libsensors-config libsensors5 libvulkan1 libwayland-server0 libx11-6
  libx11-data libx11-xcb1 libxau6 libxcb-dri3-0 libxcb-glx0 libxcb-present0
  libxcb-randr0 libxcb-shm0 libxcb-sync1 libxcb-xfixes0 libxcb1 libxdmcp6
  libxext6 libxml2 libxshmfence1 libxxf86vm1 libz3-4 mesa-libgallium
0 upgraded, 41 newly installed, 0 to remove and 16 not upgraded.
Need to get 50.2 MB of archives.
After this operation, 218 MB of additional disk space will be used.
Get:1 http://deb.debian.org/debian trixie/main amd64 libexpat1 amd64 2.8.3-1~deb13u1 [123 kB]
Get:2 http://deb.debian.org/debian trixie/main amd64 libatomic1 amd64 14.2.0-19 [9308 B]
Get:3 http://deb.debian.org/debian trixie/main amd64 libdrm-common all 2.4.124-2 [8288 B]
Get:4 http://deb.debian.org/debian trixie/main amd64 libdrm2 amd64 2.4.124-2 [39.0 kB]
Get:5 http://deb.debian.org/debian trixie/main amd64 libdrm-amdgpu1 amd64 2.4.124-2 [22.6 kB]
Get:6 http://deb.debian.org/debian trixie/main amd64 libpciaccess0 amd64 0.17-3+b3 [51.9 kB]
Get:7 http://deb.debian.org/debian trixie/main amd64 libdrm-intel1 amd64 2.4.124-2 [64.1 kB]
Get:8 http://deb.debian.org/debian trixie/main amd64 libedit2 amd64 3.1-20250104-1 [93.8 kB]
Get:9 http://deb.debian.org/debian trixie/main amd64 libelf1t64 amd64 0.192-4 [189 kB]
Get:10 http://deb.debian.org/debian trixie/main amd64 libwayland-server0 amd64 1.23.1-3 [34.4 kB]
Get:11 http://deb.debian.org/debian trixie/main amd64 libxml2 amd64 2.12.7+dfsg+really2.9.14-2.1+deb13u3 [700 kB]
Get:12 http://deb.debian.org/debian trixie/main amd64 libz3-4 amd64 4.13.3-1 [8560 kB]
Get:13 http://deb.debian.org/debian trixie/main amd64 libllvm19 amd64 1:19.1.7-3+b1 [26.0 MB]
Get:14 http://deb.debian.org/debian trixie/main amd64 libsensors-config all 1:3.6.2-2 [16.2 kB]
Get:15 http://deb.debian.org/debian trixie/main amd64 libsensors5 amd64 1:3.6.2-2 [37.5 kB]
Get:16 http://deb.debian.org/debian trixie/main amd64 libxau6 amd64 1:1.0.11-1 [20.4 kB]
Get:17 http://deb.debian.org/debian trixie/main amd64 libxdmcp6 amd64 1:1.1.5-1 [27.8 kB]
Get:18 http://deb.debian.org/debian trixie/main amd64 libxcb1 amd64 1.17.0-2+b1 [144 kB]
Get:19 http://deb.debian.org/debian trixie/main amd64 libx11-data all 2:1.8.12-1 [343 kB]
Get:20 http://deb.debian.org/debian trixie/main amd64 libx11-6 amd64 2:1.8.12-1 [815 kB]
Get:21 http://deb.debian.org/debian trixie/main amd64 libx11-xcb1 amd64 2:1.8.12-1 [247 kB]
Get:22 http://deb.debian.org/debian trixie/main amd64 libxcb-dri3-0 amd64 1.17.0-2+b1 [107 kB]
Get:23 http://deb.debian.org/debian trixie/main amd64 libxcb-present0 amd64 1.17.0-2+b1 [106 kB]
Get:24 http://deb.debian.org/debian trixie/main amd64 libxcb-randr0 amd64 1.17.0-2+b1 [117 kB]
Get:25 http://deb.debian.org/debian trixie/main amd64 libxcb-sync1 amd64 1.17.0-2+b1 [109 kB]
Get:26 http://deb.debian.org/debian trixie/main amd64 libxcb-xfixes0 amd64 1.17.0-2+b1 [109 kB]
Get:27 http://deb.debian.org/debian trixie/main amd64 libxshmfence1 amd64 1.3.3-1 [10.9 kB]
Get:28 http://deb.debian.org/debian trixie/main amd64 mesa-libgallium amd64 25.0.7-2+deb13u1 [9630 kB]
Get:29 http://deb.debian.org/debian trixie/main amd64 libgbm1 amd64 25.0.7-2+deb13u1 [44.6 kB]
Get:30 http://deb.debian.org/debian trixie/main amd64 libglvnd0 amd64 1.7.0-1+b2 [52.0 kB]
Get:31 http://deb.debian.org/debian trixie/main amd64 libxcb-glx0 amd64 1.17.0-2+b1 [122 kB]
Get:32 http://deb.debian.org/debian trixie/main amd64 libxcb-shm0 amd64 1.17.0-2+b1 [105 kB]
Get:33 http://deb.debian.org/debian trixie/main amd64 libxext6 amd64 2:1.3.4-1+b3 [50.4 kB]
Get:34 http://deb.debian.org/debian trixie/main amd64 libxxf86vm1 amd64 1:1.1.4-1+b4 [19.3 kB]
Get:35 http://deb.debian.org/debian trixie/main amd64 libvulkan1 amd64 1.4.309.0-1 [130 kB]
Get:36 http://deb.debian.org/debian trixie/main amd64 libgl1-mesa-dri amd64 25.0.7-2+deb13u1 [46.2 kB]
Get:37 http://deb.debian.org/debian trixie/main amd64 libglx-mesa0 amd64 25.0.7-2+deb13u1 [143 kB]
Get:38 http://deb.debian.org/debian trixie/main amd64 libglx0 amd64 1.7.0-1+b2 [34.9 kB]
Get:39 http://deb.debian.org/debian trixie/main amd64 libgl1 amd64 1.7.0-1+b2 [89.5 kB]
Get:40 http://deb.debian.org/debian trixie/main amd64 libglib2.0-0t64 amd64 2.84.4-3~deb13u5 [1521 kB]
Get:41 http://deb.debian.org/debian trixie/main amd64 libgomp1 amd64 14.2.0-19 [137 kB]
Fetched 50.2 MB in 11s (4595 kB/s)
Download complete and in download only mode
