
> haven-real-estate@0.1.0 test:unit /workspace
> vitest run tests/unit


[1m[30m[46m RUN [49m[39m[22m [36mv5.0.3 [39m[90m/workspace[39m

 [32m✓[39m tests/unit/digitization-ledger.test.ts [2m([22m[2m9 tests[22m[2m)[22m[33m 1178[2mms[22m[39m
 [31m❯[39m tests/unit/processing-licenses.test.ts [2m([22m[2m9 tests[22m[2m | [22m[31m2 failed[39m[2m)[22m[33m 3564[2mms[22m[39m
   [31m❯[39m HE-A02 exact processing dependency/image/model license gate [2m(8)[22m
[31m     [31m×[31m accepts actual hash-locked baseline with unavailable GPU and no approved models[39m[32m 291[2mms[22m[39m
     [33m[2m✓[22m[39m rejects absent package licenses and mismatched wheel hashes[33m 575[2mms[22m[39m
[31m     [31m×[31m rejects floating versions, unhashed wheels and unmanifested CPU/GPU base images[39m[33m 532[2mms[22m[39m
     [32m✓[39m rejects new unpinned processing service images[32m 267[2mms[22m[39m
     [32m✓[39m rejects floating images in root processing deployment overrides[32m 262[2mms[22m[39m
     [32m✓[39m requires exact separately licensed GPU compatibility and dependency locks[32m 280[2mms[22m[39m
     [33m[2m✓[22m[39m rejects enabled weights without proven licenses/checksums; disabled models require a reason[33m 541[2mms[22m[39m
     [32m✓[39m validates actual enabled model bytes instead of trusting a declared checksum[32m 279[2mms[22m[39m
   [33m[2m✓[22m[39m native bundled license notices are checksum-bound and script-enabled PDFium builds fail closed[33m 536[2mms[22m[39m
 [32m✓[39m tests/unit/recovery-envelope.test.ts [2m([22m[2m2 tests[22m[2m)[22m[33m 351[2mms[22m[39m
   [33m[2m✓[22m[39m Q09 authenticated streaming backup restores exact decimal records and refuses missing WAL or modified ciphertext before successful restoration[33m 349[2mms[22m[39m
 [32m✓[39m tests/unit/mortgage-engine.test.ts [2m([22m[2m4 tests[22m[2m)[22m[32m 143[2mms[22m[39m
 [32m✓[39m tests/unit/ci-recording.test.ts [2m([22m[2m1 test[22m[2m)[22m[32m 180[2mms[22m[39m
 [32m✓[39m tests/unit/ci-visual-order.test.ts [2m([22m[2m3 tests[22m[2m)[22m[32m 69[2mms[22m[39m
 [32m✓[39m tests/unit/digitization-structural-glb.test.ts [2m([22m[2m2 tests[22m[2m)[22m[32m 103[2mms[22m[39m
 [32m✓[39m tests/unit/credential-scan.test.ts [2m([22m[2m1 test[22m[2m)[22m[32m 80[2mms[22m[39m
 [32m✓[39m tests/unit/digitization-capture-completion.test.ts [2m([22m[2m4 tests[22m[2m)[22m[32m 41[2mms[22m[39m
 [32m✓[39m tests/unit/digitization-plan-render.test.ts [2m([22m[2m4 tests[22m[2m)[22m[32m 57[2mms[22m[39m
 [32m✓[39m tests/unit/digitization-contracts.test.ts [2m([22m[2m11 tests[22m[2m)[22m[32m 53[2mms[22m[39m
 [32m✓[39m tests/unit/fixtures.test.ts [2m([22m[2m3 tests[22m[2m)[22m[32m 39[2mms[22m[39m
 [32m✓[39m tests/unit/mortgage-csv.test.ts [2m([22m[2m2 tests[22m[2m)[22m[32m 27[2mms[22m[39m
 [32m✓[39m tests/unit/digitization-stream.test.ts [2m([22m[2m2 tests[22m[2m)[22m[32m 39[2mms[22m[39m
 [32m✓[39m tests/unit/digitization-plan-scale.test.ts [2m([22m[2m2 tests[22m[2m)[22m[32m 23[2mms[22m[39m
 [32m✓[39m tests/unit/notification-provider.test.ts [2m([22m[2m2 tests[22m[2m)[22m[32m 19[2mms[22m[39m
 [32m✓[39m tests/unit/digitization-topology.test.ts [2m([22m[2m4 tests[22m[2m)[22m[32m 15[2mms[22m[39m
 [32m✓[39m tests/unit/contracts.test.ts [2m([22m[2m11 tests[22m[2m)[22m[32m 24[2mms[22m[39m
 [32m✓[39m tests/unit/release-readiness.test.ts [2m([22m[2m2 tests[22m[2m)[22m[32m 10[2mms[22m[39m
 [32m✓[39m tests/unit/digitization-worker-auth.test.ts [2m([22m[2m1 test[22m[2m)[22m[32m 17[2mms[22m[39m
 [32m✓[39m tests/unit/spatial-media.test.ts [2m([22m[2m6 tests[22m[2m)[22m[32m 18[2mms[22m[39m
 [32m✓[39m tests/unit/legacy-digitization-geometry.test.ts [2m([22m[2m4 tests[22m[2m)[22m[32m 16[2mms[22m[39m
 [32m✓[39m tests/unit/exact-parity.test.ts [2m([22m[2m2 tests[22m[2m)[22m[32m 9[2mms[22m[39m
 [32m✓[39m tests/unit/inquiry-client.test.ts [2m([22m[2m1 test[22m[2m)[22m[32m 10[2mms[22m[39m
 [32m✓[39m tests/unit/development-login.test.ts [2m([22m[2m1 test[22m[2m)[22m[32m 16[2mms[22m[39m
 [32m✓[39m tests/unit/money-inputs.test.ts [2m([22m[2m2 tests[22m[2m)[22m[32m 12[2mms[22m[39m
 [32m✓[39m tests/unit/gateway-rate-address.test.ts [2m([22m[2m3 tests[22m[2m)[22m[32m 6[2mms[22m[39m
 [32m✓[39m tests/unit/digitization-plan-page.test.ts [2m([22m[2m2 tests[22m[2m)[22m[32m 11[2mms[22m[39m
 [32m✓[39m tests/unit/visual-policy.test.ts [2m([22m[2m2 tests[22m[2m)[22m[32m 14[2mms[22m[39m
 [32m✓[39m tests/unit/integration-lock.test.ts [2m([22m[2m1 test[22m[2m)[22m[32m 7[2mms[22m[39m
 [32m✓[39m tests/unit/reference.test.ts [2m([22m[2m3 tests[22m[2m)[22m[32m 5[2mms[22m[39m
 [32m✓[39m tests/unit/observability.test.ts [2m([22m[2m2 tests[22m[2m)[22m[32m 5[2mms[22m[39m
 [32m✓[39m tests/unit/public-query.test.ts [2m([22m[2m2 tests[22m[2m)[22m[32m 6[2mms[22m[39m
 [32m✓[39m tests/unit/mfa-policy.test.ts [2m([22m[2m1 test[22m[2m)[22m[32m 5[2mms[22m[39m
 [32m✓[39m tests/unit/tour-input.test.ts [2m([22m[2m3 tests[22m[2m)[22m[32m 4[2mms[22m[39m
 [32m✓[39m tests/unit/staff-mfa-flow.test.ts [2m([22m[2m1 test[22m[2m)[22m[32m 4[2mms[22m[39m
 [32m✓[39m tests/unit/reply-dates.test.ts [2m([22m[2m1 test[22m[2m)[22m[32m 5[2mms[22m[39m

[31m⎯⎯⎯⎯⎯⎯⎯[39m[1m[41m Failed Tests 2 [49m[22m[31m⎯⎯⎯⎯⎯⎯⎯[39m

[41m[1m FAIL [22m[49m tests/unit/processing-licenses.test.ts[2m > [22mHE-A02 exact processing dependency/image/model license gate[2m > [22maccepts actual hash-locked baseline with unavailable GPU and no approved models
[31m[1mAssertionError[22m: file:///workspace/scripts/processing-licenses.mjs:63
     if(!/@sha256:[a-f0-9]{64}$/.test(image)||!Object.values(images).includes(image))throw Error(`Unmanifested processing service image: ${image}`);
                                                                                           ^

Error: Unmanifested processing service image: haven-ocr-probe:3.3.3-cpu-investigation
    at walk (file:///workspace/scripts/processing-licenses.mjs:63:92)
    at walk (file:///workspace/scripts/processing-licenses.mjs:59:26)
    at validateProcessingLicenses (file:///workspace/scripts/processing-licenses.mjs:76:2)
    at file:///workspace/scripts/processing-licenses.mjs:86:49
    at ModuleJob.run (node:internal/modules/esm/module_job:561:25)
    at async node:internal/modules/esm/loader:647:26
    at async asyncRunEntryPointWithESMLoader (node:internal/modules/run_main:101:5)

Node.js v24.21.0
: expected 1 to be +0 // Object.is equality[39m

[32m- Expected[39m
[31m+ Received[39m

[32m- 0[39m
[31m+ 1[39m

[90m [2m❯[22m walk scripts/processing-licenses.mjs:[2m63:92[22m[39m
[90m [2m❯[22m walk scripts/processing-licenses.mjs:[2m59:26[22m[39m
[90m [2m❯[22m validateProcessingLicenses scripts/processing-licenses.mjs:[2m76:2[22m[39m
[90m [2m❯[22m scripts/processing-licenses.mjs:[2m86:49[22m[39m
[36m [2m❯[22m tests/unit/processing-licenses.test.ts:[2m12:156[22m[39m


[31m[2m⎯⎯⎯⎯⎯⎯⎯⎯⎯⎯⎯⎯⎯⎯⎯⎯⎯⎯⎯⎯⎯⎯⎯⎯[1/2]⎯[22m[39m

[41m[1m FAIL [22m[49m tests/unit/processing-licenses.test.ts[2m > [22mHE-A02 exact processing dependency/image/model license gate[2m > [22mrejects floating versions, unhashed wheels and unmanifested CPU/GPU base images
[31m[1mAssertionError[22m: expected 'file:///workspace/scripts/processing-…' to contain 'Unmanifested processing image'[39m

[32m- Expected[39m
[31m+ Received[39m

[32m- Unmanifested processing image[39m
[31m+ file:///workspace/scripts/processing-licenses.mjs:63[39m
[31m+      if(!/@sha256:[a-f0-9]{64}$/.test(image)||!Object.values(images).includes(image))throw Error(`Unmanifested processing service image: ${image}`);[39m
[31m+                                                                                            ^[39m
[31m+[39m
[31m+ Error: Unmanifested processing service image: haven-ocr-probe:3.3.3-cpu-investigation[39m
[31m+     at walk (file:///workspace/scripts/processing-licenses.mjs:63:92)[39m
[31m+     at walk (file:///workspace/scripts/processing-licenses.mjs:59:26)[39m
[31m+     at validateProcessingLicenses (file:///workspace/scripts/processing-licenses.mjs:76:2)[39m
[31m+     at file:///workspace/scripts/processing-licenses.mjs:86:49[39m
[31m+     at ModuleJob.run (node:internal/modules/esm/module_job:561:25)[39m
[31m+     at async node:internal/modules/esm/loader:647:26[39m
[31m+     at async asyncRunEntryPointWithESMLoader (node:internal/modules/run_main:101:5)[39m
[31m+[39m
[31m+ Node.js v24.21.0[39m
[31m+[39m

[36m [2m❯[22m tests/unit/processing-licenses.test.ts:[2m14:439[22m[39m


[31m[2m⎯⎯⎯⎯⎯⎯⎯⎯⎯⎯⎯⎯⎯⎯⎯⎯⎯⎯⎯⎯⎯⎯⎯⎯[2/2]⎯[22m[39m


[2m Test Files [22m [1m[31m1 failed[39m[22m[2m | [22m[1m[32m36 passed[39m[22m[90m (37)[39m
[2m      Tests [22m [1m[31m2 failed[39m[22m[2m | [22m[1m[32m114 passed[39m[22m[90m (116)[39m
[2m   Start at [22m 12:10:42
[2m   Duration [22m 13.45s[2m (tests 66%, import 25%, transform 7%, worker 2%)[22m

[2m    Isolate [22m [33m37 workers spawned[39m[2m · ~103ms startup each (spawn + environment, per file)[22m
[2m            [22m [2mat least ~3.72s faster with [22m[33misolate: false[39m[2m — reuses workers across files instead of one per file[22m

 ELIFECYCLE  Command failed with exit code 1.
