
> haven-real-estate@0.1.0 test:unit /workspace
> vitest run tests/unit


[1m[30m[46m RUN [49m[39m[22m [36mv5.0.3 [39m[90m/workspace[39m

 [32m✓[39m tests/unit/processing-licenses.test.ts [2m([22m[2m9 tests[22m[2m)[22m[33m 3669[2mms[22m[39m
   [32m✓[39m HE-A02 exact processing dependency/image/model license gate [2m(8)[22m
     [33m[2m✓[22m[39m rejects absent package licenses and mismatched wheel hashes[33m 583[2mms[22m[39m
     [33m[2m✓[22m[39m rejects floating versions, unhashed wheels and unmanifested CPU/GPU base images[33m 567[2mms[22m[39m
     [33m[2m✓[22m[39m rejects enabled weights without proven licenses/checksums; disabled models require a reason[33m 544[2mms[22m[39m
   [33m[2m✓[22m[39m native bundled license notices are checksum-bound and script-enabled PDFium builds fail closed[33m 568[2mms[22m[39m
 [32m✓[39m tests/unit/digitization-ledger.test.ts [2m([22m[2m9 tests[22m[2m)[22m[33m 1039[2mms[22m[39m
 [32m✓[39m tests/unit/recovery-envelope.test.ts [2m([22m[2m2 tests[22m[2m)[22m[32m 261[2mms[22m[39m
 [32m✓[39m tests/unit/ci-recording.test.ts [2m([22m[2m1 test[22m[2m)[22m[32m 169[2mms[22m[39m
 [32m✓[39m tests/unit/mortgage-engine.test.ts [2m([22m[2m4 tests[22m[2m)[22m[32m 146[2mms[22m[39m
 [32m✓[39m tests/unit/digitization-structural-glb.test.ts [2m([22m[2m2 tests[22m[2m)[22m[32m 96[2mms[22m[39m
 [32m✓[39m tests/unit/credential-scan.test.ts [2m([22m[2m1 test[22m[2m)[22m[32m 75[2mms[22m[39m
 [32m✓[39m tests/unit/ci-visual-order.test.ts [2m([22m[2m3 tests[22m[2m)[22m[32m 69[2mms[22m[39m
 [32m✓[39m tests/unit/digitization-plan-render.test.ts [2m([22m[2m4 tests[22m[2m)[22m[32m 36[2mms[22m[39m
 [32m✓[39m tests/unit/digitization-contracts.test.ts [2m([22m[2m11 tests[22m[2m)[22m[32m 36[2mms[22m[39m
 [32m✓[39m tests/unit/digitization-capture-completion.test.ts [2m([22m[2m4 tests[22m[2m)[22m[32m 47[2mms[22m[39m
 [32m✓[39m tests/unit/fixtures.test.ts [2m([22m[2m3 tests[22m[2m)[22m[32m 41[2mms[22m[39m
 [32m✓[39m tests/unit/digitization-stream.test.ts [2m([22m[2m2 tests[22m[2m)[22m[32m 34[2mms[22m[39m
 [32m✓[39m tests/unit/mortgage-csv.test.ts [2m([22m[2m2 tests[22m[2m)[22m[32m 26[2mms[22m[39m
 [32m✓[39m tests/unit/contracts.test.ts [2m([22m[2m11 tests[22m[2m)[22m[32m 22[2mms[22m[39m
 [32m✓[39m tests/unit/digitization-plan-scale.test.ts [2m([22m[2m2 tests[22m[2m)[22m[32m 23[2mms[22m[39m
 [32m✓[39m tests/unit/notification-provider.test.ts [2m([22m[2m2 tests[22m[2m)[22m[32m 20[2mms[22m[39m
 [32m✓[39m tests/unit/spatial-media.test.ts [2m([22m[2m6 tests[22m[2m)[22m[32m 17[2mms[22m[39m
 [32m✓[39m tests/unit/digitization-worker-auth.test.ts [2m([22m[2m1 test[22m[2m)[22m[32m 14[2mms[22m[39m
 [32m✓[39m tests/unit/development-login.test.ts [2m([22m[2m1 test[22m[2m)[22m[32m 5[2mms[22m[39m
 [32m✓[39m tests/unit/legacy-digitization-geometry.test.ts [2m([22m[2m4 tests[22m[2m)[22m[32m 14[2mms[22m[39m
 [32m✓[39m tests/unit/digitization-topology.test.ts [2m([22m[2m4 tests[22m[2m)[22m[32m 17[2mms[22m[39m
 [32m✓[39m tests/unit/visual-policy.test.ts [2m([22m[2m2 tests[22m[2m)[22m[32m 16[2mms[22m[39m
 [32m✓[39m tests/unit/money-inputs.test.ts [2m([22m[2m2 tests[22m[2m)[22m[32m 13[2mms[22m[39m
 [32m✓[39m tests/unit/digitization-plan-page.test.ts [2m([22m[2m2 tests[22m[2m)[22m[32m 12[2mms[22m[39m
 [32m✓[39m tests/unit/release-readiness.test.ts [2m([22m[2m2 tests[22m[2m)[22m[32m 10[2mms[22m[39m
 [32m✓[39m tests/unit/inquiry-client.test.ts [2m([22m[2m1 test[22m[2m)[22m[32m 9[2mms[22m[39m
 [32m✓[39m tests/unit/exact-parity.test.ts [2m([22m[2m2 tests[22m[2m)[22m[32m 7[2mms[22m[39m
 [32m✓[39m tests/unit/integration-lock.test.ts [2m([22m[2m1 test[22m[2m)[22m[32m 7[2mms[22m[39m
 [32m✓[39m tests/unit/gateway-rate-address.test.ts [2m([22m[2m3 tests[22m[2m)[22m[32m 5[2mms[22m[39m
 [32m✓[39m tests/unit/public-query.test.ts [2m([22m[2m2 tests[22m[2m)[22m[32m 5[2mms[22m[39m
 [32m✓[39m tests/unit/reference.test.ts [2m([22m[2m3 tests[22m[2m)[22m[32m 6[2mms[22m[39m
 [32m✓[39m tests/unit/mfa-policy.test.ts [2m([22m[2m1 test[22m[2m)[22m[32m 6[2mms[22m[39m
 [32m✓[39m tests/unit/observability.test.ts [2m([22m[2m2 tests[22m[2m)[22m[32m 8[2mms[22m[39m
 [32m✓[39m tests/unit/reply-dates.test.ts [2m([22m[2m1 test[22m[2m)[22m[32m 8[2mms[22m[39m
 [32m✓[39m tests/unit/tour-input.test.ts [2m([22m[2m3 tests[22m[2m)[22m[32m 5[2mms[22m[39m
 [32m✓[39m tests/unit/staff-mfa-flow.test.ts [2m([22m[2m1 test[22m[2m)[22m[32m 5[2mms[22m[39m

[2m Test Files [22m [1m[32m37 passed[39m[22m[90m (37)[39m
[2m      Tests [22m [1m[32m116 passed[39m[22m[90m (116)[39m
[2m   Start at [22m 12:11:19
[2m   Duration [22m 13.33s[2m (tests 66%, import 24%, transform 8%, worker 2%)[22m

[2m    Isolate [22m [33m37 workers spawned[39m[2m · ~106ms startup each (spawn + environment, per file)[22m
[2m            [22m [2mat least ~3.83s faster with [22m[33misolate: false[39m[2m — reuses workers across files instead of one per file[22m

