offHostRecovery: deferred; mandatory release gate unfinished
remoteCi: failed; mandatory release gate unfinished
Missing mandatory recorded CI/test outcomes
HE-A05: in_progress
HE-D02: in_progress
HE-D03: in_progress
HE-D04: in_progress
HE-D05: todo
HE-D06: todo
HE-D07: todo
HE-D08: todo
HE-D09: todo
HE-D10: todo
HE-E08: todo
HE-E09: in_progress
HE-E10: in_progress
HE-E11: todo
HE-F01: todo
HE-F02: todo
HE-F03: todo
HE-F05: todo
HE-F06: todo
HE-F07: todo
HE-F08: todo
HE-G01: todo
HE-G02: todo
HE-G03: todo
HE-G04: todo
HE-G05: todo
HE-H01: todo
HE-H02: todo
HE-H03: todo
HE-H04: todo
HE-H05: todo
HE-H06: todo
HE-H07: todo
HE-H08: todo
HE-H09: todo
HE-H10: todo
HE-I01: todo
HE-I02: todo
HE-I03: todo
HE-I04: todo
HE-I05: todo
HE-I06: todo
HE-I07: todo
HE-J01: todo
HE-J02: todo
HE-J03: todo
HE-J04: todo
HE-J05: todo
HE-K01: todo
HE-K03: todo
HE-K04: todo
HE-K05: todo
HE-K06: todo
HE-K07: todo
HE-K08: todo
HE-R07: todo
HE-A05-GPU: todo
