
[1m[30m[46m RUN [49m[39m[22m [36mv5.0.3 [39m[90m/workspace[39m

 [32m✓[39m tests/integration/digitization-runner-protocol.test.ts [2m([22m[2m1 test[22m[2m)[22m[33m 1594[2mms[22m[39m
   [33m[2m✓[22m[39m HE-C03 API transport sends scoped source bytes to a real Python runner and observes its actual raster output[33m 1592[2mms[22m[39m

[2m Test Files [22m [1m[32m1 passed[39m[22m[90m (1)[39m
[2m      Tests [22m [1m[32m1 passed[39m[22m[90m (1)[39m
[2m   Start at [22m 13:46:38
[2m   Duration [22m 2.60s[2m (tests 65%, transform 20%, import 14%)[22m


[1m[30m[46m RUN [49m[39m[22m [36mv5.0.3 [39m[90m/workspace[39m

 [31m❯[39m tests/integration/digitization-coordinator.test.ts [2m([22m[2m2 tests[22m[2m | [22m[31m1 failed[39m[2m)[22m[33m 23136[2mms[22m[39m
[31m   [31m×[31m HE-R06/C02 dedicated real queue recovers both enqueue crash boundaries; duplicate events reuse one actual CPU execution and private result[39m[33m 22841[2mms[22m[39m
   [32m✓[39m HE-C06 real HTTP outage and BullMQ delivery obey five retries without resetting the failed job[32m 292[2mms[22m[39m
 [31m❯[39m tests/integration/digitization-authorized-runner.test.ts [2m([22m[2m4 tests[22m[2m | [22m[31m2 failed[39m[2m)[22m[33m 5246[2mms[22m[39m
   [33m[2m✓[22m[39m current API-owned lease transfers real scoped S3 input to the CPU runner and cancels a superseded acknowledgement[33m 1686[2mms[22m[39m
   [33m[2m✓[22m[39m real CPU upright-image-v1 renders commit privately with checksum lineage and replay; invalid, revoked and superseded results cannot commit[33m 3262[2mms[22m[39m
[31m   [31m×[31m real CPU pdfium-150dpi-v1 renders commit privately with checksum lineage and replay; invalid, revoked and superseded results cannot commit[39m[32m 155[2mms[22m[39m
[31m   [31m×[31m real CPU pdfium-overbudget renders commit privately with checksum lineage and replay; invalid, revoked and superseded results cannot commit[39m[32m 141[2mms[22m[39m
 [32m✓[39m tests/integration/digitization-public-derivatives.test.ts [2m([22m[2m1 test[22m[2m)[22m[33m 304[2mms[22m[39m
   [33m[2m✓[22m[39m HE-B06 actual scanned public photo variants omit source GPS EXIF and private location metadata[33m 301[2mms[22m[39m

[31m⎯⎯⎯⎯⎯⎯⎯[39m[1m[41m Failed Tests 3 [49m[22m[31m⎯⎯⎯⎯⎯⎯⎯[39m

[41m[1m FAIL [22m[49m tests/integration/digitization-authorized-runner.test.ts[2m > [22mreal CPU pdfium-150dpi-v1 renders commit privately with checksum lineage and replay; invalid, revoked and superseded results cannot commit
[41m[1m FAIL [22m[49m tests/integration/digitization-authorized-runner.test.ts[2m > [22mreal CPU pdfium-overbudget renders commit privately with checksum lineage and replay; invalid, revoked and superseded results cannot commit
[31m[1mHttpException[22m: The agency processing capacity is reserved. Retry after a current run finishes.[39m
[36m [2m❯[22m fail apps/api/src/platform/core.ts:[2m10:87[22m[39m

[90m [2m❯[22m requireRunBudget apps/api/src/inventory/digitization/budgets.ts:[2m9:14[22m[39m
[90m [2m❯[22m createRunGraph apps/api/src/inventory/digitization/workflow.ts:[2m22:2[22m[39m
[90m [2m❯[22m transaction packages/database/src/index.ts:[2m7:1053[22m[39m
[90m [2m❯[22m tests/integration/digitization-authorized-runner.test.ts:[2m82:3[22m[39m

[31m[2m⎯⎯⎯⎯⎯⎯⎯⎯⎯⎯⎯⎯⎯⎯⎯⎯⎯⎯⎯⎯⎯⎯⎯⎯[1/3]⎯[22m[39m

[41m[1m FAIL [22m[49m tests/integration/digitization-coordinator.test.ts[2m > [22mHE-R06/C02 dedicated real queue recovers both enqueue crash boundaries; duplicate events reuse one actual CPU execution and private result
[31m[1mAssertionError[22m: expected 'cancel_requested' to be 'cancelled' // Object.is equality[39m

Expected: [32m"cancel[7ml[27med"[39m
Received: [31m"cancel[7m_request[27med"[39m

[36m [2m❯[22m tests/integration/digitization-coordinator.test.ts:[2m114:166[22m[39m
    [90m112|[39m   const cancellationEvent=(await pool.query("SELECT id FROM outbox WHE…
    [90m113|[39m   await dispatchDigitizationEvents(pool,queue,{eventIds:[cancellationE…
    [90m114|[39m   await expect.poll(async()=>transaction(actor,async c=>(await c.query…
    [90m   |[39m                                                                                                                                                                      [31m^[39m
    [90m115|[39m   expect(await runner.read(cancelRequest)).toMatchObject({state:'cance…
    [90m116|[39m   await expect(command(cancelPath+'/collect-renders',cancelScope)).rej…

[31m[1mCaused by: Error[22m: Matcher did not succeed in time.[39m
[36m [2m❯[22m tests/integration/digitization-coordinator.test.ts:[2m114:3[22m[39m

[31m[2m⎯⎯⎯⎯⎯⎯⎯⎯⎯⎯⎯⎯⎯⎯⎯⎯⎯⎯⎯⎯⎯⎯⎯⎯[2/3]⎯[22m[39m


[2m Test Files [22m [1m[31m2 failed[39m[22m[2m | [22m[1m[32m1 passed[39m[22m[90m (3)[39m
[2m      Tests [22m [1m[31m3 failed[39m[22m[2m | [22m[1m[32m4 passed[39m[22m[90m (7)[39m
[2m   Start at [22m 13:46:41
[2m   Duration [22m 32.43s[2m (tests 89%, import 9%, transform 2%)[22m

