
[1m[30m[46m RUN [49m[39m[22m [36mv5.0.3 [39m[90m/workspace[39m

 [32m✓[39m tests/integration/digitization-runner-protocol.test.ts [2m([22m[2m1 test[22m[2m)[22m[33m 1665[2mms[22m[39m
   [33m[2m✓[22m[39m HE-C03 API transport sends scoped source bytes to a real Python runner and observes its actual raster output[33m 1664[2mms[22m[39m

[2m Test Files [22m [1m[32m1 passed[39m[22m[90m (1)[39m
[2m      Tests [22m [1m[32m1 passed[39m[22m[90m (1)[39m
[2m   Start at [22m 14:20:53
[2m   Duration [22m 2.52s[2m (tests 70%, transform 18%, import 12%)[22m


[1m[30m[46m RUN [49m[39m[22m [36mv5.0.3 [39m[90m/workspace[39m

[90mstdout[2m | tests/integration/digitization-coordinator.test.ts[2m > [22m[2mHE-R06/C02 dedicated real queue recovers both enqueue crash boundaries; duplicate events reuse one actual CPU execution and private result
[22m[39m{"event":"test.coordinator.failed","code":"ENGINE_EVENT_UNSUPPORTED"}

 [32m✓[39m tests/integration/digitization-coordinator.test.ts [2m([22m[2m2 tests[22m[2m)[22m[33m 8641[2mms[22m[39m
   [33m[2m✓[22m[39m HE-R06/C02 dedicated real queue recovers both enqueue crash boundaries; duplicate events reuse one actual CPU execution and private result[33m 8344[2mms[22m[39m
 [32m✓[39m tests/integration/digitization-authorized-runner.test.ts [2m([22m[2m4 tests[22m[2m)[22m[33m 8504[2mms[22m[39m
   [33m[2m✓[22m[39m current API-owned lease transfers real scoped S3 input to the CPU runner and cancels a superseded acknowledgement[33m 1975[2mms[22m[39m
   [33m[2m✓[22m[39m real CPU upright-image-v1 renders commit privately with checksum lineage and replay; invalid, revoked and superseded results cannot commit[33m 3304[2mms[22m[39m
   [33m[2m✓[22m[39m real CPU pdfium-150dpi-v1 renders commit privately with checksum lineage and replay; invalid, revoked and superseded results cannot commit[33m 1933[2mms[22m[39m
   [33m[2m✓[22m[39m real CPU pdfium-overbudget renders commit privately with checksum lineage and replay; invalid, revoked and superseded results cannot commit[33m 1289[2mms[22m[39m
 [32m✓[39m tests/integration/digitization-public-derivatives.test.ts [2m([22m[2m1 test[22m[2m)[22m[33m 308[2mms[22m[39m
   [33m[2m✓[22m[39m HE-B06 actual scanned public photo variants omit source GPS EXIF and private location metadata[33m 306[2mms[22m[39m

[2m Test Files [22m [1m[32m3 passed[39m[22m[90m (3)[39m
[2m      Tests [22m [1m[32m7 passed[39m[22m[90m (7)[39m
[2m   Start at [22m 14:20:56
[2m   Duration [22m 21.32s[2m (tests 83%, import 14%, transform 3%)[22m

