{"project":"desktop","privatePageCommitted":true}
{"project":"mobile","privatePageCommitted":true}
{"project":"desktop-floors","privatePageCommitted":true}
{"project":"mobile-floors","privatePageCommitted":true}
{"project":"conflicts","privatePageCommitted":true}
{"project":"reuse","privatePageCommitted":true}

[1m[30m[46m RUN [49m[39m[22m [36mv5.0.3 [39m[90m/workspace[39m

 [31m❯[39m tests/integration/digitization-render-reuse.test.ts [2m([22m[2m1 test[22m[2m | [22m[31m1 failed[39m[2m)[22m[33m 1637[2mms[22m[39m
[31m   [31m×[31m HE-C10 unchanged document pixels reuse real private storage/current lineage; media invalidates synthetic scene approval and preserves OCR dependency identity[39m[33m 1472[2mms[22m[39m
 [32m✓[39m tests/integration/digitization-trace-checkpoints.test.ts [2m([22m[2m1 test[22m[2m)[22m[33m 533[2mms[22m[39m
   [33m[2m✓[22m[39m HE-E07 two distinct current reviewers preserve their own checkpoints and the winning canonical reference on a real concurrent 409[33m 530[2mms[22m[39m

[31m⎯⎯⎯⎯⎯⎯⎯[39m[1m[41m Failed Tests 1 [49m[22m[31m⎯⎯⎯⎯⎯⎯⎯[39m

[41m[1m FAIL [22m[49m tests/integration/digitization-render-reuse.test.ts[2m > [22mHE-C10 unchanged document pixels reuse real private storage/current lineage; media invalidates synthetic scene approval and preserves OCR dependency identity
[31m[1merror[22m: Illegal processing stage transition[39m
[90m [2m❯[22m node_modules/.pnpm/pg@8.23.1/node_modules/pg/lib/client.js:[2m694:17[22m[39m
[36m [2m❯[22m completeProcessingStage apps/api/src/inventory/digitization/stage-completion.ts:[2m8:2[22m[39m

[90m [2m❯[22m apps/api/src/inventory/digitization/render-reuse.ts:[2m52:4[22m[39m
[90m [2m❯[22m transaction packages/database/src/index.ts:[2m7:1053[22m[39m
[90m [2m❯[22m tryReuseCpuRenders apps/api/src/inventory/digitization/render-reuse.ts:[2m48:10[22m[39m
[90m [2m❯[22m startCurrentCpuExecution apps/api/src/inventory/digitization/execution-start.ts:[2m32:15[22m[39m
[90m [2m❯[22m startCpuExecution apps/api/src/inventory/digitization/execution-start.ts:[2m42:13[22m[39m
[90m [2m❯[22m tests/integration/digitization-render-reuse.test.ts:[2m31:16[22m[39m

[31m[2m⎯⎯⎯⎯⎯⎯⎯⎯⎯⎯⎯⎯⎯⎯⎯⎯⎯⎯⎯⎯⎯⎯⎯⎯[1/1]⎯[22m[39m


[2m Test Files [22m [1m[31m1 failed[39m[22m[2m | [22m[1m[32m1 passed[39m[22m[90m (2)[39m
[2m      Tests [22m [1m[31m1 failed[39m[22m[2m | [22m[1m[32m1 passed[39m[22m[90m (2)[39m
[2m   Start at [22m 14:12:07
[2m   Duration [22m 4.74s[2m (tests 48%, import 39%, transform 13%)[22m

