
[1m[30m[46m RUN [49m[39m[22m [36mv5.0.3 [39m[90m/workspace[39m

 [32m✓[39m tests/integration/digitization-runner-protocol.test.ts [2m([22m[2m1 test[22m[2m)[22m[33m 1448[2mms[22m[39m
   [33m[2m✓[22m[39m HE-C03 API transport sends scoped source bytes to a real Python runner and observes its actual raster output[33m 1446[2mms[22m[39m

[2m Test Files [22m [1m[32m1 passed[39m[22m[90m (1)[39m
[2m      Tests [22m [1m[32m1 passed[39m[22m[90m (1)[39m
[2m   Start at [22m 14:20:19
[2m   Duration [22m 2.21s[2m (tests 69%, transform 19%, import 12%)[22m


[1m[30m[46m RUN [49m[39m[22m [36mv5.0.3 [39m[90m/workspace[39m

 [31m❯[39m tests/integration/digitization-coordinator.test.ts [2m([22m[2m2 tests[22m[2m | [22m[31m1 failed[39m[2m)[22m[33m 8722[2mms[22m[39m
[31m   [31m×[31m HE-R06/C02 dedicated real queue recovers both enqueue crash boundaries; duplicate events reuse one actual CPU execution and private result[39m[33m 8351[2mms[22m[39m
   [33m[2m✓[22m[39m HE-C06 real HTTP outage and BullMQ delivery obey five retries without resetting the failed job[33m 369[2mms[22m[39m
 [32m✓[39m tests/integration/digitization-authorized-runner.test.ts [2m([22m[2m4 tests[22m[2m)[22m[33m 8828[2mms[22m[39m
   [33m[2m✓[22m[39m current API-owned lease transfers real scoped S3 input to the CPU runner and cancels a superseded acknowledgement[33m 1998[2mms[22m[39m
   [33m[2m✓[22m[39m real CPU upright-image-v1 renders commit privately with checksum lineage and replay; invalid, revoked and superseded results cannot commit[33m 3454[2mms[22m[39m
   [33m[2m✓[22m[39m real CPU pdfium-150dpi-v1 renders commit privately with checksum lineage and replay; invalid, revoked and superseded results cannot commit[33m 2106[2mms[22m[39m
   [33m[2m✓[22m[39m real CPU pdfium-overbudget renders commit privately with checksum lineage and replay; invalid, revoked and superseded results cannot commit[33m 1267[2mms[22m[39m
 [32m✓[39m tests/integration/digitization-public-derivatives.test.ts [2m([22m[2m1 test[22m[2m)[22m[32m 287[2mms[22m[39m

[31m⎯⎯⎯⎯⎯⎯⎯[39m[1m[41m Failed Tests 1 [49m[22m[31m⎯⎯⎯⎯⎯⎯⎯[39m

[41m[1m FAIL [22m[49m tests/integration/digitization-coordinator.test.ts[2m > [22mHE-R06/C02 dedicated real queue recovers both enqueue crash boundaries; duplicate events reuse one actual CPU execution and private result
[31m[1mError[22m: DIGITIZATION_COMMAND_FAILED[39m
[36m [2m❯[22m apps/worker/src/digitization/coordinator.ts:[2m18:25[22m[39m

[90m [2m❯[22m tests/integration/digitization-coordinator.test.ts:[2m107:3[22m[39m

[31m[2m⎯⎯⎯⎯⎯⎯⎯⎯⎯⎯⎯⎯⎯⎯⎯⎯⎯⎯⎯⎯⎯⎯⎯⎯[1/1]⎯[22m[39m


[2m Test Files [22m [1m[31m1 failed[39m[22m[2m | [22m[1m[32m2 passed[39m[22m[90m (3)[39m
[2m      Tests [22m [1m[31m1 failed[39m[22m[2m | [22m[1m[32m6 passed[39m[22m[90m (7)[39m
[2m   Start at [22m 14:20:23
[2m   Duration [22m 21.52s[2m (tests 84%, import 13%, transform 3%)[22m

