
[1m[30m[46m RUN [49m[39m[22m [36mv5.0.3 [39m[90m/workspace[39m

 [32m✓[39m tests/integration/digitization-runner-protocol.test.ts [2m([22m[2m1 test[22m[2m)[22m[33m 1561[2mms[22m[39m
   [33m[2m✓[22m[39m HE-C03 API transport sends scoped source bytes to a real Python runner and observes its actual raster output[33m 1559[2mms[22m[39m

[2m Test Files [22m [1m[32m1 passed[39m[22m[90m (1)[39m
[2m      Tests [22m [1m[32m1 passed[39m[22m[90m (1)[39m
[2m   Start at [22m 14:19:25
[2m   Duration [22m 2.53s[2m (tests 65%, transform 21%, import 13%)[22m


[1m[30m[46m RUN [49m[39m[22m [36mv5.0.3 [39m[90m/workspace[39m

 [31m❯[39m tests/integration/digitization-coordinator.test.ts [2m([22m[2m2 tests[22m[2m | [22m[31m1 failed[39m[2m)[22m[33m 18531[2mms[22m[39m
[31m   [31m×[31m HE-R06/C02 dedicated real queue recovers both enqueue crash boundaries; duplicate events reuse one actual CPU execution and private result[39m[33m 18117[2mms[22m[39m
   [33m[2m✓[22m[39m HE-C06 real HTTP outage and BullMQ delivery obey five retries without resetting the failed job[33m 411[2mms[22m[39m
 [32m✓[39m tests/integration/digitization-authorized-runner.test.ts [2m([22m[2m4 tests[22m[2m)[22m[33m 8713[2mms[22m[39m
   [33m[2m✓[22m[39m current API-owned lease transfers real scoped S3 input to the CPU runner and cancels a superseded acknowledgement[33m 1962[2mms[22m[39m
   [33m[2m✓[22m[39m real CPU upright-image-v1 renders commit privately with checksum lineage and replay; invalid, revoked and superseded results cannot commit[33m 3181[2mms[22m[39m
   [33m[2m✓[22m[39m real CPU pdfium-150dpi-v1 renders commit privately with checksum lineage and replay; invalid, revoked and superseded results cannot commit[33m 2111[2mms[22m[39m
   [33m[2m✓[22m[39m real CPU pdfium-overbudget renders commit privately with checksum lineage and replay; invalid, revoked and superseded results cannot commit[33m 1456[2mms[22m[39m
 [32m✓[39m tests/integration/digitization-public-derivatives.test.ts [2m([22m[2m1 test[22m[2m)[22m[33m 319[2mms[22m[39m
   [33m[2m✓[22m[39m HE-B06 actual scanned public photo variants omit source GPS EXIF and private location metadata[33m 316[2mms[22m[39m

[31m⎯⎯⎯⎯⎯⎯⎯[39m[1m[41m Failed Tests 1 [49m[22m[31m⎯⎯⎯⎯⎯⎯⎯[39m

[41m[1m FAIL [22m[49m tests/integration/digitization-coordinator.test.ts[2m > [22mHE-R06/C02 dedicated real queue recovers both enqueue crash boundaries; duplicate events reuse one actual CPU execution and private result
[31m[1mError[22m: RUNNER_REQUEST_FAILED_404[39m
[36m [2m❯[22m tests/integration/digitization-coordinator.test.ts:[2m108:109[22m[39m
    [90m106|[39m   await command(cancelPath+'/start',cancelScope);
    [90m107|[39m   const runner=new CpuRunnerClient(origin!,Buffer.from('test-only-priv…
    [90m108|[39m   await expect.poll(async()=>(await runner.read(cancelRequest)).proces…
    [90m   |[39m                                                                                                             [31m^[39m
    [90m109|[39m   await command('/api/v1/internal/digitization/runs/'+cancelRun+'/canc…
    [90m110|[39m   const foreign:Actor={id:'00000000-0000-4000-8000-000000000011',orgId…

[31m[1mCaused by: Error[22m: Matcher did not succeed in time.[39m
[36m [2m❯[22m tests/integration/digitization-coordinator.test.ts:[2m108:3[22m[39m

[31m[2m⎯⎯⎯⎯⎯⎯⎯⎯⎯⎯⎯⎯⎯⎯⎯⎯⎯⎯⎯⎯⎯⎯⎯⎯[1/1]⎯[22m[39m


[2m Test Files [22m [1m[31m1 failed[39m[22m[2m | [22m[1m[32m2 passed[39m[22m[90m (3)[39m
[2m      Tests [22m [1m[31m1 failed[39m[22m[2m | [22m[1m[32m6 passed[39m[22m[90m (7)[39m
[2m   Start at [22m 14:19:28
[2m   Duration [22m 31.43s[2m (tests 89%, import 9%, transform 2%)[22m

