 Container haven-integration-tests-run-7e6483578ff9 Creating 
 Container haven-integration-tests-run-7e6483578ff9 Created 

Running 2 tests using 1 worker

  ✘  1 [desktop] › tests/e2e/digitization-plan.spec.ts:79:1 › HE-F04 close/reopen recovers current room, checklist and actual uploaded clip parts (3.0s)
  ✘  2 [mobile] › tests/e2e/digitization-plan.spec.ts:79:1 › HE-F04 close/reopen recovers current room, checklist and actual uploaded clip parts (1.7s)


  1) [desktop] › tests/e2e/digitization-plan.spec.ts:79:1 › HE-F04 close/reopen recovers current room, checklist and actual uploaded clip parts 

    Error: expect(received).toBe(expected) // Object.is equality

    Expected: 201
    Received: 503

      81 |  await login(page,'agent',origin,'/ops');const workspace=(await (await page.request.get(origin+route)).json()).data;
      82 |  const captureRoute=origin+'/api/v1/ops/digitization-intakes/'+fixture.engineId+'/capture-uploads';
    > 83 |  const created=await page.request.post(captureRoute,{headers:{origin,'idempotency-key':crypto.randomUUID()},data:{digitizationVersion:workspace.version,mime:'video/mp4',bytes:8388625,rights:'Self-authored multipart room-resume test; quarantined bytes only',authorityConfirmed:true}});expect(created.status()).toBe(201);const upload=(await created.json()).data;
         |                                                                                                                                                                                                                                                                                                                      ^
      84 |  let reopened:Page|undefined;
      85 |  try{
      86 |   const grantResponse=await page.request.post(captureRoute+'/'+upload.id+'/parts',{headers:{origin,'idempotency-key':crypto.randomUUID()},data:{version:upload.version,partNumber:1}});expect(grantResponse.status()).toBe(201);const grant=(await grantResponse.json()).data,url=new URL(grant.url),host=url.host;url.hostname='proxy';
        at /workspace/tests/e2e/digitization-plan.spec.ts:83:310

    attachment #1: screenshot (image/png) ──────────────────────────────────────────────────────────
    test-results/digitization-plan-HE-F04-c-03c65--actual-uploaded-clip-parts-desktop/test-failed-1.png
    ────────────────────────────────────────────────────────────────────────────────────────────────

    Error Context: test-results/digitization-plan-HE-F04-c-03c65--actual-uploaded-clip-parts-desktop/error-context.md

    attachment #3: trace (application/zip) ─────────────────────────────────────────────────────────
    test-results/digitization-plan-HE-F04-c-03c65--actual-uploaded-clip-parts-desktop/trace.zip
    Usage:

        pnpm exec playwright show-trace test-results/digitization-plan-HE-F04-c-03c65--actual-uploaded-clip-parts-desktop/trace.zip

    ────────────────────────────────────────────────────────────────────────────────────────────────

  2) [mobile] › tests/e2e/digitization-plan.spec.ts:79:1 › HE-F04 close/reopen recovers current room, checklist and actual uploaded clip parts 

    Error: expect(received).toBe(expected) // Object.is equality

    Expected: 201
    Received: 503

      81 |  await login(page,'agent',origin,'/ops');const workspace=(await (await page.request.get(origin+route)).json()).data;
      82 |  const captureRoute=origin+'/api/v1/ops/digitization-intakes/'+fixture.engineId+'/capture-uploads';
    > 83 |  const created=await page.request.post(captureRoute,{headers:{origin,'idempotency-key':crypto.randomUUID()},data:{digitizationVersion:workspace.version,mime:'video/mp4',bytes:8388625,rights:'Self-authored multipart room-resume test; quarantined bytes only',authorityConfirmed:true}});expect(created.status()).toBe(201);const upload=(await created.json()).data;
         |                                                                                                                                                                                                                                                                                                                      ^
      84 |  let reopened:Page|undefined;
      85 |  try{
      86 |   const grantResponse=await page.request.post(captureRoute+'/'+upload.id+'/parts',{headers:{origin,'idempotency-key':crypto.randomUUID()},data:{version:upload.version,partNumber:1}});expect(grantResponse.status()).toBe(201);const grant=(await grantResponse.json()).data,url=new URL(grant.url),host=url.host;url.hostname='proxy';
        at /workspace/tests/e2e/digitization-plan.spec.ts:83:310

    attachment #1: screenshot (image/png) ──────────────────────────────────────────────────────────
    test-results/digitization-plan-HE-F04-c-03c65--actual-uploaded-clip-parts-mobile/test-failed-1.png
    ────────────────────────────────────────────────────────────────────────────────────────────────

    Error Context: test-results/digitization-plan-HE-F04-c-03c65--actual-uploaded-clip-parts-mobile/error-context.md

    attachment #3: trace (application/zip) ─────────────────────────────────────────────────────────
    test-results/digitization-plan-HE-F04-c-03c65--actual-uploaded-clip-parts-mobile/trace.zip
    Usage:

        pnpm exec playwright show-trace test-results/digitization-plan-HE-F04-c-03c65--actual-uploaded-clip-parts-mobile/trace.zip

    ────────────────────────────────────────────────────────────────────────────────────────────────

  2 failed
    [desktop] › tests/e2e/digitization-plan.spec.ts:79:1 › HE-F04 close/reopen recovers current room, checklist and actual uploaded clip parts 
    [mobile] › tests/e2e/digitization-plan.spec.ts:79:1 › HE-F04 close/reopen recovers current room, checklist and actual uploaded clip parts 

