{"project":"desktop","privatePageCommitted":true}
{"project":"mobile","privatePageCommitted":true}
{"project":"desktop-floors","privatePageCommitted":true}
{"project":"mobile-floors","privatePageCommitted":true}
{"project":"conflicts","privatePageCommitted":true}

[1m[30m[46m RUN [49m[39m[22m [36mv5.0.3 [39m[90m/workspace[39m

 [32m✓[39m tests/integration/digitization-trace-checkpoints.test.ts [2m([22m[2m1 test[22m[2m)[22m[33m 680[2mms[22m[39m
   [33m[2m✓[22m[39m HE-E07 two distinct current reviewers preserve their own checkpoints and the winning canonical reference on a real concurrent 409[33m 676[2mms[22m[39m

[2m Test Files [22m [1m[32m1 passed[39m[22m[90m (1)[39m
[2m      Tests [22m [1m[32m1 passed[39m[22m[90m (1)[39m
[2m   Start at [22m 13:32:04
[2m   Duration [22m 2.46s[2m (import 45%, tests 29%, transform 25%)[22m

 Container haven-integration-tests-run-35b85d549172 Creating 
 Container haven-integration-tests-run-35b85d549172 Created 

Running 10 tests using 1 worker

  ✓   1 [desktop] › tests/e2e/digitization-plan.spec.ts:10:1 › HE-E03 real private source overlay, draw/move and server-session reload preserve unscaled geometry (9.6s)
  ✓   2 [desktop] › tests/e2e/digitization-plan.spec.ts:28:1 › HE-E04 opening bounds and source room labels survive private save/reload and escape SVG (7.3s)
  ✓   3 [desktop] › tests/e2e/digitization-plan.spec.ts:44:1 › HE-E05 supplied reference creates estimated metres and source changes invalidate replay (6.1s)
  ✓   4 [desktop] › tests/e2e/digitization-plan.spec.ts:60:1 › HE-E06 actual split/merge and selected floor/stair persistence keep vertical dimensions unknown (8.3s)
  ✓   5 [desktop] › tests/e2e/digitization-plan.spec.ts:72:1 › HE-E07 undo/redo and private autosave survive reload for explicit trace recovery (7.7s)
  ✓   6 [mobile] › tests/e2e/digitization-plan.spec.ts:10:1 › HE-E03 real private source overlay, draw/move and server-session reload preserve unscaled geometry (7.2s)
  ✓   7 [mobile] › tests/e2e/digitization-plan.spec.ts:28:1 › HE-E04 opening bounds and source room labels survive private save/reload and escape SVG (6.1s)
  ✓   8 [mobile] › tests/e2e/digitization-plan.spec.ts:44:1 › HE-E05 supplied reference creates estimated metres and source changes invalidate replay (4.7s)
  ✓   9 [mobile] › tests/e2e/digitization-plan.spec.ts:60:1 › HE-E06 actual split/merge and selected floor/stair persistence keep vertical dimensions unknown (6.9s)
  ✓  10 [mobile] › tests/e2e/digitization-plan.spec.ts:72:1 › HE-E07 undo/redo and private autosave survive reload for explicit trace recovery (7.0s)

  10 passed (1.2m)
