
> haven-real-estate@0.1.0 test:e2e /workspace
> playwright test --project=visual && playwright test --project=desktop --project=mobile


Running 34 tests using 1 worker

  ✓   1 [visual] › tests/e2e/visual-baselines.spec.ts:9:38 › U06 approved English baseline home-390 (2.3s)
  ✓   2 [visual] › tests/e2e/visual-baselines.spec.ts:9:38 › U06 approved English baseline resale-390 (2.2s)
  ✓   3 [visual] › tests/e2e/visual-baselines.spec.ts:9:38 › U06 approved English baseline rent-390 (2.0s)
  ✓   4 [visual] › tests/e2e/visual-baselines.spec.ts:9:38 › U06 approved English baseline commercial-390 (1.8s)
  ✓   5 [visual] › tests/e2e/visual-baselines.spec.ts:9:38 › U06 approved English baseline new-homes-390 (2.2s)
  ✓   6 [visual] › tests/e2e/visual-baselines.spec.ts:9:38 › U06 approved English baseline communities-390 (1.8s)
  ✓   7 [visual] › tests/e2e/visual-baselines.spec.ts:9:38 › U06 approved English baseline community-390 (1.8s)
  ✓   8 [visual] › tests/e2e/visual-baselines.spec.ts:9:38 › U06 approved English baseline detail-390 (2.0s)
  ✓   9 [visual] › tests/e2e/visual-baselines.spec.ts:9:38 › U06 approved English baseline mortgage-390 (1.5s)
  ✓  10 [visual] › tests/e2e/visual-baselines.spec.ts:9:38 › U06 approved English baseline filters-390 (2.6s)
  ✓  11 [visual] › tests/e2e/visual-baselines.spec.ts:9:38 › U06 approved English baseline city-390 (2.9s)
  ✓  12 [visual] › tests/e2e/visual-baselines.spec.ts:9:38 › U06 approved English baseline home-375 (2.0s)
  ✓  13 [visual] › tests/e2e/visual-baselines.spec.ts:9:38 › U06 approved English baseline resale-375 (2.1s)
  ✓  14 [visual] › tests/e2e/visual-baselines.spec.ts:9:38 › U06 approved English baseline rent-375 (2.0s)
  ✓  15 [visual] › tests/e2e/visual-baselines.spec.ts:9:38 › U06 approved English baseline commercial-375 (1.8s)
  ✓  16 [visual] › tests/e2e/visual-baselines.spec.ts:9:38 › U06 approved English baseline new-homes-375 (1.8s)
  ✓  17 [visual] › tests/e2e/visual-baselines.spec.ts:9:38 › U06 approved English baseline communities-375 (1.7s)
  ✓  18 [visual] › tests/e2e/visual-baselines.spec.ts:9:38 › U06 approved English baseline community-375 (1.7s)
  ✓  19 [visual] › tests/e2e/visual-baselines.spec.ts:9:38 › U06 approved English baseline detail-375 (1.9s)
  ✓  20 [visual] › tests/e2e/visual-baselines.spec.ts:9:38 › U06 approved English baseline mortgage-375 (1.4s)
  ✓  21 [visual] › tests/e2e/visual-baselines.spec.ts:9:38 › U06 approved English baseline filters-375 (2.6s)
  ✓  22 [visual] › tests/e2e/visual-baselines.spec.ts:9:38 › U06 approved English baseline city-375 (2.5s)
  ✓  23 [visual] › tests/e2e/visual-baselines.spec.ts:9:38 › U06 approved English baseline home-1440 (2.8s)
  ✓  24 [visual] › tests/e2e/visual-baselines.spec.ts:9:38 › U06 approved English baseline resale-1440 (3.0s)
  ✓  25 [visual] › tests/e2e/visual-baselines.spec.ts:9:38 › U06 approved English baseline rent-1440 (3.0s)
  ✓  26 [visual] › tests/e2e/visual-baselines.spec.ts:9:38 › U06 approved English baseline commercial-1440 (2.3s)
  ✓  27 [visual] › tests/e2e/visual-baselines.spec.ts:9:38 › U06 approved English baseline new-homes-1440 (2.2s)
  ✓  28 [visual] › tests/e2e/visual-baselines.spec.ts:9:38 › U06 approved English baseline communities-1440 (1.9s)
  ✓  29 [visual] › tests/e2e/visual-baselines.spec.ts:9:38 › U06 approved English baseline community-1440 (2.4s)
  ✓  30 [visual] › tests/e2e/visual-baselines.spec.ts:9:38 › U06 approved English baseline detail-1440 (2.5s)
  ✓  31 [visual] › tests/e2e/visual-baselines.spec.ts:9:38 › U06 approved English baseline mortgage-1440 (1.5s)
  ✓  32 [visual] › tests/e2e/visual-baselines.spec.ts:9:38 › U06 approved English baseline filters-1440 (4.5s)
  ✓  33 [visual] › tests/e2e/visual-baselines.spec.ts:9:38 › U06 approved English baseline city-1440 (4.6s)
  ✓  34 [visual] › tests/e2e/visual-baselines.spec.ts:10:1 › U06 deliberate screenshot layout shift exceeds the approved pixel gate (2.8s)

  34 passed (1.3m)

Running 88 tests using 1 worker

  ✓   1 [desktop] › tests/e2e/city-community.spec.ts:3:1 › G03 city selection preserves category, clears incompatible filters and survives refresh (6.3s)
  ✓   2 [desktop] › tests/e2e/city-community.spec.ts:16:1 › G04 community search, city/district filtering and empty reset (4.9s)
  ✓   3 [desktop] › tests/e2e/city-community.spec.ts:24:1 › G05 community tabs and dated statistics reconcile to eligible public records (6.3s)
  ✓   4 [desktop] › tests/e2e/city-community.spec.ts:35:1 › G04 community pagination changes records and preserves district scope (2.0s)
  ✓   5 [desktop] › tests/e2e/geography.spec.ts:3:1 › G01 geography administration scopes descendants and rejects cross-city parents (7.4s)
  ✓   6 [desktop] › tests/e2e/geography.spec.ts:30:1 › G02 community/building records resolve without private unit addresses (21.8s)
  ✓   7 [desktop] › tests/e2e/inventory-boundaries.spec.ts:3:1 › I02 terminal inventory cannot be edited and another agency cannot claim the unit (8.0s)
  ✓   8 [desktop] › tests/e2e/inventory-drafts.spec.ts:5:1 › I02 agent creates a new unit draft, edits it, refreshes and rejects stale and foreign edits (33.6s)
  ✓   9 [desktop] › tests/e2e/inventory-drafts.spec.ts:14:1 › I02 owner edits only owned drafts and cannot bypass new-property ownership review (5.5s)
  ✓  10 [desktop] › tests/e2e/inventory-workbench.spec.ts:7:1 › I07 agent creates, uploads, orders media, edits facts, filters and submits through the workbench (30.0s)
  ✓  11 [desktop] › tests/e2e/inventory-workbench.spec.ts:24:1 › I07 unassigned edit buttons, direct edit links and all private mutation APIs deny access (17.2s)
  ✓  12 [desktop] › tests/e2e/journeys.spec.ts:4:1 › N04/N05 developer inventory persists and rejects stale updates (4.9s)
  ✓  13 [desktop] › tests/e2e/journeys.spec.ts:27:1 › U03/D01/D03 public browse, cancel/apply filters, responsive evidence (6.0s)
  ✓  14 [desktop] › tests/e2e/journeys.spec.ts:28:1 › F06/U05 logged-in favorite, inquiry, viewing and message persistence (11.5s)
  ✓  15 [desktop] › tests/e2e/journeys.spec.ts:29:1 › T01/T02/T03 mortgage zero-rate fixture, validation and CSV (1.4s)
  ✓  16 [desktop] › tests/e2e/journeys.spec.ts:30:1 › P06/P08/P09/P10 management charge idempotency, allocation race and reversal (3.4s)
  ✓  17 [desktop] › tests/e2e/journeys.spec.ts:31:1 › F07 permission denial, invalid login state and safe redirects (3.3s)
  ✓  18 [desktop] › tests/e2e/journeys.spec.ts:32:1 › Q03 responsive widths and accessibility (6.1s)
  ✓  19 [desktop] › tests/e2e/journeys.spec.ts:33:1 › O01/O03/O05/F12 owner submission, media validation, private evidence and moderation (17.5s)
  ✓  20 [desktop] › tests/e2e/journeys.spec.ts:34:1 › P11/P12/P13 tenant request, manager update and private note isolation (10.9s)
  ✓  21 [desktop] › tests/e2e/listing-expiration.spec.ts:16:1 › I08 authors schedule and remove expiration, reject stale/past/foreign edits, and actual dispatcher expires the listing (18.6s)
  ✓  22 [desktop] › tests/e2e/listing-expiration.spec.ts:26:1 › I08 pause, sold and leased transitions immediately withdraw detail, inquiry and booking eligibility (36.1s)
  ✓  23 [desktop] › tests/e2e/listing-workflow.spec.ts:3:1 › I03 author submits a private draft and moderator reviews, rejects incomplete publication and returns a reason (55.6s)
  ✓  24 [desktop] › tests/e2e/media-security.spec.ts:10:1 › F12 sanitizes image variants and denies unsigned access to originals (2.2s)
  ✓  25 [desktop] › tests/e2e/moderation-queue.spec.ts:3:1 › I04 dedicated property queue records review and rejection while denying agent decisions (34.9s)
  ✓  26 [desktop] › tests/e2e/observability.spec.ts:3:1 › F13 readiness, tracing and operational metrics are scoped to administrators (4.5s)
  ✓  27 [desktop] › tests/e2e/published-revisions.spec.ts:11:1 › I05/I06 approved price changes publish atomically, rejected changes stay private and public history excludes notes (53.5s)
  ✓  28 [desktop] › tests/e2e/resale-filters.spec.ts:8:1 › D04 combined filters return independent SQL fixture IDs; Cancel, Reset, validation, Refresh and Back preserve applied criteria (12.9s)
  ✓  29 [desktop] › tests/e2e/resale-filters.spec.ts:22:1 › D04 administrators author decimal price ranges that consumers can apply; bad ranges are rejected (7.7s)
  ✓  30 [desktop] › tests/e2e/rich-media.spec.ts:3:1 › D08/D09/F12 short video, floor-plan viewer and linked 360 scenes publish through moderation (46.5s)
  ✓  31 [desktop] › tests/e2e/rich-media.spec.ts:82:1 › F12 scan rejection, spoofed video MIME and oversized upload intents (2.3s)
  ✓  32 [desktop] › tests/e2e/rich-media.spec.ts:92:1 › development floor-plan drawings are uploaded, reviewed and displayed with plan inventory (15.1s)
  ✓  33 [desktop] › tests/e2e/search-autocomplete.spec.ts:3:1 › D03 city suggestions ignore reversed responses and support keyboard selection; local history persists and clears (5.3s)
  ✓  34 [desktop] › tests/e2e/search-autocomplete.spec.ts:13:1 › D03 authenticated recent searches deduplicate, cap at ten, persist across reload and clear only the selected city (4.7s)
  ✓  35 [desktop] › tests/e2e/sessions.spec.ts:18:1 › F06 staff password alone is insufficient; verified OTP grants access (4.1s)
  ✘  36 [desktop] › tests/e2e/sessions.spec.ts:34:1 › F06 session rotation, expired-session denial and provider logout (3.5s)
  ✓  37 [desktop] › tests/e2e/sessions.spec.ts:52:1 › F09 idempotency replays once and rejects a changed payload (3.1s)
  ✓  38 [desktop] › tests/e2e/shared-ui.spec.ts:4:1 › U02 long English labels remain usable at 320 pixels (2.6s)
  ✓  39 [desktop] › tests/e2e/shared-ui.spec.ts:16:1 › U03 keyboard filter dismissal restores focus and Back restores filters and scroll (6.4s)
  ✓  40 [desktop] › tests/e2e/shared-ui.spec.ts:23:1 › U04 card amounts, rental basis, missing media and keyboard favorite targets (5.3s)
  ✓  41 [desktop] › tests/e2e/shared-ui.spec.ts:29:1 › U05 fetch failure retries in place and empty results differ from withdrawn homes (6.3s)
  ✓  42 [desktop] › tests/e2e/spatial-tour.spec.ts:4:1 › mapped rooms, multiple floors and real 3D geometry publish only after moderation (1.2m)
  ✓  43 [desktop] › tests/e2e/visual-boundaries.spec.ts:4:1 › U06 actual twelve-pixel card shift fails the geometry comparison (2.4s)
  ✓  44 [desktop] › tests/e2e/visual-boundaries.spec.ts:9:1 › U07 filter keyboard focus and axe scan, with missing-label/hidden-focus negative fixtures (5.3s)
  ✓  45 [mobile] › tests/e2e/city-community.spec.ts:3:1 › G03 city selection preserves category, clears incompatible filters and survives refresh (5.5s)
  ✓  46 [mobile] › tests/e2e/city-community.spec.ts:16:1 › G04 community search, city/district filtering and empty reset (4.5s)
  ✓  47 [mobile] › tests/e2e/city-community.spec.ts:24:1 › G05 community tabs and dated statistics reconcile to eligible public records (3.3s)
  ✓  48 [mobile] › tests/e2e/city-community.spec.ts:35:1 › G04 community pagination changes records and preserves district scope (1.6s)
  ✓  49 [mobile] › tests/e2e/geography.spec.ts:3:1 › G01 geography administration scopes descendants and rejects cross-city parents (10.9s)
  ✓  50 [mobile] › tests/e2e/geography.spec.ts:30:1 › G02 community/building records resolve without private unit addresses (28.3s)
  ✓  51 [mobile] › tests/e2e/inventory-boundaries.spec.ts:3:1 › I02 terminal inventory cannot be edited and another agency cannot claim the unit (3.7s)
  ✓  52 [mobile] › tests/e2e/inventory-drafts.spec.ts:5:1 › I02 agent creates a new unit draft, edits it, refreshes and rejects stale and foreign edits (36.0s)
  ✓  53 [mobile] › tests/e2e/inventory-drafts.spec.ts:14:1 › I02 owner edits only owned drafts and cannot bypass new-property ownership review (3.6s)
  ✓  54 [mobile] › tests/e2e/inventory-workbench.spec.ts:7:1 › I07 agent creates, uploads, orders media, edits facts, filters and submits through the workbench (23.7s)
  ✓  55 [mobile] › tests/e2e/inventory-workbench.spec.ts:24:1 › I07 unassigned edit buttons, direct edit links and all private mutation APIs deny access (25.4s)
  ✓  56 [mobile] › tests/e2e/journeys.spec.ts:4:1 › N04/N05 developer inventory persists and rejects stale updates (3.5s)
  ✓  57 [mobile] › tests/e2e/journeys.spec.ts:27:1 › U03/D01/D03 public browse, cancel/apply filters, responsive evidence (5.2s)
  ✓  58 [mobile] › tests/e2e/journeys.spec.ts:28:1 › F06/U05 logged-in favorite, inquiry, viewing and message persistence (7.1s)
  ✓  59 [mobile] › tests/e2e/journeys.spec.ts:29:1 › T01/T02/T03 mortgage zero-rate fixture, validation and CSV (1.2s)
  ✓  60 [mobile] › tests/e2e/journeys.spec.ts:30:1 › P06/P08/P09/P10 management charge idempotency, allocation race and reversal (1.6s)
  ✓  61 [mobile] › tests/e2e/journeys.spec.ts:31:1 › F07 permission denial, invalid login state and safe redirects (8.7s)
  ✓  62 [mobile] › tests/e2e/journeys.spec.ts:32:1 › Q03 responsive widths and accessibility (8.0s)
  ✓  63 [mobile] › tests/e2e/journeys.spec.ts:33:1 › O01/O03/O05/F12 owner submission, media validation, private evidence and moderation (8.6s)
  ✓  64 [mobile] › tests/e2e/journeys.spec.ts:34:1 › P11/P12/P13 tenant request, manager update and private note isolation (4.6s)
  ✓  65 [mobile] › tests/e2e/listing-expiration.spec.ts:16:1 › I08 authors schedule and remove expiration, reject stale/past/foreign edits, and actual dispatcher expires the listing (18.6s)
  ✓  66 [mobile] › tests/e2e/listing-expiration.spec.ts:26:1 › I08 pause, sold and leased transitions immediately withdraw detail, inquiry and booking eligibility (22.2s)
  ✓  67 [mobile] › tests/e2e/listing-workflow.spec.ts:3:1 › I03 author submits a private draft and moderator reviews, rejects incomplete publication and returns a reason (57.9s)
  ✓  68 [mobile] › tests/e2e/media-security.spec.ts:10:1 › F12 sanitizes image variants and denies unsigned access to originals (1.5s)
  ✓  69 [mobile] › tests/e2e/moderation-queue.spec.ts:3:1 › I04 dedicated property queue records review and rejection while denying agent decisions (31.1s)
  ✓  70 [mobile] › tests/e2e/observability.spec.ts:3:1 › F13 readiness, tracing and operational metrics are scoped to administrators (2.4s)
  ✓  71 [mobile] › tests/e2e/published-revisions.spec.ts:11:1 › I05/I06 approved price changes publish atomically, rejected changes stay private and public history excludes notes (56.5s)
  ✓  72 [mobile] › tests/e2e/resale-filters.spec.ts:8:1 › D04 combined filters return independent SQL fixture IDs; Cancel, Reset, validation, Refresh and Back preserve applied criteria (6.4s)
  ✓  73 [mobile] › tests/e2e/resale-filters.spec.ts:22:1 › D04 administrators author decimal price ranges that consumers can apply; bad ranges are rejected (4.2s)
  ✓  74 [mobile] › tests/e2e/rich-media.spec.ts:3:1 › D08/D09/F12 short video, floor-plan viewer and linked 360 scenes publish through moderation (34.8s)
  ✓  75 [mobile] › tests/e2e/rich-media.spec.ts:82:1 › F12 scan rejection, spoofed video MIME and oversized upload intents (1.3s)
  ✓  76 [mobile] › tests/e2e/rich-media.spec.ts:92:1 › development floor-plan drawings are uploaded, reviewed and displayed with plan inventory (13.1s)
  ✓  77 [mobile] › tests/e2e/search-autocomplete.spec.ts:3:1 › D03 city suggestions ignore reversed responses and support keyboard selection; local history persists and clears (5.2s)
  ✓  78 [mobile] › tests/e2e/search-autocomplete.spec.ts:13:1 › D03 authenticated recent searches deduplicate, cap at ten, persist across reload and clear only the selected city (3.6s)
  ✓  79 [mobile] › tests/e2e/sessions.spec.ts:18:1 › F06 staff password alone is insufficient; verified OTP grants access (1.6s)
  ✘  80 [mobile] › tests/e2e/sessions.spec.ts:34:1 › F06 session rotation, expired-session denial and provider logout (1.8s)
  ✓  81 [mobile] › tests/e2e/sessions.spec.ts:52:1 › F09 idempotency replays once and rejects a changed payload (1.7s)
  ✓  82 [mobile] › tests/e2e/shared-ui.spec.ts:4:1 › U02 long English labels remain usable at 320 pixels (3.9s)
  ✓  83 [mobile] › tests/e2e/shared-ui.spec.ts:16:1 › U03 keyboard filter dismissal restores focus and Back restores filters and scroll (4.3s)
  ✓  84 [mobile] › tests/e2e/shared-ui.spec.ts:23:1 › U04 card amounts, rental basis, missing media and keyboard favorite targets (3.3s)
  ✓  85 [mobile] › tests/e2e/shared-ui.spec.ts:29:1 › U05 fetch failure retries in place and empty results differ from withdrawn homes (6.1s)
  ✓  86 [mobile] › tests/e2e/spatial-tour.spec.ts:4:1 › mapped rooms, multiple floors and real 3D geometry publish only after moderation (26.8s)
  ✓  87 [mobile] › tests/e2e/visual-boundaries.spec.ts:4:1 › U06 actual twelve-pixel card shift fails the geometry comparison (3.0s)
  ✓  88 [mobile] › tests/e2e/visual-boundaries.spec.ts:9:1 › U07 filter keyboard focus and axe scan, with missing-label/hidden-focus negative fixtures (5.4s)


  1) [desktop] › tests/e2e/sessions.spec.ts:34:1 › F06 session rotation, expired-session denial and provider logout

    Error: Cannot use a pool after calling end on the pool

      38 |   expect((await old.get('/api/v1/me')).status()).toBe(401);
      39 |   await old.dispose();
    > 40 |   await pool.query("UPDATE sessions SET expires_at=now()-interval '1 second' WHERE id=$1",[second]);
         |   ^
      41 |   expect((await page.request.get('/api/v1/me')).status()).toBe(401);
      42 |   const active=await signIn(page);
      43 |   const logout=await page.request.post('/api/v1/auth/logout',{headers:{Origin:'http://localhost:8088'}});
        at /workspace/node_modules/.pnpm/pg-pool@3.14.0_pg@8.23.1/node_modules/pg-pool/index.js:45:11
        at /workspace/tests/e2e/sessions.spec.ts:40:3

    Error: Called end on pool more than once

      15 | }
      16 |
    > 17 | test.afterAll(async()=>{await pool.end();});
         |                                    ^
      18 | test('F06 staff password alone is insufficient; verified OTP grants access',async({page})=>{
      19 |   await page.goto('http://localhost:8089/api/v1/auth/login?prompt=login&returnTo=/ops');
      20 |   await page.getByRole('textbox',{name:'Username or email'}).fill('developer');
        at BoundPool.end (/workspace/node_modules/.pnpm/pg-pool@3.14.0_pg@8.23.1/node_modules/pg-pool/index.js:491:19)
        at /workspace/tests/e2e/sessions.spec.ts:17:36

    attachment #1: screenshot (image/png) ──────────────────────────────────────────────────────────
    test-results/sessions-F06-session-rotat-04165--denial-and-provider-logout-desktop/test-failed-1.png
    ────────────────────────────────────────────────────────────────────────────────────────────────

    Error Context: test-results/sessions-F06-session-rotat-04165--denial-and-provider-logout-desktop/error-context.md

    Error Context: test-results/sessions-F06-session-rotat-04165--denial-and-provider-logout-desktop/error-context.md

    attachment #4: trace (application/zip) ─────────────────────────────────────────────────────────
    test-results/sessions-F06-session-rotat-04165--denial-and-provider-logout-desktop/trace.zip
    Usage:

        pnpm exec playwright show-trace test-results/sessions-F06-session-rotat-04165--denial-and-provider-logout-desktop/trace.zip

    ────────────────────────────────────────────────────────────────────────────────────────────────

  2) [mobile] › tests/e2e/sessions.spec.ts:34:1 › F06 session rotation, expired-session denial and provider logout

    Error: Cannot use a pool after calling end on the pool

      38 |   expect((await old.get('/api/v1/me')).status()).toBe(401);
      39 |   await old.dispose();
    > 40 |   await pool.query("UPDATE sessions SET expires_at=now()-interval '1 second' WHERE id=$1",[second]);
         |   ^
      41 |   expect((await page.request.get('/api/v1/me')).status()).toBe(401);
      42 |   const active=await signIn(page);
      43 |   const logout=await page.request.post('/api/v1/auth/logout',{headers:{Origin:'http://localhost:8088'}});
        at /workspace/node_modules/.pnpm/pg-pool@3.14.0_pg@8.23.1/node_modules/pg-pool/index.js:45:11
        at /workspace/tests/e2e/sessions.spec.ts:40:3

    Error: Called end on pool more than once

      15 | }
      16 |
    > 17 | test.afterAll(async()=>{await pool.end();});
         |                                    ^
      18 | test('F06 staff password alone is insufficient; verified OTP grants access',async({page})=>{
      19 |   await page.goto('http://localhost:8089/api/v1/auth/login?prompt=login&returnTo=/ops');
      20 |   await page.getByRole('textbox',{name:'Username or email'}).fill('developer');
        at BoundPool.end (/workspace/node_modules/.pnpm/pg-pool@3.14.0_pg@8.23.1/node_modules/pg-pool/index.js:491:19)
        at /workspace/tests/e2e/sessions.spec.ts:17:36

    attachment #1: screenshot (image/png) ──────────────────────────────────────────────────────────
    test-results/sessions-F06-session-rotat-04165--denial-and-provider-logout-mobile/test-failed-1.png
    ────────────────────────────────────────────────────────────────────────────────────────────────

    Error Context: test-results/sessions-F06-session-rotat-04165--denial-and-provider-logout-mobile/error-context.md

    Error Context: test-results/sessions-F06-session-rotat-04165--denial-and-provider-logout-mobile/error-context.md

    attachment #4: trace (application/zip) ─────────────────────────────────────────────────────────
    test-results/sessions-F06-session-rotat-04165--denial-and-provider-logout-mobile/trace.zip
    Usage:

        pnpm exec playwright show-trace test-results/sessions-F06-session-rotat-04165--denial-and-provider-logout-mobile/trace.zip

    ────────────────────────────────────────────────────────────────────────────────────────────────

  2 failed
    [desktop] › tests/e2e/sessions.spec.ts:34:1 › F06 session rotation, expired-session denial and provider logout
    [mobile] › tests/e2e/sessions.spec.ts:34:1 › F06 session rotation, expired-session denial and provider logout
  86 passed (19.0m)
 ELIFECYCLE  Command failed with exit code 1.
