
> haven-real-estate@0.1.0 build /workspace
> pnpm -r build

Scope: 9 of 10 workspace projects
packages/config build$ tsc --noEmit
packages/contracts build$ tsc --noEmit
packages/database build$ tsc --noEmit
packages/test-support build$ tsc --noEmit
packages/test-support build: Done
packages/ui build$ tsc --noEmit
packages/config build: Done
packages/database build: Done
packages/ui build: Done
packages/contracts build: Done
apps/api build$ tsc
apps/ops build$ next build
apps/web build$ next build
apps/worker build$ tsc
apps/web build: ▲ Next.js 16.3.8 (Turbopack)
apps/ops build: ▲ Next.js 16.3.8 (Turbopack)
apps/web build: ✓ Running next.config.ts took 35ms
apps/ops build: ✓ Running next.config.ts took 35ms
apps/web build:   Creating an optimized production build ...
apps/ops build:   Creating an optimized production build ...
apps/worker build: Done
apps/ops build: ✓ Compiled successfully in 1478ms
apps/ops build:   Running TypeScript ...
apps/web build: ✓ Compiled successfully in 1508ms
apps/web build:   Running TypeScript ...
apps/ops build:   Finished TypeScript in 1977ms ...
apps/ops build:   Collecting page data using 5 workers ...
apps/web build:   Finished TypeScript in 1969ms ...
apps/web build:   Collecting page data using 5 workers ...
apps/web build:   Generating static pages using 5 workers (0/2) ...
apps/ops build:   Generating static pages using 5 workers (0/2) ...
apps/ops build: ✓ Generating static pages using 5 workers (2/2) in 518ms
apps/ops build:   Finalizing page optimization ...
apps/ops build: Route (app)
apps/ops build: ┌ ○ /_not-found
apps/ops build: ├ ƒ /[[...path]]
apps/ops build: └ ƒ /api/[...path]
apps/ops build: ○  (Static)   prerendered as static content
apps/ops build: ƒ  (Dynamic)  server-rendered on demand
apps/web build: ✓ Generating static pages using 5 workers (2/2) in 553ms
apps/web build:   Finalizing page optimization ...
apps/web build: Route (app)
apps/web build: ┌ ○ /_not-found
apps/web build: ├ ƒ /[[...path]]
apps/web build: └ ƒ /api/[...path]
apps/web build: ○  (Static)   prerendered as static content
apps/web build: ƒ  (Dynamic)  server-rendered on demand
apps/ops build: Done
apps/web build: Done
apps/api build: Done
