 Container haven-q11-clean-tests-run-49cd1169122a Creating
 Container haven-q11-clean-tests-run-49cd1169122a Created

[1m[30m[46m RUN [49m[39m[22m [36mv5.0.3 [39m[90m/workspace[39m

 [32m✓[39m tests/integration/public-read-cache.test.ts [2m([22m[2m9 tests[22m[2m)[22m[33m 2633[2mms[22m[39m
   [33m[2m✓[22m[39m Q07 reusable current public snapshots coalesce reads without bypassing expiry when no mutation occurs[33m 1149[2mms[22m[39m
   [33m[2m✓[22m[39m Q07 pending reads cannot cross a publication deadline, and upcoming curation starts refresh without a write[33m 1036[2mms[22m[39m
 [32m✓[39m tests/integration/public-search-coalescing.test.ts [2m([22m[2m1 test[22m[2m)[22m[33m 645[2mms[22m[39m
   [33m[2m✓[22m[39m Q07 concurrent identical searches share only a pending real index request; subsequent reads recheck the native provider[33m 639[2mms[22m[39m

[2m Test Files [22m [1m[32m2 passed[39m[22m[90m (2)[39m
[2m      Tests [22m [1m[32m10 passed[39m[22m[90m (10)[39m
[2m   Start at [22m 01:25:39
[2m   Duration [22m 7.74s[2m (tests 44%, import 40%, transform 15%)[22m


> haven-real-estate@0.1.0 lint /workspace
> eslint . && node scripts/boundaries.mjs

Application import boundaries passed

> haven-real-estate@0.1.0 typecheck /workspace
> pnpm -r typecheck

Scope: 9 of 10 workspace projects
packages/config typecheck$ tsc --noEmit
packages/contracts typecheck$ tsc --noEmit
packages/database typecheck$ tsc --noEmit
packages/test-support typecheck$ tsc --noEmit
packages/test-support typecheck: Done
packages/config typecheck: Done
packages/database typecheck: Done
packages/contracts typecheck: Done
apps/api typecheck$ tsc --noEmit
apps/worker typecheck$ tsc --noEmit
packages/ui typecheck$ tsc --noEmit
apps/worker typecheck: Done
packages/ui typecheck: Done
apps/api typecheck: Done
apps/ops typecheck$ tsc --noEmit
apps/web typecheck$ tsc --noEmit
apps/ops typecheck: Done
apps/web typecheck: Done

> haven-real-estate@0.1.0 test:unit /workspace
> vitest run tests/unit


[1m[30m[46m RUN [49m[39m[22m [36mv5.0.3 [39m[90m/workspace[39m

 [32m✓[39m tests/unit/recovery-envelope.test.ts [2m([22m[2m2 tests[22m[2m)[22m[33m 413[2mms[22m[39m
   [33m[2m✓[22m[39m Q09 authenticated streaming backup restores exact decimal records and refuses missing WAL or modified ciphertext before successful restoration[33m 409[2mms[22m[39m
 [32m✓[39m tests/unit/mortgage-engine.test.ts [2m([22m[2m4 tests[22m[2m)[22m[32m 260[2mms[22m[39m
 [32m✓[39m tests/unit/ci-recording.test.ts [2m([22m[2m1 test[22m[2m)[22m[32m 248[2mms[22m[39m
 [32m✓[39m tests/unit/credential-scan.test.ts [2m([22m[2m1 test[22m[2m)[22m[32m 102[2mms[22m[39m
 [32m✓[39m tests/unit/ci-visual-order.test.ts [2m([22m[2m3 tests[22m[2m)[22m[32m 97[2mms[22m[39m
 [32m✓[39m tests/unit/fixtures.test.ts [2m([22m[2m3 tests[22m[2m)[22m[32m 47[2mms[22m[39m
 [32m✓[39m tests/unit/mortgage-csv.test.ts [2m([22m[2m2 tests[22m[2m)[22m[32m 42[2mms[22m[39m
 [32m✓[39m tests/unit/contracts.test.ts [2m([22m[2m11 tests[22m[2m)[22m[32m 35[2mms[22m[39m
 [32m✓[39m tests/unit/notification-provider.test.ts [2m([22m[2m2 tests[22m[2m)[22m[32m 25[2mms[22m[39m
 [32m✓[39m tests/unit/reference.test.ts [2m([22m[2m3 tests[22m[2m)[22m[32m 18[2mms[22m[39m
 [32m✓[39m tests/unit/spatial-media.test.ts [2m([22m[2m6 tests[22m[2m)[22m[32m 18[2mms[22m[39m
 [32m✓[39m tests/unit/release-readiness.test.ts [2m([22m[2m2 tests[22m[2m)[22m[32m 14[2mms[22m[39m
 [32m✓[39m tests/unit/money-inputs.test.ts [2m([22m[2m2 tests[22m[2m)[22m[32m 18[2mms[22m[39m
 [32m✓[39m tests/unit/inquiry-client.test.ts [2m([22m[2m1 test[22m[2m)[22m[32m 16[2mms[22m[39m
 [32m✓[39m tests/unit/exact-parity.test.ts [2m([22m[2m2 tests[22m[2m)[22m[32m 12[2mms[22m[39m
 [32m✓[39m tests/unit/visual-policy.test.ts [2m([22m[2m2 tests[22m[2m)[22m[32m 18[2mms[22m[39m
 [32m✓[39m tests/unit/observability.test.ts [2m([22m[2m2 tests[22m[2m)[22m[32m 7[2mms[22m[39m
 [32m✓[39m tests/unit/public-query.test.ts [2m([22m[2m2 tests[22m[2m)[22m[32m 10[2mms[22m[39m
 [32m✓[39m tests/unit/gateway-rate-address.test.ts [2m([22m[2m2 tests[22m[2m)[22m[32m 6[2mms[22m[39m
 [32m✓[39m tests/unit/tour-input.test.ts [2m([22m[2m3 tests[22m[2m)[22m[32m 6[2mms[22m[39m
 [32m✓[39m tests/unit/staff-mfa-flow.test.ts [2m([22m[2m1 test[22m[2m)[22m[32m 10[2mms[22m[39m
 [32m✓[39m tests/unit/reply-dates.test.ts [2m([22m[2m1 test[22m[2m)[22m[32m 8[2mms[22m[39m

[2m Test Files [22m [1m[32m22 passed[39m[22m[90m (22)[39m
[2m      Tests [22m [1m[32m58 passed[39m[22m[90m (58)[39m
[2m   Start at [22m 01:26:33
[2m   Duration [22m 7.19s[2m (tests 37%, import 34%, transform 25%, worker 4%)[22m

[2m    Isolate [22m [33m22 workers spawned[39m[2m · ~142ms startup each (spawn + environment, per file)[22m
[2m            [22m [2mat least ~2.99s faster with [22m[33misolate: false[39m[2m — reuses workers across files instead of one per file[22m
