
> haven-real-estate@0.1.0 test:e2e /workspace
> playwright test --project=visual && playwright test --project=desktop --project=mobile


Running 34 tests using 1 worker

  ✓   1 [visual] › tests/e2e/visual-baselines.spec.ts:9:38 › U06 approved English baseline home-390 (3.3s)
  ✓   2 [visual] › tests/e2e/visual-baselines.spec.ts:9:38 › U06 approved English baseline resale-390 (2.8s)
  ✓   3 [visual] › tests/e2e/visual-baselines.spec.ts:9:38 › U06 approved English baseline rent-390 (3.4s)
  ✓   4 [visual] › tests/e2e/visual-baselines.spec.ts:9:38 › U06 approved English baseline commercial-390 (2.3s)
  ✓   5 [visual] › tests/e2e/visual-baselines.spec.ts:9:38 › U06 approved English baseline new-homes-390 (2.4s)
  ✓   6 [visual] › tests/e2e/visual-baselines.spec.ts:9:38 › U06 approved English baseline communities-390 (2.1s)
  ✓   7 [visual] › tests/e2e/visual-baselines.spec.ts:9:38 › U06 approved English baseline community-390 (2.3s)
  ✓   8 [visual] › tests/e2e/visual-baselines.spec.ts:9:38 › U06 approved English baseline detail-390 (2.3s)
  ✓   9 [visual] › tests/e2e/visual-baselines.spec.ts:9:38 › U06 approved English baseline mortgage-390 (1.8s)
  ✓  10 [visual] › tests/e2e/visual-baselines.spec.ts:9:38 › U06 approved English baseline filters-390 (3.3s)
  ✓  11 [visual] › tests/e2e/visual-baselines.spec.ts:9:38 › U06 approved English baseline city-390 (4.2s)
  ✓  12 [visual] › tests/e2e/visual-baselines.spec.ts:9:38 › U06 approved English baseline home-375 (2.5s)
  ✓  13 [visual] › tests/e2e/visual-baselines.spec.ts:9:38 › U06 approved English baseline resale-375 (2.2s)
  ✓  14 [visual] › tests/e2e/visual-baselines.spec.ts:9:38 › U06 approved English baseline rent-375 (2.1s)
  ✓  15 [visual] › tests/e2e/visual-baselines.spec.ts:9:38 › U06 approved English baseline commercial-375 (2.2s)
  ✓  16 [visual] › tests/e2e/visual-baselines.spec.ts:9:38 › U06 approved English baseline new-homes-375 (2.4s)
  ✓  17 [visual] › tests/e2e/visual-baselines.spec.ts:9:38 › U06 approved English baseline communities-375 (1.9s)
  ✓  18 [visual] › tests/e2e/visual-baselines.spec.ts:9:38 › U06 approved English baseline community-375 (2.0s)
  ✓  19 [visual] › tests/e2e/visual-baselines.spec.ts:9:38 › U06 approved English baseline detail-375 (2.2s)
  ✓  20 [visual] › tests/e2e/visual-baselines.spec.ts:9:38 › U06 approved English baseline mortgage-375 (1.7s)
  ✓  21 [visual] › tests/e2e/visual-baselines.spec.ts:9:38 › U06 approved English baseline filters-375 (3.2s)
  ✓  22 [visual] › tests/e2e/visual-baselines.spec.ts:9:38 › U06 approved English baseline city-375 (3.5s)
  ✓  23 [visual] › tests/e2e/visual-baselines.spec.ts:9:38 › U06 approved English baseline home-1440 (3.6s)
  ✓  24 [visual] › tests/e2e/visual-baselines.spec.ts:9:38 › U06 approved English baseline resale-1440 (3.9s)
  ✓  25 [visual] › tests/e2e/visual-baselines.spec.ts:9:38 › U06 approved English baseline rent-1440 (3.5s)
  ✓  26 [visual] › tests/e2e/visual-baselines.spec.ts:9:38 › U06 approved English baseline commercial-1440 (3.0s)
  ✓  27 [visual] › tests/e2e/visual-baselines.spec.ts:9:38 › U06 approved English baseline new-homes-1440 (2.7s)
  ✓  28 [visual] › tests/e2e/visual-baselines.spec.ts:9:38 › U06 approved English baseline communities-1440 (2.3s)
  ✓  29 [visual] › tests/e2e/visual-baselines.spec.ts:9:38 › U06 approved English baseline community-1440 (2.8s)
  ✓  30 [visual] › tests/e2e/visual-baselines.spec.ts:9:38 › U06 approved English baseline detail-1440 (3.1s)
  ✓  31 [visual] › tests/e2e/visual-baselines.spec.ts:9:38 › U06 approved English baseline mortgage-1440 (2.2s)
  ✓  32 [visual] › tests/e2e/visual-baselines.spec.ts:9:38 › U06 approved English baseline filters-1440 (5.8s)
  ✓  33 [visual] › tests/e2e/visual-baselines.spec.ts:9:38 › U06 approved English baseline city-1440 (12.4s)
  ✓  34 [visual] › tests/e2e/visual-baselines.spec.ts:10:1 › U06 deliberate screenshot layout shift exceeds the approved pixel gate (7.0s)

  34 passed (1.8m)

Running 66 tests using 1 worker

  ✓   1 [desktop] › tests/e2e/city-community.spec.ts:3:1 › G03 city selection preserves category, clears incompatible filters and survives refresh (12.1s)
  ✓   2 [desktop] › tests/e2e/city-community.spec.ts:16:1 › G04 community search, city/district filtering and empty reset (9.8s)
  ✓   3 [desktop] › tests/e2e/city-community.spec.ts:24:1 › G05 community tabs and dated statistics reconcile to eligible public records (11.6s)
  ✓   4 [desktop] › tests/e2e/city-community.spec.ts:35:1 › G04 community pagination changes records and preserves district scope (3.0s)
  ✓   5 [desktop] › tests/e2e/geography.spec.ts:3:1 › G01 geography administration scopes descendants and rejects cross-city parents (15.9s)
  ✓   6 [desktop] › tests/e2e/geography.spec.ts:30:1 › G02 community/building records resolve without private unit addresses (16.3s)
  ✓   7 [desktop] › tests/e2e/inventory-boundaries.spec.ts:3:1 › I02 terminal inventory cannot be edited and another agency cannot claim the unit (19.5s)
  ✓   8 [desktop] › tests/e2e/inventory-drafts.spec.ts:5:1 › I02 agent creates a new unit draft, edits it, refreshes and rejects stale and foreign edits (42.3s)
  ✓   9 [desktop] › tests/e2e/inventory-drafts.spec.ts:14:1 › I02 owner edits only owned drafts and cannot bypass new-property ownership review (9.2s)
  ✓  10 [desktop] › tests/e2e/journeys.spec.ts:4:1 › N04/N05 developer inventory persists and rejects stale updates (12.8s)
  ✓  11 [desktop] › tests/e2e/journeys.spec.ts:27:1 › U03/D01/D03 public browse, cancel/apply filters, responsive evidence (17.4s)
  ✓  12 [desktop] › tests/e2e/journeys.spec.ts:28:1 › F06/U05 logged-in favorite, inquiry, viewing and message persistence (26.1s)
  ✓  13 [desktop] › tests/e2e/journeys.spec.ts:29:1 › T01/T02/T03 mortgage zero-rate fixture, validation and CSV (1.7s)
  ✓  14 [desktop] › tests/e2e/journeys.spec.ts:30:1 › P06/P08/P09/P10 management charge idempotency, allocation race and reversal (5.5s)
  ✓  15 [desktop] › tests/e2e/journeys.spec.ts:31:1 › F07 permission denial, invalid login state and safe redirects (7.6s)
  ✓  16 [desktop] › tests/e2e/journeys.spec.ts:32:1 › Q03 responsive widths and accessibility (8.5s)
  ✓  17 [desktop] › tests/e2e/journeys.spec.ts:33:1 › O01/O03/O05/F12 owner submission, media validation, private evidence and moderation (33.3s)
  ✓  18 [desktop] › tests/e2e/journeys.spec.ts:34:1 › P11/P12/P13 tenant request, manager update and private note isolation (21.0s)
  ✓  19 [desktop] › tests/e2e/listing-workflow.spec.ts:3:1 › I03 author submits a private draft and moderator reviews, rejects incomplete publication and returns a reason (40.5s)
  ✓  20 [desktop] › tests/e2e/media-security.spec.ts:10:1 › F12 sanitizes image variants and denies unsigned access to originals (5.4s)
  ✓  21 [desktop] › tests/e2e/observability.spec.ts:3:1 › F13 readiness, tracing and operational metrics are scoped to administrators (12.6s)
  ✓  22 [desktop] › tests/e2e/rich-media.spec.ts:3:1 › D08/D09/F12 short video, floor-plan viewer and linked 360 scenes publish through moderation (1.5m)
  ✓  23 [desktop] › tests/e2e/rich-media.spec.ts:81:1 › F12 scan rejection, spoofed video MIME and oversized upload intents (3.0s)
  ✓  24 [desktop] › tests/e2e/rich-media.spec.ts:91:1 › development floor-plan drawings are uploaded, reviewed and displayed with plan inventory (35.3s)
  ✓  25 [desktop] › tests/e2e/sessions.spec.ts:18:1 › F06 staff password alone is insufficient; verified OTP grants access (9.3s)
  ✓  26 [desktop] › tests/e2e/sessions.spec.ts:34:1 › F06 session rotation, expired-session denial and provider logout (15.5s)
  ✓  27 [desktop] › tests/e2e/sessions.spec.ts:52:1 › F09 idempotency replays once and rejects a changed payload (5.4s)
  ✓  28 [desktop] › tests/e2e/shared-ui.spec.ts:4:1 › U02 long English labels remain usable at 320 pixels (3.2s)
  ✓  29 [desktop] › tests/e2e/shared-ui.spec.ts:16:1 › U03 keyboard filter dismissal restores focus and Back restores filters and scroll (13.0s)
  ✓  30 [desktop] › tests/e2e/shared-ui.spec.ts:23:1 › U04 card amounts, rental basis, missing media and keyboard favorite targets (10.4s)
  ✓  31 [desktop] › tests/e2e/shared-ui.spec.ts:29:1 › U05 fetch failure retries in place and empty results differ from withdrawn homes (8.5s)
  ✓  32 [desktop] › tests/e2e/visual-boundaries.spec.ts:4:1 › U06 actual twelve-pixel card shift fails the geometry comparison (3.9s)
  ✓  33 [desktop] › tests/e2e/visual-boundaries.spec.ts:9:1 › U07 filter keyboard focus and axe scan, with missing-label/hidden-focus negative fixtures (7.3s)
  ✓  34 [mobile] › tests/e2e/city-community.spec.ts:3:1 › G03 city selection preserves category, clears incompatible filters and survives refresh (7.7s)
  ✓  35 [mobile] › tests/e2e/city-community.spec.ts:16:1 › G04 community search, city/district filtering and empty reset (7.4s)
  ✓  36 [mobile] › tests/e2e/city-community.spec.ts:24:1 › G05 community tabs and dated statistics reconcile to eligible public records (5.6s)
  ✓  37 [mobile] › tests/e2e/city-community.spec.ts:35:1 › G04 community pagination changes records and preserves district scope (2.6s)
  ✓  38 [mobile] › tests/e2e/geography.spec.ts:3:1 › G01 geography administration scopes descendants and rejects cross-city parents (16.1s)
  ✓  39 [mobile] › tests/e2e/geography.spec.ts:30:1 › G02 community/building records resolve without private unit addresses (27.4s)
  ✓  40 [mobile] › tests/e2e/inventory-boundaries.spec.ts:3:1 › I02 terminal inventory cannot be edited and another agency cannot claim the unit (6.9s)
  ✓  41 [mobile] › tests/e2e/inventory-drafts.spec.ts:5:1 › I02 agent creates a new unit draft, edits it, refreshes and rejects stale and foreign edits (37.1s)
  ✓  42 [mobile] › tests/e2e/inventory-drafts.spec.ts:14:1 › I02 owner edits only owned drafts and cannot bypass new-property ownership review (4.4s)
  ✓  43 [mobile] › tests/e2e/journeys.spec.ts:4:1 › N04/N05 developer inventory persists and rejects stale updates (5.4s)
  ✓  44 [mobile] › tests/e2e/journeys.spec.ts:27:1 › U03/D01/D03 public browse, cancel/apply filters, responsive evidence (10.7s)
  ✓  45 [mobile] › tests/e2e/journeys.spec.ts:28:1 › F06/U05 logged-in favorite, inquiry, viewing and message persistence (13.5s)
  ✓  46 [mobile] › tests/e2e/journeys.spec.ts:29:1 › T01/T02/T03 mortgage zero-rate fixture, validation and CSV (1.8s)
  ✓  47 [mobile] › tests/e2e/journeys.spec.ts:30:1 › P06/P08/P09/P10 management charge idempotency, allocation race and reversal (3.0s)
  ✓  48 [mobile] › tests/e2e/journeys.spec.ts:31:1 › F07 permission denial, invalid login state and safe redirects (2.6s)
  ✓  49 [mobile] › tests/e2e/journeys.spec.ts:32:1 › Q03 responsive widths and accessibility (12.1s)
  ✓  50 [mobile] › tests/e2e/journeys.spec.ts:33:1 › O01/O03/O05/F12 owner submission, media validation, private evidence and moderation (14.3s)
  ✓  51 [mobile] › tests/e2e/journeys.spec.ts:34:1 › P11/P12/P13 tenant request, manager update and private note isolation (8.6s)
  ✓  52 [mobile] › tests/e2e/listing-workflow.spec.ts:3:1 › I03 author submits a private draft and moderator reviews, rejects incomplete publication and returns a reason (29.6s)
  ✓  53 [mobile] › tests/e2e/media-security.spec.ts:10:1 › F12 sanitizes image variants and denies unsigned access to originals (2.7s)
  ✓  54 [mobile] › tests/e2e/observability.spec.ts:3:1 › F13 readiness, tracing and operational metrics are scoped to administrators (4.1s)
  ✓  55 [mobile] › tests/e2e/rich-media.spec.ts:3:1 › D08/D09/F12 short video, floor-plan viewer and linked 360 scenes publish through moderation (56.1s)
  ✓  56 [mobile] › tests/e2e/rich-media.spec.ts:81:1 › F12 scan rejection, spoofed video MIME and oversized upload intents (2.6s)
  ✓  57 [mobile] › tests/e2e/rich-media.spec.ts:91:1 › development floor-plan drawings are uploaded, reviewed and displayed with plan inventory (13.0s)
  ✓  58 [mobile] › tests/e2e/sessions.spec.ts:18:1 › F06 staff password alone is insufficient; verified OTP grants access (10.4s)
  ✓  59 [mobile] › tests/e2e/sessions.spec.ts:34:1 › F06 session rotation, expired-session denial and provider logout (5.4s)
  ✓  60 [mobile] › tests/e2e/sessions.spec.ts:52:1 › F09 idempotency replays once and rejects a changed payload (2.2s)
  ✓  61 [mobile] › tests/e2e/shared-ui.spec.ts:4:1 › U02 long English labels remain usable at 320 pixels (4.9s)
  ✓  62 [mobile] › tests/e2e/shared-ui.spec.ts:16:1 › U03 keyboard filter dismissal restores focus and Back restores filters and scroll (6.3s)
  ✓  63 [mobile] › tests/e2e/shared-ui.spec.ts:23:1 › U04 card amounts, rental basis, missing media and keyboard favorite targets (5.7s)
  ✓  64 [mobile] › tests/e2e/shared-ui.spec.ts:29:1 › U05 fetch failure retries in place and empty results differ from withdrawn homes (8.1s)
  ✓  65 [mobile] › tests/e2e/visual-boundaries.spec.ts:4:1 › U06 actual twelve-pixel card shift fails the geometry comparison (3.3s)
  ✓  66 [mobile] › tests/e2e/visual-boundaries.spec.ts:9:1 › U07 filter keyboard focus and axe scan, with missing-label/hidden-focus negative fixtures (6.7s)

  66 passed (14.9m)
