 Container haven-integration-tests-run-8f7515510e5e Creating 
 Container haven-integration-tests-run-8f7515510e5e Created 

Running 6 tests using 1 worker

  ✘  1 [desktop] › tests/e2e/account-profile.spec.ts:11:1 › A01 own display name/date preference survives refresh and sign-in; other profiles and expired sessions cannot be edited (20.8s)
  ✓  2 [desktop] › tests/e2e/account-profile.spec.ts:24:1 › A01 account API outage shows retry without claiming logout (3.8s)
  ✘  3 [desktop] › tests/e2e/account-profile.spec.ts:27:1 › A01 identity-managed registration and email recovery reset a synthetic account password and preserve its local profile (25.1s)
  ✘  4 [mobile] › tests/e2e/account-profile.spec.ts:11:1 › A01 own display name/date preference survives refresh and sign-in; other profiles and expired sessions cannot be edited (19.6s)
  ✓  5 [mobile] › tests/e2e/account-profile.spec.ts:24:1 › A01 account API outage shows retry without claiming logout (2.6s)
  ✘  6 [mobile] › tests/e2e/account-profile.spec.ts:27:1 › A01 identity-managed registration and email recovery reset a synthetic account password and preserve its local profile (19.4s)


  1) [desktop] › tests/e2e/account-profile.spec.ts:11:1 › A01 own display name/date preference survives refresh and sign-in; other profiles and expired sessions cannot be edited 

    Error: expect(locator).toBeVisible() failed

    Locator: getByRole('heading', { name: /personal info/i })
    Expected: visible
    Timeout: 15000ms
    Error: element(s) not found

    Call log:
      - Expect "toBeVisible" getByRole('heading', { name: /personal info/i }) with timeout 15000ms
      - waiting for getByRole('heading', { name: /personal info/i })


      15 |   await page.getByLabel('Display name',{exact:true}).fill(name);await page.getByLabel('Account date format',{exact:true}).selectOption('en-US');await save(page);await page.reload();await expect(page.getByLabel('Display name',{exact:true})).toHaveValue(name);await expect(page.getByLabel('Account date format',{exact:true})).toHaveValue('en-US');await expect(page.getByText('Email verified by the sign-in service',{exact:true})).toBeVisible();
      16 |   const denied=await page.request.patch('/api/v1/profiles/00000000-0000-4000-8000-000000000002',{headers:{Origin:origin,'Idempotency-Key':crypto.randomUUID()},data:{displayName:'Not permitted',locale:'en-US',version:1}});expect(denied.status()).toBe(404);
    > 17 |   const manage=page.getByRole('link',{name:'Manage sign-in and contact details',exact:true});await expect(manage).toHaveAttribute('href',process.env.OIDC_ISSUER+'/account/');const [account]=await Promise.all([page.waitForEvent('popup'),manage.click()]);try{await account.waitForLoadState('networkidle');if(await account.getByRole('heading',{name:'Sign in to your account',exact:true}).isVisible()){await account.getByRole('textbox',{name:'Username or email'}).fill('buyer');await account.getByLabel('Password',{exact:true}).fill(process.env.DEV_PASSWORD!);await account.getByRole('button',{name:'Sign In',exact:true}).click();}await expect(account.getByRole('heading',{name:/personal info/i})).toBeVisible();}finally{await account.close();}
         |                                                                                                                                                                                                                                                                                                                                                                                                                                                                                                                                                                                                                                                                                                                       ^
      18 |   await login(page,'buyer',origin,'/account/profile');await expect(page.getByLabel('Display name',{exact:true})).toHaveValue(name);
      19 |   const session=(await page.context().cookies()).find(cookie=>cookie.name==='haven_session')!.value;await fixtures.query("UPDATE sessions SET expires_at=now()-interval '1 hour' WHERE id=$1",[session]);await page.getByLabel('Display name',{exact:true}).fill('Expired change');await page.getByRole('button',{name:'Save profile',exact:true}).click();await expect(page.getByText('Your session expired. Sign in again to continue.',{exact:true})).toBeVisible();await expect(page.getByLabel('Display name',{exact:true})).toHaveCount(0);
      20 |   await login(page,'buyer',origin,'/account/profile');await expect(page.getByLabel('Display name',{exact:true})).toHaveValue(name);
        at /workspace/tests/e2e/account-profile.spec.ts:17:695

    attachment #1: screenshot (image/png) ──────────────────────────────────────────────────────────
    test-results/account-profile-A01-own-di-a9000-d-sessions-cannot-be-edited-desktop/test-failed-1.png
    ────────────────────────────────────────────────────────────────────────────────────────────────

    Error Context: test-results/account-profile-A01-own-di-a9000-d-sessions-cannot-be-edited-desktop/error-context.md

    Error Context: test-results/account-profile-A01-own-di-a9000-d-sessions-cannot-be-edited-desktop/error-context.md

    attachment #4: trace (application/zip) ─────────────────────────────────────────────────────────
    test-results/account-profile-A01-own-di-a9000-d-sessions-cannot-be-edited-desktop/trace.zip
    Usage:

        pnpm exec playwright show-trace test-results/account-profile-A01-own-di-a9000-d-sessions-cannot-be-edited-desktop/trace.zip

    ────────────────────────────────────────────────────────────────────────────────────────────────

  2) [desktop] › tests/e2e/account-profile.spec.ts:27:1 › A01 identity-managed registration and email recovery reset a synthetic account password and preserve its local profile 

    Error: expect(locator).toBeVisible() failed

    Locator: getByText('Email verified by the sign-in service', { exact: true })
    Expected: visible
    Timeout: 15000ms
    Error: element(s) not found

    Call log:
      - Expect "toBeVisible" getByText('Email verified by the sign-in service', { exact: true }) with timeout 15000ms
      - waiting for getByText('Email verified by the sign-in service', { exact: true })


      33 |   const body=await (await fetch('http://mail:8025/api/v1/message/'+message.ID)).json(),text=String(body.HTML||body.Text),links=text.match(/https?:\/\/[^\s<>"']+/g)||[],action=links.map(link=>link.replaceAll('&amp;','&')).find(link=>link.includes('/login-actions/action-token'))!;expect(!!action).toBe(true);const destination=new URL(action);expect(destination.origin).toBe(new URL(process.env.OIDC_ISSUER!).origin);await page.goto(action);await page.locator('#password-new').fill(replacement);await page.locator('#password-confirm').fill(replacement);await page.getByRole('button',{name:'Submit',exact:true}).click();
      34 |   // Complete a fresh standard PKCE sign-in after the identity action.
    > 35 |   await page.goto('/api/v1/auth/login?prompt=login&returnTo=%2Faccount%2Fprofile');await page.getByRole('textbox',{name:'Username or email'}).fill(username);await page.getByLabel('Password',{exact:true}).fill(replacement);await page.getByRole('button',{name:'Sign In',exact:true}).click();await expect(page).toHaveURL(origin+'/account/profile');await expect(page.getByLabel('Display name',{exact:true})).toHaveValue('Recovery profile '+info.project.name);await expect(page.getByText('Email verified by the sign-in service',{exact:true})).toBeVisible();
         |                                                                                                                                                                                                                                                                                                                                                                                                                                                                                                                                                           ^
      36 |  }finally{if(profileId){const row=(await fixtures.query('SELECT subject FROM profiles WHERE id=$1',[profileId])).rows[0];if(row){const base=process.env.OIDC_INTERNAL_URL!.replace(/\/realms\/[^/]+$/,''),auth=await fetch(base+'/realms/master/protocol/openid-connect/token',{method:'POST',body:new URLSearchParams({client_id:'admin-cli',grant_type:'password',username:'local-admin',password:process.env.KEYCLOAK_ADMIN_PASSWORD!})});const token=(await auth.json()).access_token;const url=base+'/admin/realms/haven/users/'+row.subject,user=await (await fetch(url,{headers:{Authorization:'Bearer '+token}})).json();if(user.username===username)await fetch(url,{method:'DELETE',headers:{Authorization:'Bearer '+token}});await fixtures.query("UPDATE profiles SET state='archived' WHERE id=$1",[profileId]);}}}
      37 | });
      38 |
        at /workspace/tests/e2e/account-profile.spec.ts:35:539

    attachment #1: screenshot (image/png) ──────────────────────────────────────────────────────────
    test-results/account-profile-A01-identi-34dad--preserve-its-local-profile-desktop/test-failed-1.png
    ────────────────────────────────────────────────────────────────────────────────────────────────

    Error Context: test-results/account-profile-A01-identi-34dad--preserve-its-local-profile-desktop/error-context.md

    Error Context: test-results/account-profile-A01-identi-34dad--preserve-its-local-profile-desktop/error-context.md

    attachment #4: trace (application/zip) ─────────────────────────────────────────────────────────
    test-results/account-profile-A01-identi-34dad--preserve-its-local-profile-desktop/trace.zip
    Usage:

        pnpm exec playwright show-trace test-results/account-profile-A01-identi-34dad--preserve-its-local-profile-desktop/trace.zip

    ────────────────────────────────────────────────────────────────────────────────────────────────

  3) [mobile] › tests/e2e/account-profile.spec.ts:11:1 › A01 own display name/date preference survives refresh and sign-in; other profiles and expired sessions cannot be edited 

    Error: expect(locator).toBeVisible() failed

    Locator: getByRole('heading', { name: /personal info/i })
    Expected: visible
    Timeout: 15000ms
    Error: element(s) not found

    Call log:
      - Expect "toBeVisible" getByRole('heading', { name: /personal info/i }) with timeout 15000ms
      - waiting for getByRole('heading', { name: /personal info/i })


      15 |   await page.getByLabel('Display name',{exact:true}).fill(name);await page.getByLabel('Account date format',{exact:true}).selectOption('en-US');await save(page);await page.reload();await expect(page.getByLabel('Display name',{exact:true})).toHaveValue(name);await expect(page.getByLabel('Account date format',{exact:true})).toHaveValue('en-US');await expect(page.getByText('Email verified by the sign-in service',{exact:true})).toBeVisible();
      16 |   const denied=await page.request.patch('/api/v1/profiles/00000000-0000-4000-8000-000000000002',{headers:{Origin:origin,'Idempotency-Key':crypto.randomUUID()},data:{displayName:'Not permitted',locale:'en-US',version:1}});expect(denied.status()).toBe(404);
    > 17 |   const manage=page.getByRole('link',{name:'Manage sign-in and contact details',exact:true});await expect(manage).toHaveAttribute('href',process.env.OIDC_ISSUER+'/account/');const [account]=await Promise.all([page.waitForEvent('popup'),manage.click()]);try{await account.waitForLoadState('networkidle');if(await account.getByRole('heading',{name:'Sign in to your account',exact:true}).isVisible()){await account.getByRole('textbox',{name:'Username or email'}).fill('buyer');await account.getByLabel('Password',{exact:true}).fill(process.env.DEV_PASSWORD!);await account.getByRole('button',{name:'Sign In',exact:true}).click();}await expect(account.getByRole('heading',{name:/personal info/i})).toBeVisible();}finally{await account.close();}
         |                                                                                                                                                                                                                                                                                                                                                                                                                                                                                                                                                                                                                                                                                                                       ^
      18 |   await login(page,'buyer',origin,'/account/profile');await expect(page.getByLabel('Display name',{exact:true})).toHaveValue(name);
      19 |   const session=(await page.context().cookies()).find(cookie=>cookie.name==='haven_session')!.value;await fixtures.query("UPDATE sessions SET expires_at=now()-interval '1 hour' WHERE id=$1",[session]);await page.getByLabel('Display name',{exact:true}).fill('Expired change');await page.getByRole('button',{name:'Save profile',exact:true}).click();await expect(page.getByText('Your session expired. Sign in again to continue.',{exact:true})).toBeVisible();await expect(page.getByLabel('Display name',{exact:true})).toHaveCount(0);
      20 |   await login(page,'buyer',origin,'/account/profile');await expect(page.getByLabel('Display name',{exact:true})).toHaveValue(name);
        at /workspace/tests/e2e/account-profile.spec.ts:17:695

    attachment #1: screenshot (image/png) ──────────────────────────────────────────────────────────
    test-results/account-profile-A01-own-di-a9000-d-sessions-cannot-be-edited-mobile/test-failed-1.png
    ────────────────────────────────────────────────────────────────────────────────────────────────

    Error Context: test-results/account-profile-A01-own-di-a9000-d-sessions-cannot-be-edited-mobile/error-context.md

    Error Context: test-results/account-profile-A01-own-di-a9000-d-sessions-cannot-be-edited-mobile/error-context.md

    attachment #4: trace (application/zip) ─────────────────────────────────────────────────────────
    test-results/account-profile-A01-own-di-a9000-d-sessions-cannot-be-edited-mobile/trace.zip
    Usage:

        pnpm exec playwright show-trace test-results/account-profile-A01-own-di-a9000-d-sessions-cannot-be-edited-mobile/trace.zip

    ────────────────────────────────────────────────────────────────────────────────────────────────

  4) [mobile] › tests/e2e/account-profile.spec.ts:27:1 › A01 identity-managed registration and email recovery reset a synthetic account password and preserve its local profile 

    Error: expect(locator).toBeVisible() failed

    Locator: getByText('Email verified by the sign-in service', { exact: true })
    Expected: visible
    Timeout: 15000ms
    Error: element(s) not found

    Call log:
      - Expect "toBeVisible" getByText('Email verified by the sign-in service', { exact: true }) with timeout 15000ms
      - waiting for getByText('Email verified by the sign-in service', { exact: true })


      33 |   const body=await (await fetch('http://mail:8025/api/v1/message/'+message.ID)).json(),text=String(body.HTML||body.Text),links=text.match(/https?:\/\/[^\s<>"']+/g)||[],action=links.map(link=>link.replaceAll('&amp;','&')).find(link=>link.includes('/login-actions/action-token'))!;expect(!!action).toBe(true);const destination=new URL(action);expect(destination.origin).toBe(new URL(process.env.OIDC_ISSUER!).origin);await page.goto(action);await page.locator('#password-new').fill(replacement);await page.locator('#password-confirm').fill(replacement);await page.getByRole('button',{name:'Submit',exact:true}).click();
      34 |   // Complete a fresh standard PKCE sign-in after the identity action.
    > 35 |   await page.goto('/api/v1/auth/login?prompt=login&returnTo=%2Faccount%2Fprofile');await page.getByRole('textbox',{name:'Username or email'}).fill(username);await page.getByLabel('Password',{exact:true}).fill(replacement);await page.getByRole('button',{name:'Sign In',exact:true}).click();await expect(page).toHaveURL(origin+'/account/profile');await expect(page.getByLabel('Display name',{exact:true})).toHaveValue('Recovery profile '+info.project.name);await expect(page.getByText('Email verified by the sign-in service',{exact:true})).toBeVisible();
         |                                                                                                                                                                                                                                                                                                                                                                                                                                                                                                                                                           ^
      36 |  }finally{if(profileId){const row=(await fixtures.query('SELECT subject FROM profiles WHERE id=$1',[profileId])).rows[0];if(row){const base=process.env.OIDC_INTERNAL_URL!.replace(/\/realms\/[^/]+$/,''),auth=await fetch(base+'/realms/master/protocol/openid-connect/token',{method:'POST',body:new URLSearchParams({client_id:'admin-cli',grant_type:'password',username:'local-admin',password:process.env.KEYCLOAK_ADMIN_PASSWORD!})});const token=(await auth.json()).access_token;const url=base+'/admin/realms/haven/users/'+row.subject,user=await (await fetch(url,{headers:{Authorization:'Bearer '+token}})).json();if(user.username===username)await fetch(url,{method:'DELETE',headers:{Authorization:'Bearer '+token}});await fixtures.query("UPDATE profiles SET state='archived' WHERE id=$1",[profileId]);}}}
      37 | });
      38 |
        at /workspace/tests/e2e/account-profile.spec.ts:35:539

    attachment #1: screenshot (image/png) ──────────────────────────────────────────────────────────
    test-results/account-profile-A01-identi-34dad--preserve-its-local-profile-mobile/test-failed-1.png
    ────────────────────────────────────────────────────────────────────────────────────────────────

    Error Context: test-results/account-profile-A01-identi-34dad--preserve-its-local-profile-mobile/error-context.md

    Error Context: test-results/account-profile-A01-identi-34dad--preserve-its-local-profile-mobile/error-context.md

    attachment #4: trace (application/zip) ─────────────────────────────────────────────────────────
    test-results/account-profile-A01-identi-34dad--preserve-its-local-profile-mobile/trace.zip
    Usage:

        pnpm exec playwright show-trace test-results/account-profile-A01-identi-34dad--preserve-its-local-profile-mobile/trace.zip

    ────────────────────────────────────────────────────────────────────────────────────────────────

  4 failed
    [desktop] › tests/e2e/account-profile.spec.ts:11:1 › A01 own display name/date preference survives refresh and sign-in; other profiles and expired sessions cannot be edited 
    [desktop] › tests/e2e/account-profile.spec.ts:27:1 › A01 identity-managed registration and email recovery reset a synthetic account password and preserve its local profile 
    [mobile] › tests/e2e/account-profile.spec.ts:11:1 › A01 own display name/date preference survives refresh and sign-in; other profiles and expired sessions cannot be edited 
    [mobile] › tests/e2e/account-profile.spec.ts:27:1 › A01 identity-managed registration and email recovery reset a synthetic account password and preserve its local profile 
  2 passed (1.6m)

