 Container haven-integration-tests-run-b3979240e9fb Creating 
 Container haven-integration-tests-run-b3979240e9fb Created 

[1m[30m[46m RUN [49m[39m[22m [36mv5.0.3 [39m[90m/workspace[39m

 [31m❯[39m tests/integration/account-profile.test.ts [2m([22m[2m0 test[22m[2m)[22m
 [31m❯[39m tests/integration/contracts.test.ts [2m([22m[2m5 tests[22m[2m | [22m[33m5 skipped[39m[2m)[22m[33m 20170[2mms[22m[39m
   [2m[90m↓[39m[22m F08 generated API contract [2m(5)[22m
     [2m[90m↓[39m[22m published OpenAPI matches generated operations exactly
     [2m[90m↓[39m[22m canonical generated client reads real public decimal-string inventory
     [2m[90m↓[39m[22m invalid range has a field error and stable request ID without private data
     [2m[90m↓[39m[22m canonical transport preserves typed server errors
     [2m[90m↓[39m[22m malformed JSON returns a sanitized client error

[31m⎯⎯⎯⎯⎯⎯[39m[1m[41m Failed Suites 2 [49m[22m[31m⎯⎯⎯⎯⎯⎯⎯[39m

[41m[1m FAIL [22m[49m tests/integration/account-profile.test.ts[2m [ tests/integration/account-profile.test.ts ][22m
[31m[1mError[22m: Transform failed with 1 error:

[31m[PARSE_ERROR] [0mExpected `,` or `)` but found `Identifier`
 - `,` or `)` expected in apps/api/src/identity/controller.ts at 3630..3636
 - Opened here in apps/api/src/identity/controller.ts at 3227..3228
[39m
  Plugin: [35mvite:oxc[39m
  File: [36m/workspace/apps/api/src/identity/controller.ts[39m
[90m [2m❯[22m transformWithOxc node_modules/.pnpm/vite@8.3.2_@types+node@26.6.4_esbuild@0.28.2_tsx@4.23.15/node_modules/vite/dist/node/chunks/node.js:[2m7581:19[22m[39m
[90m [2m❯[22m TransformPluginContext.transform node_modules/.pnpm/vite@8.3.2_@types+node@26.6.4_esbuild@0.28.2_tsx@4.23.15/node_modules/vite/dist/node/chunks/node.js:[2m7653:26[22m[39m
[90m [2m❯[22m EnvironmentPluginContainer.transform node_modules/.pnpm/vite@8.3.2_@types+node@26.6.4_esbuild@0.28.2_tsx@4.23.15/node_modules/vite/dist/node/chunks/node.js:[2m8545:51[22m[39m
[90m [2m❯[22m loadAndTransform node_modules/.pnpm/vite@8.3.2_@types+node@26.6.4_esbuild@0.28.2_tsx@4.23.15/node_modules/vite/dist/node/chunks/node.js:[2m19988:26[22m[39m

[31m[2m⎯⎯⎯⎯⎯⎯⎯⎯⎯⎯⎯⎯⎯⎯⎯⎯⎯⎯⎯⎯⎯⎯⎯⎯[1/2]⎯[22m[39m

[41m[1m FAIL [22m[49m tests/integration/contracts.test.ts[2m [ tests/integration/contracts.test.ts ][22m
[31m[1mError[22m: API readiness did not succeed within 20 seconds[39m
[36m [2m❯[22m tests/integration/contracts.test.ts:[2m8:273[22m[39m


[31m[2m⎯⎯⎯⎯⎯⎯⎯⎯⎯⎯⎯⎯⎯⎯⎯⎯⎯⎯⎯⎯⎯⎯⎯⎯[2/2]⎯[22m[39m


[2m Test Files [22m [1m[31m2 failed[39m[22m[90m (2)[39m
[2m      Tests [22m [33m5 skipped[39m[90m (5)[39m
[2m   Start at [22m 19:46:54
[2m   Duration [22m 21.46s[2m (tests 99%, import 1%)[22m


