 Container haven-integration-tests-run-8619bd06c26a Creating 
 Container haven-integration-tests-run-8619bd06c26a Created 

Running 6 tests using 1 worker

  ✓  1 [desktop] › tests/e2e/favorites.spec.ts:11:1 › A02 guest save returns to the intended property once after login; persistence and another user isolation (16.3s)
  ✓  2 [desktop] › tests/e2e/favorites.spec.ts:20:1 › A02 failed add/remove rolls back optimistic hearts; duplicate clicks write once and refresh persists (10.5s)
  ✘  3 [desktop] › tests/e2e/favorites.spec.ts:31:1 › A02 expired save resumes once through standard sign-in and clears stale private state (18.4s)
  ✓  4 [mobile] › tests/e2e/favorites.spec.ts:11:1 › A02 guest save returns to the intended property once after login; persistence and another user isolation (8.4s)
  ✓  5 [mobile] › tests/e2e/favorites.spec.ts:20:1 › A02 failed add/remove rolls back optimistic hearts; duplicate clicks write once and refresh persists (9.5s)
  ✘  6 [mobile] › tests/e2e/favorites.spec.ts:31:1 › A02 expired save resumes once through standard sign-in and clears stale private state (18.2s)


  1) [desktop] › tests/e2e/favorites.spec.ts:31:1 › A02 expired save resumes once through standard sign-in and clears stale private state 

    TypeError: Cannot read properties of undefined (reading 'version')

       8 | const id='10000000-0000-4000-8000-000000002000',origin='http://localhost:8088';
       9 | async function state(page:any){return (await (await page.request.get('/api/v1/me/favorites/'+id)).json()).data;}
    > 10 | async function remove(page:any){const current=await state(page);const response=await page.request.delete('/api/v1/me/favorites/'+id,{headers:{Origin:origin,'Idempotency-Key':crypto.randomUUID()},data:{version:current.version,listingVersion:current.listingVersion}});expect(response.ok()).toBe(true);}
         |                                                                                                                                                                                                                          ^
      11 | test('A02 guest save returns to the intended property once after login; persistence and another user isolation',async({page})=>{
      12 |  await login(page,'buyer');await remove(page);const buyer=(await(await page.request.get('/api/v1/me')).json()).data.id;const count=async()=>Number((await fixtures.query("SELECT count(*) n FROM audit_events WHERE actor_id=$1 AND resource_id=$2 AND action='favorite.saved'",[buyer,id])).rows[0].n),before=await count();
      13 |  try{
        at remove (/workspace/tests/e2e/favorites.spec.ts:10:218)
        at /workspace/tests/e2e/favorites.spec.ts:33:385

    attachment #1: screenshot (image/png) ──────────────────────────────────────────────────────────
    test-results/favorites-A02-expired-save-ff79c--clears-stale-private-state-desktop/test-failed-1.png
    ────────────────────────────────────────────────────────────────────────────────────────────────

    Error Context: test-results/favorites-A02-expired-save-ff79c--clears-stale-private-state-desktop/error-context.md

    Error Context: test-results/favorites-A02-expired-save-ff79c--clears-stale-private-state-desktop/error-context.md

    attachment #4: trace (application/zip) ─────────────────────────────────────────────────────────
    test-results/favorites-A02-expired-save-ff79c--clears-stale-private-state-desktop/trace.zip
    Usage:

        pnpm exec playwright show-trace test-results/favorites-A02-expired-save-ff79c--clears-stale-private-state-desktop/trace.zip

    ────────────────────────────────────────────────────────────────────────────────────────────────

  2) [mobile] › tests/e2e/favorites.spec.ts:31:1 › A02 expired save resumes once through standard sign-in and clears stale private state 

    TypeError: Cannot read properties of undefined (reading 'version')

       8 | const id='10000000-0000-4000-8000-000000002000',origin='http://localhost:8088';
       9 | async function state(page:any){return (await (await page.request.get('/api/v1/me/favorites/'+id)).json()).data;}
    > 10 | async function remove(page:any){const current=await state(page);const response=await page.request.delete('/api/v1/me/favorites/'+id,{headers:{Origin:origin,'Idempotency-Key':crypto.randomUUID()},data:{version:current.version,listingVersion:current.listingVersion}});expect(response.ok()).toBe(true);}
         |                                                                                                                                                                                                                          ^
      11 | test('A02 guest save returns to the intended property once after login; persistence and another user isolation',async({page})=>{
      12 |  await login(page,'buyer');await remove(page);const buyer=(await(await page.request.get('/api/v1/me')).json()).data.id;const count=async()=>Number((await fixtures.query("SELECT count(*) n FROM audit_events WHERE actor_id=$1 AND resource_id=$2 AND action='favorite.saved'",[buyer,id])).rows[0].n),before=await count();
      13 |  try{
        at remove (/workspace/tests/e2e/favorites.spec.ts:10:218)
        at /workspace/tests/e2e/favorites.spec.ts:33:385

    attachment #1: screenshot (image/png) ──────────────────────────────────────────────────────────
    test-results/favorites-A02-expired-save-ff79c--clears-stale-private-state-mobile/test-failed-1.png
    ────────────────────────────────────────────────────────────────────────────────────────────────

    Error Context: test-results/favorites-A02-expired-save-ff79c--clears-stale-private-state-mobile/error-context.md

    Error Context: test-results/favorites-A02-expired-save-ff79c--clears-stale-private-state-mobile/error-context.md

    attachment #4: trace (application/zip) ─────────────────────────────────────────────────────────
    test-results/favorites-A02-expired-save-ff79c--clears-stale-private-state-mobile/trace.zip
    Usage:

        pnpm exec playwright show-trace test-results/favorites-A02-expired-save-ff79c--clears-stale-private-state-mobile/trace.zip

    ────────────────────────────────────────────────────────────────────────────────────────────────

  2 failed
    [desktop] › tests/e2e/favorites.spec.ts:31:1 › A02 expired save resumes once through standard sign-in and clears stale private state 
    [mobile] › tests/e2e/favorites.spec.ts:31:1 › A02 expired save resumes once through standard sign-in and clears stale private state 
  4 passed (1.4m)

