 Container haven-integration-tests-run-29e753f3c810 Creating 
 Container haven-integration-tests-run-29e753f3c810 Created 

[1m[30m[46m RUN [49m[39m[22m [36mv5.0.3 [39m[90m/workspace[39m

 [31m❯[39m tests/integration/browsing-history.test.ts [2m([22m[2m1 test[22m[2m | [22m[31m1 failed[39m[2m)[22m[32m 137[2mms[22m[39m
[31m   [31m×[31m A03 history is opt-in, versioned, removable/clearable and scoped; archived favorites/history stay unavailable without private fields[39m[32m 135[2mms[22m[39m
 [32m✓[39m tests/integration/contracts.test.ts [2m([22m[2m5 tests[22m[2m)[22m[33m 333[2mms[22m[39m
 [32m✓[39m tests/integration/favorites.test.ts [2m([22m[2m1 test[22m[2m)[22m[32m 192[2mms[22m[39m

[31m⎯⎯⎯⎯⎯⎯⎯[39m[1m[41m Failed Tests 1 [49m[22m[31m⎯⎯⎯⎯⎯⎯⎯[39m

[41m[1m FAIL [22m[49m tests/integration/browsing-history.test.ts[2m > [22mA03 history is opt-in, versioned, removable/clearable and scoped; archived favorites/history stay unavailable without private fields
[31m[1mAssertionError[22m: expected { data: { enabled: true, …(2) } } to deeply equal { data: { enabled: true, …(2) } }[39m

[32m- Expected[39m
[31m+ Received[39m

[33m@@ -46,11 +46,11 @@[39m
[2m            "title": "History public fixture",[22m
[2m            "tourAvailable": false,[22m
[2m            "transaction": "sale",[22m
[2m            "version": 1,[22m
[2m          },[22m
[32m-         "viewedAt": 2026-10-05T20:17:27.521Z,[39m
[31m+         "viewedAt": "2026-10-05T20:17:27.521Z",[39m
[2m        },[22m
[2m      ],[22m
[2m      "version": 2,[22m
[2m    },[22m
[2m  }[22m

[36m [2m❯[22m tests/integration/browsing-history.test.ts:[2m18:440[22m[39m


[31m[2m⎯⎯⎯⎯⎯⎯⎯⎯⎯⎯⎯⎯⎯⎯⎯⎯⎯⎯⎯⎯⎯⎯⎯⎯[1/1]⎯[22m[39m


[2m Test Files [22m [1m[31m1 failed[39m[22m[2m | [22m[1m[32m2 passed[39m[22m[90m (3)[39m
[2m      Tests [22m [1m[31m1 failed[39m[22m[2m | [22m[1m[32m6 passed[39m[22m[90m (7)[39m
[2m   Start at [22m 20:17:26
[2m   Duration [22m 2.70s[2m (import 64%, tests 28%, transform 8%, worker 1%)[22m


