 Container haven-integration-tests-run-a5e8924c4291 Creating 
 Container haven-integration-tests-run-a5e8924c4291 Created 

[1m[30m[46m RUN [49m[39m[22m [36mv5.0.3 [39m[90m/workspace[39m

 [32m✓[39m tests/integration/notifications.test.ts [2m([22m[2m5 tests[22m[2m)[22m[33m 1578[2mms[22m[39m
   [33m[2m✓[22m[39m A05 a real publication worker plans one daily digest; BullMQ delivers one provider-accepted email and one in-app notification; replay stays deduplicated[33m 813[2mms[22m[39m
 [32m✓[39m tests/unit/contracts.test.ts [2m([22m[2m11 tests[22m[2m)[22m[32m 28[2mms[22m[39m
 [32m✓[39m tests/integration/contracts.test.ts [2m([22m[2m5 tests[22m[2m)[22m[33m 455[2mms[22m[39m
 [31m❯[39m tests/unit/notification-provider.test.ts [2m([22m[2m2 tests[22m[2m | [22m[31m1 failed[39m[2m)[22m[32m 29[2mms[22m[39m
   [32m✓[39m A05 service signatures bind method, path, canonical body and freshness[32m 7[2mms[22m[39m
[31m   [31m×[31m A05 production denies development mail fallback and requires truthful idempotent provider receipts[39m[32m 20[2mms[22m[39m
 [32m✓[39m tests/unit/spatial-media.test.ts [2m([22m[2m6 tests[22m[2m)[22m[32m 20[2mms[22m[39m
 [32m✓[39m tests/unit/fixtures.test.ts [2m([22m[2m3 tests[22m[2m)[22m[32m 60[2mms[22m[39m
 [32m✓[39m tests/unit/visual-policy.test.ts [2m([22m[2m2 tests[22m[2m)[22m[32m 15[2mms[22m[39m
 [32m✓[39m tests/unit/tour-input.test.ts [2m([22m[2m3 tests[22m[2m)[22m[32m 6[2mms[22m[39m
 [32m✓[39m tests/unit/observability.test.ts [2m([22m[2m2 tests[22m[2m)[22m[32m 6[2mms[22m[39m
 [32m✓[39m tests/unit/reference.test.ts [2m([22m[2m3 tests[22m[2m)[22m[32m 6[2mms[22m[39m

[31m⎯⎯⎯⎯⎯⎯⎯[39m[1m[41m Failed Tests 1 [49m[22m[31m⎯⎯⎯⎯⎯⎯⎯[39m

[41m[1m FAIL [22m[49m tests/unit/notification-provider.test.ts[2m > [22mA05 production denies development mail fallback and requires truthful idempotent provider receipts
[31m[1mAssertionError[22m: expected { status: 'accepted', …(1) } to deeply equal { messageId: 'provider-ref' }[39m

[32m- Expected[39m
[31m+ Received[39m

[2m  {[22m
[2m    "messageId": "provider-ref",[22m
[31m+   "status": "accepted",[39m
[2m  }[22m

[36m [2m❯[22m tests/unit/notification-provider.test.ts:[2m12:586[22m[39m


[31m[2m⎯⎯⎯⎯⎯⎯⎯⎯⎯⎯⎯⎯⎯⎯⎯⎯⎯⎯⎯⎯⎯⎯⎯⎯[1/1]⎯[22m[39m


[2m Test Files [22m [1m[31m1 failed[39m[22m[2m | [22m[1m[32m9 passed[39m[22m[90m (10)[39m
[2m      Tests [22m [1m[31m1 failed[39m[22m[2m | [22m[1m[32m41 passed[39m[22m[90m (42)[39m
[2m   Start at [22m 21:06:13
[2m   Duration [22m 5.67s[2m (tests 52%, import 39%, transform 8%, worker 1%)[22m

[2m    Isolate [22m [33m10 workers spawned[39m[2m · ~132ms startup each (spawn + environment, per file)[22m
[2m            [22m [2mat least ~1.19s faster with [22m[33misolate: false[39m[2m — reuses workers across files instead of one per file[22m


