 Container haven-integration-tests-run-b2d90acd6ebb Creating 
 Container haven-integration-tests-run-b2d90acd6ebb Created 

[1m[30m[46m RUN [49m[39m[22m [36mv5.0.3 [39m[90m/workspace[39m

 [32m✓[39m tests/integration/notifications.test.ts [2m([22m[2m6 tests[22m[2m)[22m[33m 1690[2mms[22m[39m
   [33m[2m✓[22m[39m A05 a real publication worker plans one daily digest; BullMQ delivers one provider-accepted email and one in-app notification; replay stays deduplicated[33m 738[2mms[22m[39m
 [32m✓[39m tests/integration/contracts.test.ts [2m([22m[2m5 tests[22m[2m)[22m[32m 295[2mms[22m[39m
 [32m✓[39m tests/unit/fixtures.test.ts [2m([22m[2m3 tests[22m[2m)[22m[32m 33[2mms[22m[39m
 [32m✓[39m tests/unit/contracts.test.ts [2m([22m[2m11 tests[22m[2m)[22m[32m 22[2mms[22m[39m
 [32m✓[39m tests/unit/notification-provider.test.ts [2m([22m[2m2 tests[22m[2m)[22m[32m 17[2mms[22m[39m
 [32m✓[39m tests/unit/spatial-media.test.ts [2m([22m[2m6 tests[22m[2m)[22m[32m 14[2mms[22m[39m
 [32m✓[39m tests/unit/visual-policy.test.ts [2m([22m[2m2 tests[22m[2m)[22m[32m 14[2mms[22m[39m
 [32m✓[39m tests/unit/tour-input.test.ts [2m([22m[2m3 tests[22m[2m)[22m[32m 4[2mms[22m[39m
 [32m✓[39m tests/unit/reference.test.ts [2m([22m[2m3 tests[22m[2m)[22m[32m 5[2mms[22m[39m
 [32m✓[39m tests/unit/observability.test.ts [2m([22m[2m2 tests[22m[2m)[22m[32m 4[2mms[22m[39m

[2m Test Files [22m [1m[32m10 passed[39m[22m[90m (10)[39m
[2m      Tests [22m [1m[32m43 passed[39m[22m[90m (43)[39m
[2m   Start at [22m 21:08:02
[2m   Duration [22m 4.88s[2m (tests 55%, import 36%, transform 8%, worker 1%)[22m

[2m    Isolate [22m [33m10 workers spawned[39m[2m · ~97ms startup each (spawn + environment, per file)[22m
[2m            [22m [2mat least ~875ms faster with [22m[33misolate: false[39m[2m — reuses workers across files instead of one per file[22m

