 Container haven-api-run-dcba19db2e14 Creating 
 Container haven-api-run-dcba19db2e14 Created 

> haven-real-estate@0.1.0 contracts:models /workspace
> node scripts/generate-models.mjs

Generated 76 model schemas; no database values exported.
 Container haven-api-run-76f5284929f2 Creating 
 Container haven-api-run-76f5284929f2 Created 

> haven-real-estate@0.1.0 contracts:generate /workspace
> node scripts/generate-contracts.mjs && tsx scripts/generate-openapi.ts

Generated 201 typed API operations.
Generated OpenAPI from canonical schemas
 Container haven-api-run-df73ac45e669 Creating 
 Container haven-api-run-df73ac45e669 Created 

> haven-real-estate@0.1.0 lint /workspace
> eslint . && node scripts/boundaries.mjs

Application import boundaries passed
 Container haven-api-run-b0a55a71ef6d Creating 
 Container haven-api-run-b0a55a71ef6d Created 

> haven-real-estate@0.1.0 typecheck /workspace
> pnpm -r typecheck

Scope: 9 of 10 workspace projects
packages/contracts typecheck$ tsc --noEmit
packages/config typecheck$ tsc --noEmit
packages/database typecheck$ tsc --noEmit
packages/test-support typecheck$ tsc --noEmit
packages/test-support typecheck: Done
packages/config typecheck: Done
packages/database typecheck: Done
packages/contracts typecheck: Done
apps/api typecheck$ tsc --noEmit
apps/worker typecheck$ tsc --noEmit
packages/ui typecheck$ tsc --noEmit
apps/worker typecheck: Done
packages/ui typecheck: Done
apps/api typecheck: Done
apps/ops typecheck$ tsc --noEmit
apps/web typecheck$ tsc --noEmit
apps/ops typecheck: Done
apps/web typecheck: Done
