 Container haven-api-run-2f4db73e22db Creating 
 Container haven-api-run-2f4db73e22db Created 

> haven-real-estate@0.1.0 db:migrate /workspace
> tsx packages/database/src/migrate.ts

Applied 077-agency-invitation-decision-reason.sql
 Container haven-integration-api-run-1724c8e7e658 Creating 
 Container haven-integration-api-run-1724c8e7e658 Created 

> haven-real-estate@0.1.0 db:migrate /workspace
> tsx packages/database/src/migrate.ts

Applied 077-agency-invitation-decision-reason.sql
 Container haven-api-run-32416b722dd0 Creating 
 Container haven-api-run-32416b722dd0 Created 

> haven-real-estate@0.1.0 db:migrate /workspace
> tsx packages/database/src/migrate.ts

Applied 078-identity-consumer-bootstrap.sql
 Container haven-integration-api-run-ef029444f35f Creating 
 Container haven-integration-api-run-ef029444f35f Created 

> haven-real-estate@0.1.0 db:migrate /workspace
> tsx packages/database/src/migrate.ts

Applied 078-identity-consumer-bootstrap.sql
