 Container haven-tests-run-4a0a0dd50c6c Creating 
 Container haven-tests-run-4a0a0dd50c6c Created 

> @haven/web@0.1.0 build /workspace/apps/web
> next build

▲ Next.js 16.3.8 (Turbopack)
✓ Running next.config.ts took 23ms

  Creating an optimized production build ...
✓ Compiled successfully in 3.1s
  Running TypeScript ...
  Finished TypeScript in 6.4s ...
  Collecting page data using 5 workers ...
  Generating static pages using 5 workers (0/2) ...
✓ Generating static pages using 5 workers (2/2) in 430ms
  Finalizing page optimization ...

Route (app)
┌ ○ /_not-found
├ ƒ /[[...path]]
└ ƒ /api/[...path]


○  (Static)   prerendered as static content
ƒ  (Dynamic)  server-rendered on demand

