Local environment and identity fixtures ready. Account credentials: infra/generated/integration/personas.md
 Container haven-integration-proxy-1 Stopping
 Container haven-integration-worker-1 Stopping
 Container haven-integration-proxy-1 Stopped
 Container haven-integration-proxy-1 Removing
 Container haven-integration-worker-1 Stopped
 Container haven-integration-worker-1 Removing
 Container haven-integration-proxy-1 Removed
 Container haven-integration-ops-1 Stopping
 Container haven-integration-web-1 Stopping
 Container haven-integration-worker-1 Removed
 Container haven-integration-search-1 Stopping
 Container haven-integration-mail-1 Stopping
 Container haven-integration-cache-1 Stopping
 Container haven-integration-ops-1 Stopped
 Container haven-integration-ops-1 Removing
 Container haven-integration-ops-1 Removed
 Container haven-integration-web-1 Stopped
 Container haven-integration-web-1 Removing
 Container haven-integration-cache-1 Stopped
 Container haven-integration-cache-1 Removing
 Container haven-integration-search-1 Stopped
 Container haven-integration-search-1 Removing
 Container haven-integration-web-1 Removed
 Container haven-integration-api-1 Stopping
 Container haven-integration-mail-1 Stopped
 Container haven-integration-mail-1 Removing
 Container haven-integration-search-1 Removed
 Container haven-integration-api-1 Stopped
 Container haven-integration-api-1 Removing
 Container haven-integration-mail-1 Removed
 Container haven-integration-cache-1 Removed
 Container haven-integration-api-1 Removed
 Container haven-integration-identity-1 Stopping
 Container haven-integration-storage-1 Stopping
 Container haven-integration-scanner-1 Stopping
 Container haven-integration-migrate-1 Stopping
 Container haven-integration-migrate-1 Stopped
 Container haven-integration-migrate-1 Removing
 Container haven-integration-migrate-1 Removed
 Container haven-integration-install-1 Stopping
 Container haven-integration-install-1 Stopped
 Container haven-integration-install-1 Removing
 Container haven-integration-scanner-1 Stopped
 Container haven-integration-scanner-1 Removing
 Container haven-integration-install-1 Removed
 Container haven-integration-identity-1 Stopped
 Container haven-integration-identity-1 Removing
 Container haven-integration-scanner-1 Removed
 Container haven-integration-identity-1 Removed
 Container haven-integration-db-1 Stopping
 Container haven-integration-db-1 Stopped
 Container haven-integration-db-1 Removing
 Container haven-integration-db-1 Removed
 Container haven-integration-storage-1 Stopped
 Container haven-integration-storage-1 Removing
 Container haven-integration-storage-1 Removed
 Volume haven-integration_packages-test-support-dependencies Removing
 Volume haven-integration_packages-contracts-dependencies Removing
 Volume haven-integration_apps-web-dependencies Removing
 Volume haven-integration_apps-ops-dependencies Removing
 Volume haven-integration_virus-signatures Removing
 Volume haven-integration_database Removing
 Volume haven-integration_packages-ui-dependencies Removing
 Volume haven-integration_cache Removing
 Volume haven-integration_search Removing
 Volume haven-integration_packages-database-dependencies Removing
 Network haven-integration_private Removing
 Volume haven-integration_mail-data Removing
 Volume haven-integration_objects Removing
 Volume haven-integration_packages-config-dependencies Removing
 Volume haven-integration_apps-worker-dependencies Removing
 Volume haven-integration_packages-contracts-dependencies Removed
 Volume haven-integration_apps-api-dependencies Removing
 Volume haven-integration_packages-test-support-dependencies Removed
 Volume haven-integration_dependencies Removing
 Volume haven-integration_search Removed
 Volume haven-integration_apps-ops-dependencies Removed
 Volume haven-integration_apps-web-dependencies Removed
 Volume haven-integration_database Removed
 Volume haven-integration_cache Removed
 Volume haven-integration_apps-api-dependencies Removed
 Volume haven-integration_packages-database-dependencies Removed
 Volume haven-integration_packages-ui-dependencies Removed
 Volume haven-integration_virus-signatures Removed
 Volume haven-integration_mail-data Removed
 Volume haven-integration_packages-config-dependencies Removed
 Volume haven-integration_objects Removed
 Volume haven-integration_apps-worker-dependencies Removed
 Network haven-integration_private Removed
 Volume haven-integration_dependencies Removed
 Image haven-integration-install Building
 Image haven-integration-ops Building
 Image haven-integration-migrate Building
 Image haven-integration-api Building
 Image haven-integration-worker Building
 Image haven-integration-tests Building
 Image haven-integration-web Building
#1 [internal] load local bake definitions
#1 reading from stdin 3.56kB done
#1 DONE 0.0s

#2 [tests internal] load build definition from Dockerfile.dev
#2 transferring dockerfile: 1.33kB done
#2 DONE 0.0s

#3 [web internal] load metadata for docker.io/library/node:24.21.0-bookworm-slim@sha256:0e0ff40c39bc087845bfb27465a0df4ea419520094bc35842ff83dd8cbe6f9b6
#3 ...

#4 [auth] library/node:pull token for registry-1.docker.io
#4 DONE 0.0s

#3 [web internal] load metadata for docker.io/library/node:24.21.0-bookworm-slim@sha256:0e0ff40c39bc087845bfb27465a0df4ea419520094bc35842ff83dd8cbe6f9b6
#3 DONE 2.7s

#5 [migrate internal] load .dockerignore
#5 transferring context: 192B done
#5 DONE 0.0s

#6 [tests dependencies  1/15] FROM docker.io/library/node:24.21.0-bookworm-slim@sha256:0e0ff40c39bc087845bfb27465a0df4ea419520094bc35842ff83dd8cbe6f9b6
#6 resolve docker.io/library/node:24.21.0-bookworm-slim@sha256:0e0ff40c39bc087845bfb27465a0df4ea419520094bc35842ff83dd8cbe6f9b6 0.0s done
#6 DONE 0.0s

#7 [worker internal] load build context
#7 transferring context: 59.07MB 0.4s done
#7 DONE 0.4s

#8 [api dependencies  3/15] RUN npm install --global pnpm@10.32.1
#8 CACHED

#9 [api dependencies  2/15] RUN apt-get update && apt-get install -y --no-install-recommends ffmpeg=7:5.1.9-0+deb12u1 && rm -rf /var/lib/apt/lists/*
#9 CACHED

#10 [ops dependencies  4/15] WORKDIR /workspace
#10 CACHED

#11 [install dependencies  5/15] COPY package.json pnpm-lock.yaml pnpm-workspace.yaml ./
#11 DONE 0.1s

#12 [tests dependencies  6/15] COPY apps/api/package.json ./apps/api/package.json
#12 DONE 0.1s

#13 [tests dependencies  7/15] COPY apps/web/package.json ./apps/web/package.json
#13 DONE 0.2s

#14 [api dependencies  8/15] COPY apps/ops/package.json ./apps/ops/package.json
#14 DONE 0.1s

#15 [install dependencies  9/15] COPY apps/worker/package.json ./apps/worker/package.json
#15 DONE 0.1s

#16 [worker dependencies 10/15] COPY packages/config/package.json ./packages/config/package.json
#16 DONE 0.1s

#17 [api dependencies 11/15] COPY packages/contracts/package.json ./packages/contracts/package.json
#17 DONE 0.1s

#18 [install dependencies 12/15] COPY packages/database/package.json ./packages/database/package.json
#18 DONE 0.1s

#19 [worker dependencies 13/15] COPY packages/ui/package.json ./packages/ui/package.json
#19 DONE 0.1s

#20 [tests dependencies 14/15] COPY packages/test-support/package.json ./packages/test-support/package.json
#20 DONE 0.1s

#21 [worker dependencies 15/15] RUN --mount=type=cache,target=/root/.local/share/pnpm/store pnpm install --frozen-lockfile
#21 0.758 Scope: all 10 workspace projects
#21 0.811 Lockfile is up to date, resolution step is skipped
#21 0.845 Progress: resolved 1, reused 0, downloaded 0, added 0
#21 0.932 Packages: +301
#21 0.932 ++++++++++++++++++++++++++++++++++++++++++++++++++++++++++++++++++++++++++++++++
#21 1.846 Progress: resolved 301, reused 301, downloaded 0, added 271
#21 2.847 Progress: resolved 301, reused 301, downloaded 0, added 300
#21 3.603 Progress: resolved 301, reused 301, downloaded 0, added 301, done
#21 4.068
#21 4.068 devDependencies:
#21 4.068 + @axe-core/playwright 4.13.0
#21 4.068 + @eslint/js 10.0.1
#21 4.068 + @playwright/test 1.63.0
#21 4.068 + @types/node 26.6.4
#21 4.068 + @types/nodemailer 8.0.2
#21 4.068 + @types/pg 8.23.1
#21 4.068 + @types/react 19.3.0
#21 4.068 + @types/react-dom 19.3.0
#21 4.068 + eslint 10.12.0
#21 4.068 + tsx 4.23.15
#21 4.068 + typescript 6.0.2
#21 4.068 + typescript-eslint 8.71.0
#21 4.068 + vitest 5.0.3
#21 4.068
#21 4.092 ╭ Warning ─────────────────────────────────────────────────────────────────────╮
#21 4.092 │                                                                              │
#21 4.092 │   Ignored build scripts: @scarf/scarf@1.4.0, msgpackr-extract@3.0.4.         │
#21 4.092 │   Run "pnpm approve-builds" to pick which dependencies should be allowed     │
#21 4.092 │   to run scripts.                                                            │
#21 4.092 │                                                                              │
#21 4.092 ╰──────────────────────────────────────────────────────────────────────────────╯
#21 4.111 Done in 3.8s using pnpm v10.32.1
#21 4.582
#21 4.582    ╭─────────────────────────────────────────╮
#21 4.582    │                                         │
#21 4.582    │   Update available! 10.32.1 → 12.9.1.   │
#21 4.582    │   Changelog: https://pnpm.io/v/12.9.1   │
#21 4.582    │    To update, run: pnpm add -g pnpm     │
#21 4.582    │                                         │
#21 4.582    ╰─────────────────────────────────────────╯
#21 4.582
#21 DONE 4.8s

#22 [migrate development 1/1] COPY . .
#22 DONE 0.5s

#23 [api] exporting to image
#23 exporting layers
#23 ...

#24 [tests browser 1/1] RUN pnpm exec playwright install --with-deps --only-shell chromium
#24 1.346 Installing dependencies...
#24 1.998 Get:1 http://deb.debian.org/debian bookworm InRelease [151 kB]
#24 3.447 Get:2 http://deb.debian.org/debian bookworm-updates InRelease [55.4 kB]
#24 4.056 Get:3 http://deb.debian.org/debian-security bookworm-security InRelease [34.8 kB]
#24 5.824 Get:4 http://deb.debian.org/debian bookworm/main amd64 Packages [8790 kB]
#24 ...

#25 [migrate] exporting to image
#25 ...

#26 [worker] exporting to image
#26 ...

#27 [install] exporting to image
#27 ...

#28 [web] exporting to image
#28 ...

#29 [ops] exporting to image
#29 ...

#25 [migrate] exporting to image
#25 exporting layers 21.4s done
#25 exporting manifest sha256:95bdeb13134fdd0296c6e27fd7eed4c841c2df87de8f869ee528dd624ceac488
#25 exporting manifest sha256:95bdeb13134fdd0296c6e27fd7eed4c841c2df87de8f869ee528dd624ceac488 0.2s done
#25 exporting config sha256:f34dce819dcf5cda4e130a0cafefee377d47aab20ea429e037761b3ccc4f734a
#25 exporting config sha256:f34dce819dcf5cda4e130a0cafefee377d47aab20ea429e037761b3ccc4f734a 0.2s done
#25 exporting attestation manifest sha256:0a8819495f1bfcd999d5cea68bc838615a92faa5e29288a48f6b7358c31ea7c2
#25 exporting attestation manifest sha256:0a8819495f1bfcd999d5cea68bc838615a92faa5e29288a48f6b7358c31ea7c2 0.5s done
#25 exporting manifest list sha256:3562ad18257510e761470dce1b6b23612d2ea1bf04eda16bb590c11701f51e8a
#25 exporting manifest list sha256:3562ad18257510e761470dce1b6b23612d2ea1bf04eda16bb590c11701f51e8a 0.2s done
#25 naming to docker.io/library/haven-integration-migrate:latest 0.1s done
#25 unpacking to docker.io/library/haven-integration-migrate:latest
#25 ...

#27 [install] exporting to image
#27 exporting layers 21.4s done
#27 exporting manifest sha256:96a400c7a42b62c955c09711d919040ce6179303a0c442e09bb20cf1139c0453 0.2s done
#27 exporting config sha256:ad01779904d5486fa0524c1c695cd422af3d97eb6d4bd0dca65a1b59e0c9ca0f 0.2s done
#27 exporting attestation manifest sha256:df190073d4171ee3097ba41c44ae7512f992116fb1d5626f8ecdffe115e6ec8e 0.5s done
#27 exporting manifest list sha256:3b261c354ced7a01bc9614d97671a840ec43bdcd32f61fec2ae9604475b5a8a7 0.2s done
#27 naming to docker.io/library/haven-integration-install:latest 0.0s done
#27 unpacking to docker.io/library/haven-integration-install:latest
#27 ...

#28 [web] exporting to image
#28 exporting layers 21.4s done
#28 exporting manifest sha256:446e7bc9eab036ac860b4a15376febc4677a6a1c388da8ccb472d204ce79dc3c 0.2s done
#28 exporting config sha256:650ab628315bb18969ffd0ce266369dbc03f9b97a84e15721ccd7166c1b7364f 0.2s done
#28 exporting attestation manifest sha256:5ee1242ae7a5fe6d67ee1357f250fb9d9eb6f08df965ba676579797120fdfe63 0.4s done
#28 exporting manifest list sha256:e76f9430f96ae18e95c250203fefa2b64b583dd10d903350b5014e93757d5b85 0.2s done
#28 naming to docker.io/library/haven-integration-web:latest 0.1s done
#28 unpacking to docker.io/library/haven-integration-web:latest
#28 ...

#23 [api] exporting to image
#23 exporting layers 21.4s done
#23 exporting manifest sha256:fcfaaff71dc27d79ab1fb9cd1aa3326baaa84e000b0e0b9fd9e0c184f60324b7 0.2s done
#23 exporting config sha256:f1acf9f8d2da04db4e62fef01ae63be307862acba4228a62ad5320b1e4ed7262 0.2s done
#23 exporting attestation manifest sha256:666b26e0ce643a71caafe577f227beea8ddc14b6e68acc3f59d91e96b057dd1b 0.5s done
#23 exporting manifest list sha256:d6e7bafe91b72779d2d002c94a1b47ac6d2ec74915d182d3fd933bf248b87b6c 0.2s done
#23 naming to docker.io/library/haven-integration-api:latest 0.0s done
#23 unpacking to docker.io/library/haven-integration-api:latest
#23 ...

#29 [ops] exporting to image
#29 exporting layers 21.4s done
#29 exporting manifest sha256:acfe8371e2df524fe9b2045aa0ab697d58d9ea0f32e5b93b9e0f9d656a9c6506 0.2s done
#29 exporting config sha256:50947869b9ca7da5dcba02c0e3d7e835babe1ae04ec658d0159f926741290a54 0.2s done
#29 exporting attestation manifest sha256:8139a79c9d2c04d26cd0b63d52986648bf869943815ecea71be8de31cdc3e8bd 0.5s done
#29 exporting manifest list sha256:6e49ae73331e4aed155427a7f38b6245be50945469e9968c07f613180e062681 0.2s done
#29 naming to docker.io/library/haven-integration-ops:latest 0.0s done
#29 unpacking to docker.io/library/haven-integration-ops:latest
#29 ...

#26 [worker] exporting to image
#26 exporting layers 21.4s done
#26 exporting manifest sha256:fe44961c115dab0ef3d504b84863c64b86f8623dbab56e2eb4d7ddcd3e32f2e0 0.2s done
#26 exporting config sha256:3d55c75090e526295a69d582d6a6d74561b692b128ec2e0ac6864d1523a233bd 0.2s done
#26 exporting attestation manifest sha256:ef66dff4460c23bfc2b472030e334afb794c29dc60ef3edaaa0677b1d26a5608 0.5s done
#26 exporting manifest list sha256:d95a3f582147bb29afd2c52d9b18d26d30740fe021493841e564a16c0a343337 0.2s done
#26 naming to docker.io/library/haven-integration-worker:latest 0.0s done
#26 unpacking to docker.io/library/haven-integration-worker:latest
#26 unpacking to docker.io/library/haven-integration-worker:latest 11.2s done
#26 DONE 34.1s

#25 [migrate] exporting to image
#25 unpacking to docker.io/library/haven-integration-migrate:latest 11.3s done
#25 DONE 34.1s

#27 [install] exporting to image
#27 unpacking to docker.io/library/haven-integration-install:latest 11.3s done
#27 DONE 34.1s

#29 [ops] exporting to image
#29 unpacking to docker.io/library/haven-integration-ops:latest 11.3s done
#29 DONE 34.1s

#28 [web] exporting to image
#28 unpacking to docker.io/library/haven-integration-web:latest 11.3s done
#28 DONE 34.1s

#23 [api] exporting to image
#23 unpacking to docker.io/library/haven-integration-api:latest 11.3s done
#23 DONE 34.1s

#24 [tests browser 1/1] RUN pnpm exec playwright install --with-deps --only-shell chromium
#24 ...

#30 [worker] resolving provenance for metadata file
#30 DONE 0.4s

#31 [install] resolving provenance for metadata file
#31 DONE 0.3s

#32 [migrate] resolving provenance for metadata file
#32 DONE 0.4s

#33 [web] resolving provenance for metadata file
#33 DONE 0.2s

#34 [api] resolving provenance for metadata file
#34 DONE 0.1s

#35 [ops] resolving provenance for metadata file
#35 DONE 0.0s

#24 [tests browser 1/1] RUN pnpm exec playwright install --with-deps --only-shell chromium
#24 35.90 Ign:4 http://deb.debian.org/debian bookworm/main amd64 Packages
#24 36.51 Get:5 http://deb.debian.org/debian bookworm-updates/main amd64 Packages [6924 B]
#24 36.89 Get:6 http://deb.debian.org/debian-security bookworm-security/main amd64 Packages [349 kB]
#24 38.60 Get:4 http://deb.debian.org/debian bookworm/main amd64 Packages [8790 kB]
#24 44.54 Fetched 9336 kB in 43s (216 kB/s)
#24 44.54 Reading package lists...
#24 44.99 Reading package lists...
#24 45.43 Building dependency tree...
#24 45.52 Reading state information...
#24 45.63 libasound2 is already the newest version (1.2.8-1+b1).
#24 45.63 libasound2 set to manually installed.
#24 45.63 libcairo2 is already the newest version (1.16.0-7).
#24 45.63 libcairo2 set to manually installed.
#24 45.63 libdbus-1-3 is already the newest version (1.14.10-1~deb12u1).
#24 45.63 libdbus-1-3 set to manually installed.
#24 45.63 libdrm2 is already the newest version (2.4.114-1+b1).
#24 45.63 libdrm2 set to manually installed.
#24 45.63 libgbm1 is already the newest version (22.3.6-1+deb12u2).
#24 45.63 libgbm1 set to manually installed.
#24 45.63 libglib2.0-0 is already the newest version (2.74.6-2+deb12u9).
#24 45.63 libglib2.0-0 set to manually installed.
#24 45.63 libpango-1.0-0 is already the newest version (1.50.12+ds-1).
#24 45.63 libpango-1.0-0 set to manually installed.
#24 45.63 libx11-6 is already the newest version (2:1.8.4-2+deb12u2).
#24 45.63 libx11-6 set to manually installed.
#24 45.63 libxcb1 is already the newest version (1.15-1).
#24 45.63 libxcb1 set to manually installed.
#24 45.63 libxext6 is already the newest version (2:1.3.4-1+b1).
#24 45.63 libxext6 set to manually installed.
#24 45.63 libxfixes3 is already the newest version (1:6.0.0-2).
#24 45.63 libxfixes3 set to manually installed.
#24 45.63 libxkbcommon0 is already the newest version (1.5.0-1).
#24 45.63 libxkbcommon0 set to manually installed.
#24 45.63 libxrandr2 is already the newest version (2:1.5.2-2+b1).
#24 45.63 libxrandr2 set to manually installed.
#24 45.63 libfontconfig1 is already the newest version (2.14.1-4).
#24 45.63 libfontconfig1 set to manually installed.
#24 45.63 libfreetype6 is already the newest version (2.12.1+dfsg-5+deb12u4).
#24 45.63 libfreetype6 set to manually installed.
#24 45.63 The following additional packages will be installed:
#24 45.63   at-spi2-common libavahi-client3 libavahi-common-data libavahi-common3
#24 45.63   libfontenc1 libice6 libsm6 libsqlite3-0 libunwind8 libxaw7 libxfont2
#24 45.63   libxkbfile1 libxmu6 libxpm4 libxt6 x11-xkb-utils xfonts-encodings
#24 45.63   xfonts-utils xserver-common
#24 45.64 Suggested packages:
#24 45.64   cups-common
#24 45.64 Recommended packages:
#24 45.64   fonts-ipafont-mincho fonts-tlwg-loma at-spi2-core xfonts-base xauth
#24 45.76 The following NEW packages will be installed:
#24 45.76   at-spi2-common fonts-freefont-ttf fonts-ipafont-gothic fonts-liberation
#24 45.76   fonts-noto-color-emoji fonts-tlwg-loma-otf fonts-unifont fonts-wqy-zenhei
#24 45.76   libatk-bridge2.0-0 libatk1.0-0 libatspi2.0-0 libavahi-client3
#24 45.76   libavahi-common-data libavahi-common3 libcups2 libfontenc1 libice6 libnspr4
#24 45.76   libnss3 libsm6 libsqlite3-0 libunwind8 libxaw7 libxcomposite1 libxdamage1
#24 45.76   libxfont2 libxkbfile1 libxmu6 libxpm4 libxt6 x11-xkb-utils xfonts-encodings
#24 45.76   xfonts-scalable xfonts-utils xserver-common xvfb
#24 46.55 0 upgraded, 36 newly installed, 0 to remove and 4 not upgraded.
#24 46.55 Need to get 37.1 MB of archives.
#24 46.55 After this operation, 85.4 MB of additional disk space will be used.
#24 46.55 Get:1 http://deb.debian.org/debian bookworm/main amd64 fonts-ipafont-gothic all 00303-23 [3515 kB]
#24 52.99 Get:2 http://deb.debian.org/debian bookworm/main amd64 at-spi2-common all 2.46.0-5 [162 kB]
#24 53.44 Get:3 http://deb.debian.org/debian bookworm/main amd64 fonts-freefont-ttf all 20120503-10 [2552 kB]
#24 55.10 Get:4 http://deb.debian.org/debian bookworm/main amd64 fonts-liberation all 1:1.07.4-11 [828 kB]
#24 55.28 Get:5 http://deb.debian.org/debian bookworm/main amd64 fonts-noto-color-emoji all 2.042-0+deb12u1 [9894 kB]
#24 57.34 Get:6 http://deb.debian.org/debian bookworm/main amd64 fonts-tlwg-loma-otf all 1:0.7.3-1 [147 kB]
#24 57.34 Get:7 http://deb.debian.org/debian bookworm/main amd64 fonts-unifont all 1:15.0.01-2 [2019 kB]
#24 57.44 Get:8 http://deb.debian.org/debian bookworm/main amd64 fonts-wqy-zenhei all 0.9.45-8 [7479 kB]
#24 60.84 Get:9 http://deb.debian.org/debian bookworm/main amd64 libatk1.0-0 amd64 2.46.0-5 [49.6 kB]
#24 60.85 Get:10 http://deb.debian.org/debian bookworm/main amd64 libatspi2.0-0 amd64 2.46.0-5 [75.4 kB]
#24 60.85 Get:11 http://deb.debian.org/debian bookworm/main amd64 libatk-bridge2.0-0 amd64 2.46.0-5 [64.6 kB]
#24 60.85 Get:12 http://deb.debian.org/debian bookworm/main amd64 libavahi-common-data amd64 0.8-10+deb12u1 [107 kB]
#24 60.85 Get:13 http://deb.debian.org/debian bookworm/main amd64 libavahi-common3 amd64 0.8-10+deb12u1 [42.1 kB]
#24 60.85 Get:14 http://deb.debian.org/debian bookworm/main amd64 libavahi-client3 amd64 0.8-10+deb12u1 [45.8 kB]
#24 60.85 Get:15 http://deb.debian.org/debian bookworm/main amd64 libcups2 amd64 2.4.2-3+deb12u9 [245 kB]
#24 60.85 Get:16 http://deb.debian.org/debian bookworm/main amd64 libfontenc1 amd64 1:1.1.4-1 [24.3 kB]
#24 60.85 Get:17 http://deb.debian.org/debian bookworm/main amd64 libice6 amd64 2:1.0.10-1 [58.5 kB]
#24 61.03 Get:18 http://deb.debian.org/debian bookworm/main amd64 libnspr4 amd64 2:4.35-1 [113 kB]
#24 61.46 Get:19 http://deb.debian.org/debian bookworm/main amd64 libsqlite3-0 amd64 3.40.1-2+deb12u2 [839 kB]
#24 61.76 Get:20 http://deb.debian.org/debian-security bookworm-security/main amd64 libnss3 amd64 2:3.87.1-1+deb12u4 [1331 kB]
#24 62.26 Get:21 http://deb.debian.org/debian bookworm/main amd64 libsm6 amd64 2:1.2.3-1 [35.1 kB]
#24 62.26 Get:22 http://deb.debian.org/debian bookworm/main amd64 libunwind8 amd64 1.6.2-3 [51.2 kB]
#24 62.26 Get:23 http://deb.debian.org/debian bookworm/main amd64 libxt6 amd64 1:1.2.1-1.1 [186 kB]
#24 62.26 Get:24 http://deb.debian.org/debian bookworm/main amd64 libxmu6 amd64 2:1.1.3-3 [60.1 kB]
#24 62.26 Get:25 http://deb.debian.org/debian bookworm/main amd64 libxpm4 amd64 1:3.5.12-1.1+deb12u1 [48.6 kB]
#24 62.27 Get:26 http://deb.debian.org/debian bookworm/main amd64 libxaw7 amd64 2:1.0.14-1 [201 kB]
#24 62.40 Get:27 http://deb.debian.org/debian bookworm/main amd64 libxcomposite1 amd64 1:0.4.5-1 [16.6 kB]
#24 62.40 Get:28 http://deb.debian.org/debian bookworm/main amd64 libxdamage1 amd64 1:1.1.6-1 [15.1 kB]
#24 62.62 Get:29 http://deb.debian.org/debian-security bookworm-security/main amd64 libxfont2 amd64 1:2.0.6-1+deb12u1 [132 kB]
#24 62.83 Get:30 http://deb.debian.org/debian bookworm/main amd64 libxkbfile1 amd64 1:1.1.0-1 [75.2 kB]
#24 62.83 Get:31 http://deb.debian.org/debian bookworm/main amd64 x11-xkb-utils amd64 7.7+7 [165 kB]
#24 63.03 Get:32 http://deb.debian.org/debian bookworm/main amd64 xfonts-encodings all 1:1.0.4-2.2 [577 kB]
#24 63.38 Get:33 http://deb.debian.org/debian bookworm/main amd64 xfonts-utils amd64 1:7.7+6 [93.0 kB]
#24 63.38 Get:34 http://deb.debian.org/debian bookworm/main amd64 xfonts-scalable all 1:1.0.3-1.3 [306 kB]
#24 63.39 Get:35 http://deb.debian.org/debian-security bookworm-security/main amd64 xserver-common all 2:21.1.7-3+deb12u13 [2384 kB]
#24 63.72 Get:36 http://deb.debian.org/debian-security bookworm-security/main amd64 xvfb amd64 2:21.1.7-3+deb12u13 [3154 kB]
#24 64.40 debconf: delaying package configuration, since apt-utils is not installed
#24 64.43 Fetched 37.1 MB in 19s (2003 kB/s)
#24 64.48 Selecting previously unselected package fonts-ipafont-gothic.
#24 64.48 (Reading database ...
(Reading database ... 5%
(Reading database ... 10%
(Reading database ... 15%
(Reading database ... 20%
(Reading database ... 25%
(Reading database ... 30%
(Reading database ... 35%
(Reading database ... 40%
(Reading database ... 45%
(Reading database ... 50%
(Reading database ... 55%
(Reading database ... 60%
(Reading database ... 65%
(Reading database ... 70%
(Reading database ... 75%
(Reading database ... 80%
(Reading database ... 85%
(Reading database ... 90%
(Reading database ... 95%
(Reading database ... 100%
(Reading database ... 8698 files and directories currently installed.)
#24 64.50 Preparing to unpack .../00-fonts-ipafont-gothic_00303-23_all.deb ...
#24 64.52 Unpacking fonts-ipafont-gothic (00303-23) ...
#24 64.85 Selecting previously unselected package at-spi2-common.
#24 64.85 Preparing to unpack .../01-at-spi2-common_2.46.0-5_all.deb ...
#24 64.87 Unpacking at-spi2-common (2.46.0-5) ...
#24 64.96 Selecting previously unselected package fonts-freefont-ttf.
#24 64.97 Preparing to unpack .../02-fonts-freefont-ttf_20120503-10_all.deb ...
#24 64.98 Unpacking fonts-freefont-ttf (20120503-10) ...
#24 65.23 Selecting previously unselected package fonts-liberation.
#24 65.23 Preparing to unpack .../03-fonts-liberation_1%3a1.07.4-11_all.deb ...
#24 65.25 Unpacking fonts-liberation (1:1.07.4-11) ...
#24 65.36 Selecting previously unselected package fonts-noto-color-emoji.
#24 65.37 Preparing to unpack .../04-fonts-noto-color-emoji_2.042-0+deb12u1_all.deb ...
#24 65.38 Unpacking fonts-noto-color-emoji (2.042-0+deb12u1) ...
#24 66.07 Selecting previously unselected package fonts-tlwg-loma-otf.
#24 66.07 Preparing to unpack .../05-fonts-tlwg-loma-otf_1%3a0.7.3-1_all.deb ...
#24 66.08 Unpacking fonts-tlwg-loma-otf (1:0.7.3-1) ...
#24 66.17 Selecting previously unselected package fonts-unifont.
#24 66.18 Preparing to unpack .../06-fonts-unifont_1%3a15.0.01-2_all.deb ...
#24 66.19 Unpacking fonts-unifont (1:15.0.01-2) ...
#24 66.45 Selecting previously unselected package fonts-wqy-zenhei.
#24 66.46 Preparing to unpack .../07-fonts-wqy-zenhei_0.9.45-8_all.deb ...
#24 66.49 Unpacking fonts-wqy-zenhei (0.9.45-8) ...
#24 67.06 Selecting previously unselected package libatk1.0-0:amd64.
#24 67.06 Preparing to unpack .../08-libatk1.0-0_2.46.0-5_amd64.deb ...
#24 67.09 Unpacking libatk1.0-0:amd64 (2.46.0-5) ...
#24 67.20 Selecting previously unselected package libatspi2.0-0:amd64.
#24 67.21 Preparing to unpack .../09-libatspi2.0-0_2.46.0-5_amd64.deb ...
#24 67.22 Unpacking libatspi2.0-0:amd64 (2.46.0-5) ...
#24 67.34 Selecting previously unselected package libatk-bridge2.0-0:amd64.
#24 67.34 Preparing to unpack .../10-libatk-bridge2.0-0_2.46.0-5_amd64.deb ...
#24 67.35 Unpacking libatk-bridge2.0-0:amd64 (2.46.0-5) ...
#24 67.45 Selecting previously unselected package libavahi-common-data:amd64.
#24 67.45 Preparing to unpack .../11-libavahi-common-data_0.8-10+deb12u1_amd64.deb ...
#24 67.46 Unpacking libavahi-common-data:amd64 (0.8-10+deb12u1) ...
#24 67.57 Selecting previously unselected package libavahi-common3:amd64.
#24 67.57 Preparing to unpack .../12-libavahi-common3_0.8-10+deb12u1_amd64.deb ...
#24 67.59 Unpacking libavahi-common3:amd64 (0.8-10+deb12u1) ...
#24 67.69 Selecting previously unselected package libavahi-client3:amd64.
#24 67.69 Preparing to unpack .../13-libavahi-client3_0.8-10+deb12u1_amd64.deb ...
#24 67.71 Unpacking libavahi-client3:amd64 (0.8-10+deb12u1) ...
#24 67.81 Selecting previously unselected package libcups2:amd64.
#24 67.82 Preparing to unpack .../14-libcups2_2.4.2-3+deb12u9_amd64.deb ...
#24 67.83 Unpacking libcups2:amd64 (2.4.2-3+deb12u9) ...
#24 67.95 Selecting previously unselected package libfontenc1:amd64.
#24 67.95 Preparing to unpack .../15-libfontenc1_1%3a1.1.4-1_amd64.deb ...
#24 67.97 Unpacking libfontenc1:amd64 (1:1.1.4-1) ...
#24 68.08 Selecting previously unselected package libice6:amd64.
#24 68.08 Preparing to unpack .../16-libice6_2%3a1.0.10-1_amd64.deb ...
#24 68.10 Unpacking libice6:amd64 (2:1.0.10-1) ...
#24 68.22 Selecting previously unselected package libnspr4:amd64.
#24 68.22 Preparing to unpack .../17-libnspr4_2%3a4.35-1_amd64.deb ...
#24 68.24 Unpacking libnspr4:amd64 (2:4.35-1) ...
#24 68.39 Selecting previously unselected package libsqlite3-0:amd64.
#24 68.39 Preparing to unpack .../18-libsqlite3-0_3.40.1-2+deb12u2_amd64.deb ...
#24 68.40 Unpacking libsqlite3-0:amd64 (3.40.1-2+deb12u2) ...
#24 68.54 Selecting previously unselected package libnss3:amd64.
#24 68.54 Preparing to unpack .../19-libnss3_2%3a3.87.1-1+deb12u4_amd64.deb ...
#24 68.56 Unpacking libnss3:amd64 (2:3.87.1-1+deb12u4) ...
#24 68.74 Selecting previously unselected package libsm6:amd64.
#24 68.74 Preparing to unpack .../20-libsm6_2%3a1.2.3-1_amd64.deb ...
#24 68.75 Unpacking libsm6:amd64 (2:1.2.3-1) ...
#24 68.86 Selecting previously unselected package libunwind8:amd64.
#24 68.86 Preparing to unpack .../21-libunwind8_1.6.2-3_amd64.deb ...
#24 68.88 Unpacking libunwind8:amd64 (1.6.2-3) ...
#24 68.99 Selecting previously unselected package libxt6:amd64.
#24 68.99 Preparing to unpack .../22-libxt6_1%3a1.2.1-1.1_amd64.deb ...
#24 69.01 Unpacking libxt6:amd64 (1:1.2.1-1.1) ...
#24 69.12 Selecting previously unselected package libxmu6:amd64.
#24 69.12 Preparing to unpack .../23-libxmu6_2%3a1.1.3-3_amd64.deb ...
#24 69.14 Unpacking libxmu6:amd64 (2:1.1.3-3) ...
#24 69.26 Selecting previously unselected package libxpm4:amd64.
#24 69.26 Preparing to unpack .../24-libxpm4_1%3a3.5.12-1.1+deb12u1_amd64.deb ...
#24 69.28 Unpacking libxpm4:amd64 (1:3.5.12-1.1+deb12u1) ...
#24 69.38 Selecting previously unselected package libxaw7:amd64.
#24 69.39 Preparing to unpack .../25-libxaw7_2%3a1.0.14-1_amd64.deb ...
#24 69.40 Unpacking libxaw7:amd64 (2:1.0.14-1) ...
#24 69.55 Selecting previously unselected package libxcomposite1:amd64.
#24 69.55 Preparing to unpack .../26-libxcomposite1_1%3a0.4.5-1_amd64.deb ...
#24 69.56 Unpacking libxcomposite1:amd64 (1:0.4.5-1) ...
#24 69.65 Selecting previously unselected package libxdamage1:amd64.
#24 69.65 Preparing to unpack .../27-libxdamage1_1%3a1.1.6-1_amd64.deb ...
#24 69.67 Unpacking libxdamage1:amd64 (1:1.1.6-1) ...
#24 69.76 Selecting previously unselected package libxfont2:amd64.
#24 69.76 Preparing to unpack .../28-libxfont2_1%3a2.0.6-1+deb12u1_amd64.deb ...
#24 69.78 Unpacking libxfont2:amd64 (1:2.0.6-1+deb12u1) ...
#24 69.88 Selecting previously unselected package libxkbfile1:amd64.
#24 69.88 Preparing to unpack .../29-libxkbfile1_1%3a1.1.0-1_amd64.deb ...
#24 69.90 Unpacking libxkbfile1:amd64 (1:1.1.0-1) ...
#24 69.99 Selecting previously unselected package x11-xkb-utils.
#24 70.00 Preparing to unpack .../30-x11-xkb-utils_7.7+7_amd64.deb ...
#24 70.01 Unpacking x11-xkb-utils (7.7+7) ...
#24 70.14 Selecting previously unselected package xfonts-encodings.
#24 70.14 Preparing to unpack .../31-xfonts-encodings_1%3a1.0.4-2.2_all.deb ...
#24 70.16 Unpacking xfonts-encodings (1:1.0.4-2.2) ...
#24 70.29 Selecting previously unselected package xfonts-utils.
#24 70.29 Preparing to unpack .../32-xfonts-utils_1%3a7.7+6_amd64.deb ...
#24 70.31 Unpacking xfonts-utils (1:7.7+6) ...
#24 70.42 Selecting previously unselected package xfonts-scalable.
#24 70.42 Preparing to unpack .../33-xfonts-scalable_1%3a1.0.3-1.3_all.deb ...
#24 70.44 Unpacking xfonts-scalable (1:1.0.3-1.3) ...
#24 70.54 Selecting previously unselected package xserver-common.
#24 70.55 Preparing to unpack .../34-xserver-common_2%3a21.1.7-3+deb12u13_all.deb ...
#24 70.56 Unpacking xserver-common (2:21.1.7-3+deb12u13) ...
#24 70.65 Selecting previously unselected package xvfb.
#24 70.65 Preparing to unpack .../35-xvfb_2%3a21.1.7-3+deb12u13_amd64.deb ...
#24 70.67 Unpacking xvfb (2:21.1.7-3+deb12u13) ...
#24 70.82 Setting up libice6:amd64 (2:1.0.10-1) ...
#24 70.86 Setting up libxdamage1:amd64 (1:1.1.6-1) ...
#24 70.91 Setting up libxpm4:amd64 (1:3.5.12-1.1+deb12u1) ...
#24 70.96 Setting up fonts-noto-color-emoji (2.042-0+deb12u1) ...
#24 71.01 Setting up libsqlite3-0:amd64 (3.40.1-2+deb12u2) ...
#24 71.05 Setting up fonts-wqy-zenhei (0.9.45-8) ...
#24 71.16 Setting up fonts-freefont-ttf (20120503-10) ...
#24 71.20 Setting up libatspi2.0-0:amd64 (2.46.0-5) ...
#24 71.25 Setting up libunwind8:amd64 (1.6.2-3) ...
#24 71.30 Setting up libfontenc1:amd64 (1:1.1.4-1) ...
#24 71.35 Setting up fonts-tlwg-loma-otf (1:0.7.3-1) ...
#24 71.40 Setting up libnspr4:amd64 (2:4.35-1) ...
#24 71.45 Setting up libavahi-common-data:amd64 (0.8-10+deb12u1) ...
#24 71.49 Setting up xfonts-encodings (1:1.0.4-2.2) ...
#24 71.54 Setting up fonts-ipafont-gothic (00303-23) ...
#24 71.57 update-alternatives: using /usr/share/fonts/opentype/ipafont-gothic/ipag.ttf to provide /usr/share/fonts/truetype/fonts-japanese-gothic.ttf (fonts-japanese-gothic.ttf) in auto mode
#24 71.60 Setting up at-spi2-common (2.46.0-5) ...
#24 71.64 Setting up fonts-liberation (1:1.07.4-11) ...
#24 71.68 Setting up libatk1.0-0:amd64 (2.46.0-5) ...
#24 71.72 Setting up libxkbfile1:amd64 (1:1.1.0-1) ...
#24 71.77 Setting up libxcomposite1:amd64 (1:0.4.5-1) ...
#24 71.81 Setting up libsm6:amd64 (2:1.2.3-1) ...
#24 71.85 Setting up libxfont2:amd64 (1:2.0.6-1+deb12u1) ...
#24 71.90 Setting up fonts-unifont (1:15.0.01-2) ...
#24 71.95 Setting up libavahi-common3:amd64 (0.8-10+deb12u1) ...
#24 72.00 Setting up libnss3:amd64 (2:3.87.1-1+deb12u4) ...
#24 72.04 Setting up xfonts-utils (1:7.7+6) ...
#24 72.09 Setting up libatk-bridge2.0-0:amd64 (2.46.0-5) ...
#24 72.13 Setting up libxt6:amd64 (1:1.2.1-1.1) ...
#24 72.18 Setting up libavahi-client3:amd64 (0.8-10+deb12u1) ...
#24 72.22 Setting up xfonts-scalable (1:1.0.3-1.3) ...
#24 72.31 Setting up libxmu6:amd64 (2:1.1.3-3) ...
#24 72.35 Setting up libxaw7:amd64 (2:1.0.14-1) ...
#24 72.40 Setting up libcups2:amd64 (2.4.2-3+deb12u9) ...
#24 72.44 Setting up x11-xkb-utils (7.7+7) ...
#24 72.48 Setting up xserver-common (2:21.1.7-3+deb12u13) ...
#24 72.53 Setting up xvfb (2:21.1.7-3+deb12u13) ...
#24 72.57 Processing triggers for fontconfig (2.14.1-4) ...
#24 72.72 Processing triggers for libc-bin (2.36-9+deb12u14) ...
#24 72.82 Downloading Chrome Headless Shell 153.0.8010.12 (playwright chromium-headless-shell v1243) from https://cdn.playwright.dev/builds/cft/153.0.8010.12/linux64/chrome-headless-shell-linux64.zip
#24 75.79 |                                                                                |   0% of 114.3 MiB
#24 81.23 |■■■■■■■■                                                                        |  10% of 114.3 MiB
#24 83.19 |■■■■■■■■■■■■■■■■                                                                |  20% of 114.3 MiB
#24 85.37 |■■■■■■■■■■■■■■■■■■■■■■■■                                                        |  30% of 114.3 MiB
#24 87.68 |■■■■■■■■■■■■■■■■■■■■■■■■■■■■■■■■                                                |  40% of 114.3 MiB
#24 88.17 |■■■■■■■■■■■■■■■■■■■■■■■■■■■■■■■■■■■■■■■■                                        |  50% of 114.3 MiB
#24 90.37 |■■■■■■■■■■■■■■■■■■■■■■■■■■■■■■■■■■■■■■■■■■■■■■■■                                |  60% of 114.3 MiB
#24 93.13 |■■■■■■■■■■■■■■■■■■■■■■■■■■■■■■■■■■■■■■■■■■■■■■■■■■■■■■■■                        |  70% of 114.3 MiB
#24 95.46 |■■■■■■■■■■■■■■■■■■■■■■■■■■■■■■■■■■■■■■■■■■■■■■■■■■■■■■■■■■■■■■■■                |  80% of 114.3 MiB
#24 95.91 |■■■■■■■■■■■■■■■■■■■■■■■■■■■■■■■■■■■■■■■■■■■■■■■■■■■■■■■■■■■■■■■■■■■■■■■■        |  90% of 114.3 MiB
#24 97.51 |■■■■■■■■■■■■■■■■■■■■■■■■■■■■■■■■■■■■■■■■■■■■■■■■■■■■■■■■■■■■■■■■■■■■■■■■■■■■■■■■| 100% of 114.3 MiB
#24 99.00 Chrome Headless Shell 153.0.8010.12 (playwright chromium-headless-shell v1243) downloaded to /ms-playwright/chromium_headless_shell-1243
#24 99.00 Downloading FFmpeg (playwright ffmpeg v1011) from https://cdn.playwright.dev/dbazure/download/playwright/builds/ffmpeg/1011/ffmpeg-linux.zip
#24 105.5 Error: Request to https://playwright.download.prss.microsoft.com/dbazure/download/playwright/builds/ffmpeg/1011/ffmpeg-linux.zip timed out after 120000ms
#24 105.5     at ClientRequest.<anonymous> (/workspace/node_modules/.pnpm/playwright-core@1.63.0/node_modules/playwright-core/lib/coreBundle.js:8793:15)
#24 105.5     at ClientRequest.wrapper (node:events:639:12)
#24 105.5     at ClientRequest.emit (node:events:514:28)
#24 105.5     at TLSSocket.emitRequestTimeout (node:_http_client:1122:9)
#24 105.5     at TLSSocket.wrapper (node:events:639:12)
#24 105.5     at TLSSocket.emit (node:events:526:24)
#24 105.5     at Socket._onTimeout (node:net:824:8)
#24 105.5     at Timeout.onStreamTimeout (node:internal/stream_base_commons:237:10)
#24 105.5     at listOnTimeout (node:internal/timers:687:11)
#24 105.5     at process.processTimers (node:internal/timers:618:7)
#24 105.7 Downloading FFmpeg (playwright ffmpeg v1011) from https://playwright.download.prss.microsoft.com/dbazure/download/playwright/builds/ffmpeg/1011/ffmpeg-linux.zip
#24 107.4 |                                                                                |   0% of 2.3 MiB
#24 109.2 |■■■■■■■■                                                                        |  10% of 2.3 MiB
#24 110.2 |■■■■■■■■■■■■■■■■                                                                |  20% of 2.3 MiB
#24 110.7 |■■■■■■■■■■■■■■■■■■■■■■■■                                                        |  30% of 2.3 MiB
#24 111.2 |■■■■■■■■■■■■■■■■■■■■■■■■■■■■■■■■                                                |  40% of 2.3 MiB
#24 111.9 |■■■■■■■■■■■■■■■■■■■■■■■■■■■■■■■■■■■■■■■■                                        |  50% of 2.3 MiB
#24 111.9 |■■■■■■■■■■■■■■■■■■■■■■■■■■■■■■■■■■■■■■■■■■■■■■■■                                |  60% of 2.3 MiB
#24 111.9 |■■■■■■■■■■■■■■■■■■■■■■■■■■■■■■■■■■■■■■■■■■■■■■■■■■■■■■■■                        |  70% of 2.3 MiB
#24 111.9 |■■■■■■■■■■■■■■■■■■■■■■■■■■■■■■■■■■■■■■■■■■■■■■■■■■■■■■■■■■■■■■■■                |  80% of 2.3 MiB
#24 112.1 |■■■■■■■■■■■■■■■■■■■■■■■■■■■■■■■■■■■■■■■■■■■■■■■■■■■■■■■■■■■■■■■■■■■■■■■■        |  90% of 2.3 MiB
#24 112.9 |■■■■■■■■■■■■■■■■■■■■■■■■■■■■■■■■■■■■■■■■■■■■■■■■■■■■■■■■■■■■■■■■■■■■■■■■■■■■■■■■| 100% of 2.3 MiB
#24 112.9 FFmpeg (playwright ffmpeg v1011) downloaded to /ms-playwright/ffmpeg-1011
#24 DONE 113.1s

#36 [tests tests 1/1] COPY . .
#36 DONE 0.2s

#37 [tests] exporting to image
#37 exporting layers
#37 exporting layers 15.5s done
#37 exporting manifest sha256:eb547fbc541c65ded0bdd6bb4f8d11f648e40a6f00c4d364904d8e3873844fe7 0.0s done
#37 exporting config sha256:ef4e7f395aef63a6a15c0249bc1eb0e4e9d541afc0d9e6eaf4e97d82a42b421c 0.0s done
#37 exporting attestation manifest sha256:ac2bfaf82c5c643491a626732c9b3f839764c32b01c4cb6bd5455610711ada57
#37 exporting attestation manifest sha256:ac2bfaf82c5c643491a626732c9b3f839764c32b01c4cb6bd5455610711ada57 0.1s done
#37 exporting manifest list sha256:7701e6e67e2760fda49ec973476fd4dfdaf10befdaeff8ef9d5e5a0ce288da11 0.0s done
#37 naming to docker.io/library/haven-integration-tests:latest
#37 naming to docker.io/library/haven-integration-tests:latest done
#37 unpacking to docker.io/library/haven-integration-tests:latest
#37 unpacking to docker.io/library/haven-integration-tests:latest 2.4s done
#37 DONE 18.2s

#38 [tests] resolving provenance for metadata file
#38 DONE 0.0s
 Image haven-integration-tests Built
 Image haven-integration-api Built
 Image haven-integration-install Built
 Image haven-integration-worker Built
 Image haven-integration-web Built
 Image haven-integration-migrate Built
 Image haven-integration-ops Built
 Network haven-integration_private Creating
 Network haven-integration_private Created
 Volume haven-integration_packages-ui-dependencies Creating
 Volume haven-integration_packages-ui-dependencies Created
 Volume haven-integration_database Creating
 Volume haven-integration_database Created
 Volume haven-integration_apps-ops-dependencies Creating
 Volume haven-integration_apps-ops-dependencies Created
 Volume haven-integration_apps-web-dependencies Creating
 Volume haven-integration_apps-web-dependencies Created
 Volume haven-integration_virus-signatures Creating
 Volume haven-integration_virus-signatures Created
 Volume haven-integration_packages-config-dependencies Creating
 Volume haven-integration_packages-config-dependencies Created
 Volume haven-integration_mail-data Creating
 Volume haven-integration_mail-data Created
 Volume haven-integration_dependencies Creating
 Volume haven-integration_dependencies Created
 Volume haven-integration_packages-test-support-dependencies Creating
 Volume haven-integration_packages-test-support-dependencies Created
 Volume haven-integration_apps-worker-dependencies Creating
 Volume haven-integration_apps-worker-dependencies Created
 Volume haven-integration_cache Creating
 Volume haven-integration_cache Created
 Volume haven-integration_packages-contracts-dependencies Creating
 Volume haven-integration_packages-contracts-dependencies Created
 Volume haven-integration_objects Creating
 Volume haven-integration_objects Created
 Volume haven-integration_packages-database-dependencies Creating
 Volume haven-integration_packages-database-dependencies Created
 Volume haven-integration_apps-api-dependencies Creating
 Volume haven-integration_apps-api-dependencies Created
 Volume haven-integration_search Creating
 Volume haven-integration_search Created
 Container haven-integration-search-1 Creating
 Container haven-integration-cache-1 Creating
 Container haven-integration-db-1 Creating
 Container haven-integration-storage-1 Creating
 Container haven-integration-scanner-1 Creating
 Container haven-integration-install-1 Creating
 Container haven-integration-mail-1 Creating
 Container haven-integration-cache-1 Created
 Container haven-integration-mail-1 Created
 Container haven-integration-storage-1 Created
 Container haven-integration-search-1 Created
 Container haven-integration-db-1 Created
 Container haven-integration-identity-1 Creating
 Container haven-integration-scanner-1 Created
 Container haven-integration-identity-1 Created
 Container haven-integration-install-1 Created
 Container haven-integration-migrate-1 Creating
 Container haven-integration-migrate-1 Created
 Container haven-integration-api-1 Creating
 Container haven-integration-worker-1 Creating
 Container haven-integration-api-1 Created
 Container haven-integration-web-1 Creating
 Container haven-integration-ops-1 Creating
 Container haven-integration-worker-1 Created
 Container haven-integration-web-1 Created
 Container haven-integration-ops-1 Created
 Container haven-integration-proxy-1 Creating
 Container haven-integration-proxy-1 Created
 Container haven-integration-cache-1 Starting
 Container haven-integration-search-1 Starting
 Container haven-integration-install-1 Starting
 Container haven-integration-scanner-1 Starting
 Container haven-integration-storage-1 Starting
 Container haven-integration-db-1 Starting
 Container haven-integration-mail-1 Starting
 Container haven-integration-scanner-1 Started
 Container haven-integration-search-1 Started
 Container haven-integration-mail-1 Started
 Container haven-integration-storage-1 Started
 Container haven-integration-install-1 Started
 Container haven-integration-db-1 Started
 Container haven-integration-install-1 Waiting
 Container haven-integration-db-1 Waiting
 Container haven-integration-db-1 Waiting
 Container haven-integration-cache-1 Started
 Container haven-integration-install-1 Exited
 Container haven-integration-db-1 Healthy
 Container haven-integration-db-1 Healthy
 Container haven-integration-migrate-1 Starting
 Container haven-integration-identity-1 Starting
 Container haven-integration-migrate-1 Started
 Container haven-integration-search-1 Waiting
 Container haven-integration-mail-1 Waiting
 Container haven-integration-migrate-1 Waiting
 Container haven-integration-cache-1 Waiting
 Container haven-integration-identity-1 Started
 Container haven-integration-migrate-1 Waiting
 Container haven-integration-identity-1 Waiting
 Container haven-integration-scanner-1 Waiting
 Container haven-integration-storage-1 Waiting
 Container haven-integration-mail-1 Healthy
 Container haven-integration-cache-1 Healthy
 Container haven-integration-search-1 Healthy
 Container haven-integration-migrate-1 Exited
 Container haven-integration-worker-1 Starting
 Container haven-integration-migrate-1 Exited
 Container haven-integration-worker-1 Started
 Container haven-integration-storage-1 Healthy
 Container haven-integration-scanner-1 Healthy
 Container haven-integration-identity-1 Healthy
 Container haven-integration-api-1 Starting
 Container haven-integration-api-1 Started
 Container haven-integration-api-1 Waiting
 Container haven-integration-api-1 Waiting
 Container haven-integration-api-1 Healthy
 Container haven-integration-web-1 Starting
 Container haven-integration-api-1 Healthy
 Container haven-integration-ops-1 Starting
 Container haven-integration-ops-1 Started
 Container haven-integration-web-1 Started
 Container haven-integration-proxy-1 Starting
 Container haven-integration-proxy-1 Started
 Container haven-integration-mail-1 Waiting
 Container haven-integration-web-1 Waiting
 Container haven-integration-db-1 Waiting
 Container haven-integration-worker-1 Waiting
 Container haven-integration-migrate-1 Waiting
 Container haven-integration-install-1 Waiting
 Container haven-integration-identity-1 Waiting
 Container haven-integration-search-1 Waiting
 Container haven-integration-cache-1 Waiting
 Container haven-integration-storage-1 Waiting
 Container haven-integration-api-1 Waiting
 Container haven-integration-ops-1 Waiting
 Container haven-integration-scanner-1 Waiting
 Container haven-integration-proxy-1 Waiting
 Container haven-integration-cache-1 Healthy
 Container haven-integration-install-1 Exited
 Container haven-integration-mail-1 Healthy
 Container haven-integration-migrate-1 Exited
 Container haven-integration-identity-1 Healthy
 Container haven-integration-db-1 Healthy
 Container haven-integration-api-1 Healthy
 Container haven-integration-storage-1 Healthy
 Container haven-integration-worker-1 Healthy
 Container haven-integration-scanner-1 Healthy
 Container haven-integration-search-1 Healthy
 Container haven-integration-proxy-1 Healthy
 Container haven-integration-ops-1 Healthy
 Container haven-integration-web-1 Healthy
Synthetic fixture fingerprint: d65b6e2f9faa74492a077d1fa7e64569587d10551b3ac2c805beea3cc50ae520
Identity staff OTP and verified level-2 policy configured.
 Container haven-integration-tests-run-ce0243478e20 Creating
 Container haven-integration-tests-run-ce0243478e20 Created

Running 34 tests using 1 worker

  ✓   1 [visual] › tests/e2e/visual-baselines.spec.ts:9:38 › U06 approved English baseline home-390 (2.9s)
  ✓   2 [visual] › tests/e2e/visual-baselines.spec.ts:9:38 › U06 approved English baseline resale-390 (2.1s)
  ✓   3 [visual] › tests/e2e/visual-baselines.spec.ts:9:38 › U06 approved English baseline rent-390 (2.0s)
  ✓   4 [visual] › tests/e2e/visual-baselines.spec.ts:9:38 › U06 approved English baseline commercial-390 (1.8s)
  ✓   5 [visual] › tests/e2e/visual-baselines.spec.ts:9:38 › U06 approved English baseline new-homes-390 (2.2s)
  ✓   6 [visual] › tests/e2e/visual-baselines.spec.ts:9:38 › U06 approved English baseline communities-390 (1.8s)
  ✓   7 [visual] › tests/e2e/visual-baselines.spec.ts:9:38 › U06 approved English baseline community-390 (1.8s)
  ✓   8 [visual] › tests/e2e/visual-baselines.spec.ts:9:38 › U06 approved English baseline detail-390 (1.9s)
  ✓   9 [visual] › tests/e2e/visual-baselines.spec.ts:9:38 › U06 approved English baseline mortgage-390 (1.5s)
  ✓  10 [visual] › tests/e2e/visual-baselines.spec.ts:9:38 › U06 approved English baseline filters-390 (2.8s)
  ✓  11 [visual] › tests/e2e/visual-baselines.spec.ts:9:38 › U06 approved English baseline city-390 (2.8s)
  ✓  12 [visual] › tests/e2e/visual-baselines.spec.ts:9:38 › U06 approved English baseline home-375 (1.9s)
  ✓  13 [visual] › tests/e2e/visual-baselines.spec.ts:9:38 › U06 approved English baseline resale-375 (1.9s)
  ✓  14 [visual] › tests/e2e/visual-baselines.spec.ts:9:38 › U06 approved English baseline rent-375 (1.9s)
  ✓  15 [visual] › tests/e2e/visual-baselines.spec.ts:9:38 › U06 approved English baseline commercial-375 (1.8s)
  ✓  16 [visual] › tests/e2e/visual-baselines.spec.ts:9:38 › U06 approved English baseline new-homes-375 (1.8s)
  ✓  17 [visual] › tests/e2e/visual-baselines.spec.ts:9:38 › U06 approved English baseline communities-375 (1.7s)
  ✓  18 [visual] › tests/e2e/visual-baselines.spec.ts:9:38 › U06 approved English baseline community-375 (1.7s)
  ✓  19 [visual] › tests/e2e/visual-baselines.spec.ts:9:38 › U06 approved English baseline detail-375 (1.9s)
  ✓  20 [visual] › tests/e2e/visual-baselines.spec.ts:9:38 › U06 approved English baseline mortgage-375 (1.4s)
  ✓  21 [visual] › tests/e2e/visual-baselines.spec.ts:9:38 › U06 approved English baseline filters-375 (2.6s)
  ✓  22 [visual] › tests/e2e/visual-baselines.spec.ts:9:38 › U06 approved English baseline city-375 (2.8s)
  ✓  23 [visual] › tests/e2e/visual-baselines.spec.ts:9:38 › U06 approved English baseline home-1440 (3.0s)
  ✓  24 [visual] › tests/e2e/visual-baselines.spec.ts:9:38 › U06 approved English baseline resale-1440 (3.2s)
  ✓  25 [visual] › tests/e2e/visual-baselines.spec.ts:9:38 › U06 approved English baseline rent-1440 (3.0s)
  ✓  26 [visual] › tests/e2e/visual-baselines.spec.ts:9:38 › U06 approved English baseline commercial-1440 (2.3s)
  ✓  27 [visual] › tests/e2e/visual-baselines.spec.ts:9:38 › U06 approved English baseline new-homes-1440 (2.2s)
  ✓  28 [visual] › tests/e2e/visual-baselines.spec.ts:9:38 › U06 approved English baseline communities-1440 (1.9s)
  ✓  29 [visual] › tests/e2e/visual-baselines.spec.ts:9:38 › U06 approved English baseline community-1440 (2.5s)
  ✓  30 [visual] › tests/e2e/visual-baselines.spec.ts:9:38 › U06 approved English baseline detail-1440 (2.5s)
  ✓  31 [visual] › tests/e2e/visual-baselines.spec.ts:9:38 › U06 approved English baseline mortgage-1440 (1.5s)
  ✓  32 [visual] › tests/e2e/visual-baselines.spec.ts:9:38 › U06 approved English baseline filters-1440 (4.7s)
  ✓  33 [visual] › tests/e2e/visual-baselines.spec.ts:9:38 › U06 approved English baseline city-1440 (4.9s)
  ✓  34 [visual] › tests/e2e/visual-baselines.spec.ts:10:1 › U06 deliberate screenshot layout shift exceeds the approved pixel gate (2.8s)

  34 passed (1.3m)
