 Container haven-integration-tests-run-1a16b3377122 Creating
 Container haven-integration-tests-run-1a16b3377122 Created

Running 34 tests using 1 worker

  ✓   1 [visual] › tests/e2e/visual-baselines.spec.ts:9:38 › U06 approved English baseline home-390 (3.0s)
  ✓   2 [visual] › tests/e2e/visual-baselines.spec.ts:9:38 › U06 approved English baseline resale-390 (2.2s)
  ✓   3 [visual] › tests/e2e/visual-baselines.spec.ts:9:38 › U06 approved English baseline rent-390 (2.1s)
  ✓   4 [visual] › tests/e2e/visual-baselines.spec.ts:9:38 › U06 approved English baseline commercial-390 (1.8s)
  ✓   5 [visual] › tests/e2e/visual-baselines.spec.ts:9:38 › U06 approved English baseline new-homes-390 (2.1s)
  ✘   6 [visual] › tests/e2e/visual-baselines.spec.ts:9:38 › U06 approved English baseline communities-390 (2.3s)
  ✘   7 [visual] › tests/e2e/visual-baselines.spec.ts:9:38 › U06 approved English baseline community-390 (2.5s)
  ✓   8 [visual] › tests/e2e/visual-baselines.spec.ts:9:38 › U06 approved English baseline detail-390 (2.5s)
  ✓   9 [visual] › tests/e2e/visual-baselines.spec.ts:9:38 › U06 approved English baseline mortgage-390 (1.5s)
  ✓  10 [visual] › tests/e2e/visual-baselines.spec.ts:9:38 › U06 approved English baseline filters-390 (2.8s)
  ✓  11 [visual] › tests/e2e/visual-baselines.spec.ts:9:38 › U06 approved English baseline city-390 (2.8s)
  ✓  12 [visual] › tests/e2e/visual-baselines.spec.ts:9:38 › U06 approved English baseline home-375 (2.0s)
  ✓  13 [visual] › tests/e2e/visual-baselines.spec.ts:9:38 › U06 approved English baseline resale-375 (2.0s)
  ✓  14 [visual] › tests/e2e/visual-baselines.spec.ts:9:38 › U06 approved English baseline rent-375 (2.0s)
  ✓  15 [visual] › tests/e2e/visual-baselines.spec.ts:9:38 › U06 approved English baseline commercial-375 (1.7s)
  ✓  16 [visual] › tests/e2e/visual-baselines.spec.ts:9:38 › U06 approved English baseline new-homes-375 (2.0s)
  ✘  17 [visual] › tests/e2e/visual-baselines.spec.ts:9:38 › U06 approved English baseline communities-375 (2.3s)
  ✘  18 [visual] › tests/e2e/visual-baselines.spec.ts:9:38 › U06 approved English baseline community-375 (2.5s)
  ✓  19 [visual] › tests/e2e/visual-baselines.spec.ts:9:38 › U06 approved English baseline detail-375 (2.3s)
  ✓  20 [visual] › tests/e2e/visual-baselines.spec.ts:9:38 › U06 approved English baseline mortgage-375 (1.5s)
  ✓  21 [visual] › tests/e2e/visual-baselines.spec.ts:9:38 › U06 approved English baseline filters-375 (2.8s)
  ✓  22 [visual] › tests/e2e/visual-baselines.spec.ts:9:38 › U06 approved English baseline city-375 (3.0s)
  ✓  23 [visual] › tests/e2e/visual-baselines.spec.ts:9:38 › U06 approved English baseline home-1440 (2.9s)
  ✓  24 [visual] › tests/e2e/visual-baselines.spec.ts:9:38 › U06 approved English baseline resale-1440 (3.1s)
  ✓  25 [visual] › tests/e2e/visual-baselines.spec.ts:9:38 › U06 approved English baseline rent-1440 (3.1s)
  ✓  26 [visual] › tests/e2e/visual-baselines.spec.ts:9:38 › U06 approved English baseline commercial-1440 (2.4s)
  ✓  27 [visual] › tests/e2e/visual-baselines.spec.ts:9:38 › U06 approved English baseline new-homes-1440 (2.2s)
  ✘  28 [visual] › tests/e2e/visual-baselines.spec.ts:9:38 › U06 approved English baseline communities-1440 (2.6s)
  ✘  29 [visual] › tests/e2e/visual-baselines.spec.ts:9:38 › U06 approved English baseline community-1440 (3.9s)
  ✓  30 [visual] › tests/e2e/visual-baselines.spec.ts:9:38 › U06 approved English baseline detail-1440 (2.8s)
  ✓  31 [visual] › tests/e2e/visual-baselines.spec.ts:9:38 › U06 approved English baseline mortgage-1440 (1.5s)
  ✓  32 [visual] › tests/e2e/visual-baselines.spec.ts:9:38 › U06 approved English baseline filters-1440 (4.7s)
  ✓  33 [visual] › tests/e2e/visual-baselines.spec.ts:9:38 › U06 approved English baseline city-1440 (5.0s)
  ✓  34 [visual] › tests/e2e/visual-baselines.spec.ts:10:1 › U06 deliberate screenshot layout shift exceeds the approved pixel gate (3.0s)


  1) [visual] › tests/e2e/visual-baselines.spec.ts:9:38 › U06 approved English baseline communities-390

    Error: expect(Buffer).toMatchSnapshot(expected) failed

      Expected an image 390px by 3244px, received 390px by 4006px. 373097 pixels (ratio 0.24 of all image pixels) are different.

      Snapshot: communities-390.png


       7 | async function open(page:Page,screen:any){await page.setViewportSize(screen.viewport);await page.goto(screen.route);await page.waitForLoadState('networkidle');await screenshotReady(page,screen.route==='/bj');if(screen.id.startsWith('filters-'))await page.getByRole('button',{name:'All filters',exact:true}).click();if(screen.id.startsWith('city-')){await page.getByRole('button',{name:'Beijing',exact:true}).click();await page.getByLabel('Search cities',{exact:true}).fill('Beijing');}}
       8 | async function shot(page:Page){return page.screenshot({fullPage:true,animations:'disabled',mask:[page.locator('.stats-updated')]});}
    >  9 | for(const screen of manifest.screens)test('U06 approved English baseline '+screen.id,async({page})=>{await open(page,screen);expect(await shot(page)).toMatchSnapshot(screen.file,{maxDiffPixelRatio:manifest.maxDiffPixelRatio});});
         |                                                                                                                                                       ^
      10 | test('U06 deliberate screenshot layout shift exceeds the approved pixel gate',async({page})=>{
      11 |  const screen=manifest.screens.find((row:any)=>row.id==='home-390');await open(page,screen);expect(await shot(page)).toMatchSnapshot(screen.file,{maxDiffPixelRatio:manifest.maxDiffPixelRatio});
      12 |  await page.addStyleTag({content:'.hero{transform:translateY(40px)!important;transition:none!important}'});const shifted=await shot(page),baseline=fs.readFileSync(folder+'/'+screen.file);
        at /workspace/tests/e2e/visual-baselines.spec.ts:9:151

    attachment #1: communities-390 (image/png) ─────────────────────────────────────────────────────
    Expected: evidence/visual/candidates/communities-390.png
    Received: test-results/visual-baselines-U06-appro-c5c1f-sh-baseline-communities-390-visual/communities-390-actual.png
    Diff:     test-results/visual-baselines-U06-appro-c5c1f-sh-baseline-communities-390-visual/communities-390-diff.png
    ────────────────────────────────────────────────────────────────────────────────────────────────

    attachment #2: screenshot (image/png) ──────────────────────────────────────────────────────────
    test-results/visual-baselines-U06-appro-c5c1f-sh-baseline-communities-390-visual/test-failed-1.png
    ────────────────────────────────────────────────────────────────────────────────────────────────

    Error Context: test-results/visual-baselines-U06-appro-c5c1f-sh-baseline-communities-390-visual/error-context.md

    attachment #4: trace (application/zip) ─────────────────────────────────────────────────────────
    test-results/visual-baselines-U06-appro-c5c1f-sh-baseline-communities-390-visual/trace.zip
    Usage:

        pnpm exec playwright show-trace test-results/visual-baselines-U06-appro-c5c1f-sh-baseline-communities-390-visual/trace.zip

    ────────────────────────────────────────────────────────────────────────────────────────────────

  2) [visual] › tests/e2e/visual-baselines.spec.ts:9:38 › U06 approved English baseline community-390

    Error: expect(Buffer).toMatchSnapshot(expected) failed

      Expected an image 390px by 3861px, received 390px by 3955px. 231805 pixels (ratio 0.16 of all image pixels) are different.

      Snapshot: community-390.png


       7 | async function open(page:Page,screen:any){await page.setViewportSize(screen.viewport);await page.goto(screen.route);await page.waitForLoadState('networkidle');await screenshotReady(page,screen.route==='/bj');if(screen.id.startsWith('filters-'))await page.getByRole('button',{name:'All filters',exact:true}).click();if(screen.id.startsWith('city-')){await page.getByRole('button',{name:'Beijing',exact:true}).click();await page.getByLabel('Search cities',{exact:true}).fill('Beijing');}}
       8 | async function shot(page:Page){return page.screenshot({fullPage:true,animations:'disabled',mask:[page.locator('.stats-updated')]});}
    >  9 | for(const screen of manifest.screens)test('U06 approved English baseline '+screen.id,async({page})=>{await open(page,screen);expect(await shot(page)).toMatchSnapshot(screen.file,{maxDiffPixelRatio:manifest.maxDiffPixelRatio});});
         |                                                                                                                                                       ^
      10 | test('U06 deliberate screenshot layout shift exceeds the approved pixel gate',async({page})=>{
      11 |  const screen=manifest.screens.find((row:any)=>row.id==='home-390');await open(page,screen);expect(await shot(page)).toMatchSnapshot(screen.file,{maxDiffPixelRatio:manifest.maxDiffPixelRatio});
      12 |  await page.addStyleTag({content:'.hero{transform:translateY(40px)!important;transition:none!important}'});const shifted=await shot(page),baseline=fs.readFileSync(folder+'/'+screen.file);
        at /workspace/tests/e2e/visual-baselines.spec.ts:9:151

    attachment #1: community-390 (image/png) ───────────────────────────────────────────────────────
    Expected: evidence/visual/candidates/community-390.png
    Received: test-results/visual-baselines-U06-approved-English-baseline-community-390-visual/community-390-actual.png
    Diff:     test-results/visual-baselines-U06-approved-English-baseline-community-390-visual/community-390-diff.png
    ────────────────────────────────────────────────────────────────────────────────────────────────

    attachment #2: screenshot (image/png) ──────────────────────────────────────────────────────────
    test-results/visual-baselines-U06-approved-English-baseline-community-390-visual/test-failed-1.png
    ────────────────────────────────────────────────────────────────────────────────────────────────

    Error Context: test-results/visual-baselines-U06-approved-English-baseline-community-390-visual/error-context.md

    attachment #4: trace (application/zip) ─────────────────────────────────────────────────────────
    test-results/visual-baselines-U06-approved-English-baseline-community-390-visual/trace.zip
    Usage:

        pnpm exec playwright show-trace test-results/visual-baselines-U06-approved-English-baseline-community-390-visual/trace.zip

    ────────────────────────────────────────────────────────────────────────────────────────────────

  3) [visual] › tests/e2e/visual-baselines.spec.ts:9:38 › U06 approved English baseline communities-375

    Error: expect(Buffer).toMatchSnapshot(expected) failed

      Expected an image 375px by 3195px, received 375px by 3941px. 344853 pixels (ratio 0.24 of all image pixels) are different.

      Snapshot: communities-375.png


       7 | async function open(page:Page,screen:any){await page.setViewportSize(screen.viewport);await page.goto(screen.route);await page.waitForLoadState('networkidle');await screenshotReady(page,screen.route==='/bj');if(screen.id.startsWith('filters-'))await page.getByRole('button',{name:'All filters',exact:true}).click();if(screen.id.startsWith('city-')){await page.getByRole('button',{name:'Beijing',exact:true}).click();await page.getByLabel('Search cities',{exact:true}).fill('Beijing');}}
       8 | async function shot(page:Page){return page.screenshot({fullPage:true,animations:'disabled',mask:[page.locator('.stats-updated')]});}
    >  9 | for(const screen of manifest.screens)test('U06 approved English baseline '+screen.id,async({page})=>{await open(page,screen);expect(await shot(page)).toMatchSnapshot(screen.file,{maxDiffPixelRatio:manifest.maxDiffPixelRatio});});
         |                                                                                                                                                       ^
      10 | test('U06 deliberate screenshot layout shift exceeds the approved pixel gate',async({page})=>{
      11 |  const screen=manifest.screens.find((row:any)=>row.id==='home-390');await open(page,screen);expect(await shot(page)).toMatchSnapshot(screen.file,{maxDiffPixelRatio:manifest.maxDiffPixelRatio});
      12 |  await page.addStyleTag({content:'.hero{transform:translateY(40px)!important;transition:none!important}'});const shifted=await shot(page),baseline=fs.readFileSync(folder+'/'+screen.file);
        at /workspace/tests/e2e/visual-baselines.spec.ts:9:151

    attachment #1: communities-375 (image/png) ─────────────────────────────────────────────────────
    Expected: evidence/visual/candidates/communities-375.png
    Received: test-results/visual-baselines-U06-appro-9d26f-sh-baseline-communities-375-visual/communities-375-actual.png
    Diff:     test-results/visual-baselines-U06-appro-9d26f-sh-baseline-communities-375-visual/communities-375-diff.png
    ────────────────────────────────────────────────────────────────────────────────────────────────

    attachment #2: screenshot (image/png) ──────────────────────────────────────────────────────────
    test-results/visual-baselines-U06-appro-9d26f-sh-baseline-communities-375-visual/test-failed-1.png
    ────────────────────────────────────────────────────────────────────────────────────────────────

    Error Context: test-results/visual-baselines-U06-appro-9d26f-sh-baseline-communities-375-visual/error-context.md

    attachment #4: trace (application/zip) ─────────────────────────────────────────────────────────
    test-results/visual-baselines-U06-appro-9d26f-sh-baseline-communities-375-visual/trace.zip
    Usage:

        pnpm exec playwright show-trace test-results/visual-baselines-U06-appro-9d26f-sh-baseline-communities-375-visual/trace.zip

    ────────────────────────────────────────────────────────────────────────────────────────────────

  4) [visual] › tests/e2e/visual-baselines.spec.ts:9:38 › U06 approved English baseline community-375

    Error: expect(Buffer).toMatchSnapshot(expected) failed

      Expected an image 375px by 4068px, received 375px by 4162px. 245144 pixels (ratio 0.16 of all image pixels) are different.

      Snapshot: community-375.png


       7 | async function open(page:Page,screen:any){await page.setViewportSize(screen.viewport);await page.goto(screen.route);await page.waitForLoadState('networkidle');await screenshotReady(page,screen.route==='/bj');if(screen.id.startsWith('filters-'))await page.getByRole('button',{name:'All filters',exact:true}).click();if(screen.id.startsWith('city-')){await page.getByRole('button',{name:'Beijing',exact:true}).click();await page.getByLabel('Search cities',{exact:true}).fill('Beijing');}}
       8 | async function shot(page:Page){return page.screenshot({fullPage:true,animations:'disabled',mask:[page.locator('.stats-updated')]});}
    >  9 | for(const screen of manifest.screens)test('U06 approved English baseline '+screen.id,async({page})=>{await open(page,screen);expect(await shot(page)).toMatchSnapshot(screen.file,{maxDiffPixelRatio:manifest.maxDiffPixelRatio});});
         |                                                                                                                                                       ^
      10 | test('U06 deliberate screenshot layout shift exceeds the approved pixel gate',async({page})=>{
      11 |  const screen=manifest.screens.find((row:any)=>row.id==='home-390');await open(page,screen);expect(await shot(page)).toMatchSnapshot(screen.file,{maxDiffPixelRatio:manifest.maxDiffPixelRatio});
      12 |  await page.addStyleTag({content:'.hero{transform:translateY(40px)!important;transition:none!important}'});const shifted=await shot(page),baseline=fs.readFileSync(folder+'/'+screen.file);
        at /workspace/tests/e2e/visual-baselines.spec.ts:9:151

    attachment #1: community-375 (image/png) ───────────────────────────────────────────────────────
    Expected: evidence/visual/candidates/community-375.png
    Received: test-results/visual-baselines-U06-approved-English-baseline-community-375-visual/community-375-actual.png
    Diff:     test-results/visual-baselines-U06-approved-English-baseline-community-375-visual/community-375-diff.png
    ────────────────────────────────────────────────────────────────────────────────────────────────

    attachment #2: screenshot (image/png) ──────────────────────────────────────────────────────────
    test-results/visual-baselines-U06-approved-English-baseline-community-375-visual/test-failed-1.png
    ────────────────────────────────────────────────────────────────────────────────────────────────

    Error Context: test-results/visual-baselines-U06-approved-English-baseline-community-375-visual/error-context.md

    attachment #4: trace (application/zip) ─────────────────────────────────────────────────────────
    test-results/visual-baselines-U06-approved-English-baseline-community-375-visual/trace.zip
    Usage:

        pnpm exec playwright show-trace test-results/visual-baselines-U06-approved-English-baseline-community-375-visual/trace.zip

    ────────────────────────────────────────────────────────────────────────────────────────────────

  5) [visual] › tests/e2e/visual-baselines.spec.ts:9:38 › U06 approved English baseline communities-1440

    Error: expect(Buffer).toMatchSnapshot(expected) failed

      Expected an image 1440px by 1704px, received 1440px by 2187px. 411765 pixels (ratio 0.14 of all image pixels) are different.

      Snapshot: communities-1440.png


       7 | async function open(page:Page,screen:any){await page.setViewportSize(screen.viewport);await page.goto(screen.route);await page.waitForLoadState('networkidle');await screenshotReady(page,screen.route==='/bj');if(screen.id.startsWith('filters-'))await page.getByRole('button',{name:'All filters',exact:true}).click();if(screen.id.startsWith('city-')){await page.getByRole('button',{name:'Beijing',exact:true}).click();await page.getByLabel('Search cities',{exact:true}).fill('Beijing');}}
       8 | async function shot(page:Page){return page.screenshot({fullPage:true,animations:'disabled',mask:[page.locator('.stats-updated')]});}
    >  9 | for(const screen of manifest.screens)test('U06 approved English baseline '+screen.id,async({page})=>{await open(page,screen);expect(await shot(page)).toMatchSnapshot(screen.file,{maxDiffPixelRatio:manifest.maxDiffPixelRatio});});
         |                                                                                                                                                       ^
      10 | test('U06 deliberate screenshot layout shift exceeds the approved pixel gate',async({page})=>{
      11 |  const screen=manifest.screens.find((row:any)=>row.id==='home-390');await open(page,screen);expect(await shot(page)).toMatchSnapshot(screen.file,{maxDiffPixelRatio:manifest.maxDiffPixelRatio});
      12 |  await page.addStyleTag({content:'.hero{transform:translateY(40px)!important;transition:none!important}'});const shifted=await shot(page),baseline=fs.readFileSync(folder+'/'+screen.file);
        at /workspace/tests/e2e/visual-baselines.spec.ts:9:151

    attachment #1: communities-1440 (image/png) ────────────────────────────────────────────────────
    Expected: evidence/visual/candidates/communities-1440.png
    Received: test-results/visual-baselines-U06-appro-c7c27-h-baseline-communities-1440-visual/communities-1440-actual.png
    Diff:     test-results/visual-baselines-U06-appro-c7c27-h-baseline-communities-1440-visual/communities-1440-diff.png
    ────────────────────────────────────────────────────────────────────────────────────────────────

    attachment #2: screenshot (image/png) ──────────────────────────────────────────────────────────
    test-results/visual-baselines-U06-appro-c7c27-h-baseline-communities-1440-visual/test-failed-1.png
    ────────────────────────────────────────────────────────────────────────────────────────────────

    Error Context: test-results/visual-baselines-U06-appro-c7c27-h-baseline-communities-1440-visual/error-context.md

    attachment #4: trace (application/zip) ─────────────────────────────────────────────────────────
    test-results/visual-baselines-U06-appro-c7c27-h-baseline-communities-1440-visual/trace.zip
    Usage:

        pnpm exec playwright show-trace test-results/visual-baselines-U06-appro-c7c27-h-baseline-communities-1440-visual/trace.zip

    ────────────────────────────────────────────────────────────────────────────────────────────────

  6) [visual] › tests/e2e/visual-baselines.spec.ts:9:38 › U06 approved English baseline community-1440

    Error: expect(Buffer).toMatchSnapshot(expected) failed

      Expected an image 1440px by 3777px, received 1440px by 3881px. 532815 pixels (ratio 0.10 of all image pixels) are different.

      Snapshot: community-1440.png


       7 | async function open(page:Page,screen:any){await page.setViewportSize(screen.viewport);await page.goto(screen.route);await page.waitForLoadState('networkidle');await screenshotReady(page,screen.route==='/bj');if(screen.id.startsWith('filters-'))await page.getByRole('button',{name:'All filters',exact:true}).click();if(screen.id.startsWith('city-')){await page.getByRole('button',{name:'Beijing',exact:true}).click();await page.getByLabel('Search cities',{exact:true}).fill('Beijing');}}
       8 | async function shot(page:Page){return page.screenshot({fullPage:true,animations:'disabled',mask:[page.locator('.stats-updated')]});}
    >  9 | for(const screen of manifest.screens)test('U06 approved English baseline '+screen.id,async({page})=>{await open(page,screen);expect(await shot(page)).toMatchSnapshot(screen.file,{maxDiffPixelRatio:manifest.maxDiffPixelRatio});});
         |                                                                                                                                                       ^
      10 | test('U06 deliberate screenshot layout shift exceeds the approved pixel gate',async({page})=>{
      11 |  const screen=manifest.screens.find((row:any)=>row.id==='home-390');await open(page,screen);expect(await shot(page)).toMatchSnapshot(screen.file,{maxDiffPixelRatio:manifest.maxDiffPixelRatio});
      12 |  await page.addStyleTag({content:'.hero{transform:translateY(40px)!important;transition:none!important}'});const shifted=await shot(page),baseline=fs.readFileSync(folder+'/'+screen.file);
        at /workspace/tests/e2e/visual-baselines.spec.ts:9:151

    attachment #1: community-1440 (image/png) ──────────────────────────────────────────────────────
    Expected: evidence/visual/candidates/community-1440.png
    Received: test-results/visual-baselines-U06-appro-04ba8-ish-baseline-community-1440-visual/community-1440-actual.png
    Diff:     test-results/visual-baselines-U06-appro-04ba8-ish-baseline-community-1440-visual/community-1440-diff.png
    ────────────────────────────────────────────────────────────────────────────────────────────────

    attachment #2: screenshot (image/png) ──────────────────────────────────────────────────────────
    test-results/visual-baselines-U06-appro-04ba8-ish-baseline-community-1440-visual/test-failed-1.png
    ────────────────────────────────────────────────────────────────────────────────────────────────

    Error Context: test-results/visual-baselines-U06-appro-04ba8-ish-baseline-community-1440-visual/error-context.md

    attachment #4: trace (application/zip) ─────────────────────────────────────────────────────────
    test-results/visual-baselines-U06-appro-04ba8-ish-baseline-community-1440-visual/trace.zip
    Usage:

        pnpm exec playwright show-trace test-results/visual-baselines-U06-appro-04ba8-ish-baseline-community-1440-visual/trace.zip

    ────────────────────────────────────────────────────────────────────────────────────────────────

  6 failed
    [visual] › tests/e2e/visual-baselines.spec.ts:9:38 › U06 approved English baseline communities-390
    [visual] › tests/e2e/visual-baselines.spec.ts:9:38 › U06 approved English baseline community-390
    [visual] › tests/e2e/visual-baselines.spec.ts:9:38 › U06 approved English baseline communities-375
    [visual] › tests/e2e/visual-baselines.spec.ts:9:38 › U06 approved English baseline community-375
    [visual] › tests/e2e/visual-baselines.spec.ts:9:38 › U06 approved English baseline communities-1440
    [visual] › tests/e2e/visual-baselines.spec.ts:9:38 › U06 approved English baseline community-1440
  28 passed (1.6m)

