 Container haven-tests-run-5c71dae58319 Creating
 Container haven-tests-run-5c71dae58319 Created

> @haven/web@0.1.0 build /workspace/apps/web
> node scripts/copy-maplibre-worker.mjs && next build

▲ Next.js 16.3.8 (Turbopack)
✓ Running next.config.ts took 28ms

  Creating an optimized production build ...
✓ Compiled successfully in 4.9s
  Running TypeScript ...
  Finished TypeScript in 6.3s ...
  Collecting page data using 5 workers ...
  Generating static pages using 5 workers (0/2) ...
✓ Generating static pages using 5 workers (2/2) in 460ms
  Finalizing page optimization ...

Route (app)
┌ ○ /_not-found
├ ƒ /[[...path]]
└ ƒ /api/[...path]


○  (Static)   prerendered as static content
ƒ  (Dynamic)  server-rendered on demand

