 Container haven-integration-install-run-b873562dc269 Creating
 Container haven-integration-install-run-b873562dc269 Created
Scope: all 10 workspace projects
Lockfile is up to date, resolution step is skipped
Progress: resolved 1, reused 0, downloaded 0, added 0
Packages: +24
++++++++++++++++++++++++
Progress: resolved 24, reused 0, downloaded 0, added 0
Progress: resolved 24, reused 0, downloaded 3, added 3
 WARN  Tarball download average speed 2 KiB/s (size 2 KiB) is below 50 KiB/s: https://registry.npmjs.org/tinyqueue/-/tinyqueue-3.0.0.tgz (GET)
Progress: resolved 24, reused 0, downloaded 9, added 9
Progress: resolved 24, reused 0, downloaded 13, added 13
Progress: resolved 24, reused 0, downloaded 19, added 19
Progress: resolved 24, reused 0, downloaded 20, added 20
Progress: resolved 24, reused 0, downloaded 23, added 23
Progress: resolved 24, reused 0, downloaded 24, added 23
Progress: resolved 24, reused 0, downloaded 24, added 24, done

╭ Warning ─────────────────────────────────────────────────────────────────────╮
│                                                                              │
│   Ignored build scripts: @scarf/scarf@1.4.0, msgpackr-extract@3.0.4.         │
│   Run "pnpm approve-builds" to pick which dependencies should be allowed     │
│   to run scripts.                                                            │
│                                                                              │
╰──────────────────────────────────────────────────────────────────────────────╯
Done in 11s using pnpm v10.32.1
