Scope: all 10 workspace projects
Progress: resolved 0, reused 1, downloaded 0, added 0
Progress: resolved 38, reused 38, downloaded 0, added 0
Progress: resolved 336, reused 278, downloaded 0, added 0
Progress: resolved 362, reused 295, downloaded 1, added 0
Progress: resolved 367, reused 295, downloaded 7, added 0
Progress: resolved 372, reused 295, downloaded 13, added 0
Progress: resolved 373, reused 295, downloaded 14, added 0
Progress: resolved 373, reused 295, downloaded 15, added 0
Progress: resolved 374, reused 295, downloaded 17, added 0
Progress: resolved 381, reused 296, downloaded 23, added 0
Progress: resolved 383, reused 298, downloaded 24, added 0
Progress: resolved 412, reused 303, downloaded 24, added 0
Packages: +24
++++++++++++++++++++++++
Progress: resolved 412, reused 303, downloaded 24, added 24, done

╭ Warning ─────────────────────────────────────────────────────────────────────╮
│                                                                              │
│   Ignored build scripts: @scarf/scarf@1.4.0, msgpackr-extract@3.0.4.         │
│   Run "pnpm approve-builds" to pick which dependencies should be allowed     │
│   to run scripts.                                                            │
│                                                                              │
╰──────────────────────────────────────────────────────────────────────────────╯
Done in 12.6s using pnpm v10.32.1
