
> haven-real-estate@0.1.0 typecheck /home/abn/project/real-estate-solution
> pnpm -r typecheck

Scope: 9 of 10 workspace projects
packages/config typecheck$ tsc --noEmit
packages/contracts typecheck$ tsc --noEmit
packages/database typecheck$ tsc --noEmit
packages/test-support typecheck$ tsc --noEmit
packages/test-support typecheck: Done
packages/config typecheck: Done
packages/database typecheck: Done
packages/contracts typecheck: Done
apps/api typecheck$ tsc --noEmit
apps/worker typecheck$ tsc --noEmit
packages/ui typecheck$ tsc --noEmit
apps/worker typecheck: src/search-rebuild.ts(60,4): error TS2554: Expected 2 arguments, but got 3.
apps/worker typecheck: Failed
/home/abn/project/real-estate-solution/apps/worker:
 ERR_PNPM_RECURSIVE_RUN_FIRST_FAIL  @haven/worker@0.1.0 typecheck: `tsc --noEmit`
Exit status 2
 ELIFECYCLE  Command failed with exit code 2.
