 Container haven-integration-tests-run-3274324e2069 Creating
 Container haven-integration-tests-run-3274324e2069 Created

Running 12 tests using 1 worker

  ✓   1 [desktop] › tests/e2e/inventory-drafts.spec.ts:5:1 › I02 agent creates a new unit draft, edits it, refreshes and rejects stale and foreign edits (15.0s)
  ✓   2 [desktop] › tests/e2e/inventory-drafts.spec.ts:14:1 › I02 owner edits only owned drafts and cannot bypass new-property ownership review (4.5s)
  ✓   3 [desktop] › tests/e2e/inventory-workbench.spec.ts:7:1 › I07 agent creates, uploads, orders media, edits facts, filters and submits through the workbench (25.1s)
  ✘   4 [desktop] › tests/e2e/inventory-workbench.spec.ts:24:1 › I07 unassigned edit buttons, direct edit links and all private mutation APIs deny access (16.0s)
  ✓   5 [desktop] › tests/e2e/listing-workflow.spec.ts:3:1 › I03 author submits a private draft and moderator reviews, rejects incomplete publication and returns a reason (57.5s)
  ✓   6 [desktop] › tests/e2e/published-revisions.spec.ts:11:1 › I05/I06 approved price changes publish atomically, rejected changes stay private and public history excludes notes (1.1m)
  ✓   7 [mobile] › tests/e2e/inventory-drafts.spec.ts:5:1 › I02 agent creates a new unit draft, edits it, refreshes and rejects stale and foreign edits (34.1s)
  ✓   8 [mobile] › tests/e2e/inventory-drafts.spec.ts:14:1 › I02 owner edits only owned drafts and cannot bypass new-property ownership review (2.9s)
  ✘   9 [mobile] › tests/e2e/inventory-workbench.spec.ts:7:1 › I07 agent creates, uploads, orders media, edits facts, filters and submits through the workbench (37.7s)
  ✘  10 [mobile] › tests/e2e/inventory-workbench.spec.ts:24:1 › I07 unassigned edit buttons, direct edit links and all private mutation APIs deny access (10.5s)
  ✓  11 [mobile] › tests/e2e/listing-workflow.spec.ts:3:1 › I03 author submits a private draft and moderator reviews, rejects incomplete publication and returns a reason (57.8s)
  ✓  12 [mobile] › tests/e2e/published-revisions.spec.ts:11:1 › I05/I06 approved price changes publish atomically, rejected changes stay private and public history excludes notes (1.0m)


  1) [desktop] › tests/e2e/inventory-workbench.spec.ts:24:1 › I07 unassigned edit buttons, direct edit links and all private mutation APIs deny access

    Error: expect(locator).toContainText(expected) failed

    Locator: getByRole('alert')
    Expected substring: "Assigned property not found"
    Error: strict mode violation: getByRole('alert') resolved to 2 elements:
        1) <div role="alert" class="error-box">Assigned property not found</div> aka getByText('Assigned property not found')
        2) <div role="alert" aria-live="assertive" id="__next-route-announcer__"></div> aka locator('[id="__next-route-announcer__"]')

    Call log:
      - Expect "toContainText" getByRole('alert') with timeout 15000ms
      - waiting for getByRole('alert')
        4 × locator resolved to <div role="alert" aria-live="assertive" id="__next-route-announcer__"></div>
          - unexpected value ""


      28 |  for(const suffix of ['/draft','/workbench','/media'])expect((await page.request.get('http://localhost:8089/api/v1/ops/listings/'+id+suffix)).status()).toBe(404);
      29 |  expect((await apiRequest(page,'/ops/listings/'+id,{title,price:'100.25',version:1},'PATCH')).status()).toBe(404);
    > 30 |  await page.goto('http://localhost:8089/ops/listings?edit='+id);await expect(page.getByRole('alert')).toContainText('Assigned property not found');await expect(page.getByRole('dialog')).toHaveCount(0);
         |                                                                                                       ^
      31 |  await login(page,'outsider','http://localhost:8089','/ops/listings');expect((await page.request.get('http://localhost:8089/api/v1/ops/listings/'+id+'/workbench')).status()).toBe(404);
      32 | });
      33 |
        at /workspace/tests/e2e/inventory-workbench.spec.ts:30:103

    attachment #1: screenshot (image/png) ──────────────────────────────────────────────────────────
    test-results/inventory-workbench-I07-un-073f0-e-mutation-APIs-deny-access-desktop/test-failed-1.png
    ────────────────────────────────────────────────────────────────────────────────────────────────

    Error Context: test-results/inventory-workbench-I07-un-073f0-e-mutation-APIs-deny-access-desktop/error-context.md

    Error Context: test-results/inventory-workbench-I07-un-073f0-e-mutation-APIs-deny-access-desktop/error-context.md

    attachment #4: trace (application/zip) ─────────────────────────────────────────────────────────
    test-results/inventory-workbench-I07-un-073f0-e-mutation-APIs-deny-access-desktop/trace.zip
    Usage:

        pnpm exec playwright show-trace test-results/inventory-workbench-I07-un-073f0-e-mutation-APIs-deny-access-desktop/trace.zip

    ────────────────────────────────────────────────────────────────────────────────────────────────

  2) [mobile] › tests/e2e/inventory-workbench.spec.ts:7:1 › I07 agent creates, uploads, orders media, edits facts, filters and submits through the workbench

    Error: expect(locator).toHaveText(expected) failed

    Locator: locator('.draft-workbench').getByRole('status')
    Expected: "Property submitted for review"
    Timeout: 15000ms
    Error: element(s) not found

    Call log:
      - Expect "toHaveText" locator('.draft-workbench').getByRole('status') with timeout 15000ms
      - waiting for locator('.draft-workbench').getByRole('status')
        2 × locator resolved to <div role="status" class="loading">…</div>
          - unexpected value " Loading…"


      18 |  await row.getByRole('button',{name:'Media',exact:true}).click();await page.getByLabel('Media type',{exact:true}).selectOption('photo');await page.getByLabel('Media title',{exact:true}).fill('Workbench property photograph');await page.getByLabel('Rights / source',{exact:true}).fill('Project synthetic fixture');await page.getByLabel('Property media file',{exact:true}).setInputFiles('apps/web/public/homes/home-1.jpg');await page.getByRole('checkbox',{name:'I have the rights and permission to publish this media.',exact:true}).check();await page.getByRole('button',{name:'Upload and submit for review',exact:true}).click();await expect(page.getByRole('status').filter({hasText:'Upload prepared and submitted'})).toBeVisible();
      19 |  await page.getByRole('button',{name:'Edit details / hotspots',exact:true}).click();await page.getByLabel('Edit display order',{exact:true}).fill('7');await page.getByRole('button',{name:'Submit media revision',exact:true}).click();await expect(page.getByRole('status').filter({hasText:'Revision submitted for review'})).toBeVisible();const assets=(await(await page.request.get('http://localhost:8089/api/v1/ops/listings/'+id+'/media')).json()).data.media;expect(assets).toHaveLength(1);expect(assets[0].pending_position).toBe(7);
    > 20 |  await page.getByRole('button',{name:'Close dialog',exact:true}).click();await page.locator('.draft-workbench .record-row').filter({hasText:title}).getByRole('button',{name:'Submit for review',exact:true}).click();await expect(page.locator('.draft-workbench').getByRole('status')).toHaveText('Property submitted for review');
         |                                                                                                                                                                                                                                                                                          ^
      21 |  await page.getByRole('button',{name:'Reset inventory filters',exact:true}).click();await page.getByLabel('Search records',{exact:true}).fill(title);await page.getByLabel('Listing status',{exact:true}).selectOption('submitted');await page.getByRole('button',{name:'Apply inventory filters',exact:true}).click();await expect(row).toContainText('submitted');await expect(row.getByRole('button',{name:'Edit',exact:true})).toHaveCount(0);await expect(row.getByRole('button',{name:'Status',exact:true})).toHaveCount(0);
      22 |  await page.screenshot({path:'evidence/i07-workbench-'+info.project.name+'.png',fullPage:true});
      23 | });
        at /workspace/tests/e2e/inventory-workbench.spec.ts:20:282

    attachment #1: screenshot (image/png) ──────────────────────────────────────────────────────────
    test-results/inventory-workbench-I07-ag-e43e7-bmits-through-the-workbench-mobile/test-failed-1.png
    ────────────────────────────────────────────────────────────────────────────────────────────────

    Error Context: test-results/inventory-workbench-I07-ag-e43e7-bmits-through-the-workbench-mobile/error-context.md

    Error Context: test-results/inventory-workbench-I07-ag-e43e7-bmits-through-the-workbench-mobile/error-context.md

    attachment #4: trace (application/zip) ─────────────────────────────────────────────────────────
    test-results/inventory-workbench-I07-ag-e43e7-bmits-through-the-workbench-mobile/trace.zip
    Usage:

        pnpm exec playwright show-trace test-results/inventory-workbench-I07-ag-e43e7-bmits-through-the-workbench-mobile/trace.zip

    ────────────────────────────────────────────────────────────────────────────────────────────────

  3) [mobile] › tests/e2e/inventory-workbench.spec.ts:24:1 › I07 unassigned edit buttons, direct edit links and all private mutation APIs deny access

    Error: expect(locator).toContainText(expected) failed

    Locator: getByRole('alert')
    Expected substring: "Assigned property not found"
    Error: strict mode violation: getByRole('alert') resolved to 2 elements:
        1) <div role="alert" class="error-box">Assigned property not found</div> aka getByText('Assigned property not found')
        2) <div role="alert" aria-live="assertive" id="__next-route-announcer__"></div> aka locator('[id="__next-route-announcer__"]')

    Call log:
      - Expect "toContainText" getByRole('alert') with timeout 15000ms
      - waiting for getByRole('alert')
        3 × locator resolved to <div role="alert" aria-live="assertive" id="__next-route-announcer__"></div>
          - unexpected value ""


      28 |  for(const suffix of ['/draft','/workbench','/media'])expect((await page.request.get('http://localhost:8089/api/v1/ops/listings/'+id+suffix)).status()).toBe(404);
      29 |  expect((await apiRequest(page,'/ops/listings/'+id,{title,price:'100.25',version:1},'PATCH')).status()).toBe(404);
    > 30 |  await page.goto('http://localhost:8089/ops/listings?edit='+id);await expect(page.getByRole('alert')).toContainText('Assigned property not found');await expect(page.getByRole('dialog')).toHaveCount(0);
         |                                                                                                       ^
      31 |  await login(page,'outsider','http://localhost:8089','/ops/listings');expect((await page.request.get('http://localhost:8089/api/v1/ops/listings/'+id+'/workbench')).status()).toBe(404);
      32 | });
      33 |
        at /workspace/tests/e2e/inventory-workbench.spec.ts:30:103

    attachment #1: screenshot (image/png) ──────────────────────────────────────────────────────────
    test-results/inventory-workbench-I07-un-073f0-e-mutation-APIs-deny-access-mobile/test-failed-1.png
    ────────────────────────────────────────────────────────────────────────────────────────────────

    Error Context: test-results/inventory-workbench-I07-un-073f0-e-mutation-APIs-deny-access-mobile/error-context.md

    Error Context: test-results/inventory-workbench-I07-un-073f0-e-mutation-APIs-deny-access-mobile/error-context.md

    attachment #4: trace (application/zip) ─────────────────────────────────────────────────────────
    test-results/inventory-workbench-I07-un-073f0-e-mutation-APIs-deny-access-mobile/trace.zip
    Usage:

        pnpm exec playwright show-trace test-results/inventory-workbench-I07-un-073f0-e-mutation-APIs-deny-access-mobile/trace.zip

    ────────────────────────────────────────────────────────────────────────────────────────────────

  3 failed
    [desktop] › tests/e2e/inventory-workbench.spec.ts:24:1 › I07 unassigned edit buttons, direct edit links and all private mutation APIs deny access
    [mobile] › tests/e2e/inventory-workbench.spec.ts:7:1 › I07 agent creates, uploads, orders media, edits facts, filters and submits through the workbench
    [mobile] › tests/e2e/inventory-workbench.spec.ts:24:1 › I07 unassigned edit buttons, direct edit links and all private mutation APIs deny access
  9 passed (6.5m)
