 Container haven-tests-run-1758f5a0a897 Creating
 Container haven-tests-run-1758f5a0a897 Created

> @haven/ops@0.1.0 build /workspace/apps/ops
> next build

▲ Next.js 16.3.8 (Turbopack)
✓ Running next.config.ts took 32ms

  Creating an optimized production build ...
✓ Compiled successfully in 1409ms
  Running TypeScript ...
  Finished TypeScript in 3.5s ...
  Collecting page data using 5 workers ...
  Generating static pages using 5 workers (0/2) ...
✓ Generating static pages using 5 workers (2/2) in 644ms
  Finalizing page optimization ...

Route (app)
┌ ○ /_not-found
├ ƒ /[[...path]]
└ ƒ /api/[...path]


○  (Static)   prerendered as static content
ƒ  (Dynamic)  server-rendered on demand
