 Container haven-integration-tests-run-c3b21e997c96 Creating 
 Container haven-integration-tests-run-c3b21e997c96 Created 

[1m[30m[46m RUN [49m[39m[22m [36mv5.0.3 [39m[90m/workspace[39m

 [32m✓[39m tests/integration/inventory-schema.test.ts [2m([22m[2m6 tests[22m[2m)[22m[32m 68[2mms[22m[39m

[2m Test Files [22m [1m[32m1 passed[39m[22m[90m (1)[39m
[2m      Tests [22m [1m[32m6 passed[39m[22m[90m (6)[39m
[2m   Start at [22m 06:26:19
[2m   Duration [22m 634ms[2m (import 79%, tests 13%, transform 7%, worker 1%)[22m


> haven-real-estate@0.1.0 lint /workspace
> eslint . && node scripts/boundaries.mjs

Application import boundaries passed

> haven-real-estate@0.1.0 typecheck /workspace
> pnpm -r typecheck

Scope: 9 of 10 workspace projects
packages/config typecheck$ tsc --noEmit
packages/contracts typecheck$ tsc --noEmit
packages/database typecheck$ tsc --noEmit
packages/test-support typecheck$ tsc --noEmit
packages/test-support typecheck: Done
packages/ui typecheck$ tsc --noEmit
packages/config typecheck: Done
packages/database typecheck: Done
packages/ui typecheck: Done
packages/contracts typecheck: Done
apps/api typecheck$ tsc --noEmit
apps/ops typecheck$ tsc --noEmit
apps/web typecheck$ tsc --noEmit
apps/worker typecheck$ tsc --noEmit
apps/worker typecheck: Done
apps/ops typecheck: Done
apps/api typecheck: Done
apps/web typecheck: Done
