 Container haven-tests-run-b9aae181941b Creating 
 Container haven-tests-run-b9aae181941b Created 

Running 4 tests using 1 worker

  ✓  1 [desktop] › tests/e2e/journeys.spec.ts:29:1 › F06/U05 logged-in favorite, inquiry, viewing and message persistence (33.3s)
  ✘  2 [desktop] › tests/e2e/viewing-bookings.spec.ts:9:1 › L04 consumer retries a lost reservation receipt; concurrent requests conflict and actual assigned agent confirms once (35.7s)
  ✓  3 [mobile] › tests/e2e/journeys.spec.ts:29:1 › F06/U05 logged-in favorite, inquiry, viewing and message persistence (40.7s)
  ✓  4 [mobile] › tests/e2e/viewing-bookings.spec.ts:9:1 › L04 consumer retries a lost reservation receipt; concurrent requests conflict and actual assigned agent confirms once (40.5s)


  1) [desktop] › tests/e2e/viewing-bookings.spec.ts:9:1 › L04 consumer retries a lost reservation receipt; concurrent requests conflict and actual assigned agent confirms once 

    Error: expect(received).toEqual(expected) // deep equality

    - Expected  -   1
    + Received  + 163

    - Array []
    + Array [
    +   Object {
    +     "description": "Ensure the contrast between foreground and background colors meets WCAG 2 AA minimum contrast ratio thresholds",
    +     "help": "Elements must meet minimum color contrast ratio thresholds",
    +     "helpUrl": "https://dequeuniversity.com/rules/axe/4.13/color-contrast?application=playwright",
    +     "id": "color-contrast",
    +     "impact": "serious",
    +     "nodes": Array [
    +       Object {
    +         "all": Array [],
    +         "any": Array [
    +           Object {
    +             "data": Object {
    +               "bgColor": "#f4f7ee",
    +               "contrastRatio": 4.37,
    +               "expectedContrastRatio": "4.5:1",
    +               "fgColor": "#667862",
    +               "fontSize": "9.0pt (12px)",
    +               "fontWeight": "normal",
    +               "messageKey": null,
    +             },
    +             "id": "color-contrast",
    +             "impact": "serious",
    +             "message": "Element has insufficient color contrast of 4.37 (foreground color: #667862, background color: #f4f7ee, font size: 9.0pt (12px), font weight: normal). Expected contrast ratio of 4.5:1",
    +             "relatedNodes": Array [
    +               Object {
    +                 "html": "<th>Property</th>",
    +                 "target": Array [
    +                   "th:nth-child(1)",
    +                 ],
    +               },
    +             ],
    +           },
    +         ],
    +         "failureSummary": "Fix any of the following:
    +   Element has insufficient color contrast of 4.37 (foreground color: #667862, background color: #f4f7ee, font size: 9.0pt (12px), font weight: normal). Expected contrast ratio of 4.5:1",
    +         "html": "<th>Property</th>",
    +         "impact": "serious",
    +         "none": Array [],
    +         "target": Array [
    +           "th:nth-child(1)",
    +         ],
    +       },
    +       Object {
    +         "all": Array [],
    +         "any": Array [
    +           Object {
    +             "data": Object {
    +               "bgColor": "#f4f7ee",
    +               "contrastRatio": 4.37,
    +               "expectedContrastRatio": "4.5:1",
    +               "fgColor": "#667862",
    +               "fontSize": "9.0pt (12px)",
    +               "fontWeight": "normal",
    +               "messageKey": null,
    +             },
    +             "id": "color-contrast",
    +             "impact": "serious",
    +             "message": "Element has insufficient color contrast of 4.37 (foreground color: #667862, background color: #f4f7ee, font size: 9.0pt (12px), font weight: normal). Expected contrast ratio of 4.5:1",
    +             "relatedNodes": Array [
    +               Object {
    +                 "html": "<th>Beijing time</th>",
    +                 "target": Array [
    +                   "th:nth-child(2)",
    +                 ],
    +               },
    +             ],
    +           },
    +         ],
    +         "failureSummary": "Fix any of the following:
    +   Element has insufficient color contrast of 4.37 (foreground color: #667862, background color: #f4f7ee, font size: 9.0pt (12px), font weight: normal). Expected contrast ratio of 4.5:1",
    +         "html": "<th>Beijing time</th>",
    +         "impact": "serious",
    +         "none": Array [],
    +         "target": Array [
    +           "th:nth-child(2)",
    +         ],
    +       },
    +       Object {
    +         "all": Array [],
    +         "any": Array [
    +           Object {
    +             "data": Object {
    +               "bgColor": "#f4f7ee",
    +               "contrastRatio": 4.37,
    +               "expectedContrastRatio": "4.5:1",
    +               "fgColor": "#667862",
    +               "fontSize": "9.0pt (12px)",
    +               "fontWeight": "normal",
    +               "messageKey": null,
    +             },
    +             "id": "color-contrast",
    +             "impact": "serious",
    +             "message": "Element has insufficient color contrast of 4.37 (foreground color: #667862, background color: #f4f7ee, font size: 9.0pt (12px), font weight: normal). Expected contrast ratio of 4.5:1",
    +             "relatedNodes": Array [
    +               Object {
    +                 "html": "<th>Status</th>",
    +                 "target": Array [
    +                   "th:nth-child(3)",
    +                 ],
    +               },
    +             ],
    +           },
    +         ],
    +         "failureSummary": "Fix any of the following:
    +   Element has insufficient color contrast of 4.37 (foreground color: #667862, background color: #f4f7ee, font size: 9.0pt (12px), font weight: normal). Expected contrast ratio of 4.5:1",
    +         "html": "<th>Status</th>",
    +         "impact": "serious",
    +         "none": Array [],
    +         "target": Array [
    +           "th:nth-child(3)",
    +         ],
    +       },
    +       Object {
    +         "all": Array [],
    +         "any": Array [
    +           Object {
    +             "data": Object {
    +               "bgColor": "#f4f7ee",
    +               "contrastRatio": 4.37,
    +               "expectedContrastRatio": "4.5:1",
    +               "fgColor": "#667862",
    +               "fontSize": "9.0pt (12px)",
    +               "fontWeight": "normal",
    +               "messageKey": null,
    +             },
    +             "id": "color-contrast",
    +             "impact": "serious",
    +             "message": "Element has insufficient color contrast of 4.37 (foreground color: #667862, background color: #f4f7ee, font size: 9.0pt (12px), font weight: normal). Expected contrast ratio of 4.5:1",
    +             "relatedNodes": Array [
    +               Object {
    +                 "html": "<th>Actions</th>",
    +                 "target": Array [
    +                   "th:nth-child(4)",
    +                 ],
    +               },
    +             ],
    +           },
    +         ],
    +         "failureSummary": "Fix any of the following:
    +   Element has insufficient color contrast of 4.37 (foreground color: #667862, background color: #f4f7ee, font size: 9.0pt (12px), font weight: normal). Expected contrast ratio of 4.5:1",
    +         "html": "<th>Actions</th>",
    +         "impact": "serious",
    +         "none": Array [],
    +         "target": Array [
    +           "th:nth-child(4)",
    +         ],
    +       },
    +     ],
    +     "tags": Array [
    +       "cat.color",
    +       "wcag2aa",
    +       "wcag143",
    +       "TTv5",
    +       "TT13.c",
    +       "EN-301-549",
    +       "EN-9.1.4.3",
    +       "ACT",
    +       "RGAAv4",
    +       "RGAA-3.2.1",
    +     ],
    +   },
    + ]

      16 |  const body={...submitted,startAt:date+'T04:00:00.000Z'},send=()=>page.request.post('/api/v1/viewings',{headers:{Origin:'http://localhost:8088','idempotency-key':crypto.randomUUID()},data:body}),races=await Promise.all([send(),send()]);expect(races.map(r=>r.status()).sort()).toEqual([201,409]);const second=(await races.find(r=>r.status()===201)!.json()).data;expect((await page.request.post('/api/v1/viewings/'+second.id+'/cancel',{headers:{Origin:'http://localhost:8088','idempotency-key':crypto.randomUUID()},data:{version:second.version}})).ok()).toBe(true);
      17 |  await login(page,'outsider','http://localhost:8089','/ops/viewings');expect((await apiRequest(page,'/ops/viewings/'+saved.id+'/confirm',{version:1,listingVersion:1,scheduleVersion:1})).status()).toBe(404);
    > 18 |  await login(page,'agent','http://localhost:8089','/ops/viewings');const row=page.locator('tr[data-record-id="'+saved.id+'"]');await expect(row).toHaveCount(1);await row.getByRole('button',{name:'Confirm',exact:true}).click();await expect(row).toContainText('confirmed');expect((await apiRequest(page,'/ops/viewings/'+saved.id+'/confirm',{version:1,listingVersion:1,scheduleVersion:1})).status()).toBe(409);expect((await new AxeBuilder({page}).include('main').analyze()).violations.filter(v=>v.impact==='serious'||v.impact==='critical')).toEqual([]);expect(await page.evaluate(()=>document.documentElement.scrollWidth<=innerWidth)).toBe(true);await page.screenshot({path:`evidence/l04-confirmed-${info.project.name}.png`,scale:'css'});
         |                                                                                                                                                                                                                                                                                                                                                                                                                                                                                                                                                           ^
      19 |  await login(page,'buyer','http://localhost:8088','/account/viewings');const own=page.locator('.record-row').filter({hasText:title}).filter({hasText:'confirmed'});await expect(own).toHaveCount(1);await own.getByRole('button',{name:'Cancel viewing',exact:true}).click();await expect(page.locator('.record-row').filter({hasText:title}).filter({hasText:'cancelled'})).toHaveCount(2);expect((await (await page.request.get('/api/v1/viewing-slots?listingId='+id+'&date='+date+'&days=1')).json()).data.slots.some((s:any)=>s.startAt===submitted.startAt)).toBe(true);
      20 |  }finally{await staff(async c=>{await c.query("UPDATE viewings SET status='cancelled',version=version+1 WHERE listing_id=$1 AND status IN('requested','confirmed')",[id]);await c.query("UPDATE listings SET status='archived',version=version+1 WHERE id=$1",[id]);await c.query("UPDATE agents SET verified_until=NULL,version=version+1 WHERE id=$1",[agent]);});}
      21 | });
        at /workspace/tests/e2e/viewing-bookings.spec.ts:18:539

    attachment #1: screenshot (image/png) ──────────────────────────────────────────────────────────
    test-results/viewing-bookings-L04-consu-86a9e-ssigned-agent-confirms-once-desktop/test-failed-1.png
    ────────────────────────────────────────────────────────────────────────────────────────────────

    Error Context: test-results/viewing-bookings-L04-consu-86a9e-ssigned-agent-confirms-once-desktop/error-context.md

    Error Context: test-results/viewing-bookings-L04-consu-86a9e-ssigned-agent-confirms-once-desktop/error-context.md

    attachment #4: trace (application/zip) ─────────────────────────────────────────────────────────
    test-results/viewing-bookings-L04-consu-86a9e-ssigned-agent-confirms-once-desktop/trace.zip
    Usage:

        pnpm exec playwright show-trace test-results/viewing-bookings-L04-consu-86a9e-ssigned-agent-confirms-once-desktop/trace.zip

    ────────────────────────────────────────────────────────────────────────────────────────────────

  1 failed
    [desktop] › tests/e2e/viewing-bookings.spec.ts:9:1 › L04 consumer retries a lost reservation receipt; concurrent requests conflict and actual assigned agent confirms once 
  3 passed (2.6m)

