 Container haven-api-run-6aa181c34845 Creating 
 Container haven-api-run-6aa181c34845 Created 

> haven-real-estate@0.1.0 lint /workspace
> eslint . && node scripts/boundaries.mjs

Application import boundaries passed
 Container haven-api-run-983b6192581c Creating 
 Container haven-api-run-983b6192581c Created 

> haven-real-estate@0.1.0 typecheck /workspace
> pnpm -r typecheck

Scope: 9 of 10 workspace projects
packages/config typecheck$ tsc --noEmit
packages/contracts typecheck$ tsc --noEmit
packages/database typecheck$ tsc --noEmit
packages/test-support typecheck$ tsc --noEmit
packages/test-support typecheck: Done
packages/config typecheck: Done
packages/database typecheck: Done
packages/contracts typecheck: Done
apps/api typecheck$ tsc --noEmit
apps/worker typecheck$ tsc --noEmit
packages/ui typecheck$ tsc --noEmit
apps/worker typecheck: Done
packages/ui typecheck: Done
apps/api typecheck: Done
apps/ops typecheck$ tsc --noEmit
apps/web typecheck$ tsc --noEmit
apps/ops typecheck: Done
apps/web typecheck: Done
 Container haven-api-run-74ee8ab1fcb8 Creating 
 Container haven-api-run-74ee8ab1fcb8 Created 

> haven-real-estate@0.1.0 contracts:check /workspace
> node scripts/generate-contracts.mjs --check && tsx scripts/generate-openapi.ts --check

Generated 233 typed API operations.
OpenAPI matches canonical schemas
 Container haven-api-run-33d71a14d189 Creating 
 Container haven-api-run-33d71a14d189 Created 

> haven-real-estate@0.1.0 task:validate /workspace
> node scripts/tasks.mjs

Validated 120 tasks; 76 done.
