 Container haven-api-run-603d7352b3c2 Creating 
 Container haven-api-run-603d7352b3c2 Created 

> haven-real-estate@0.1.0 typecheck /workspace
> pnpm -r typecheck

Scope: 9 of 10 workspace projects
packages/config typecheck$ tsc --noEmit
packages/contracts typecheck$ tsc --noEmit
packages/database typecheck$ tsc --noEmit
packages/test-support typecheck$ tsc --noEmit
packages/test-support typecheck: Done
packages/config typecheck: Done
packages/database typecheck: Done
packages/contracts typecheck: Done
apps/api typecheck$ tsc --noEmit
apps/worker typecheck$ tsc --noEmit
packages/ui typecheck$ tsc --noEmit
apps/worker typecheck: Done
packages/ui typecheck: Done
apps/api typecheck: Done
apps/ops typecheck$ tsc --noEmit
apps/web typecheck$ tsc --noEmit
apps/ops typecheck: Done
apps/web typecheck: Done
 Container haven-api-run-8361cd451730 Creating 
 Container haven-api-run-8361cd451730 Created 

> haven-real-estate@0.1.0 lint /workspace
> eslint . && node scripts/boundaries.mjs

Application import boundaries passed
 Container haven-api-run-989c2470aa31 Creating 
 Container haven-api-run-989c2470aa31 Created 

> haven-real-estate@0.1.0 lint /workspace
> eslint . && node scripts/boundaries.mjs

Application import boundaries passed
 Container haven-api-run-1489b164d281 Creating 
 Container haven-api-run-1489b164d281 Created 

> haven-real-estate@0.1.0 lint /workspace
> eslint . && node scripts/boundaries.mjs

Application import boundaries passed
 Container haven-api-run-89a369c1a2f6 Creating 
 Container haven-api-run-89a369c1a2f6 Created 

> haven-real-estate@0.1.0 contracts:check /workspace
> node scripts/generate-contracts.mjs --check && tsx scripts/generate-openapi.ts --check

Generated 241 typed API operations.
OpenAPI matches canonical schemas
 Container haven-api-run-19cc11a61259 Creating 
 Container haven-api-run-19cc11a61259 Created 

> haven-real-estate@0.1.0 task:validate /workspace
> node scripts/tasks.mjs

Validated 120 tasks; 79 done.
