 Container haven-integration-tests-run-0f3886beb004 Creating 
 Container haven-integration-tests-run-0f3886beb004 Created 

Running 2 tests using 1 worker

  ✘  1 [desktop] › tests/e2e/development-projects.spec.ts:4:1 › N01 developer authors an owned project, phase and canonical building and restores their structure after refresh (22.2s)
  ✘  2 [mobile] › tests/e2e/development-projects.spec.ts:4:1 › N01 developer authors an owned project, phase and canonical building and restores their structure after refresh (19.4s)


  1) [desktop] › tests/e2e/development-projects.spec.ts:4:1 › N01 developer authors an owned project, phase and canonical building and restores their structure after refresh 

    Error: expect(locator).toBeVisible() failed

    Locator: locator('.project-authoring').getByText('Project version 3 · draft', { exact: true })
    Expected: visible
    Timeout: 15000ms
    Error: element(s) not found

    Call log:
      - Expect "toBeVisible" locator('.project-authoring').getByText('Project version 3 · draft', { exact: true }) with timeout 15000ms
      - waiting for locator('.project-authoring').getByText('Project version 3 · draft', { exact: true })


      3 | import {login} from '../support/browser';
      4 | test('N01 developer authors an owned project, phase and canonical building and restores their structure after refresh',async({page},info)=>{
    > 5 |  await login(page,'developer','http://localhost:8089','/ops/developments');const panel=page.locator('.project-authoring'),name='N01 browser '+info.project.name+' '+crypto.randomUUID(),slug='n01-browser-'+crypto.randomUUID();await panel.getByRole('button',{name:'Create project',exact:true}).click();let dialog=page.getByRole('dialog',{name:'Create project',exact:true});await dialog.getByLabel('Name',{exact:true}).fill(name);await dialog.getByLabel('Stable URL name',{exact:true}).fill(slug);await expect(dialog.getByLabel('Community',{exact:true}).locator('option')).not.toHaveCount(1);await dialog.getByLabel('Community',{exact:true}).selectOption('10000000-0000-4000-8000-000000000040');await dialog.getByLabel('Description',{exact:true}).fill('A synthetic developer-owned project with a recorded east phase and a canonical building.');await dialog.getByRole('button',{name:'Save project structure',exact:true}).click();await expect(dialog).toHaveCount(0);await expect(panel.getByRole('heading',{name,exact:true})).toBeVisible();await expect(panel.getByText('Project version 1 · draft',{exact:true})).toBeVisible();await panel.getByRole('button',{name:'Add phase',exact:true}).click();dialog=page.getByRole('dialog',{name:'Add phase',exact:true});await dialog.getByLabel('Name',{exact:true}).fill('East phase');await dialog.getByLabel('Stable URL name',{exact:true}).fill('east');await dialog.getByRole('button',{name:'Save project structure',exact:true}).click();await expect(panel.getByText('Project version 2 · draft',{exact:true})).toBeVisible();await expect(panel.locator('.record-row').filter({hasText:'East phase'})).toContainText('draft · Version 1');await panel.getByRole('button',{name:'Add building',exact:true}).click();dialog=page.getByRole('dialog',{name:'Add building',exact:true});await dialog.getByLabel('Name',{exact:true}).fill('East building');await dialog.getByLabel('Stable URL name',{exact:true}).fill('east-building');const phaseId=await dialog.getByLabel('Phase',{exact:true}).locator('option').filter({hasText:'East phase'}).getAttribute('value');await dialog.getByLabel('Phase',{exact:true}).selectOption(phaseId!);await dialog.getByLabel('Floors',{exact:true}).fill('12');await dialog.getByLabel('Completion year',{exact:true}).fill('2027');await dialog.getByRole('button',{name:'Save project structure',exact:true}).click();await expect(panel.getByText('Project version 3 · draft',{exact:true})).toBeVisible();const building=panel.locator('.record-row').filter({hasText:'East building'});await expect(building).toContainText('East phase · 12 floors · active · Version 1');await panel.locator('.record-row').filter({hasText:'East phase'}).filter({has:page.getByRole('button',{name:'Edit phase',exact:true})}).getByRole('button',{name:'Edit phase',exact:true}).click();dialog=page.getByRole('dialog',{name:'Edit phase',exact:true});await dialog.getByLabel('Status',{exact:true}).selectOption('coming_soon');await dialog.getByRole('button',{name:'Save project structure',exact:true}).click();await expect(panel.getByText('Project version 4 · draft',{exact:true})).toBeVisible();const selected=await panel.getByLabel('Project structure',{exact:true}).inputValue();await page.reload();await panel.getByLabel('Project structure',{exact:true}).selectOption(selected);await expect(building).toContainText('East phase · 12 floors');await expect(panel.locator('.record-row').filter({hasText:'East phase'}).filter({has:page.getByRole('button',{name:'Edit phase',exact:true})})).toContainText('coming soon · Version 2');await panel.scrollIntoViewIfNeeded();const axe=await new AxeBuilder({page}).include('.project-authoring').analyze();expect(axe.violations.filter(v=>v.impact==='serious'||v.impact==='critical')).toEqual([]);expect(await page.evaluate(()=>document.documentElement.scrollWidth<=window.innerWidth)).toBe(true);await page.screenshot({path:`evidence/n01-project-${info.project.name}.png`,scale:'css'});
        |                                                                                                                                                                                                                                                                                                                                                                                                                                                                                                                                                                                                                                                                                                                                                                                                                                                                                                                                                                                                                                                                                                                                                                                                                                                                                                                                                                                                                                                                                                                                                                                                                                                                                                                                                                                                                                                                                                                                                                                                                                                                                                                                                                                                                                                                                                                                                                                                                                                                                                                              ^
      6 | });
      7 |
        at /workspace/tests/e2e/development-projects.spec.ts:5:2430

    attachment #1: screenshot (image/png) ──────────────────────────────────────────────────────────
    test-results/development-projects-N01-d-a3a1b-eir-structure-after-refresh-desktop/test-failed-1.png
    ────────────────────────────────────────────────────────────────────────────────────────────────

    Error Context: test-results/development-projects-N01-d-a3a1b-eir-structure-after-refresh-desktop/error-context.md

    attachment #3: trace (application/zip) ─────────────────────────────────────────────────────────
    test-results/development-projects-N01-d-a3a1b-eir-structure-after-refresh-desktop/trace.zip
    Usage:

        pnpm exec playwright show-trace test-results/development-projects-N01-d-a3a1b-eir-structure-after-refresh-desktop/trace.zip

    ────────────────────────────────────────────────────────────────────────────────────────────────

  2) [mobile] › tests/e2e/development-projects.spec.ts:4:1 › N01 developer authors an owned project, phase and canonical building and restores their structure after refresh 

    Error: expect(locator).toBeVisible() failed

    Locator: locator('.project-authoring').getByText('Project version 3 · draft', { exact: true })
    Expected: visible
    Timeout: 15000ms
    Error: element(s) not found

    Call log:
      - Expect "toBeVisible" locator('.project-authoring').getByText('Project version 3 · draft', { exact: true }) with timeout 15000ms
      - waiting for locator('.project-authoring').getByText('Project version 3 · draft', { exact: true })


      3 | import {login} from '../support/browser';
      4 | test('N01 developer authors an owned project, phase and canonical building and restores their structure after refresh',async({page},info)=>{
    > 5 |  await login(page,'developer','http://localhost:8089','/ops/developments');const panel=page.locator('.project-authoring'),name='N01 browser '+info.project.name+' '+crypto.randomUUID(),slug='n01-browser-'+crypto.randomUUID();await panel.getByRole('button',{name:'Create project',exact:true}).click();let dialog=page.getByRole('dialog',{name:'Create project',exact:true});await dialog.getByLabel('Name',{exact:true}).fill(name);await dialog.getByLabel('Stable URL name',{exact:true}).fill(slug);await expect(dialog.getByLabel('Community',{exact:true}).locator('option')).not.toHaveCount(1);await dialog.getByLabel('Community',{exact:true}).selectOption('10000000-0000-4000-8000-000000000040');await dialog.getByLabel('Description',{exact:true}).fill('A synthetic developer-owned project with a recorded east phase and a canonical building.');await dialog.getByRole('button',{name:'Save project structure',exact:true}).click();await expect(dialog).toHaveCount(0);await expect(panel.getByRole('heading',{name,exact:true})).toBeVisible();await expect(panel.getByText('Project version 1 · draft',{exact:true})).toBeVisible();await panel.getByRole('button',{name:'Add phase',exact:true}).click();dialog=page.getByRole('dialog',{name:'Add phase',exact:true});await dialog.getByLabel('Name',{exact:true}).fill('East phase');await dialog.getByLabel('Stable URL name',{exact:true}).fill('east');await dialog.getByRole('button',{name:'Save project structure',exact:true}).click();await expect(panel.getByText('Project version 2 · draft',{exact:true})).toBeVisible();await expect(panel.locator('.record-row').filter({hasText:'East phase'})).toContainText('draft · Version 1');await panel.getByRole('button',{name:'Add building',exact:true}).click();dialog=page.getByRole('dialog',{name:'Add building',exact:true});await dialog.getByLabel('Name',{exact:true}).fill('East building');await dialog.getByLabel('Stable URL name',{exact:true}).fill('east-building');const phaseId=await dialog.getByLabel('Phase',{exact:true}).locator('option').filter({hasText:'East phase'}).getAttribute('value');await dialog.getByLabel('Phase',{exact:true}).selectOption(phaseId!);await dialog.getByLabel('Floors',{exact:true}).fill('12');await dialog.getByLabel('Completion year',{exact:true}).fill('2027');await dialog.getByRole('button',{name:'Save project structure',exact:true}).click();await expect(panel.getByText('Project version 3 · draft',{exact:true})).toBeVisible();const building=panel.locator('.record-row').filter({hasText:'East building'});await expect(building).toContainText('East phase · 12 floors · active · Version 1');await panel.locator('.record-row').filter({hasText:'East phase'}).filter({has:page.getByRole('button',{name:'Edit phase',exact:true})}).getByRole('button',{name:'Edit phase',exact:true}).click();dialog=page.getByRole('dialog',{name:'Edit phase',exact:true});await dialog.getByLabel('Status',{exact:true}).selectOption('coming_soon');await dialog.getByRole('button',{name:'Save project structure',exact:true}).click();await expect(panel.getByText('Project version 4 · draft',{exact:true})).toBeVisible();const selected=await panel.getByLabel('Project structure',{exact:true}).inputValue();await page.reload();await panel.getByLabel('Project structure',{exact:true}).selectOption(selected);await expect(building).toContainText('East phase · 12 floors');await expect(panel.locator('.record-row').filter({hasText:'East phase'}).filter({has:page.getByRole('button',{name:'Edit phase',exact:true})})).toContainText('coming soon · Version 2');await panel.scrollIntoViewIfNeeded();const axe=await new AxeBuilder({page}).include('.project-authoring').analyze();expect(axe.violations.filter(v=>v.impact==='serious'||v.impact==='critical')).toEqual([]);expect(await page.evaluate(()=>document.documentElement.scrollWidth<=window.innerWidth)).toBe(true);await page.screenshot({path:`evidence/n01-project-${info.project.name}.png`,scale:'css'});
        |                                                                                                                                                                                                                                                                                                                                                                                                                                                                                                                                                                                                                                                                                                                                                                                                                                                                                                                                                                                                                                                                                                                                                                                                                                                                                                                                                                                                                                                                                                                                                                                                                                                                                                                                                                                                                                                                                                                                                                                                                                                                                                                                                                                                                                                                                                                                                                                                                                                                                                                              ^
      6 | });
      7 |
        at /workspace/tests/e2e/development-projects.spec.ts:5:2430

    attachment #1: screenshot (image/png) ──────────────────────────────────────────────────────────
    test-results/development-projects-N01-d-a3a1b-eir-structure-after-refresh-mobile/test-failed-1.png
    ────────────────────────────────────────────────────────────────────────────────────────────────

    Error Context: test-results/development-projects-N01-d-a3a1b-eir-structure-after-refresh-mobile/error-context.md

    attachment #3: trace (application/zip) ─────────────────────────────────────────────────────────
    test-results/development-projects-N01-d-a3a1b-eir-structure-after-refresh-mobile/trace.zip
    Usage:

        pnpm exec playwright show-trace test-results/development-projects-N01-d-a3a1b-eir-structure-after-refresh-mobile/trace.zip

    ────────────────────────────────────────────────────────────────────────────────────────────────

  2 failed
    [desktop] › tests/e2e/development-projects.spec.ts:4:1 › N01 developer authors an owned project, phase and canonical building and restores their structure after refresh 
    [mobile] › tests/e2e/development-projects.spec.ts:4:1 › N01 developer authors an owned project, phase and canonical building and restores their structure after refresh 

