 Container haven-api-run-b3f4c6b7cc91 Creating 
 Container haven-api-run-b3f4c6b7cc91 Created 

> haven-real-estate@0.1.0 typecheck /workspace
> pnpm -r typecheck

Scope: 9 of 10 workspace projects
packages/config typecheck$ tsc --noEmit
packages/contracts typecheck$ tsc --noEmit
packages/database typecheck$ tsc --noEmit
packages/test-support typecheck$ tsc --noEmit
packages/test-support typecheck: Done
packages/config typecheck: Done
packages/database typecheck: Done
packages/contracts typecheck: Done
apps/api typecheck$ tsc --noEmit
apps/worker typecheck$ tsc --noEmit
packages/ui typecheck$ tsc --noEmit
apps/api typecheck: src/geography/controller.ts(34,954): error TS1005: ',' expected.
apps/api typecheck: src/geography/controller.ts(34,963): error TS1005: ',' expected.
apps/api typecheck: Failed
/workspace/apps/api:
 ERR_PNPM_RECURSIVE_RUN_FIRST_FAIL  @haven/api@0.1.0 typecheck: `tsc --noEmit`
Exit status 2
 ELIFECYCLE  Command failed with exit code 2.

