Local environment and identity fixtures ready. Account credentials: infra/generated/integration/personas.md
 Container haven-integration-worker-1 Stopping 
 Container haven-integration-proxy-1 Stopping 
 Container haven-integration-proxy-1 Stopped 
 Container haven-integration-proxy-1 Removing 
 Container haven-integration-worker-1 Stopped 
 Container haven-integration-worker-1 Removing 
 Container haven-integration-proxy-1 Removed 
 Container haven-integration-ops-1 Stopping 
 Container haven-integration-web-1 Stopping 
 Container haven-integration-worker-1 Removed 
 Container haven-integration-search-1 Stopping 
 Container haven-integration-mail-1 Stopping 
 Container haven-integration-cache-1 Stopping 
 Container haven-integration-ops-1 Stopped 
 Container haven-integration-ops-1 Removing 
 Container haven-integration-web-1 Stopped 
 Container haven-integration-web-1 Removing 
 Container haven-integration-ops-1 Removed 
 Container haven-integration-cache-1 Stopped 
 Container haven-integration-cache-1 Removing 
 Container haven-integration-search-1 Stopped 
 Container haven-integration-search-1 Removing 
 Container haven-integration-web-1 Removed 
 Container haven-integration-api-1 Stopping 
 Container haven-integration-mail-1 Stopped 
 Container haven-integration-mail-1 Removing 
 Container haven-integration-search-1 Removed 
 Container haven-integration-api-1 Stopped 
 Container haven-integration-api-1 Removing 
 Container haven-integration-cache-1 Removed 
 Container haven-integration-mail-1 Removed 
 Container haven-integration-api-1 Removed 
 Container haven-integration-identity-1 Stopping 
 Container haven-integration-scanner-1 Stopping 
 Container haven-integration-storage-1 Stopping 
 Container haven-integration-migrate-1 Stopping 
 Container haven-integration-migrate-1 Stopped 
 Container haven-integration-migrate-1 Removing 
 Container haven-integration-migrate-1 Removed 
 Container haven-integration-install-1 Stopping 
 Container haven-integration-install-1 Stopped 
 Container haven-integration-install-1 Removing 
 Container haven-integration-scanner-1 Stopped 
 Container haven-integration-scanner-1 Removing 
 Container haven-integration-install-1 Removed 
 Container haven-integration-identity-1 Stopped 
 Container haven-integration-identity-1 Removing 
 Container haven-integration-scanner-1 Removed 
 Container haven-integration-identity-1 Removed 
 Container haven-integration-db-1 Stopping 
 Container haven-integration-db-1 Stopped 
 Container haven-integration-db-1 Removing 
 Container haven-integration-db-1 Removed 
 Container haven-integration-storage-1 Stopped 
 Container haven-integration-storage-1 Removing 
 Container haven-integration-storage-1 Removed 
 Volume haven-integration_database Removing 
 Volume haven-integration_objects Removing 
 Volume haven-integration_search Removing 
 Volume haven-integration_cache Removing 
 Volume haven-integration_packages-config-dependencies Removing 
 Volume haven-integration_virus-signatures Removing 
 Volume haven-integration_apps-web-dependencies Removing 
 Volume haven-integration_mail-data Removing 
 Volume haven-integration_apps-api-dependencies Removing 
 Volume haven-integration_packages-contracts-dependencies Removing 
 Volume haven-integration_dependencies Removing 
 Volume haven-integration_packages-database-dependencies Removing 
 Volume haven-integration_packages-test-support-dependencies Removing 
 Volume haven-integration_packages-ui-dependencies Removing 
 Network haven-integration_private Removing 
 Volume haven-integration_objects Removed 
 Volume haven-integration_apps-ops-dependencies Removing 
 Volume haven-integration_apps-worker-dependencies Removing 
 Volume haven-integration_database Removed 
 Volume haven-integration_search Removed 
 Volume haven-integration_packages-config-dependencies Removed 
 Volume haven-integration_packages-contracts-dependencies Removed 
 Volume haven-integration_cache Removed 
 Volume haven-integration_apps-web-dependencies Removed 
 Volume haven-integration_mail-data Removed 
 Network haven-integration_private Removed 
 Volume haven-integration_dependencies Removed 
 Volume haven-integration_packages-ui-dependencies Removed 
 Volume haven-integration_apps-api-dependencies Removed 
 Volume haven-integration_packages-database-dependencies Removed 
 Volume haven-integration_virus-signatures Removed 
 Volume haven-integration_packages-test-support-dependencies Removed 
 Volume haven-integration_apps-worker-dependencies Removed 
 Volume haven-integration_apps-ops-dependencies Removed 
 Image haven-integration-api Building 
 Image haven-integration-migrate Building 
 Image haven-integration-web Building 
 Image haven-integration-tests Building 
 Image haven-integration-install Building 
 Image haven-integration-ops Building 
 Image haven-integration-worker Building 
#1 [internal] load local bake definitions
#1 reading from stdin 3.56kB done
#1 DONE 0.0s

#2 [web internal] load build definition from Dockerfile.dev
#2 transferring dockerfile: 1.33kB done
#2 DONE 0.0s

#3 [ops internal] load metadata for docker.io/library/node:24.21.0-bookworm-slim@sha256:0e0ff40c39bc087845bfb27465a0df4ea419520094bc35842ff83dd8cbe6f9b6
#3 ...

#4 [auth] library/node:pull token for registry-1.docker.io
#4 DONE 0.0s

#3 [ops internal] load metadata for docker.io/library/node:24.21.0-bookworm-slim@sha256:0e0ff40c39bc087845bfb27465a0df4ea419520094bc35842ff83dd8cbe6f9b6
#3 DONE 2.5s

#5 [ops internal] load .dockerignore
#5 transferring context: 192B done
#5 DONE 0.0s

#6 [install dependencies  1/15] FROM docker.io/library/node:24.21.0-bookworm-slim@sha256:0e0ff40c39bc087845bfb27465a0df4ea419520094bc35842ff83dd8cbe6f9b6
#6 resolve docker.io/library/node:24.21.0-bookworm-slim@sha256:0e0ff40c39bc087845bfb27465a0df4ea419520094bc35842ff83dd8cbe6f9b6 0.0s done
#6 DONE 0.0s

#7 [install internal] load build context
#7 transferring context: 4.99MB 0.1s done
#7 transferring context: 4.99MB 0.1s done
#7 DONE 0.1s

#8 [migrate dependencies 13/15] COPY packages/ui/package.json ./packages/ui/package.json
#8 CACHED

#9 [migrate dependencies  7/15] COPY apps/web/package.json ./apps/web/package.json
#9 CACHED

#10 [migrate dependencies 12/15] COPY packages/database/package.json ./packages/database/package.json
#10 CACHED

#11 [migrate dependencies 11/15] COPY packages/contracts/package.json ./packages/contracts/package.json
#11 CACHED

#12 [migrate dependencies  3/15] RUN npm install --global pnpm@10.32.1
#12 CACHED

#13 [migrate dependencies  6/15] COPY apps/api/package.json ./apps/api/package.json
#13 CACHED

#14 [migrate dependencies  4/15] WORKDIR /workspace
#14 CACHED

#15 [migrate dependencies  2/15] RUN apt-get update && apt-get install -y --no-install-recommends ffmpeg=7:5.1.9-0+deb12u1 && rm -rf /var/lib/apt/lists/*
#15 CACHED

#16 [migrate dependencies  5/15] COPY package.json pnpm-lock.yaml pnpm-workspace.yaml ./
#16 CACHED

#17 [migrate dependencies 10/15] COPY packages/config/package.json ./packages/config/package.json
#17 CACHED

#18 [migrate dependencies 14/15] COPY packages/test-support/package.json ./packages/test-support/package.json
#18 CACHED

#19 [migrate dependencies  9/15] COPY apps/worker/package.json ./apps/worker/package.json
#19 CACHED

#20 [migrate dependencies  8/15] COPY apps/ops/package.json ./apps/ops/package.json
#20 CACHED

#21 [tests browser 1/1] RUN pnpm exec playwright install --with-deps --only-shell chromium
#21 CACHED

#22 [install dependencies 15/15] RUN --mount=type=cache,target=/root/.local/share/pnpm/store pnpm install --frozen-lockfile
#22 CACHED

#23 [install development 1/1] COPY . .
#23 DONE 0.4s

#24 [tests tests 1/1] COPY . .
#24 DONE 0.4s

#25 [tests] exporting to image
#25 exporting layers
#25 ...

#26 [migrate] exporting to image
#26 exporting layers 6.5s done
#26 exporting manifest sha256:7dc7a5d4337fbdd84bdd392a70fb288ab03b14436955eaf132a9e4768809b7c5
#26 ...

#25 [tests] exporting to image
#25 exporting layers 6.5s done
#25 exporting manifest sha256:aeabf614a102136b9d2360fc2780c736a16f28e2a3caf370bb149e4e8829de75
#25 exporting manifest sha256:aeabf614a102136b9d2360fc2780c736a16f28e2a3caf370bb149e4e8829de75 0.3s done
#25 exporting config sha256:bd8fdf2bb6d423670cc66d14c1e9ccaa785e7fc22fb08a2d89004a4762e8aebd
#25 exporting config sha256:bd8fdf2bb6d423670cc66d14c1e9ccaa785e7fc22fb08a2d89004a4762e8aebd 0.2s done
#25 exporting attestation manifest sha256:d2525ad43681c965f56361674928ef2c61d43233a222a85b876866201dc80898
#25 exporting attestation manifest sha256:d2525ad43681c965f56361674928ef2c61d43233a222a85b876866201dc80898 0.5s done
#25 exporting manifest list sha256:b32ce0a38d5d5eac732797c9022306d93dcbe9f39eb59e62e242d5a69365534b
#25 exporting manifest list sha256:b32ce0a38d5d5eac732797c9022306d93dcbe9f39eb59e62e242d5a69365534b 0.2s done
#25 naming to docker.io/library/haven-integration-tests:latest 0.0s done
#25 unpacking to docker.io/library/haven-integration-tests:latest
#25 ...

#27 [install] exporting to image
#27 exporting layers 6.5s done
#27 exporting manifest sha256:5cc96c2b4468ee8797ed06bb30d6fa09354997069e5fc92442c09e884e27cdcc 0.2s done
#27 exporting config sha256:ad2154e13f4dbfa3b0b081d7d0a6930b2f7f39fff9c47ed22c9348d25dfc6062 0.2s done
#27 exporting attestation manifest sha256:f0bd2b9a5d80758eeb5af75e6ce7f5557cefdff71e0120e7bbef99cb797303d8 0.5s done
#27 exporting manifest list sha256:a8ca021133cd591660df336d072f319fef59c97eb86d16072ddc162d35945b89 0.2s done
#27 naming to docker.io/library/haven-integration-install:latest 0.1s done
#27 unpacking to docker.io/library/haven-integration-install:latest 1.3s done
#27 DONE 9.3s

#26 [migrate] exporting to image
#26 exporting manifest sha256:7dc7a5d4337fbdd84bdd392a70fb288ab03b14436955eaf132a9e4768809b7c5 0.2s done
#26 exporting config sha256:6aa829f66d2f704d1a0a0cc539e0c09cce7bac10479c00b1ec98744e21e41f53 0.3s done
#26 exporting attestation manifest sha256:f0160f220ab44a4c4ea124b0dbbc494bb0bbc3d825737ec3dbd542916c46850a 0.5s done
#26 exporting manifest list sha256:7313fcd476291bdf8b05ed2a829ebd55c71e3c29ae3658cbaf09b0709c3cb639 0.2s done
#26 naming to docker.io/library/haven-integration-migrate:latest 0.1s done
#26 unpacking to docker.io/library/haven-integration-migrate:latest 1.3s done
#26 DONE 9.4s

#28 [web] exporting to image
#28 exporting layers 6.5s done
#28 exporting manifest sha256:5eee386df7708fd7755ef83f02cd3f8bfc35a657af259433db0902da006e6d8b 0.2s done
#28 exporting config sha256:38c641040b720007b1f14b913bc056c979a19d72ec114deb90d84213282c3013 0.3s done
#28 exporting attestation manifest sha256:99e3cfb92c4c1578252edb57dea819303a52ae36ad0603a9b8c09f89de276e90 0.5s done
#28 exporting manifest list sha256:45fe235b357990b3b3a9c0405e6ca19088e95c2f95b1b78964f625672b571981 0.2s done
#28 naming to docker.io/library/haven-integration-web:latest 0.1s done
#28 unpacking to docker.io/library/haven-integration-web:latest 1.3s done
#28 DONE 9.4s

#29 [worker] exporting to image
#29 exporting layers 6.5s done
#29 exporting manifest sha256:6a4e14c4ccc4928c770761bff350092f6c4f111913f87ea6f092fed4f8a83cf9 0.2s done
#29 exporting config sha256:18b70667ec985b05e622605f2a3f119aa4bf2035c0a2a3f8ce30b812ed110bff 0.3s done
#29 exporting attestation manifest sha256:aeac5ed83cdaf2d1984320ea9306f5420ed6dc6bd6918c2f08b585393bfd7618 0.5s done
#29 exporting manifest list sha256:6e631cf68981600da01624f144f24d3ccdec3f248e48baad8413afa2fe0ba188 0.2s done
#29 naming to docker.io/library/haven-integration-worker:latest 0.0s done
#29 unpacking to docker.io/library/haven-integration-worker:latest 1.3s done
#29 DONE 9.4s

#25 [tests] exporting to image
#25 unpacking to docker.io/library/haven-integration-tests:latest 1.3s done
#25 DONE 9.4s

#30 [api] exporting to image
#30 exporting layers 6.5s done
#30 exporting manifest sha256:7012b4538fdfbc62cda1c277ec4c88e2afa2054cbbe71a99fada3757e4f6c1e6 0.4s done
#30 exporting config sha256:4ade88d155c647d40b1e7cf453462aa4efa1fb18f285a15099f4a16732a953c8 0.2s done
#30 exporting attestation manifest sha256:884ff8a5519874c7ad0cc115b49a1848bb8fea7a3ee2fc2fb0e76ea8dccb1f38 0.5s done
#30 exporting manifest list sha256:c105c5588a86c3316350fe7668c83564cf894e05b625112c7d2583e0252aa077 0.2s done
#30 naming to docker.io/library/haven-integration-api:latest 0.0s done
#30 unpacking to docker.io/library/haven-integration-api:latest 1.3s done
#30 DONE 9.4s

#31 [ops] exporting to image
#31 exporting layers 6.5s done
#31 exporting manifest sha256:78d893cc85f9ed5834d0fdbee67030e23b84729d65d0d6eadeb39272daec4a83 0.3s done
#31 exporting config sha256:999bb29b92dcc6e6ae0040d2a93b848b4b80b28c054f5a1bf0e08c60a295bdf2 0.2s done
#31 exporting attestation manifest sha256:8c5721dc457b5ffa9b8ea57842b6292d5a6535d15da26aac25737ecdc2671d0d 0.5s done
#31 exporting manifest list sha256:a7ef914016357a0e70d8e0f66b961a189e9f1148f773f582726b760fe4d3c556 0.2s done
#31 naming to docker.io/library/haven-integration-ops:latest 0.0s done
#31 unpacking to docker.io/library/haven-integration-ops:latest 1.3s done
#31 DONE 9.4s

#32 [install] resolving provenance for metadata file
#32 DONE 0.5s

#33 [migrate] resolving provenance for metadata file
#33 DONE 0.5s

#34 [api] resolving provenance for metadata file
#34 DONE 0.4s

#35 [ops] resolving provenance for metadata file
#35 DONE 0.3s

#36 [web] resolving provenance for metadata file
#36 DONE 0.1s

#37 [tests] resolving provenance for metadata file
#37 DONE 0.2s

#38 [worker] resolving provenance for metadata file
#38 DONE 0.0s
 Image haven-integration-api Built 
 Image haven-integration-ops Built 
 Image haven-integration-migrate Built 
 Image haven-integration-worker Built 
 Image haven-integration-tests Built 
 Image haven-integration-web Built 
 Image haven-integration-install Built 
 Network haven-integration_private Creating 
 Network haven-integration_private Created 
 Volume haven-integration_mail-data Creating 
 Volume haven-integration_mail-data Created 
 Volume haven-integration_database Creating 
 Volume haven-integration_database Created 
 Volume haven-integration_apps-web-dependencies Creating 
 Volume haven-integration_apps-web-dependencies Created 
 Volume haven-integration_dependencies Creating 
 Volume haven-integration_dependencies Created 
 Volume haven-integration_apps-ops-dependencies Creating 
 Volume haven-integration_apps-ops-dependencies Created 
 Volume haven-integration_search Creating 
 Volume haven-integration_search Created 
 Volume haven-integration_virus-signatures Creating 
 Volume haven-integration_virus-signatures Created 
 Volume haven-integration_packages-config-dependencies Creating 
 Volume haven-integration_packages-config-dependencies Created 
 Volume haven-integration_packages-database-dependencies Creating 
 Volume haven-integration_packages-database-dependencies Created 
 Volume haven-integration_apps-api-dependencies Creating 
 Volume haven-integration_apps-api-dependencies Created 
 Volume haven-integration_packages-test-support-dependencies Creating 
 Volume haven-integration_packages-test-support-dependencies Created 
 Volume haven-integration_packages-ui-dependencies Creating 
 Volume haven-integration_packages-ui-dependencies Created 
 Volume haven-integration_apps-worker-dependencies Creating 
 Volume haven-integration_apps-worker-dependencies Created 
 Volume haven-integration_objects Creating 
 Volume haven-integration_objects Created 
 Volume haven-integration_packages-contracts-dependencies Creating 
 Volume haven-integration_packages-contracts-dependencies Created 
 Volume haven-integration_cache Creating 
 Volume haven-integration_cache Created 
 Container haven-integration-scanner-1 Creating 
 Container haven-integration-storage-1 Creating 
 Container haven-integration-mail-1 Creating 
 Container haven-integration-cache-1 Creating 
 Container haven-integration-db-1 Creating 
 Container haven-integration-install-1 Creating 
 Container haven-integration-search-1 Creating 
 Container haven-integration-mail-1 Created 
 Container haven-integration-cache-1 Created 
 Container haven-integration-search-1 Created 
 Container haven-integration-storage-1 Created 
 Container haven-integration-db-1 Created 
 Container haven-integration-identity-1 Creating 
 Container haven-integration-scanner-1 Created 
 Container haven-integration-identity-1 Created 
 Container haven-integration-install-1 Created 
 Container haven-integration-migrate-1 Creating 
 Container haven-integration-migrate-1 Created 
 Container haven-integration-worker-1 Creating 
 Container haven-integration-api-1 Creating 
 Container haven-integration-worker-1 Created 
 Container haven-integration-api-1 Created 
 Container haven-integration-web-1 Creating 
 Container haven-integration-ops-1 Creating 
 Container haven-integration-web-1 Created 
 Container haven-integration-ops-1 Created 
 Container haven-integration-proxy-1 Creating 
 Container haven-integration-proxy-1 Created 
 Container haven-integration-scanner-1 Starting 
 Container haven-integration-storage-1 Starting 
 Container haven-integration-cache-1 Starting 
 Container haven-integration-mail-1 Starting 
 Container haven-integration-search-1 Starting 
 Container haven-integration-install-1 Starting 
 Container haven-integration-db-1 Starting 
 Container haven-integration-cache-1 Started 
 Container haven-integration-search-1 Started 
 Container haven-integration-mail-1 Started 
 Container haven-integration-db-1 Started 
 Container haven-integration-db-1 Waiting 
 Container haven-integration-scanner-1 Started 
 Container haven-integration-storage-1 Started 
 Container haven-integration-install-1 Started 
 Container haven-integration-install-1 Waiting 
 Container haven-integration-db-1 Waiting 
 Container haven-integration-install-1 Exited 
 Container haven-integration-db-1 Healthy 
 Container haven-integration-identity-1 Starting 
 Container haven-integration-db-1 Healthy 
 Container haven-integration-migrate-1 Starting 
 Container haven-integration-identity-1 Started 
 Container haven-integration-migrate-1 Started 
 Container haven-integration-mail-1 Waiting 
 Container haven-integration-migrate-1 Waiting 
 Container haven-integration-storage-1 Waiting 
 Container haven-integration-migrate-1 Waiting 
 Container haven-integration-identity-1 Waiting 
 Container haven-integration-scanner-1 Waiting 
 Container haven-integration-cache-1 Waiting 
 Container haven-integration-search-1 Waiting 
 Container haven-integration-cache-1 Healthy 
 Container haven-integration-mail-1 Healthy 
 Container haven-integration-search-1 Healthy 
 Container haven-integration-migrate-1 Exited 
 Container haven-integration-migrate-1 Exited 
 Container haven-integration-worker-1 Starting 
 Container haven-integration-worker-1 Started 
 Container haven-integration-storage-1 Healthy 
 Container haven-integration-scanner-1 Healthy 
 Container haven-integration-identity-1 Healthy 
 Container haven-integration-api-1 Starting 
 Container haven-integration-api-1 Started 
 Container haven-integration-api-1 Waiting 
 Container haven-integration-api-1 Waiting 
 Container haven-integration-api-1 Healthy 
 Container haven-integration-ops-1 Starting 
 Container haven-integration-api-1 Healthy 
 Container haven-integration-web-1 Starting 
 Container haven-integration-web-1 Started 
 Container haven-integration-ops-1 Started 
 Container haven-integration-proxy-1 Starting 
 Container haven-integration-proxy-1 Started 
 Container haven-integration-cache-1 Waiting 
 Container haven-integration-db-1 Waiting 
 Container haven-integration-install-1 Waiting 
 Container haven-integration-mail-1 Waiting 
 Container haven-integration-proxy-1 Waiting 
 Container haven-integration-ops-1 Waiting 
 Container haven-integration-search-1 Waiting 
 Container haven-integration-scanner-1 Waiting 
 Container haven-integration-web-1 Waiting 
 Container haven-integration-storage-1 Waiting 
 Container haven-integration-identity-1 Waiting 
 Container haven-integration-worker-1 Waiting 
 Container haven-integration-migrate-1 Waiting 
 Container haven-integration-api-1 Waiting 
 Container haven-integration-mail-1 Healthy 
 Container haven-integration-worker-1 Healthy 
 Container haven-integration-search-1 Healthy 
 Container haven-integration-db-1 Healthy 
 Container haven-integration-migrate-1 Exited 
 Container haven-integration-cache-1 Healthy 
 Container haven-integration-storage-1 Healthy 
 Container haven-integration-scanner-1 Healthy 
 Container haven-integration-api-1 Healthy 
 Container haven-integration-identity-1 Healthy 
 Container haven-integration-install-1 Exited 
 Container haven-integration-proxy-1 Healthy 
 Container haven-integration-ops-1 Healthy 
 Container haven-integration-web-1 Healthy 
Synthetic fixture fingerprint: 806d9027b2f78cfbf39a5cd3fa77211e47d0b11afad44f8adab3b6140a113e2e
Identity staff OTP and verified level-2 policy configured.
 Container haven-integration-tests-run-b3c40e5203a9 Creating 
 Container haven-integration-tests-run-b3c40e5203a9 Created 

[1m[30m[46m RUN [49m[39m[22m [36mv5.0.3 [39m[90m/workspace[39m

 [32m✓[39m tests/integration/account-privacy.test.ts [2m([22m[2m3 tests[22m[2m)[22m[33m 361[2mms[22m[39m
 [32m✓[39m tests/integration/owner-lifecycle.test.ts [2m([22m[2m3 tests[22m[2m)[22m[33m 311[2mms[22m[39m
 [32m✓[39m tests/integration/owner-grants.test.ts [2m([22m[2m2 tests[22m[2m)[22m[33m 402[2mms[22m[39m
   [33m[2m✓[22m[39m O01 owner creates an exact private draft using a current explicit grant; contact audience isolates reviewers then the assigned team[33m 341[2mms[22m[39m
 [32m✓[39m tests/integration/listing-revisions.test.ts [2m([22m[2m4 tests[22m[2m)[22m[32m 130[2mms[22m[39m
 [32m✓[39m tests/integration/owner-wizard.test.ts [2m([22m[2m2 tests[22m[2m)[22m[33m 311[2mms[22m[39m
 [32m✓[39m tests/integration/owner-assignment.test.ts [2m([22m[2m2 tests[22m[2m)[22m[32m 140[2mms[22m[39m
 [32m✓[39m tests/integration/owner-evidence.test.ts [2m([22m[2m2 tests[22m[2m)[22m[33m 553[2mms[22m[39m
   [33m[2m✓[22m[39m O03 actual approved PDF attachment is versioned, scoped and labelled; authorized downloads are audited and expired/foreign tickets fail[33m 523[2mms[22m[39m
 [32m✓[39m tests/integration/contracts.test.ts [2m([22m[2m5 tests[22m[2m)[22m[33m 988[2mms[22m[39m

[2m Test Files [22m [1m[32m8 passed[39m[22m[90m (8)[39m
[2m      Tests [22m [1m[32m23 passed[39m[22m[90m (23)[39m
[2m   Start at [22m 00:49:45
[2m   Duration [22m 9.74s[2m (import 59%, tests 36%, transform 4%)[22m

[2m    Isolate [22m [33m8 workers spawned[39m[2m · ~98ms startup each (spawn + environment, per file)[22m
[2m            [22m [2mat least ~687ms faster with [22m[33misolate: false[39m[2m — reuses workers across files instead of one per file[22m

