 Container haven-api-run-7a2f2e07241e Creating 
 Container haven-api-run-7a2f2e07241e Created 

> haven-real-estate@0.1.0 lint /workspace
> eslint . && node scripts/boundaries.mjs

Application import boundaries passed
 Container haven-api-run-b9375c4ed1c2 Creating 
 Container haven-api-run-b9375c4ed1c2 Created 

> haven-real-estate@0.1.0 typecheck /workspace
> pnpm -r typecheck

Scope: 9 of 10 workspace projects
packages/config typecheck$ tsc --noEmit
packages/contracts typecheck$ tsc --noEmit
packages/database typecheck$ tsc --noEmit
packages/test-support typecheck$ tsc --noEmit
packages/test-support typecheck: Done
packages/config typecheck: Done
packages/database typecheck: Done
packages/contracts typecheck: Done
apps/api typecheck$ tsc --noEmit
apps/worker typecheck$ tsc --noEmit
packages/ui typecheck$ tsc --noEmit
apps/worker typecheck: Done
packages/ui typecheck: Done
apps/api typecheck: Done
apps/ops typecheck$ tsc --noEmit
apps/web typecheck$ tsc --noEmit
apps/ops typecheck: Done
apps/web typecheck: Done
 Container haven-api-run-0b0a3c733b91 Creating 
 Container haven-api-run-0b0a3c733b91 Created 

> haven-real-estate@0.1.0 contracts:check /workspace
> node scripts/generate-contracts.mjs --check && tsx scripts/generate-openapi.ts --check

Generated 272 typed API operations.
OpenAPI matches canonical schemas
 Container haven-api-run-c3e27f141d07 Creating 
 Container haven-api-run-c3e27f141d07 Created 

> haven-real-estate@0.1.0 task:validate /workspace
> node scripts/tasks.mjs

Validated 120 tasks; 90 done.
Validated 93 digitization tasks; 3 done.
