 Container haven-p02-api-run-666eeb4f7bfa Creating 
 Container haven-p02-api-run-666eeb4f7bfa Created 

[1m[30m[46m RUN [49m[39m[22m [36mv5.0.3 [39m[90m/workspace[39m

 [32m✓[39m tests/integration/lease-lifecycle.test.ts [2m([22m[2m5 tests[22m[2m)[22m[33m 16690[2mms[22m[39m
   [33m[2m✓[22m[39m P05 valid next term retains original terms, links history and replays one renewal draft[33m 3694[2mms[22m[39m
   [33m[2m✓[22m[39m P05 overlapping next terms and stale/currency versions deny renewal without partial linked drafts[33m 4632[2mms[22m[39m
   [33m[2m✓[22m[39m P05 ending records termination reason and original history, never republishes, and revoked authority denies receipt replay[33m 2331[2mms[22m[39m
   [33m[2m✓[22m[39m P05 concurrent renewal requests yield one retained successor and concurrent endings yield one record[33m 3453[2mms[22m[39m
   [33m[2m✓[22m[39m P05 historical lease ending retains unknown provenance and new renewal uses current native authority[33m 2531[2mms[22m[39m
 [32m✓[39m tests/integration/recurring-charges.test.ts [2m([22m[2m5 tests[22m[2m)[22m[33m 10793[2mms[22m[39m
   [33m[2m✓[22m[39m P06 leap-month proration uses exact cents, term-aware due date and one charge across retry and repeated month[33m 2447[2mms[22m[39m
   [33m[2m✓[22m[39m P06 concurrent generators cannot duplicate a charge; ended and out-of-term leases are excluded[33m 3245[2mms[22m[39m
   [33m[2m✓[22m[39m P06 stale versions, wrong scope and missing confirmation deny generation; grant revocation denies cached receipt[33m 2404[2mms[22m[39m
   [33m[2m✓[22m[39m P06 market full-month policy and explicit historical due-day fallback are snapshotted without inventing original terms[33m 549[2mms[22m[39m
   [33m[2m✓[22m[39m P06 actual finance-only membership can generate within its granted property; a manager without finance cannot[33m 2094[2mms[22m[39m
 [32m✓[39m tests/integration/lease-activation.test.ts [2m([22m[2m4 tests[22m[2m)[22m[33m 9534[2mms[22m[39m
   [33m[2m✓[22m[39m P04 atomic activation withdraws the public rental offer with exact history, audit and matching receipts[33m 1516[2mms[22m[39m
   [33m[2m✓[22m[39m P04 simultaneous overlapping draft activations yield exactly one success and one current-state conflict[33m 2385[2mms[22m[39m
   [33m[2m✓[22m[39m P04 property occupation conflicts with child rooms while sibling rooms can hold separate exclusive terms[33m 4140[2mms[22m[39m
   [33m[2m✓[22m[39m P04 stale versions, missing confirmation and expired terms deny activation without withdrawing publication[33m 1453[2mms[22m[39m
 [32m✓[39m tests/integration/lease-drafts.test.ts [2m([22m[2m4 tests[22m[2m)[22m[33m 4135[2mms[22m[39m
   [33m[2m✓[22m[39m P03 creates one permitted canonical lease draft with exact decimals, monthly due terms and private attachment on retry[33m 392[2mms[22m[39m
   [33m[2m✓[22m[39m P03 updates only current draft versions, retains original history and denies ended lease term edits[33m 1456[2mms[22m[39m
   [33m[2m✓[22m[39m P03 another real manager retains an existing team PDF while foreign and tenant document access are denied[33m 1065[2mms[22m[39m
 [32m✓[39m tests/integration/tenant-links.test.ts [2m([22m[2m4 tests[22m[2m)[22m[33m 1295[2mms[22m[39m
   [33m[2m✓[22m[39m P02 verified recipient accepts exact grant invitation once and reads own linked profile without enumerating others[33m 1003[2mms[22m[39m
 [32m✓[39m tests/integration/account-privacy.test.ts [2m([22m[2m3 tests[22m[2m)[22m[33m 477[2mms[22m[39m
 [32m✓[39m tests/integration/management-grants.test.ts [2m([22m[2m5 tests[22m[2m)[22m[33m 391[2mms[22m[39m
 [32m✓[39m tests/integration/database.test.ts [2m([22m[2m15 tests[22m[2m)[22m[33m 519[2mms[22m[39m

[2m Test Files [22m [1m[32m8 passed[39m[22m[90m (8)[39m
[2m      Tests [22m [1m[32m45 passed[39m[22m[90m (45)[39m
[2m   Start at [22m 09:25:20
[2m   Duration [22m 51.76s[2m (tests 86%, import 13%, transform 1%)[22m

