time="2026-10-06T14:52:37+04:00" level=warning msg="Found orphan containers ([haven-processing-cpu-1]) for this project. If you removed or renamed this service in your compose file, you can run this command with the --remove-orphans flag to clean it up."
 Container haven-tests-run-1f296c2f3083 Creating
 Container haven-tests-run-1f296c2f3083 Created

> haven-real-estate@0.1.0 build /workspace
> pnpm -r build

Scope: 9 of 10 workspace projects
packages/config build$ tsc --noEmit
packages/contracts build$ tsc --noEmit
packages/database build$ tsc --noEmit
packages/test-support build$ tsc --noEmit
packages/test-support build: Done
packages/config build: Done
packages/database build: Done
packages/contracts build: Done
apps/api build$ tsc
apps/worker build$ tsc
packages/ui build$ tsc --noEmit
apps/worker build: Done
packages/ui build: Done
apps/api build: Done
apps/ops build$ next build
apps/web build$ node scripts/copy-maplibre-worker.mjs && next build
apps/ops build: ▲ Next.js 16.3.8 (Turbopack)
apps/ops build: ✓ Running next.config.ts took 39ms
apps/web build: ▲ Next.js 16.3.8 (Turbopack)
apps/web build: ✓ Running next.config.ts took 36ms
apps/ops build:   Creating an optimized production build ...
apps/web build:   Creating an optimized production build ...
apps/ops build: ✓ Compiled successfully in 7.6s
apps/ops build:   Running TypeScript ...
apps/web build: ✓ Compiled successfully in 10.8s
apps/web build:   Running TypeScript ...
apps/ops build:   Finished TypeScript in 16.4s ...
apps/ops build:   Collecting page data using 7 workers ...
apps/ops build:   Generating static pages using 7 workers (0/2) ...
apps/ops build: ✓ Generating static pages using 7 workers (2/2) in 637ms
apps/ops build:   Finalizing page optimization ...
apps/ops build: Route (app)
apps/ops build: ┌ ○ /_not-found
apps/ops build: ├ ƒ /[[...path]]
apps/ops build: ├ ƒ /api/[...path]
apps/ops build: ├ ƒ /api/v1/ops/digitization-intakes/[id]/events
apps/ops build: └ ƒ /api/v1/ops/listings/[listingId]/digitization/events
apps/ops build: ○  (Static)   prerendered as static content
apps/ops build: ƒ  (Dynamic)  server-rendered on demand
apps/ops build: Done
apps/web build:   Finished TypeScript in 17.3s ...
apps/web build:   Collecting page data using 5 workers ...
apps/web build:   Generating static pages using 5 workers (0/2) ...
apps/web build: ✓ Generating static pages using 5 workers (2/2) in 1102ms
apps/web build:   Finalizing page optimization ...
apps/web build: Route (app)
apps/web build: ┌ ○ /_not-found
apps/web build: ├ ƒ /[[...path]]
apps/web build: └ ƒ /api/[...path]
apps/web build: ○  (Static)   prerendered as static content
apps/web build: ƒ  (Dynamic)  server-rendered on demand
apps/web build: Done
