 Container haven-p09-runtime-tests-run-36f334cab07a Creating
 Container haven-p09-runtime-tests-run-36f334cab07a Created

Running 2 tests using 1 worker

  ✘  1 [desktop] › tests/e2e/financial-reversals.spec.ts:8:1 › P09 native payment and charge reversal recover acknowledgement, preserve originals and reconcile credit (6.4s)
  ✘  2 [mobile] › tests/e2e/financial-reversals.spec.ts:8:1 › P09 native payment and charge reversal recover acknowledgement, preserve originals and reconcile credit (1.9s)


  1) [desktop] › tests/e2e/financial-reversals.spec.ts:8:1 › P09 native payment and charge reversal recover acknowledgement, preserve originals and reconcile credit

    Error: ENOENT: no such file or directory, open 'infra/generated/otp.json'

       at ../support/totp.ts:12

      10 |  return ((hash.readUInt32BE(offset)&0x7fffffff)%1000000).toString().padStart(6,'0');
      11 | }
    > 12 | export function personaOtp(persona:string){const secrets=JSON.parse(fs.readFileSync((process.env.HAVEN_GENERATED_DIR||'infra/generated')+'/otp.json','utf8'));return secrets[persona]?totp(secrets[persona]):null;}
         |                                                                        ^
      13 | export async function completeOtp(page:Page,persona:string){
      14 |  if(!personaOtp(persona))return;
      15 |  for(let attempt=0;attempt<3;attempt++){
        at personaOtp (/workspace/tests/support/totp.ts:12:72)
        at completeOtp (/workspace/tests/support/totp.ts:14:6)
        at login (/workspace/tests/support/browser.ts:5:717)
        at /workspace/tests/e2e/financial-reversals.spec.ts:10:2

    attachment #1: screenshot (image/png) ──────────────────────────────────────────────────────────
    ../artifacts/test-results/financial-reversals-P09-na-48f83-ginals-and-reconcile-credit-desktop/test-failed-1.png
    ────────────────────────────────────────────────────────────────────────────────────────────────

    Error Context: ../artifacts/test-results/financial-reversals-P09-na-48f83-ginals-and-reconcile-credit-desktop/error-context.md

    Error Context: ../artifacts/test-results/financial-reversals-P09-na-48f83-ginals-and-reconcile-credit-desktop/error-context.md

    attachment #4: trace (application/zip) ─────────────────────────────────────────────────────────
    ../artifacts/test-results/financial-reversals-P09-na-48f83-ginals-and-reconcile-credit-desktop/trace.zip
    Usage:

        pnpm exec playwright show-trace ../artifacts/test-results/financial-reversals-P09-na-48f83-ginals-and-reconcile-credit-desktop/trace.zip

    ────────────────────────────────────────────────────────────────────────────────────────────────

  2) [mobile] › tests/e2e/financial-reversals.spec.ts:8:1 › P09 native payment and charge reversal recover acknowledgement, preserve originals and reconcile credit

    Error: ENOENT: no such file or directory, open 'infra/generated/otp.json'

       at ../support/totp.ts:12

      10 |  return ((hash.readUInt32BE(offset)&0x7fffffff)%1000000).toString().padStart(6,'0');
      11 | }
    > 12 | export function personaOtp(persona:string){const secrets=JSON.parse(fs.readFileSync((process.env.HAVEN_GENERATED_DIR||'infra/generated')+'/otp.json','utf8'));return secrets[persona]?totp(secrets[persona]):null;}
         |                                                                        ^
      13 | export async function completeOtp(page:Page,persona:string){
      14 |  if(!personaOtp(persona))return;
      15 |  for(let attempt=0;attempt<3;attempt++){
        at personaOtp (/workspace/tests/support/totp.ts:12:72)
        at completeOtp (/workspace/tests/support/totp.ts:14:6)
        at login (/workspace/tests/support/browser.ts:5:717)
        at /workspace/tests/e2e/financial-reversals.spec.ts:10:2

    attachment #1: screenshot (image/png) ──────────────────────────────────────────────────────────
    ../artifacts/test-results/financial-reversals-P09-na-48f83-ginals-and-reconcile-credit-mobile/test-failed-1.png
    ────────────────────────────────────────────────────────────────────────────────────────────────

    Error Context: ../artifacts/test-results/financial-reversals-P09-na-48f83-ginals-and-reconcile-credit-mobile/error-context.md

    Error Context: ../artifacts/test-results/financial-reversals-P09-na-48f83-ginals-and-reconcile-credit-mobile/error-context.md

    attachment #4: trace (application/zip) ─────────────────────────────────────────────────────────
    ../artifacts/test-results/financial-reversals-P09-na-48f83-ginals-and-reconcile-credit-mobile/trace.zip
    Usage:

        pnpm exec playwright show-trace ../artifacts/test-results/financial-reversals-P09-na-48f83-ginals-and-reconcile-credit-mobile/trace.zip

    ────────────────────────────────────────────────────────────────────────────────────────────────

  2 failed
    [desktop] › tests/e2e/financial-reversals.spec.ts:8:1 › P09 native payment and charge reversal recover acknowledgement, preserve originals and reconcile credit
    [mobile] › tests/e2e/financial-reversals.spec.ts:8:1 › P09 native payment and charge reversal recover acknowledgement, preserve originals and reconcile credit
