 Container haven-p09-runtime-tests-run-21dd70fb2faa Creating
 Container haven-p09-runtime-tests-run-21dd70fb2faa Created

Running 2 tests using 1 worker

  ✓  1 [desktop] › tests/e2e/maintenance-requests.spec.ts:8:1 › P12 tenant private photo request and manager assignment retain versions after lost acknowledgements (1.9m)
  ✘  2 [mobile] › tests/e2e/maintenance-requests.spec.ts:8:1 › P12 tenant private photo request and manager assignment retain versions after lost acknowledgements (4.1m)


  1) [mobile] › tests/e2e/maintenance-requests.spec.ts:8:1 › P12 tenant private photo request and manager assignment retain versions after lost acknowledgements

    Test timeout of 240000ms exceeded.

    Error: locator.click: Test timeout of 240000ms exceeded.
    Call log:
      - waiting for getByRole('dialog', { name: 'Maintenance request', exact: true }).getByRole('button', { name: 'Assign request', exact: true })
        - locator resolved to <button type="button" class="button">Assign request</button>
      - attempting click action
        2 × waiting for element to be visible, enabled and stable
          - element is visible, enabled and stable
          - scrolling into view if needed
          - done scrolling
          - <label class="field">…</label> intercepts pointer events
        - retrying click action
        - waiting 20ms
        2 × waiting for element to be visible, enabled and stable
          - element is visible, enabled and stable
          - scrolling into view if needed
          - done scrolling
          - <li>…</li> from <ol>…</ol> subtree intercepts pointer events
        - retrying click action
          - waiting 100ms
        92 × waiting for element to be visible, enabled and stable
           - element is visible, enabled and stable
           - scrolling into view if needed
           - done scrolling
           - <li>…</li> from <ol>…</ol> subtree intercepts pointer events
         - retrying click action
           - waiting 500ms
           - waiting for element to be visible, enabled and stable
           - element is visible, enabled and stable
           - scrolling into view if needed
           - done scrolling
           - <label class="field">…</label> intercepts pointer events
         - retrying click action
           - waiting 500ms
           - waiting for element to be visible, enabled and stable
           - element is visible, enabled and stable
           - scrolling into view if needed
           - done scrolling
           - <li>…</li> from <ol>…</ol> subtree intercepts pointer events
         - retrying click action
           - waiting 500ms
           - waiting for element to be visible, enabled and stable
           - element is visible, enabled and stable
           - scrolling into view if needed
           - done scrolling
           - <li>…</li> from <ol>…</ol> subtree intercepts pointer events
         - retrying click action
           - waiting 500ms
        - waiting for element to be visible, enabled and stable
        - element is visible, enabled and stable
        - scrolling into view if needed
        - done scrolling
        - <li>…</li> from <ol>…</ol> subtree intercepts pointer events
      - retrying click action
        - waiting 500ms


      10 |  await login(page,'owner',WEB,'/account/management');const own=(await (await page.request.get(WEB+'/api/v1/me/management-grant-units/'+unit)).json()).data,g=(await (await page.request.post(WEB+'/api/v1/me/management-grants',{headers:{Origin:WEB,'Idempotency-Key':crypto.randomUUID()},data:{version:0,unitId:unit,unitVersion:own.version,ownerGrantVersion:own.ownerGrantVersion,organizationId:'10000000-0000-4000-8000-000000000002',expiresAt:'2036-12-31T00:00:00.000Z',consent:true}})).json()).data;expect(g.id).toBeTruthy();await login(page,'manager',OPS,'/ops/management');const invitation=(await (await page.request.post(OPS+'/api/v1/ops/tenant-invitations',{headers:{Origin:OPS,'Idempotency-Key':crypto.randomUUID()},data:{version:0,grantId:g.id,grantVersion:g.version,name:'P12 verified native tenant',email}})).json()).data;expect(invitation.id).toBeTruthy();await login(page,'tenant',WEB,'/tenant/profile');const acceptance=await page.request.patch(WEB+'/api/v1/tenant-invitations/'+invitation.id,{headers:{Origin:WEB,'Idempotency-Key':crypto.randomUUID()},data:{version:1,action:'accept',consent:true,reason:'Verified native tenant accepts this property account link.'}});expect(acceptance.ok()).toBe(true);const tenantId=(await acceptance.json()).data.tenantId;
      11 |  await login(page,'manager',OPS,'/ops/management');const options=(await (await page.request.get(OPS+'/api/v1/ops/lease-draft-options/'+unit)).json()).data,create=await page.request.post(OPS+'/api/v1/ops/leases',{headers:{Origin:OPS,'Idempotency-Key':crypto.randomUUID()},data:{version:0,unitId:unit,tenantId,unitVersion:options.unitVersion,grantVersion:options.grantVersion,tenantVersion:options.tenants.find((t:any)=>t.id===tenantId).version,startDate:'2028-02-15',endDate:'2028-03-17',rent:'1234.56',currency:'CNY',rentPeriod:'month',dueDay:5,documents:[]}});expect(create.ok()).toBe(true);const lease=(await create.json()).data;const headers={Origin:OPS,'Idempotency-Key':crypto.randomUUID()},activation=await page.request.post(OPS+'/api/v1/ops/leases/'+lease.id+'/activate',{headers,data:{version:lease.version,unitVersion:lease.unitVersion,grantVersion:lease.grantVersion,tenantVersion:lease.tenantVersion,confirm:true}});expect(activation.ok()).toBe(true); const apiRequire=createRequire(new URL('../../apps/api/package.json',import.meta.url)),png=await apiRequire('sharp')({create:{width:64,height:32,channels:3,background:{r:180,g:200,b:220}}}).png().toBuffer(),title='P12 synthetic kitchen tap '+crypto.randomUUID();await login(page,'tenant',WEB,'/tenant/maintenance?lease='+lease.id);await page.getByRole('button',{name:'New request',exact:true}).click();let dialog=page.getByRole('dialog',{name:'Request maintenance help',exact:true});await expect(dialog.getByLabel('Maintenance home',{exact:true})).toHaveValue(lease.id);await dialog.getByLabel('Maintenance title',{exact:true}).fill(title);await dialog.getByLabel('Maintenance details',{exact:true}).fill('The supplied synthetic photo illustrates a tap that needs inspection for a steady drip.');await dialog.getByLabel('Maintenance category',{exact:true}).selectOption('Plumbing');await dialog.getByLabel('Maintenance urgency',{exact:true}).selectOption('Routine');await dialog.getByLabel('Maintenance photo permission',{exact:true}).fill('Permission to share this supplied synthetic private photo with the authorized management team.');await dialog.getByLabel('Upload private maintenance photo',{exact:true}).setInputFiles({name:'Synthetic kitchen tap.png',mimeType:'image/png',buffer:png});await expect(dialog.getByRole('button',{name:'Remove private photo',exact:true})).toBeVisible();await dialog.getByRole('checkbox').check();let lost=false,id='',assetId='';await page.route('**/api/v1/me/maintenance',async route=>{if(route.request().method()==='POST'&&!lost){lost=true;const r=await route.fetch();expect(r.ok(),await r.text()).toBe(true);const row=(await r.json()).data;id=row.id;assetId=row.photos[0].id;expect(row.version).toBe(1);await route.abort();}else await route.continue();});await dialog.getByRole('button',{name:'Save maintenance request',exact:true}).click();await expect(dialog.getByRole('alert')).toBeVisible();await expect(dialog.getByLabel('Maintenance title',{exact:true})).toHaveValue(title);await expect(dialog.getByRole('button',{name:'Remove private photo',exact:true})).toBeVisible();await dialog.getByRole('button',{name:'Save maintenance request',exact:true}).click();await expect(dialog).toHaveCount(0);dialog=page.getByRole('dialog',{name:'Maintenance request',exact:true});await expect(dialog).toContainText(title);await expect(dialog.getByRole('img',{name:'Synthetic kitchen tap.png',exact:true})).toBeVisible();const photoUrl=WEB+'/api/v1/maintenance/'+id+'/photos/'+assetId,privateImage=await page.request.get(photoUrl);expect(privateImage.status()).toBe(200);expect(privateImage.headers()['content-type']).toContain('image/webp');expect(privateImage.headers()['cache-control']).toContain('no-store');expect((await privateImage.body()).subarray(0,4).toString()).toBe('RIFF');expect((await page.request.get(WEB+'/api/v1/media/'+assetId+'/view')).status()).toBe(404);
    > 12 |  await login(page,'manager',OPS,'/ops/management');await page.getByRole('button',{name:'Maintenance',exact:true}).click();await page.getByRole('button',{name:'View maintenance request '+id,exact:true}).click();dialog=page.getByRole('dialog',{name:'Maintenance request',exact:true});await dialog.getByLabel('Tenant-visible maintenance update',{exact:true}).fill('A current manager will inspect the supplied synthetic request.');await dialog.getByRole('button',{name:'Triage request',exact:true}).click();await expect(dialog).toContainText('Version 2');await dialog.getByLabel('Maintenance assignee',{exact:true}).selectOption('00000000-0000-4000-8000-000000000004');let lostAssignment=false;await page.route('**/api/v1/ops/maintenance/'+id,async route=>{if(route.request().method()==='PATCH'&&!lostAssignment){lostAssignment=true;const r=await route.fetch();expect(r.ok(),await r.text()).toBe(true);expect((await r.json()).data.status).toBe('assigned');await route.abort();}else await route.continue();});await dialog.getByRole('button',{name:'Assign request',exact:true}).click();await expect(dialog.getByRole('alert')).toBeVisible();await expect(dialog.getByLabel('Maintenance assignee',{exact:true})).toHaveValue('00000000-0000-4000-8000-000000000004');await dialog.getByRole('button',{name:'Assign request',exact:true}).click();await expect(dialog).toContainText('Version 3');await expect(dialog).toContainText('assigned');
         |                                                                                                                                                                                                                                                                                                                                                                                                                                                                                                                                                                                                                                                                                                                                                                                                                                                                                                                                                                                                                                                                                                                 ^
      13 |  await login(page,'buyer',WEB,'/tenant/maintenance');expect((await page.request.get(WEB+'/api/v1/me/maintenance/'+id)).status()).toBe(404);expect((await page.request.get(photoUrl)).status()).toBe(404);await login(page,'tenant',WEB,'/tenant/maintenance');await page.getByRole('button',{name:'View maintenance request '+id,exact:true}).click();dialog=page.getByRole('dialog',{name:'Maintenance request',exact:true});await expect(dialog).toContainText('assigned');await expect(dialog).toContainText('A current manager will inspect');await expect(dialog).toContainText('Version 3');expect((await new AxeBuilder({page}).include('dialog').analyze()).violations.filter(v=>v.impact==='serious'||v.impact==='critical')).toEqual([]);expect(await page.evaluate(()=>document.documentElement.scrollWidth<=innerWidth)).toBe(true);await page.screenshot({path:`evidence/p12-maintenance-${info.project.name}.png`,scale:'css'});
      14 | });
      15 |
        at /workspace/tests/e2e/maintenance-requests.spec.ts:12:1073

    attachment #1: screenshot (image/png) ──────────────────────────────────────────────────────────
    ../artifacts/test-results/maintenance-requests-P12-t-ca53f-after-lost-acknowledgements-mobile/test-failed-1.png
    ────────────────────────────────────────────────────────────────────────────────────────────────

    Error Context: ../artifacts/test-results/maintenance-requests-P12-t-ca53f-after-lost-acknowledgements-mobile/error-context.md

    Error Context: ../artifacts/test-results/maintenance-requests-P12-t-ca53f-after-lost-acknowledgements-mobile/error-context.md

    attachment #4: trace (application/zip) ─────────────────────────────────────────────────────────
    ../artifacts/test-results/maintenance-requests-P12-t-ca53f-after-lost-acknowledgements-mobile/trace.zip
    Usage:

        pnpm exec playwright show-trace ../artifacts/test-results/maintenance-requests-P12-t-ca53f-after-lost-acknowledgements-mobile/trace.zip

    ────────────────────────────────────────────────────────────────────────────────────────────────

  1 failed
    [mobile] › tests/e2e/maintenance-requests.spec.ts:8:1 › P12 tenant private photo request and manager assignment retain versions after lost acknowledgements
  1 passed (6.1m)
