 Container haven-p02-api-run-1aaafcc6c2cd Creating
 Container haven-p02-api-run-1aaafcc6c2cd Created

 RUN  v5.0.3 /workspace

 ❯ tests/integration/maintenance-requests.test.ts (5 tests | 1 failed) 25989ms
   ✓ P12 linked tenant creates one versioned request with private owned photo, current manager triages and assigns with exact retained activity 8363ms
   ✓ P12 a current manager can create an authorized request that its linked tenant sees, without impersonating tenant creation 4094ms
   ✓ P12 foreign unit/persona/media, stale source versions, malformed labels and inactive workflow states deny without partial request roots 2889ms
   ✓ P12 cross-request photo guessing, invalid transitions, stale request versions and wrong-team assignment deny; revoked grant denies manager and new tenant creates 8644ms
   × P12 SQL rejects unversioned runtime request and immutable photo/history edits; activity is committed with exact database timestamp 1949ms

⎯⎯⎯⎯⎯⎯⎯ Failed Tests 1 ⎯⎯⎯⎯⎯⎯⎯

 FAIL  tests/integration/maintenance-requests.test.ts > P12 SQL rejects unversioned runtime request and immutable photo/history edits; activity is committed with exact database timestamp
AssertionError: promise resolved "Result{ command: 'UPDATE', …(9) }" instead of rejecting

- Expected
+ Received

- Error {
-   "message": "rejected promise",
+ Result {
+   "RowCtor": null,
+   "_parsers": undefined,
+   "_prebuiltEmptyResultObject": null,
+   "_types": TypeOverrides {
+     "_types": {
+       "arrayParser": {
+         "create": [Function create],
+       },
+       "builtins": {
+         "ABSTIME": 702,
+         "ACLITEM": 1033,
+         "BIT": 1560,
+         "BOOL": 16,
+         "BPCHAR": 1042,
+         "BYTEA": 17,
+         "CHAR": 18,
+         "CID": 29,
+         "CIDR": 650,
+         "CIRCLE": 718,
+         "DATE": 1082,
+         "FLOAT4": 700,
+         "FLOAT8": 701,
+         "GTSVECTOR": 3642,
+         "INET": 869,
+         "INT2": 21,
+         "INT4": 23,
+         "INT8": 20,
+         "INTERVAL": 1186,
+         "JSON": 114,
+         "JSONB": 3802,
+         "MACADDR": 829,
+         "MACADDR8": 774,
+         "MONEY": 790,
+         "NUMERIC": 1700,
+         "OID": 26,
+         "PATH": 602,
+         "PG_DEPENDENCIES": 3402,
+         "PG_LSN": 3220,
+         "PG_NDISTINCT": 3361,
+         "PG_NODE_TREE": 194,
+         "POLYGON": 604,
+         "REFCURSOR": 1790,
+         "REGCLASS": 2205,
+         "REGCONFIG": 3734,
+         "REGDICTIONARY": 3769,
+         "REGNAMESPACE": 4089,
+         "REGOPER": 2203,
+         "REGOPERATOR": 2204,
+         "REGPROC": 24,
+         "REGPROCEDURE": 2202,
+         "REGROLE": 4096,
+         "REGTYPE": 2206,
+         "RELTIME": 703,
+         "SMGR": 210,
+         "TEXT": 25,
+         "TID": 27,
+         "TIME": 1083,
+         "TIMESTAMP": 1114,
+         "TIMESTAMPTZ": 1184,
+         "TIMETZ": 1266,
+         "TINTERVAL": 704,
+         "TSQUERY": 3615,
+         "TSVECTOR": 3614,
+         "TXID_SNAPSHOT": 2970,
+         "UUID": 2950,
+         "VARBIT": 1562,
+         "VARCHAR": 1043,
+         "XID": 28,
+         "XML": 142,
+       },
+       "getTypeParser": [Function getTypeParser],
+       "setTypeParser": [Function setTypeParser],
+     },
+     "binary": {},
+     "text": {},
+   },
+   "command": "UPDATE",
+   "fields": [],
+   "oid": null,
+   "rowAsArray": false,
+   "rowCount": 0,
+   "rows": [],
  }

 ❯ tests/integration/maintenance-requests.test.ts:28:997


⎯⎯⎯⎯⎯⎯⎯⎯⎯⎯⎯⎯⎯⎯⎯⎯⎯⎯⎯⎯⎯⎯⎯⎯[1/1]⎯


 Test Files  1 failed (1)
      Tests  1 failed | 4 passed (5)
   Start at  12:05:17
   Duration  27.55s (tests 95%, import 4%, transform 2%)
