 Container haven-p09-runtime-tests-run-8f8cbf49b724 Creating
 Container haven-p09-runtime-tests-run-8f8cbf49b724 Created

Running 2 tests using 1 worker

  ✘  1 [desktop] › tests/e2e/statements.spec.ts:9:1 › P14 native owner and tenant period statements export actual reconciled ledger sources (1.1m)
  ✘  2 [mobile] › tests/e2e/statements.spec.ts:9:1 › P14 native owner and tenant period statements export actual reconciled ledger sources (48.4s)


  1) [desktop] › tests/e2e/statements.spec.ts:9:1 › P14 native owner and tenant period statements export actual reconciled ledger sources

    Error: expect(received).toEqual(expected) // deep equality

    - Expected  -   1
    + Received  + 373

    - Array []
    + Array [
    +   Object {
    +     "description": "Ensure the contrast between foreground and background colors meets WCAG 2 AA minimum contrast ratio thresholds",
    +     "help": "Elements must meet minimum color contrast ratio thresholds",
    +     "helpUrl": "https://dequeuniversity.com/rules/axe/4.13/color-contrast?application=playwright",
    +     "id": "color-contrast",
    +     "impact": "serious",
    +     "nodes": Array [
    +       Object {
    +         "all": Array [],
    +         "any": Array [
    +           Object {
    +             "data": Object {
    +               "bgColor": "#f4f7ee",
    +               "contrastRatio": 4.37,
    +               "expectedContrastRatio": "4.5:1",
    +               "fgColor": "#667862",
    +               "fontSize": "9.0pt (12px)",
    +               "fontWeight": "normal",
    +               "messageKey": null,
    +             },
    +             "id": "color-contrast",
    +             "impact": "serious",
    +             "message": "Element has insufficient color contrast of 4.37 (foreground color: #667862, background color: #f4f7ee, font size: 9.0pt (12px), font weight: normal). Expected contrast ratio of 4.5:1",
    +             "relatedNodes": Array [
    +               Object {
    +                 "html": "<th scope=\"col\">Balance</th>",
    +                 "target": Array [
    +                   "th[scope=\"col\"]:nth-child(1)",
    +                 ],
    +               },
    +             ],
    +           },
    +         ],
    +         "failureSummary": "Fix any of the following:
    +   Element has insufficient color contrast of 4.37 (foreground color: #667862, background color: #f4f7ee, font size: 9.0pt (12px), font weight: normal). Expected contrast ratio of 4.5:1",
    +         "html": "<th scope=\"col\">Balance</th>",
    +         "impact": "serious",
    +         "none": Array [],
    +         "target": Array [
    +           "th[scope=\"col\"]:nth-child(1)",
    +         ],
    +       },
    +       Object {
    +         "all": Array [],
    +         "any": Array [
    +           Object {
    +             "data": Object {
    +               "bgColor": "#f4f7ee",
    +               "contrastRatio": 4.37,
    +               "expectedContrastRatio": "4.5:1",
    +               "fgColor": "#667862",
    +               "fontSize": "9.0pt (12px)",
    +               "fontWeight": "normal",
    +               "messageKey": null,
    +             },
    +             "id": "color-contrast",
    +             "impact": "serious",
    +             "message": "Element has insufficient color contrast of 4.37 (foreground color: #667862, background color: #f4f7ee, font size: 9.0pt (12px), font weight: normal). Expected contrast ratio of 4.5:1",
    +             "relatedNodes": Array [
    +               Object {
    +                 "html": "<th scope=\"col\">Opening</th>",
    +                 "target": Array [
    +                   "th[scope=\"col\"]:nth-child(2)",
    +                 ],
    +               },
    +             ],
    +           },
    +         ],
    +         "failureSummary": "Fix any of the following:
    +   Element has insufficient color contrast of 4.37 (foreground color: #667862, background color: #f4f7ee, font size: 9.0pt (12px), font weight: normal). Expected contrast ratio of 4.5:1",
    +         "html": "<th scope=\"col\">Opening</th>",
    +         "impact": "serious",
    +         "none": Array [],
    +         "target": Array [
    +           "th[scope=\"col\"]:nth-child(2)",
    +         ],
    +       },
    +       Object {
    +         "all": Array [],
    +         "any": Array [
    +           Object {
    +             "data": Object {
    +               "bgColor": "#f4f7ee",
    +               "contrastRatio": 4.37,
    +               "expectedContrastRatio": "4.5:1",
    +               "fgColor": "#667862",
    +               "fontSize": "9.0pt (12px)",
    +               "fontWeight": "normal",
    +               "messageKey": null,
    +             },
    +             "id": "color-contrast",
    +             "impact": "serious",
    +             "message": "Element has insufficient color contrast of 4.37 (foreground color: #667862, background color: #f4f7ee, font size: 9.0pt (12px), font weight: normal). Expected contrast ratio of 4.5:1",
    +             "relatedNodes": Array [
    +               Object {
    +                 "html": "<th scope=\"col\">Period movement</th>",
    +                 "target": Array [
    +                   "th[scope=\"col\"]:nth-child(3)",
    +                 ],
    +               },
    +             ],
    +           },
    +         ],
    +         "failureSummary": "Fix any of the following:
    +   Element has insufficient color contrast of 4.37 (foreground color: #667862, background color: #f4f7ee, font size: 9.0pt (12px), font weight: normal). Expected contrast ratio of 4.5:1",
    +         "html": "<th scope=\"col\">Period movement</th>",
    +         "impact": "serious",
    +         "none": Array [],
    +         "target": Array [
    +           "th[scope=\"col\"]:nth-child(3)",
    +         ],
    +       },
    +       Object {
    +         "all": Array [],
    +         "any": Array [
    +           Object {
    +             "data": Object {
    +               "bgColor": "#f4f7ee",
    +               "contrastRatio": 4.37,
    +               "expectedContrastRatio": "4.5:1",
    +               "fgColor": "#667862",
    +               "fontSize": "9.0pt (12px)",
    +               "fontWeight": "normal",
    +               "messageKey": null,
    +             },
    +             "id": "color-contrast",
    +             "impact": "serious",
    +             "message": "Element has insufficient color contrast of 4.37 (foreground color: #667862, background color: #f4f7ee, font size: 9.0pt (12px), font weight: normal). Expected contrast ratio of 4.5:1",
    +             "relatedNodes": Array [
    +               Object {
    +                 "html": "<th scope=\"col\">Closing</th>",
    +                 "target": Array [
    +                   "th[scope=\"col\"]:nth-child(4)",
    +                 ],
    +               },
    +             ],
    +           },
    +         ],
    +         "failureSummary": "Fix any of the following:
    +   Element has insufficient color contrast of 4.37 (foreground color: #667862, background color: #f4f7ee, font size: 9.0pt (12px), font weight: normal). Expected contrast ratio of 4.5:1",
    +         "html": "<th scope=\"col\">Closing</th>",
    +         "impact": "serious",
    +         "none": Array [],
    +         "target": Array [
    +           "th[scope=\"col\"]:nth-child(4)",
    +         ],
    +       },
    +       Object {
    +         "all": Array [],
    +         "any": Array [
    +           Object {
    +             "data": Object {
    +               "bgColor": "#f4f7ee",
    +               "contrastRatio": 4.37,
    +               "expectedContrastRatio": "4.5:1",
    +               "fgColor": "#667862",
    +               "fontSize": "9.0pt (12px)",
    +               "fontWeight": "normal",
    +               "messageKey": null,
    +             },
    +             "id": "color-contrast",
    +             "impact": "serious",
    +             "message": "Element has insufficient color contrast of 4.37 (foreground color: #667862, background color: #f4f7ee, font size: 9.0pt (12px), font weight: normal). Expected contrast ratio of 4.5:1",
    +             "relatedNodes": Array [
    +               Object {
    +                 "html": "<th scope=\"row\">Rent charges</th>",
    +                 "target": Array [
    +                   "tr:nth-child(1) > th[scope=\"row\"]",
    +                 ],
    +               },
    +             ],
    +           },
    +         ],
    +         "failureSummary": "Fix any of the following:
    +   Element has insufficient color contrast of 4.37 (foreground color: #667862, background color: #f4f7ee, font size: 9.0pt (12px), font weight: normal). Expected contrast ratio of 4.5:1",
    +         "html": "<th scope=\"row\">Rent charges</th>",
    +         "impact": "serious",
    +         "none": Array [],
    +         "target": Array [
    +           "tr:nth-child(1) > th[scope=\"row\"]",
    +         ],
    +       },
    +       Object {
    +         "all": Array [],
    +         "any": Array [
    +           Object {
    +             "data": Object {
    +               "bgColor": "#f4f7ee",
    +               "contrastRatio": 4.37,
    +               "expectedContrastRatio": "4.5:1",
    +               "fgColor": "#667862",
    +               "fontSize": "9.0pt (12px)",
    +               "fontWeight": "normal",
    +               "messageKey": null,
    +             },
    +             "id": "color-contrast",
    +             "impact": "serious",
    +             "message": "Element has insufficient color contrast of 4.37 (foreground color: #667862, background color: #f4f7ee, font size: 9.0pt (12px), font weight: normal). Expected contrast ratio of 4.5:1",
    +             "relatedNodes": Array [
    +               Object {
    +                 "html": "<th scope=\"row\">Payment evidence</th>",
    +                 "target": Array [
    +                   "tr:nth-child(2) > th[scope=\"row\"]",
    +                 ],
    +               },
    +             ],
    +           },
    +         ],
    +         "failureSummary": "Fix any of the following:
    +   Element has insufficient color contrast of 4.37 (foreground color: #667862, background color: #f4f7ee, font size: 9.0pt (12px), font weight: normal). Expected contrast ratio of 4.5:1",
    +         "html": "<th scope=\"row\">Payment evidence</th>",
    +         "impact": "serious",
    +         "none": Array [],
    +         "target": Array [
    +           "tr:nth-child(2) > th[scope=\"row\"]",
    +         ],
    +       },
    +       Object {
    +         "all": Array [],
    +         "any": Array [
    +           Object {
    +             "data": Object {
    +               "bgColor": "#f4f7ee",
    +               "contrastRatio": 4.37,
    +               "expectedContrastRatio": "4.5:1",
    +               "fgColor": "#667862",
    +               "fontSize": "9.0pt (12px)",
    +               "fontWeight": "normal",
    +               "messageKey": null,
    +             },
    +             "id": "color-contrast",
    +             "impact": "serious",
    +             "message": "Element has insufficient color contrast of 4.37 (foreground color: #667862, background color: #f4f7ee, font size: 9.0pt (12px), font weight: normal). Expected contrast ratio of 4.5:1",
    +             "relatedNodes": Array [
    +               Object {
    +                 "html": "<th scope=\"row\">Allocations</th>",
    +                 "target": Array [
    +                   "tr:nth-child(3) > th[scope=\"row\"]",
    +                 ],
    +               },
    +             ],
    +           },
    +         ],
    +         "failureSummary": "Fix any of the following:
    +   Element has insufficient color contrast of 4.37 (foreground color: #667862, background color: #f4f7ee, font size: 9.0pt (12px), font weight: normal). Expected contrast ratio of 4.5:1",
    +         "html": "<th scope=\"row\">Allocations</th>",
    +         "impact": "serious",
    +         "none": Array [],
    +         "target": Array [
    +           "tr:nth-child(3) > th[scope=\"row\"]",
    +         ],
    +       },
    +       Object {
    +         "all": Array [],
    +         "any": Array [
    +           Object {
    +             "data": Object {
    +               "bgColor": "#f4f7ee",
    +               "contrastRatio": 4.37,
    +               "expectedContrastRatio": "4.5:1",
    +               "fgColor": "#667862",
    +               "fontSize": "9.0pt (12px)",
    +               "fontWeight": "normal",
    +               "messageKey": null,
    +             },
    +             "id": "color-contrast",
    +             "impact": "serious",
    +             "message": "Element has insufficient color contrast of 4.37 (foreground color: #667862, background color: #f4f7ee, font size: 9.0pt (12px), font weight: normal). Expected contrast ratio of 4.5:1",
    +             "relatedNodes": Array [
    +               Object {
    +                 "html": "<th scope=\"row\">Outstanding balance</th>",
    +                 "target": Array [
    +                   "tr:nth-child(4) > th[scope=\"row\"]",
    +                 ],
    +               },
    +             ],
    +           },
    +         ],
    +         "failureSummary": "Fix any of the following:
    +   Element has insufficient color contrast of 4.37 (foreground color: #667862, background color: #f4f7ee, font size: 9.0pt (12px), font weight: normal). Expected contrast ratio of 4.5:1",
    +         "html": "<th scope=\"row\">Outstanding balance</th>",
    +         "impact": "serious",
    +         "none": Array [],
    +         "target": Array [
    +           "tr:nth-child(4) > th[scope=\"row\"]",
    +         ],
    +       },
    +       Object {
    +         "all": Array [],
    +         "any": Array [
    +           Object {
    +             "data": Object {
    +               "bgColor": "#f4f7ee",
    +               "contrastRatio": 4.37,
    +               "expectedContrastRatio": "4.5:1",
    +               "fgColor": "#667862",
    +               "fontSize": "9.0pt (12px)",
    +               "fontWeight": "normal",
    +               "messageKey": null,
    +             },
    +             "id": "color-contrast",
    +             "impact": "serious",
    +             "message": "Element has insufficient color contrast of 4.37 (foreground color: #667862, background color: #f4f7ee, font size: 9.0pt (12px), font weight: normal). Expected contrast ratio of 4.5:1",
    +             "relatedNodes": Array [
    +               Object {
    +                 "html": "<th scope=\"row\">Unallocated credit</th>",
    +                 "target": Array [
    +                   "tr:nth-child(5) > th[scope=\"row\"]",
    +                 ],
    +               },
    +             ],
    +           },
    +         ],
    +         "failureSummary": "Fix any of the following:
    +   Element has insufficient color contrast of 4.37 (foreground color: #667862, background color: #f4f7ee, font size: 9.0pt (12px), font weight: normal). Expected contrast ratio of 4.5:1",
    +         "html": "<th scope=\"row\">Unallocated credit</th>",
    +         "impact": "serious",
    +         "none": Array [],
    +         "target": Array [
    +           "tr:nth-child(5) > th[scope=\"row\"]",
    +         ],
    +       },
    +       Object {
    +         "all": Array [],
    +         "any": Array [
    +           Object {
    +             "data": Object {
    +               "bgColor": "#f4f7ee",
    +               "contrastRatio": 4.37,
    +               "expectedContrastRatio": "4.5:1",
    +               "fgColor": "#667862",
    +               "fontSize": "9.0pt (12px)",
    +               "fontWeight": "normal",
    +               "messageKey": null,
    +             },
    +             "id": "color-contrast",
    +             "impact": "serious",
    +             "message": "Element has insufficient color contrast of 4.37 (foreground color: #667862, background color: #f4f7ee, font size: 9.0pt (12px), font weight: normal). Expected contrast ratio of 4.5:1",
    +             "relatedNodes": Array [
    +               Object {
    +                 "html": "<th scope=\"row\">Deposit liability</th>",
    +                 "target": Array [
    +                   "tr:nth-child(6) > th[scope=\"row\"]",
    +                 ],
    +               },
    +             ],
    +           },
    +         ],
    +         "failureSummary": "Fix any of the following:
    +   Element has insufficient color contrast of 4.37 (foreground color: #667862, background color: #f4f7ee, font size: 9.0pt (12px), font weight: normal). Expected contrast ratio of 4.5:1",
    +         "html": "<th scope=\"row\">Deposit liability</th>",
    +         "impact": "serious",
    +         "none": Array [],
    +         "target": Array [
    +           "tr:nth-child(6) > th[scope=\"row\"]",
    +         ],
    +       },
    +     ],
    +     "tags": Array [
    +       "cat.color",
    +       "wcag2aa",
    +       "wcag143",
    +       "TTv5",
    +       "TT13.c",
    +       "EN-301-549",
    +       "EN-9.1.4.3",
    +       "ACT",
    +       "RGAAv4",
    +       "RGAA-3.2.1",
    +     ],
    +   },
    + ]

      19 |  const today=new Date().toISOString().slice(0,10);await report.getByLabel('Statement period from',{exact:true}).fill(today);await report.getByLabel('Statement period to',{exact:true}).fill(today);await report.getByRole('button',{name:'Load statement period',exact:true}).click();await expect(report).toContainText(today+' – '+today);await page.reload();await expect(page.getByLabel('Statement period from',{exact:true})).toHaveValue(today);await expect(balance.getByRole('row',{name:'Outstanding balance 0.00 150.15 150.15',exact:true})).toBeVisible();
      20 |  const [download]=await Promise.all([page.waitForEvent('download',{timeout:20000}),report.getByRole('button',{name:'Download statement CSV',exact:true}).click()]),csv=fs.readFileSync((await download.path())!,'utf8');expect(csv).toContain('"Outstanding balance","0.00","150.15","150.15"');expect(csv).toContain('"Deposit liability","0.00","100.10","100.10"');expect(csv).toContain(charge.id);expect(csv).toContain(posted.id);expect(csv).not.toContain(sentinel);
    > 21 |  const [print]=await Promise.all([page.waitForEvent('popup'),report.getByRole('link',{name:'Open full print statement',exact:true}).click()]);await expect(print.getByRole('heading',{name:'Recorded lease statement',exact:true})).toBeVisible();await expect(print.getByRole('heading',{name:'All 4 period entries',exact:true})).toBeVisible();await expect(print.locator('body')).not.toContainText(sentinel);expect((await page.request.get(print.url())).headers()['content-security-policy']).toContain("default-src 'none'");await print.close();expect((await new AxeBuilder({page}).analyze()).violations.filter(v=>v.impact==='serious'||v.impact==='critical')).toEqual([]);expect(await page.evaluate(()=>document.documentElement.scrollWidth)).toBeLessThanOrEqual(page.viewportSize()!.width);await page.screenshot({path:`evidence/p14-owner-statement-${info.project.name}.png`,scale:'css'});
         |                                                                                                                                                                                                                                                                                                                                                                                                                                                                                                                                                                                                                                                                             ^
      22 |  await login(page,'tenant',WEB,'/tenant/leases?lease='+lease.id);await page.getByText('Period statement and exports',{exact:true}).click();await expect(page.getByRole('region',{name:'Statement balances',exact:true}).getByRole('row',{name:'Outstanding balance 0.00 150.15 150.15',exact:true})).toBeVisible();const [tenantDownload]=await Promise.all([page.waitForEvent('download',{timeout:20000}),page.getByRole('button',{name:'Download statement CSV',exact:true}).click()]);expect(fs.readFileSync((await tenantDownload.path())!,'utf8')).not.toContain(sentinel);const tenantResponse=await page.request.get(WEB+'/api/v1/leases/'+lease.id+'/statement');expect(tenantResponse.ok()).toBe(true);expect(await tenantResponse.text()).not.toContain(sentinel);expect(await tenantResponse.text()).not.toContain('actor_id');expect(await tenantResponse.text()).not.toContain('organization_id');expect(await page.evaluate(()=>document.documentElement.scrollWidth)).toBeLessThanOrEqual(page.viewportSize()!.width);await page.screenshot({path:`evidence/p14-tenant-statement-${info.project.name}.png`,scale:'css'});
      23 |  await login(page,'owner',WEB,'/account/statements?lease='+lease.id);await expect(page.getByRole('button',{name:'Download statement CSV',exact:true})).toBeVisible();const revoke=await page.request.patch(WEB+'/api/v1/me/management-grants/'+g.id,{headers:{Origin:WEB,'Idempotency-Key':crypto.randomUUID()},data:{version:g.version,action:'revoke',reason:'P14 native owner revokes statement authority.'}});expect(revoke.ok()).toBe(true);await page.getByRole('button',{name:'Download statement CSV',exact:true}).click();await expect(page.getByRole('alert')).toContainText('Currently authorized');expect((await page.request.get(WEB+'/api/v1/leases/'+lease.id+'/statement/print')).status()).toBe(404);
      24 |  await login(page,'buyer',WEB,'/account');for(const suffix of ['statement','statement.csv','statement/print'])expect((await page.request.get(WEB+'/api/v1/leases/'+lease.id+'/'+suffix)).status()).toBe(404);
        at /workspace/tests/e2e/statements.spec.ts:21:653

    attachment #1: screenshot (image/png) ──────────────────────────────────────────────────────────
    ../artifacts/statements-wire/statements-P14-native-owne-6cd17-l-reconciled-ledger-sources-desktop/test-failed-1.png
    ────────────────────────────────────────────────────────────────────────────────────────────────

    Error Context: ../artifacts/statements-wire/statements-P14-native-owne-6cd17-l-reconciled-ledger-sources-desktop/error-context.md

    Error Context: ../artifacts/statements-wire/statements-P14-native-owne-6cd17-l-reconciled-ledger-sources-desktop/error-context.md

    attachment #4: trace (application/zip) ─────────────────────────────────────────────────────────
    ../artifacts/statements-wire/statements-P14-native-owne-6cd17-l-reconciled-ledger-sources-desktop/trace.zip
    Usage:

        pnpm exec playwright show-trace ../artifacts/statements-wire/statements-P14-native-owne-6cd17-l-reconciled-ledger-sources-desktop/trace.zip

    ────────────────────────────────────────────────────────────────────────────────────────────────

  2) [mobile] › tests/e2e/statements.spec.ts:9:1 › P14 native owner and tenant period statements export actual reconciled ledger sources

    Error: expect(received).toEqual(expected) // deep equality

    - Expected  -   1
    + Received  + 373

    - Array []
    + Array [
    +   Object {
    +     "description": "Ensure the contrast between foreground and background colors meets WCAG 2 AA minimum contrast ratio thresholds",
    +     "help": "Elements must meet minimum color contrast ratio thresholds",
    +     "helpUrl": "https://dequeuniversity.com/rules/axe/4.13/color-contrast?application=playwright",
    +     "id": "color-contrast",
    +     "impact": "serious",
    +     "nodes": Array [
    +       Object {
    +         "all": Array [],
    +         "any": Array [
    +           Object {
    +             "data": Object {
    +               "bgColor": "#f4f7ee",
    +               "contrastRatio": 4.37,
    +               "expectedContrastRatio": "4.5:1",
    +               "fgColor": "#667862",
    +               "fontSize": "9.0pt (12px)",
    +               "fontWeight": "normal",
    +               "messageKey": null,
    +             },
    +             "id": "color-contrast",
    +             "impact": "serious",
    +             "message": "Element has insufficient color contrast of 4.37 (foreground color: #667862, background color: #f4f7ee, font size: 9.0pt (12px), font weight: normal). Expected contrast ratio of 4.5:1",
    +             "relatedNodes": Array [
    +               Object {
    +                 "html": "<th scope=\"col\">Balance</th>",
    +                 "target": Array [
    +                   "th[scope=\"col\"]:nth-child(1)",
    +                 ],
    +               },
    +             ],
    +           },
    +         ],
    +         "failureSummary": "Fix any of the following:
    +   Element has insufficient color contrast of 4.37 (foreground color: #667862, background color: #f4f7ee, font size: 9.0pt (12px), font weight: normal). Expected contrast ratio of 4.5:1",
    +         "html": "<th scope=\"col\">Balance</th>",
    +         "impact": "serious",
    +         "none": Array [],
    +         "target": Array [
    +           "th[scope=\"col\"]:nth-child(1)",
    +         ],
    +       },
    +       Object {
    +         "all": Array [],
    +         "any": Array [
    +           Object {
    +             "data": Object {
    +               "bgColor": "#f4f7ee",
    +               "contrastRatio": 4.37,
    +               "expectedContrastRatio": "4.5:1",
    +               "fgColor": "#667862",
    +               "fontSize": "9.0pt (12px)",
    +               "fontWeight": "normal",
    +               "messageKey": null,
    +             },
    +             "id": "color-contrast",
    +             "impact": "serious",
    +             "message": "Element has insufficient color contrast of 4.37 (foreground color: #667862, background color: #f4f7ee, font size: 9.0pt (12px), font weight: normal). Expected contrast ratio of 4.5:1",
    +             "relatedNodes": Array [
    +               Object {
    +                 "html": "<th scope=\"col\">Opening</th>",
    +                 "target": Array [
    +                   "th[scope=\"col\"]:nth-child(2)",
    +                 ],
    +               },
    +             ],
    +           },
    +         ],
    +         "failureSummary": "Fix any of the following:
    +   Element has insufficient color contrast of 4.37 (foreground color: #667862, background color: #f4f7ee, font size: 9.0pt (12px), font weight: normal). Expected contrast ratio of 4.5:1",
    +         "html": "<th scope=\"col\">Opening</th>",
    +         "impact": "serious",
    +         "none": Array [],
    +         "target": Array [
    +           "th[scope=\"col\"]:nth-child(2)",
    +         ],
    +       },
    +       Object {
    +         "all": Array [],
    +         "any": Array [
    +           Object {
    +             "data": Object {
    +               "bgColor": "#f4f7ee",
    +               "contrastRatio": 4.37,
    +               "expectedContrastRatio": "4.5:1",
    +               "fgColor": "#667862",
    +               "fontSize": "9.0pt (12px)",
    +               "fontWeight": "normal",
    +               "messageKey": null,
    +             },
    +             "id": "color-contrast",
    +             "impact": "serious",
    +             "message": "Element has insufficient color contrast of 4.37 (foreground color: #667862, background color: #f4f7ee, font size: 9.0pt (12px), font weight: normal). Expected contrast ratio of 4.5:1",
    +             "relatedNodes": Array [
    +               Object {
    +                 "html": "<th scope=\"col\">Period movement</th>",
    +                 "target": Array [
    +                   "th[scope=\"col\"]:nth-child(3)",
    +                 ],
    +               },
    +             ],
    +           },
    +         ],
    +         "failureSummary": "Fix any of the following:
    +   Element has insufficient color contrast of 4.37 (foreground color: #667862, background color: #f4f7ee, font size: 9.0pt (12px), font weight: normal). Expected contrast ratio of 4.5:1",
    +         "html": "<th scope=\"col\">Period movement</th>",
    +         "impact": "serious",
    +         "none": Array [],
    +         "target": Array [
    +           "th[scope=\"col\"]:nth-child(3)",
    +         ],
    +       },
    +       Object {
    +         "all": Array [],
    +         "any": Array [
    +           Object {
    +             "data": Object {
    +               "bgColor": "#f4f7ee",
    +               "contrastRatio": 4.37,
    +               "expectedContrastRatio": "4.5:1",
    +               "fgColor": "#667862",
    +               "fontSize": "9.0pt (12px)",
    +               "fontWeight": "normal",
    +               "messageKey": null,
    +             },
    +             "id": "color-contrast",
    +             "impact": "serious",
    +             "message": "Element has insufficient color contrast of 4.37 (foreground color: #667862, background color: #f4f7ee, font size: 9.0pt (12px), font weight: normal). Expected contrast ratio of 4.5:1",
    +             "relatedNodes": Array [
    +               Object {
    +                 "html": "<th scope=\"col\">Closing</th>",
    +                 "target": Array [
    +                   "th[scope=\"col\"]:nth-child(4)",
    +                 ],
    +               },
    +             ],
    +           },
    +         ],
    +         "failureSummary": "Fix any of the following:
    +   Element has insufficient color contrast of 4.37 (foreground color: #667862, background color: #f4f7ee, font size: 9.0pt (12px), font weight: normal). Expected contrast ratio of 4.5:1",
    +         "html": "<th scope=\"col\">Closing</th>",
    +         "impact": "serious",
    +         "none": Array [],
    +         "target": Array [
    +           "th[scope=\"col\"]:nth-child(4)",
    +         ],
    +       },
    +       Object {
    +         "all": Array [],
    +         "any": Array [
    +           Object {
    +             "data": Object {
    +               "bgColor": "#f4f7ee",
    +               "contrastRatio": 4.37,
    +               "expectedContrastRatio": "4.5:1",
    +               "fgColor": "#667862",
    +               "fontSize": "9.0pt (12px)",
    +               "fontWeight": "normal",
    +               "messageKey": null,
    +             },
    +             "id": "color-contrast",
    +             "impact": "serious",
    +             "message": "Element has insufficient color contrast of 4.37 (foreground color: #667862, background color: #f4f7ee, font size: 9.0pt (12px), font weight: normal). Expected contrast ratio of 4.5:1",
    +             "relatedNodes": Array [
    +               Object {
    +                 "html": "<th scope=\"row\">Rent charges</th>",
    +                 "target": Array [
    +                   "tr:nth-child(1) > th[scope=\"row\"]",
    +                 ],
    +               },
    +             ],
    +           },
    +         ],
    +         "failureSummary": "Fix any of the following:
    +   Element has insufficient color contrast of 4.37 (foreground color: #667862, background color: #f4f7ee, font size: 9.0pt (12px), font weight: normal). Expected contrast ratio of 4.5:1",
    +         "html": "<th scope=\"row\">Rent charges</th>",
    +         "impact": "serious",
    +         "none": Array [],
    +         "target": Array [
    +           "tr:nth-child(1) > th[scope=\"row\"]",
    +         ],
    +       },
    +       Object {
    +         "all": Array [],
    +         "any": Array [
    +           Object {
    +             "data": Object {
    +               "bgColor": "#f4f7ee",
    +               "contrastRatio": 4.37,
    +               "expectedContrastRatio": "4.5:1",
    +               "fgColor": "#667862",
    +               "fontSize": "9.0pt (12px)",
    +               "fontWeight": "normal",
    +               "messageKey": null,
    +             },
    +             "id": "color-contrast",
    +             "impact": "serious",
    +             "message": "Element has insufficient color contrast of 4.37 (foreground color: #667862, background color: #f4f7ee, font size: 9.0pt (12px), font weight: normal). Expected contrast ratio of 4.5:1",
    +             "relatedNodes": Array [
    +               Object {
    +                 "html": "<th scope=\"row\">Payment evidence</th>",
    +                 "target": Array [
    +                   "tr:nth-child(2) > th[scope=\"row\"]",
    +                 ],
    +               },
    +             ],
    +           },
    +         ],
    +         "failureSummary": "Fix any of the following:
    +   Element has insufficient color contrast of 4.37 (foreground color: #667862, background color: #f4f7ee, font size: 9.0pt (12px), font weight: normal). Expected contrast ratio of 4.5:1",
    +         "html": "<th scope=\"row\">Payment evidence</th>",
    +         "impact": "serious",
    +         "none": Array [],
    +         "target": Array [
    +           "tr:nth-child(2) > th[scope=\"row\"]",
    +         ],
    +       },
    +       Object {
    +         "all": Array [],
    +         "any": Array [
    +           Object {
    +             "data": Object {
    +               "bgColor": "#f4f7ee",
    +               "contrastRatio": 4.37,
    +               "expectedContrastRatio": "4.5:1",
    +               "fgColor": "#667862",
    +               "fontSize": "9.0pt (12px)",
    +               "fontWeight": "normal",
    +               "messageKey": null,
    +             },
    +             "id": "color-contrast",
    +             "impact": "serious",
    +             "message": "Element has insufficient color contrast of 4.37 (foreground color: #667862, background color: #f4f7ee, font size: 9.0pt (12px), font weight: normal). Expected contrast ratio of 4.5:1",
    +             "relatedNodes": Array [
    +               Object {
    +                 "html": "<th scope=\"row\">Allocations</th>",
    +                 "target": Array [
    +                   "tr:nth-child(3) > th[scope=\"row\"]",
    +                 ],
    +               },
    +             ],
    +           },
    +         ],
    +         "failureSummary": "Fix any of the following:
    +   Element has insufficient color contrast of 4.37 (foreground color: #667862, background color: #f4f7ee, font size: 9.0pt (12px), font weight: normal). Expected contrast ratio of 4.5:1",
    +         "html": "<th scope=\"row\">Allocations</th>",
    +         "impact": "serious",
    +         "none": Array [],
    +         "target": Array [
    +           "tr:nth-child(3) > th[scope=\"row\"]",
    +         ],
    +       },
    +       Object {
    +         "all": Array [],
    +         "any": Array [
    +           Object {
    +             "data": Object {
    +               "bgColor": "#f4f7ee",
    +               "contrastRatio": 4.37,
    +               "expectedContrastRatio": "4.5:1",
    +               "fgColor": "#667862",
    +               "fontSize": "9.0pt (12px)",
    +               "fontWeight": "normal",
    +               "messageKey": null,
    +             },
    +             "id": "color-contrast",
    +             "impact": "serious",
    +             "message": "Element has insufficient color contrast of 4.37 (foreground color: #667862, background color: #f4f7ee, font size: 9.0pt (12px), font weight: normal). Expected contrast ratio of 4.5:1",
    +             "relatedNodes": Array [
    +               Object {
    +                 "html": "<th scope=\"row\">Outstanding balance</th>",
    +                 "target": Array [
    +                   "tr:nth-child(4) > th[scope=\"row\"]",
    +                 ],
    +               },
    +             ],
    +           },
    +         ],
    +         "failureSummary": "Fix any of the following:
    +   Element has insufficient color contrast of 4.37 (foreground color: #667862, background color: #f4f7ee, font size: 9.0pt (12px), font weight: normal). Expected contrast ratio of 4.5:1",
    +         "html": "<th scope=\"row\">Outstanding balance</th>",
    +         "impact": "serious",
    +         "none": Array [],
    +         "target": Array [
    +           "tr:nth-child(4) > th[scope=\"row\"]",
    +         ],
    +       },
    +       Object {
    +         "all": Array [],
    +         "any": Array [
    +           Object {
    +             "data": Object {
    +               "bgColor": "#f4f7ee",
    +               "contrastRatio": 4.37,
    +               "expectedContrastRatio": "4.5:1",
    +               "fgColor": "#667862",
    +               "fontSize": "9.0pt (12px)",
    +               "fontWeight": "normal",
    +               "messageKey": null,
    +             },
    +             "id": "color-contrast",
    +             "impact": "serious",
    +             "message": "Element has insufficient color contrast of 4.37 (foreground color: #667862, background color: #f4f7ee, font size: 9.0pt (12px), font weight: normal). Expected contrast ratio of 4.5:1",
    +             "relatedNodes": Array [
    +               Object {
    +                 "html": "<th scope=\"row\">Unallocated credit</th>",
    +                 "target": Array [
    +                   "tr:nth-child(5) > th[scope=\"row\"]",
    +                 ],
    +               },
    +             ],
    +           },
    +         ],
    +         "failureSummary": "Fix any of the following:
    +   Element has insufficient color contrast of 4.37 (foreground color: #667862, background color: #f4f7ee, font size: 9.0pt (12px), font weight: normal). Expected contrast ratio of 4.5:1",
    +         "html": "<th scope=\"row\">Unallocated credit</th>",
    +         "impact": "serious",
    +         "none": Array [],
    +         "target": Array [
    +           "tr:nth-child(5) > th[scope=\"row\"]",
    +         ],
    +       },
    +       Object {
    +         "all": Array [],
    +         "any": Array [
    +           Object {
    +             "data": Object {
    +               "bgColor": "#f4f7ee",
    +               "contrastRatio": 4.37,
    +               "expectedContrastRatio": "4.5:1",
    +               "fgColor": "#667862",
    +               "fontSize": "9.0pt (12px)",
    +               "fontWeight": "normal",
    +               "messageKey": null,
    +             },
    +             "id": "color-contrast",
    +             "impact": "serious",
    +             "message": "Element has insufficient color contrast of 4.37 (foreground color: #667862, background color: #f4f7ee, font size: 9.0pt (12px), font weight: normal). Expected contrast ratio of 4.5:1",
    +             "relatedNodes": Array [
    +               Object {
    +                 "html": "<th scope=\"row\">Deposit liability</th>",
    +                 "target": Array [
    +                   "tr:nth-child(6) > th[scope=\"row\"]",
    +                 ],
    +               },
    +             ],
    +           },
    +         ],
    +         "failureSummary": "Fix any of the following:
    +   Element has insufficient color contrast of 4.37 (foreground color: #667862, background color: #f4f7ee, font size: 9.0pt (12px), font weight: normal). Expected contrast ratio of 4.5:1",
    +         "html": "<th scope=\"row\">Deposit liability</th>",
    +         "impact": "serious",
    +         "none": Array [],
    +         "target": Array [
    +           "tr:nth-child(6) > th[scope=\"row\"]",
    +         ],
    +       },
    +     ],
    +     "tags": Array [
    +       "cat.color",
    +       "wcag2aa",
    +       "wcag143",
    +       "TTv5",
    +       "TT13.c",
    +       "EN-301-549",
    +       "EN-9.1.4.3",
    +       "ACT",
    +       "RGAAv4",
    +       "RGAA-3.2.1",
    +     ],
    +   },
    + ]

      19 |  const today=new Date().toISOString().slice(0,10);await report.getByLabel('Statement period from',{exact:true}).fill(today);await report.getByLabel('Statement period to',{exact:true}).fill(today);await report.getByRole('button',{name:'Load statement period',exact:true}).click();await expect(report).toContainText(today+' – '+today);await page.reload();await expect(page.getByLabel('Statement period from',{exact:true})).toHaveValue(today);await expect(balance.getByRole('row',{name:'Outstanding balance 0.00 150.15 150.15',exact:true})).toBeVisible();
      20 |  const [download]=await Promise.all([page.waitForEvent('download',{timeout:20000}),report.getByRole('button',{name:'Download statement CSV',exact:true}).click()]),csv=fs.readFileSync((await download.path())!,'utf8');expect(csv).toContain('"Outstanding balance","0.00","150.15","150.15"');expect(csv).toContain('"Deposit liability","0.00","100.10","100.10"');expect(csv).toContain(charge.id);expect(csv).toContain(posted.id);expect(csv).not.toContain(sentinel);
    > 21 |  const [print]=await Promise.all([page.waitForEvent('popup'),report.getByRole('link',{name:'Open full print statement',exact:true}).click()]);await expect(print.getByRole('heading',{name:'Recorded lease statement',exact:true})).toBeVisible();await expect(print.getByRole('heading',{name:'All 4 period entries',exact:true})).toBeVisible();await expect(print.locator('body')).not.toContainText(sentinel);expect((await page.request.get(print.url())).headers()['content-security-policy']).toContain("default-src 'none'");await print.close();expect((await new AxeBuilder({page}).analyze()).violations.filter(v=>v.impact==='serious'||v.impact==='critical')).toEqual([]);expect(await page.evaluate(()=>document.documentElement.scrollWidth)).toBeLessThanOrEqual(page.viewportSize()!.width);await page.screenshot({path:`evidence/p14-owner-statement-${info.project.name}.png`,scale:'css'});
         |                                                                                                                                                                                                                                                                                                                                                                                                                                                                                                                                                                                                                                                                             ^
      22 |  await login(page,'tenant',WEB,'/tenant/leases?lease='+lease.id);await page.getByText('Period statement and exports',{exact:true}).click();await expect(page.getByRole('region',{name:'Statement balances',exact:true}).getByRole('row',{name:'Outstanding balance 0.00 150.15 150.15',exact:true})).toBeVisible();const [tenantDownload]=await Promise.all([page.waitForEvent('download',{timeout:20000}),page.getByRole('button',{name:'Download statement CSV',exact:true}).click()]);expect(fs.readFileSync((await tenantDownload.path())!,'utf8')).not.toContain(sentinel);const tenantResponse=await page.request.get(WEB+'/api/v1/leases/'+lease.id+'/statement');expect(tenantResponse.ok()).toBe(true);expect(await tenantResponse.text()).not.toContain(sentinel);expect(await tenantResponse.text()).not.toContain('actor_id');expect(await tenantResponse.text()).not.toContain('organization_id');expect(await page.evaluate(()=>document.documentElement.scrollWidth)).toBeLessThanOrEqual(page.viewportSize()!.width);await page.screenshot({path:`evidence/p14-tenant-statement-${info.project.name}.png`,scale:'css'});
      23 |  await login(page,'owner',WEB,'/account/statements?lease='+lease.id);await expect(page.getByRole('button',{name:'Download statement CSV',exact:true})).toBeVisible();const revoke=await page.request.patch(WEB+'/api/v1/me/management-grants/'+g.id,{headers:{Origin:WEB,'Idempotency-Key':crypto.randomUUID()},data:{version:g.version,action:'revoke',reason:'P14 native owner revokes statement authority.'}});expect(revoke.ok()).toBe(true);await page.getByRole('button',{name:'Download statement CSV',exact:true}).click();await expect(page.getByRole('alert')).toContainText('Currently authorized');expect((await page.request.get(WEB+'/api/v1/leases/'+lease.id+'/statement/print')).status()).toBe(404);
      24 |  await login(page,'buyer',WEB,'/account');for(const suffix of ['statement','statement.csv','statement/print'])expect((await page.request.get(WEB+'/api/v1/leases/'+lease.id+'/'+suffix)).status()).toBe(404);
        at /workspace/tests/e2e/statements.spec.ts:21:653

    attachment #1: screenshot (image/png) ──────────────────────────────────────────────────────────
    ../artifacts/statements-wire/statements-P14-native-owne-6cd17-l-reconciled-ledger-sources-mobile/test-failed-1.png
    ────────────────────────────────────────────────────────────────────────────────────────────────

    Error Context: ../artifacts/statements-wire/statements-P14-native-owne-6cd17-l-reconciled-ledger-sources-mobile/error-context.md

    Error Context: ../artifacts/statements-wire/statements-P14-native-owne-6cd17-l-reconciled-ledger-sources-mobile/error-context.md

    attachment #4: trace (application/zip) ─────────────────────────────────────────────────────────
    ../artifacts/statements-wire/statements-P14-native-owne-6cd17-l-reconciled-ledger-sources-mobile/trace.zip
    Usage:

        pnpm exec playwright show-trace ../artifacts/statements-wire/statements-P14-native-owne-6cd17-l-reconciled-ledger-sources-mobile/trace.zip

    ────────────────────────────────────────────────────────────────────────────────────────────────

  2 failed
    [desktop] › tests/e2e/statements.spec.ts:9:1 › P14 native owner and tenant period statements export actual reconciled ledger sources
    [mobile] › tests/e2e/statements.spec.ts:9:1 › P14 native owner and tenant period statements export actual reconciled ledger sources
