 Container haven-p09-runtime-tests-run-2beed8b17d03 Creating
 Container haven-p09-runtime-tests-run-2beed8b17d03 Created

Running 2 tests using 1 worker

  ✘  1 [desktop] › tests/e2e/statements.spec.ts:9:1 › P14 native owner and tenant period statements export actual reconciled ledger sources (55.1s)
  ✘  2 [mobile] › tests/e2e/statements.spec.ts:9:1 › P14 native owner and tenant period statements export actual reconciled ledger sources (1.0m)


  1) [desktop] › tests/e2e/statements.spec.ts:9:1 › P14 native owner and tenant period statements export actual reconciled ledger sources

    Error: expect(locator).toContainText(expected) failed

    Locator: getByRole('alert')
    Expected substring: "Currently authorized"
    Error: strict mode violation: getByRole('alert') resolved to 2 elements:
        1) <div role="alert" class="error-box">Currently authorized active or ended lease not fo…</div> aka getByText('Currently authorized active')
        2) <div role="alert" aria-live="assertive" id="__next-route-announcer__"></div> aka locator('[id="__next-route-announcer__"]')

    Call log:
      - Expect "toContainText" getByRole('alert') with timeout 15000ms
      - waiting for getByRole('alert')
        - locator resolved to <div role="alert" aria-live="assertive" id="__next-route-announcer__"></div>
        - unexpected value ""


      21 |  const [print]=await Promise.all([page.waitForEvent('popup'),report.getByRole('link',{name:'Open full print statement',exact:true}).click()]);await expect(print.getByRole('heading',{name:'Recorded lease statement',exact:true})).toBeVisible();await expect(print.getByRole('heading',{name:'All 4 period entries',exact:true})).toBeVisible();await expect(print.locator('body')).not.toContainText(sentinel);expect((await page.request.get(print.url())).headers()['content-security-policy']).toContain("default-src 'none'");await print.close();expect((await new AxeBuilder({page}).analyze()).violations.filter(v=>v.impact==='serious'||v.impact==='critical')).toEqual([]);expect(await page.evaluate(()=>document.documentElement.scrollWidth)).toBeLessThanOrEqual(page.viewportSize()!.width);await page.screenshot({path:`evidence/p14-owner-statement-${info.project.name}.png`,scale:'css'});
      22 |  await login(page,'tenant',WEB,'/tenant/leases?lease='+lease.id);await page.getByText('Period statement and exports',{exact:true}).click();await expect(page.getByRole('region',{name:'Statement balances',exact:true}).getByRole('row',{name:'Outstanding balance 0.00 150.15 150.15',exact:true})).toBeVisible();const [tenantDownload]=await Promise.all([page.waitForEvent('download',{timeout:20000}),page.getByRole('button',{name:'Download statement CSV',exact:true}).click()]);expect(fs.readFileSync((await tenantDownload.path())!,'utf8')).not.toContain(sentinel);const tenantResponse=await page.request.get(WEB+'/api/v1/leases/'+lease.id+'/statement');expect(tenantResponse.ok()).toBe(true);expect(await tenantResponse.text()).not.toContain(sentinel);expect(await tenantResponse.text()).not.toContain('actor_id');expect(await tenantResponse.text()).not.toContain('organization_id');expect(await page.evaluate(()=>document.documentElement.scrollWidth)).toBeLessThanOrEqual(page.viewportSize()!.width);await page.screenshot({path:`evidence/p14-tenant-statement-${info.project.name}.png`,scale:'css'});
    > 23 |  await login(page,'owner',WEB,'/account/statements?lease='+lease.id);await expect(page.getByRole('button',{name:'Download statement CSV',exact:true})).toBeVisible();const revoke=await page.request.patch(WEB+'/api/v1/me/management-grants/'+g.id,{headers:{Origin:WEB,'Idempotency-Key':crypto.randomUUID()},data:{version:g.version,action:'revoke',reason:'P14 native owner revokes statement authority.'}});expect(revoke.ok()).toBe(true);await page.getByRole('button',{name:'Download statement CSV',exact:true}).click();await expect(page.getByRole('alert')).toContainText('Currently authorized');expect((await page.request.get(WEB+'/api/v1/leases/'+lease.id+'/statement/print')).status()).toBe(404);
         |                                                                                                                                                                                                                                                                                                                                                                                                                                                                                                                                                                          ^
      24 |  await login(page,'buyer',WEB,'/account');for(const suffix of ['statement','statement.csv','statement/print'])expect((await page.request.get(WEB+'/api/v1/leases/'+lease.id+'/'+suffix)).status()).toBe(404);
      25 | });
      26 |
        at /workspace/tests/e2e/statements.spec.ts:23:554

    attachment #1: screenshot (image/png) ──────────────────────────────────────────────────────────
    ../artifacts/statements-final/statements-P14-native-owne-6cd17-l-reconciled-ledger-sources-desktop/test-failed-1.png
    ────────────────────────────────────────────────────────────────────────────────────────────────

    Error Context: ../artifacts/statements-final/statements-P14-native-owne-6cd17-l-reconciled-ledger-sources-desktop/error-context.md

    Error Context: ../artifacts/statements-final/statements-P14-native-owne-6cd17-l-reconciled-ledger-sources-desktop/error-context.md

    attachment #4: trace (application/zip) ─────────────────────────────────────────────────────────
    ../artifacts/statements-final/statements-P14-native-owne-6cd17-l-reconciled-ledger-sources-desktop/trace.zip
    Usage:

        pnpm exec playwright show-trace ../artifacts/statements-final/statements-P14-native-owne-6cd17-l-reconciled-ledger-sources-desktop/trace.zip

    ────────────────────────────────────────────────────────────────────────────────────────────────

  2) [mobile] › tests/e2e/statements.spec.ts:9:1 › P14 native owner and tenant period statements export actual reconciled ledger sources

    Error: expect(locator).toContainText(expected) failed

    Locator: getByRole('alert')
    Expected substring: "Currently authorized"
    Error: strict mode violation: getByRole('alert') resolved to 2 elements:
        1) <div role="alert" class="error-box">Currently authorized active or ended lease not fo…</div> aka getByText('Currently authorized active')
        2) <div role="alert" aria-live="assertive" id="__next-route-announcer__"></div> aka locator('[id="__next-route-announcer__"]')

    Call log:
      - Expect "toContainText" getByRole('alert') with timeout 15000ms
      - waiting for getByRole('alert')
        - locator resolved to <div role="alert" aria-live="assertive" id="__next-route-announcer__"></div>
        - unexpected value ""


      21 |  const [print]=await Promise.all([page.waitForEvent('popup'),report.getByRole('link',{name:'Open full print statement',exact:true}).click()]);await expect(print.getByRole('heading',{name:'Recorded lease statement',exact:true})).toBeVisible();await expect(print.getByRole('heading',{name:'All 4 period entries',exact:true})).toBeVisible();await expect(print.locator('body')).not.toContainText(sentinel);expect((await page.request.get(print.url())).headers()['content-security-policy']).toContain("default-src 'none'");await print.close();expect((await new AxeBuilder({page}).analyze()).violations.filter(v=>v.impact==='serious'||v.impact==='critical')).toEqual([]);expect(await page.evaluate(()=>document.documentElement.scrollWidth)).toBeLessThanOrEqual(page.viewportSize()!.width);await page.screenshot({path:`evidence/p14-owner-statement-${info.project.name}.png`,scale:'css'});
      22 |  await login(page,'tenant',WEB,'/tenant/leases?lease='+lease.id);await page.getByText('Period statement and exports',{exact:true}).click();await expect(page.getByRole('region',{name:'Statement balances',exact:true}).getByRole('row',{name:'Outstanding balance 0.00 150.15 150.15',exact:true})).toBeVisible();const [tenantDownload]=await Promise.all([page.waitForEvent('download',{timeout:20000}),page.getByRole('button',{name:'Download statement CSV',exact:true}).click()]);expect(fs.readFileSync((await tenantDownload.path())!,'utf8')).not.toContain(sentinel);const tenantResponse=await page.request.get(WEB+'/api/v1/leases/'+lease.id+'/statement');expect(tenantResponse.ok()).toBe(true);expect(await tenantResponse.text()).not.toContain(sentinel);expect(await tenantResponse.text()).not.toContain('actor_id');expect(await tenantResponse.text()).not.toContain('organization_id');expect(await page.evaluate(()=>document.documentElement.scrollWidth)).toBeLessThanOrEqual(page.viewportSize()!.width);await page.screenshot({path:`evidence/p14-tenant-statement-${info.project.name}.png`,scale:'css'});
    > 23 |  await login(page,'owner',WEB,'/account/statements?lease='+lease.id);await expect(page.getByRole('button',{name:'Download statement CSV',exact:true})).toBeVisible();const revoke=await page.request.patch(WEB+'/api/v1/me/management-grants/'+g.id,{headers:{Origin:WEB,'Idempotency-Key':crypto.randomUUID()},data:{version:g.version,action:'revoke',reason:'P14 native owner revokes statement authority.'}});expect(revoke.ok()).toBe(true);await page.getByRole('button',{name:'Download statement CSV',exact:true}).click();await expect(page.getByRole('alert')).toContainText('Currently authorized');expect((await page.request.get(WEB+'/api/v1/leases/'+lease.id+'/statement/print')).status()).toBe(404);
         |                                                                                                                                                                                                                                                                                                                                                                                                                                                                                                                                                                          ^
      24 |  await login(page,'buyer',WEB,'/account');for(const suffix of ['statement','statement.csv','statement/print'])expect((await page.request.get(WEB+'/api/v1/leases/'+lease.id+'/'+suffix)).status()).toBe(404);
      25 | });
      26 |
        at /workspace/tests/e2e/statements.spec.ts:23:554

    attachment #1: screenshot (image/png) ──────────────────────────────────────────────────────────
    ../artifacts/statements-final/statements-P14-native-owne-6cd17-l-reconciled-ledger-sources-mobile/test-failed-1.png
    ────────────────────────────────────────────────────────────────────────────────────────────────

    Error Context: ../artifacts/statements-final/statements-P14-native-owne-6cd17-l-reconciled-ledger-sources-mobile/error-context.md

    Error Context: ../artifacts/statements-final/statements-P14-native-owne-6cd17-l-reconciled-ledger-sources-mobile/error-context.md

    attachment #4: trace (application/zip) ─────────────────────────────────────────────────────────
    ../artifacts/statements-final/statements-P14-native-owne-6cd17-l-reconciled-ledger-sources-mobile/trace.zip
    Usage:

        pnpm exec playwright show-trace ../artifacts/statements-final/statements-P14-native-owne-6cd17-l-reconciled-ledger-sources-mobile/trace.zip

    ────────────────────────────────────────────────────────────────────────────────────────────────

  2 failed
    [desktop] › tests/e2e/statements.spec.ts:9:1 › P14 native owner and tenant period statements export actual reconciled ledger sources
    [mobile] › tests/e2e/statements.spec.ts:9:1 › P14 native owner and tenant period statements export actual reconciled ledger sources
