 Container haven-p09-runtime-tests-run-6fbe823b1145 Creating
 Container haven-p09-runtime-tests-run-6fbe823b1145 Created

Running 2 tests using 1 worker

  ✘  1 [desktop] › tests/e2e/management-dashboard.spec.ts:8:1 › P15 native management dashboard restores recorded dates and current property scope (25.4s)
  ✘  2 [mobile] › tests/e2e/management-dashboard.spec.ts:8:1 › P15 native management dashboard restores recorded dates and current property scope (58.2s)


  1) [desktop] › tests/e2e/management-dashboard.spec.ts:8:1 › P15 native management dashboard restores recorded dates and current property scope

    Error: expect(received).toEqual(expected) // deep equality

    - Expected  -   1
    + Received  + 128

    - Array []
    + Array [
    +   Object {
    +     "description": "Ensure the contrast between foreground and background colors meets WCAG 2 AA minimum contrast ratio thresholds",
    +     "help": "Elements must meet minimum color contrast ratio thresholds",
    +     "helpUrl": "https://dequeuniversity.com/rules/axe/4.13/color-contrast?application=playwright",
    +     "id": "color-contrast",
    +     "impact": "serious",
    +     "nodes": Array [
    +       Object {
    +         "all": Array [],
    +         "any": Array [
    +           Object {
    +             "data": Object {
    +               "bgColor": "#ffffff",
    +               "contrastRatio": 3.74,
    +               "expectedContrastRatio": "4.5:1",
    +               "fgColor": "#7c877b",
    +               "fontSize": "9.0pt (12px)",
    +               "fontWeight": "normal",
    +               "messageKey": null,
    +             },
    +             "id": "color-contrast",
    +             "impact": "serious",
    +             "message": "Element has insufficient color contrast of 3.74 (foreground color: #7c877b, background color: #ffffff, font size: 9.0pt (12px), font weight: normal). Expected contrast ratio of 4.5:1",
    +             "relatedNodes": Array [
    +               Object {
    +                 "html": "<aside class=\"workspace-sidebar\">",
    +                 "target": Array [
    +                   "aside",
    +                 ],
    +               },
    +             ],
    +           },
    +         ],
    +         "failureSummary": "Fix any of the following:
    +   Element has insufficient color contrast of 3.74 (foreground color: #7c877b, background color: #ffffff, font size: 9.0pt (12px), font weight: normal). Expected contrast ratio of 4.5:1",
    +         "html": "<a class=\"\" href=\"/ops/invitations\">",
    +         "impact": "serious",
    +         "none": Array [],
    +         "target": Array [
    +           "a[href$=\"invitations\"]",
    +         ],
    +       },
    +       Object {
    +         "all": Array [],
    +         "any": Array [
    +           Object {
    +             "data": Object {
    +               "bgColor": "#ffffff",
    +               "contrastRatio": 3.74,
    +               "expectedContrastRatio": "4.5:1",
    +               "fgColor": "#7c877b",
    +               "fontSize": "9.0pt (12px)",
    +               "fontWeight": "normal",
    +               "messageKey": null,
    +             },
    +             "id": "color-contrast",
    +             "impact": "serious",
    +             "message": "Element has insufficient color contrast of 3.74 (foreground color: #7c877b, background color: #ffffff, font size: 9.0pt (12px), font weight: normal). Expected contrast ratio of 4.5:1",
    +             "relatedNodes": Array [
    +               Object {
    +                 "html": "<aside class=\"workspace-sidebar\">",
    +                 "target": Array [
    +                   "aside",
    +                 ],
    +               },
    +             ],
    +           },
    +         ],
    +         "failureSummary": "Fix any of the following:
    +   Element has insufficient color contrast of 3.74 (foreground color: #7c877b, background color: #ffffff, font size: 9.0pt (12px), font weight: normal). Expected contrast ratio of 4.5:1",
    +         "html": "<a class=\"\" href=\"/ops\">",
    +         "impact": "serious",
    +         "none": Array [],
    +         "target": Array [
    +           "nav > a[href$=\"ops\"]",
    +         ],
    +       },
    +       Object {
    +         "all": Array [],
    +         "any": Array [
    +           Object {
    +             "data": Object {
    +               "bgColor": "#ffffff",
    +               "contrastRatio": 3.08,
    +               "expectedContrastRatio": "4.5:1",
    +               "fgColor": "#8a9688",
    +               "fontSize": "9.0pt (12px)",
    +               "fontWeight": "normal",
    +               "messageKey": null,
    +             },
    +             "id": "color-contrast",
    +             "impact": "serious",
    +             "message": "Element has insufficient color contrast of 3.08 (foreground color: #8a9688, background color: #ffffff, font size: 9.0pt (12px), font weight: normal). Expected contrast ratio of 4.5:1",
    +             "relatedNodes": Array [
    +               Object {
    +                 "html": "<header class=\"workspace-topbar\">",
    +                 "target": Array [
    +                   "header",
    +                 ],
    +               },
    +             ],
    +           },
    +         ],
    +         "failureSummary": "Fix any of the following:
    +   Element has insufficient color contrast of 3.08 (foreground color: #8a9688, background color: #ffffff, font size: 9.0pt (12px), font weight: normal). Expected contrast ratio of 4.5:1",
    +         "html": "<span>HAVEN / MANAGEMENT</span>",
    +         "impact": "serious",
    +         "none": Array [],
    +         "target": Array [
    +           "header > span",
    +         ],
    +       },
    +     ],
    +     "tags": Array [
    +       "cat.color",
    +       "wcag2aa",
    +       "wcag143",
    +       "TTv5",
    +       "TT13.c",
    +       "EN-301-549",
    +       "EN-9.1.4.3",
    +       "ACT",
    +       "RGAAv4",
    +       "RGAA-3.2.1",
    +     ],
    +   },
    + ]

      15 |  const liability=(await (await page.request.get(OPS+'/api/v1/ops/leases/'+lease.id+'/deposit-ledger')).json()).data,deposited=await page.request.post(OPS+'/api/v1/ops/deposits',{headers:{Origin:OPS,'Idempotency-Key':crypto.randomUUID()},data:{version:0,leaseId:lease.id,leaseVersion:liability.leaseVersion,unitVersion:liability.unitVersion,grantVersion:liability.grantVersion,liabilityVersion:liability.liabilityVersion,kind:'received',direction:'increase',amount:'100.10',currency:'CNY',reason:sentinel,confirm:true}});expect(deposited.ok()).toBe(true);
      16 |  await page.goto(OPS+'/ops/management');await page.getByRole('button',{name:'Dashboard',exact:true}).click();const panel=page.getByRole('region',{name:'Management source dashboard',exact:true});await expect(panel.getByRole('heading',{name:'Management dashboard',exact:true})).toBeVisible();const today=new Date().toISOString().slice(0,10),response=await page.request.get(OPS+'/api/v1/ops/management-dashboard?date='+today);expect(response.ok()).toBe(true);const dashboard=(await response.json()).data;for(const [key,label] of [['units','Granted units'],['occupied','Occupied units'],['vacant','Vacant units'],['unknownHistory','Unknown occupancy history']] as const)await expect(panel.getByRole('article',{name:label,exact:true}).locator('strong')).toHaveText(String(dashboard.occupancy[key]));const currency=panel.locator('.dashboard-currency').filter({has:page.getByRole('heading',{name:/^CNY/})});await expect(currency.locator('div').filter({has:page.getByText('Total outstanding',{exact:true})}).locator('dd')).toHaveText('CNY '+dashboard.arrears.find((x:any)=>x.currency==='CNY').total);await expect(panel).not.toContainText(sentinel);
    > 17 |  const yesterday=new Date(Date.now()-86400000).toISOString().slice(0,10);await panel.getByLabel('Dashboard recorded date',{exact:true}).fill(yesterday);await panel.getByRole('button',{name:'Load dashboard date',exact:true}).focus();await page.keyboard.press('Enter');await expect(panel).toContainText('Effective date: '+yesterday);await page.reload();await expect(panel.getByLabel('Dashboard recorded date',{exact:true})).toHaveValue(yesterday);await expect(panel).toContainText('Effective date: '+yesterday);await panel.getByLabel('Dashboard recorded date',{exact:true}).fill(today);await panel.getByRole('button',{name:'Load dashboard date',exact:true}).click();await expect(panel).toContainText('Effective date: '+today);expect(await page.evaluate(()=>document.documentElement.scrollWidth)).toBeLessThanOrEqual(page.viewportSize()!.width);expect((await new AxeBuilder({page}).analyze()).violations.filter(v=>v.impact==='serious'||v.impact==='critical')).toEqual([]);await page.screenshot({path:`evidence/p15-dashboard-${info.project.name}.png`,scale:'css'});
         |                                                                                                                                                                                                                                                                                                                                                                                                                                                                                                                                                                                                                                                                                                                                                                                                                                                                                                                                                                                              ^
      18 |  await page.goto(OPS+'/ops');await expect(page.getByRole('region',{name:'Management source dashboard',exact:true})).toBeVisible();expect((await page.request.get(OPS+'/api/v1/ops/dashboard')).ok()).toBe(true);
      19 |  await login(page,'owner',WEB,'/account/management');expect((await page.request.patch(WEB+'/api/v1/me/management-grants/'+g.id,{headers:{Origin:WEB,'Idempotency-Key':crypto.randomUUID()},data:{version:g.version,action:'revoke',reason:'P15 owner removes this property from current dashboard authority.'}})).ok()).toBe(true);await login(page,'manager',OPS,'/ops');const after=await page.request.get(OPS+'/api/v1/ops/management-dashboard?date='+today);expect(after.ok()).toBe(true);const d=(await after.json()).data;expect(d.occupancy.units).toBe(dashboard.occupancy.units-1);expect(d.occupancy.occupied).toBe(dashboard.occupancy.occupied-1);await expect(page.getByRole('article',{name:'Granted units',exact:true}).locator('strong')).toHaveText(String(d.occupancy.units));await login(page,'buyer',WEB,'/account');expect((await page.request.get(WEB+'/api/v1/ops/management-dashboard')).status()).toBe(403);
      20 | });
        at /workspace/tests/e2e/management-dashboard.spec.ts:17:958

    attachment #1: screenshot (image/png) ──────────────────────────────────────────────────────────
    ../artifacts/dashboard-initial/management-dashboard-P15-n-97639--and-current-property-scope-desktop/test-failed-1.png
    ────────────────────────────────────────────────────────────────────────────────────────────────

    Error Context: ../artifacts/dashboard-initial/management-dashboard-P15-n-97639--and-current-property-scope-desktop/error-context.md

    Error Context: ../artifacts/dashboard-initial/management-dashboard-P15-n-97639--and-current-property-scope-desktop/error-context.md

    attachment #4: trace (application/zip) ─────────────────────────────────────────────────────────
    ../artifacts/dashboard-initial/management-dashboard-P15-n-97639--and-current-property-scope-desktop/trace.zip
    Usage:

        pnpm exec playwright show-trace ../artifacts/dashboard-initial/management-dashboard-P15-n-97639--and-current-property-scope-desktop/trace.zip

    ────────────────────────────────────────────────────────────────────────────────────────────────

  2) [mobile] › tests/e2e/management-dashboard.spec.ts:8:1 › P15 native management dashboard restores recorded dates and current property scope

    Error: expect(received).toEqual(expected) // deep equality

    - Expected  -   1
    + Received  + 128

    - Array []
    + Array [
    +   Object {
    +     "description": "Ensure the contrast between foreground and background colors meets WCAG 2 AA minimum contrast ratio thresholds",
    +     "help": "Elements must meet minimum color contrast ratio thresholds",
    +     "helpUrl": "https://dequeuniversity.com/rules/axe/4.13/color-contrast?application=playwright",
    +     "id": "color-contrast",
    +     "impact": "serious",
    +     "nodes": Array [
    +       Object {
    +         "all": Array [],
    +         "any": Array [
    +           Object {
    +             "data": Object {
    +               "bgColor": "#ffffff",
    +               "contrastRatio": 3.74,
    +               "expectedContrastRatio": "4.5:1",
    +               "fgColor": "#7c877b",
    +               "fontSize": "9.0pt (12px)",
    +               "fontWeight": "normal",
    +               "messageKey": null,
    +             },
    +             "id": "color-contrast",
    +             "impact": "serious",
    +             "message": "Element has insufficient color contrast of 3.74 (foreground color: #7c877b, background color: #ffffff, font size: 9.0pt (12px), font weight: normal). Expected contrast ratio of 4.5:1",
    +             "relatedNodes": Array [
    +               Object {
    +                 "html": "<aside class=\"workspace-sidebar\">",
    +                 "target": Array [
    +                   "aside",
    +                 ],
    +               },
    +             ],
    +           },
    +         ],
    +         "failureSummary": "Fix any of the following:
    +   Element has insufficient color contrast of 3.74 (foreground color: #7c877b, background color: #ffffff, font size: 9.0pt (12px), font weight: normal). Expected contrast ratio of 4.5:1",
    +         "html": "<a class=\"\" href=\"/ops/invitations\">",
    +         "impact": "serious",
    +         "none": Array [],
    +         "target": Array [
    +           "a[href$=\"invitations\"]",
    +         ],
    +       },
    +       Object {
    +         "all": Array [],
    +         "any": Array [
    +           Object {
    +             "data": Object {
    +               "bgColor": "#ffffff",
    +               "contrastRatio": 3.74,
    +               "expectedContrastRatio": "4.5:1",
    +               "fgColor": "#7c877b",
    +               "fontSize": "9.0pt (12px)",
    +               "fontWeight": "normal",
    +               "messageKey": null,
    +             },
    +             "id": "color-contrast",
    +             "impact": "serious",
    +             "message": "Element has insufficient color contrast of 3.74 (foreground color: #7c877b, background color: #ffffff, font size: 9.0pt (12px), font weight: normal). Expected contrast ratio of 4.5:1",
    +             "relatedNodes": Array [
    +               Object {
    +                 "html": "<aside class=\"workspace-sidebar\">",
    +                 "target": Array [
    +                   "aside",
    +                 ],
    +               },
    +             ],
    +           },
    +         ],
    +         "failureSummary": "Fix any of the following:
    +   Element has insufficient color contrast of 3.74 (foreground color: #7c877b, background color: #ffffff, font size: 9.0pt (12px), font weight: normal). Expected contrast ratio of 4.5:1",
    +         "html": "<a class=\"\" href=\"/ops\">",
    +         "impact": "serious",
    +         "none": Array [],
    +         "target": Array [
    +           "nav > a[href$=\"ops\"]",
    +         ],
    +       },
    +       Object {
    +         "all": Array [],
    +         "any": Array [
    +           Object {
    +             "data": Object {
    +               "bgColor": "#ffffff",
    +               "contrastRatio": 3.08,
    +               "expectedContrastRatio": "4.5:1",
    +               "fgColor": "#8a9688",
    +               "fontSize": "9.0pt (12px)",
    +               "fontWeight": "normal",
    +               "messageKey": null,
    +             },
    +             "id": "color-contrast",
    +             "impact": "serious",
    +             "message": "Element has insufficient color contrast of 3.08 (foreground color: #8a9688, background color: #ffffff, font size: 9.0pt (12px), font weight: normal). Expected contrast ratio of 4.5:1",
    +             "relatedNodes": Array [
    +               Object {
    +                 "html": "<header class=\"workspace-topbar\">",
    +                 "target": Array [
    +                   "header",
    +                 ],
    +               },
    +             ],
    +           },
    +         ],
    +         "failureSummary": "Fix any of the following:
    +   Element has insufficient color contrast of 3.08 (foreground color: #8a9688, background color: #ffffff, font size: 9.0pt (12px), font weight: normal). Expected contrast ratio of 4.5:1",
    +         "html": "<span>HAVEN / MANAGEMENT</span>",
    +         "impact": "serious",
    +         "none": Array [],
    +         "target": Array [
    +           "header > span",
    +         ],
    +       },
    +     ],
    +     "tags": Array [
    +       "cat.color",
    +       "wcag2aa",
    +       "wcag143",
    +       "TTv5",
    +       "TT13.c",
    +       "EN-301-549",
    +       "EN-9.1.4.3",
    +       "ACT",
    +       "RGAAv4",
    +       "RGAA-3.2.1",
    +     ],
    +   },
    + ]

      15 |  const liability=(await (await page.request.get(OPS+'/api/v1/ops/leases/'+lease.id+'/deposit-ledger')).json()).data,deposited=await page.request.post(OPS+'/api/v1/ops/deposits',{headers:{Origin:OPS,'Idempotency-Key':crypto.randomUUID()},data:{version:0,leaseId:lease.id,leaseVersion:liability.leaseVersion,unitVersion:liability.unitVersion,grantVersion:liability.grantVersion,liabilityVersion:liability.liabilityVersion,kind:'received',direction:'increase',amount:'100.10',currency:'CNY',reason:sentinel,confirm:true}});expect(deposited.ok()).toBe(true);
      16 |  await page.goto(OPS+'/ops/management');await page.getByRole('button',{name:'Dashboard',exact:true}).click();const panel=page.getByRole('region',{name:'Management source dashboard',exact:true});await expect(panel.getByRole('heading',{name:'Management dashboard',exact:true})).toBeVisible();const today=new Date().toISOString().slice(0,10),response=await page.request.get(OPS+'/api/v1/ops/management-dashboard?date='+today);expect(response.ok()).toBe(true);const dashboard=(await response.json()).data;for(const [key,label] of [['units','Granted units'],['occupied','Occupied units'],['vacant','Vacant units'],['unknownHistory','Unknown occupancy history']] as const)await expect(panel.getByRole('article',{name:label,exact:true}).locator('strong')).toHaveText(String(dashboard.occupancy[key]));const currency=panel.locator('.dashboard-currency').filter({has:page.getByRole('heading',{name:/^CNY/})});await expect(currency.locator('div').filter({has:page.getByText('Total outstanding',{exact:true})}).locator('dd')).toHaveText('CNY '+dashboard.arrears.find((x:any)=>x.currency==='CNY').total);await expect(panel).not.toContainText(sentinel);
    > 17 |  const yesterday=new Date(Date.now()-86400000).toISOString().slice(0,10);await panel.getByLabel('Dashboard recorded date',{exact:true}).fill(yesterday);await panel.getByRole('button',{name:'Load dashboard date',exact:true}).focus();await page.keyboard.press('Enter');await expect(panel).toContainText('Effective date: '+yesterday);await page.reload();await expect(panel.getByLabel('Dashboard recorded date',{exact:true})).toHaveValue(yesterday);await expect(panel).toContainText('Effective date: '+yesterday);await panel.getByLabel('Dashboard recorded date',{exact:true}).fill(today);await panel.getByRole('button',{name:'Load dashboard date',exact:true}).click();await expect(panel).toContainText('Effective date: '+today);expect(await page.evaluate(()=>document.documentElement.scrollWidth)).toBeLessThanOrEqual(page.viewportSize()!.width);expect((await new AxeBuilder({page}).analyze()).violations.filter(v=>v.impact==='serious'||v.impact==='critical')).toEqual([]);await page.screenshot({path:`evidence/p15-dashboard-${info.project.name}.png`,scale:'css'});
         |                                                                                                                                                                                                                                                                                                                                                                                                                                                                                                                                                                                                                                                                                                                                                                                                                                                                                                                                                                                              ^
      18 |  await page.goto(OPS+'/ops');await expect(page.getByRole('region',{name:'Management source dashboard',exact:true})).toBeVisible();expect((await page.request.get(OPS+'/api/v1/ops/dashboard')).ok()).toBe(true);
      19 |  await login(page,'owner',WEB,'/account/management');expect((await page.request.patch(WEB+'/api/v1/me/management-grants/'+g.id,{headers:{Origin:WEB,'Idempotency-Key':crypto.randomUUID()},data:{version:g.version,action:'revoke',reason:'P15 owner removes this property from current dashboard authority.'}})).ok()).toBe(true);await login(page,'manager',OPS,'/ops');const after=await page.request.get(OPS+'/api/v1/ops/management-dashboard?date='+today);expect(after.ok()).toBe(true);const d=(await after.json()).data;expect(d.occupancy.units).toBe(dashboard.occupancy.units-1);expect(d.occupancy.occupied).toBe(dashboard.occupancy.occupied-1);await expect(page.getByRole('article',{name:'Granted units',exact:true}).locator('strong')).toHaveText(String(d.occupancy.units));await login(page,'buyer',WEB,'/account');expect((await page.request.get(WEB+'/api/v1/ops/management-dashboard')).status()).toBe(403);
      20 | });
        at /workspace/tests/e2e/management-dashboard.spec.ts:17:958

    attachment #1: screenshot (image/png) ──────────────────────────────────────────────────────────
    ../artifacts/dashboard-initial/management-dashboard-P15-n-97639--and-current-property-scope-mobile/test-failed-1.png
    ────────────────────────────────────────────────────────────────────────────────────────────────

    Error Context: ../artifacts/dashboard-initial/management-dashboard-P15-n-97639--and-current-property-scope-mobile/error-context.md

    Error Context: ../artifacts/dashboard-initial/management-dashboard-P15-n-97639--and-current-property-scope-mobile/error-context.md

    attachment #4: trace (application/zip) ─────────────────────────────────────────────────────────
    ../artifacts/dashboard-initial/management-dashboard-P15-n-97639--and-current-property-scope-mobile/trace.zip
    Usage:

        pnpm exec playwright show-trace ../artifacts/dashboard-initial/management-dashboard-P15-n-97639--and-current-property-scope-mobile/trace.zip

    ────────────────────────────────────────────────────────────────────────────────────────────────

  2 failed
    [desktop] › tests/e2e/management-dashboard.spec.ts:8:1 › P15 native management dashboard restores recorded dates and current property scope
    [mobile] › tests/e2e/management-dashboard.spec.ts:8:1 › P15 native management dashboard restores recorded dates and current property scope
