 Container haven-q11-clean-tests-run-b00a1c5118e6 Creating
 Container haven-q11-clean-tests-run-b00a1c5118e6 Created

Running 34 tests using 1 worker

  ✓   1 [visual] › tests/e2e/visual-baselines.spec.ts:16:38 › U06 approved English baseline home-390 (5.0s)
  ✓   2 [visual] › tests/e2e/visual-baselines.spec.ts:16:38 › U06 approved English baseline resale-390 (3.5s)
  ✓   3 [visual] › tests/e2e/visual-baselines.spec.ts:16:38 › U06 approved English baseline rent-390 (3.9s)
  ✓   4 [visual] › tests/e2e/visual-baselines.spec.ts:16:38 › U06 approved English baseline commercial-390 (3.3s)
  ✓   5 [visual] › tests/e2e/visual-baselines.spec.ts:16:38 › U06 approved English baseline new-homes-390 (3.6s)
  ✓   6 [visual] › tests/e2e/visual-baselines.spec.ts:16:38 › U06 approved English baseline communities-390 (3.5s)
  ✓   7 [visual] › tests/e2e/visual-baselines.spec.ts:16:38 › U06 approved English baseline community-390 (3.7s)
  ✓   8 [visual] › tests/e2e/visual-baselines.spec.ts:16:38 › U06 approved English baseline detail-390 (4.3s)
  ✓   9 [visual] › tests/e2e/visual-baselines.spec.ts:16:38 › U06 approved English baseline mortgage-390 (4.0s)
  ✓  10 [visual] › tests/e2e/visual-baselines.spec.ts:16:38 › U06 approved English baseline filters-390 (6.8s)
  ✓  11 [visual] › tests/e2e/visual-baselines.spec.ts:16:38 › U06 approved English baseline city-390 (5.4s)
  ✓  12 [visual] › tests/e2e/visual-baselines.spec.ts:16:38 › U06 approved English baseline home-375 (4.5s)
  ✓  13 [visual] › tests/e2e/visual-baselines.spec.ts:16:38 › U06 approved English baseline resale-375 (5.4s)
  ✓  14 [visual] › tests/e2e/visual-baselines.spec.ts:16:38 › U06 approved English baseline rent-375 (6.0s)
  ✓  15 [visual] › tests/e2e/visual-baselines.spec.ts:16:38 › U06 approved English baseline commercial-375 (4.5s)
  ✓  16 [visual] › tests/e2e/visual-baselines.spec.ts:16:38 › U06 approved English baseline new-homes-375 (5.3s)
  ✓  17 [visual] › tests/e2e/visual-baselines.spec.ts:16:38 › U06 approved English baseline communities-375 (4.6s)
  ✓  18 [visual] › tests/e2e/visual-baselines.spec.ts:16:38 › U06 approved English baseline community-375 (5.0s)
  ✓  19 [visual] › tests/e2e/visual-baselines.spec.ts:16:38 › U06 approved English baseline detail-375 (5.4s)
  ✓  20 [visual] › tests/e2e/visual-baselines.spec.ts:16:38 › U06 approved English baseline mortgage-375 (4.3s)
  ✓  21 [visual] › tests/e2e/visual-baselines.spec.ts:16:38 › U06 approved English baseline filters-375 (5.6s)
  ✓  22 [visual] › tests/e2e/visual-baselines.spec.ts:16:38 › U06 approved English baseline city-375 (5.4s)
  ✓  23 [visual] › tests/e2e/visual-baselines.spec.ts:16:38 › U06 approved English baseline home-1440 (6.1s)
  ✓  24 [visual] › tests/e2e/visual-baselines.spec.ts:16:38 › U06 approved English baseline resale-1440 (5.8s)
  ✓  25 [visual] › tests/e2e/visual-baselines.spec.ts:16:38 › U06 approved English baseline rent-1440 (6.7s)
  ✓  26 [visual] › tests/e2e/visual-baselines.spec.ts:16:38 › U06 approved English baseline commercial-1440 (6.8s)
  ✓  27 [visual] › tests/e2e/visual-baselines.spec.ts:16:38 › U06 approved English baseline new-homes-1440 (6.3s)
  ✓  28 [visual] › tests/e2e/visual-baselines.spec.ts:16:38 › U06 approved English baseline communities-1440 (5.7s)
  ✓  29 [visual] › tests/e2e/visual-baselines.spec.ts:16:38 › U06 approved English baseline community-1440 (5.0s)
  ✓  30 [visual] › tests/e2e/visual-baselines.spec.ts:16:38 › U06 approved English baseline detail-1440 (5.4s)
  ✓  31 [visual] › tests/e2e/visual-baselines.spec.ts:16:38 › U06 approved English baseline mortgage-1440 (3.5s)
  ✓  32 [visual] › tests/e2e/visual-baselines.spec.ts:16:38 › U06 approved English baseline filters-1440 (6.7s)
  ✓  33 [visual] › tests/e2e/visual-baselines.spec.ts:16:38 › U06 approved English baseline city-1440 (8.7s)
  ✓  34 [visual] › tests/e2e/visual-baselines.spec.ts:17:1 › U06 deliberate screenshot layout shift exceeds the approved pixel gate (5.6s)

  34 passed (3.0m)
