 Container haven-p09-runtime-tests-run-aff8cb17c81e Creating 
 Container haven-p09-runtime-tests-run-aff8cb17c81e Created 

Running 10 tests using 1 worker

{"role":"buyer","route":"/account","width":320,"seriousCritical":0}
{"role":"buyer","route":"/account","width":320,"seriousCritical":0}
{"role":"buyer","route":"/account/favorites","width":320,"seriousCritical":0}
{"role":"buyer","route":"/account/searches","width":320,"seriousCritical":0}
{"role":"buyer","route":"/account/inquiries","width":320,"seriousCritical":0}
{"role":"buyer","route":"/account/viewings","width":320,"seriousCritical":0}
{"role":"buyer","route":"/account/messages","width":320,"seriousCritical":0}
{"role":"buyer","route":"/account/notifications","width":320,"seriousCritical":0}
{"role":"buyer","route":"/account/support","width":320,"seriousCritical":0}
{"role":"buyer","route":"/account","width":375,"seriousCritical":0}
{"role":"buyer","route":"/account","width":375,"seriousCritical":0}
{"role":"buyer","route":"/account/favorites","width":375,"seriousCritical":0}
{"role":"buyer","route":"/account/searches","width":375,"seriousCritical":0}
{"role":"buyer","route":"/account/inquiries","width":375,"seriousCritical":0}
{"role":"buyer","route":"/account/viewings","width":375,"seriousCritical":0}
{"role":"buyer","route":"/account/messages","width":375,"seriousCritical":0}
{"role":"buyer","route":"/account/notifications","width":375,"seriousCritical":0}
{"role":"buyer","route":"/account/support","width":375,"seriousCritical":0}
{"role":"buyer","route":"/account","width":390,"seriousCritical":0}
{"role":"buyer","route":"/account","width":390,"seriousCritical":0}
{"role":"buyer","route":"/account/favorites","width":390,"seriousCritical":0}
{"role":"buyer","route":"/account/searches","width":390,"seriousCritical":0}
{"role":"buyer","route":"/account/inquiries","width":390,"seriousCritical":0}
{"role":"buyer","route":"/account/viewings","width":390,"seriousCritical":0}
{"role":"buyer","route":"/account/messages","width":390,"seriousCritical":0}
{"role":"buyer","route":"/account/notifications","width":390,"seriousCritical":0}
{"role":"buyer","route":"/account/support","width":390,"seriousCritical":0}
{"role":"buyer","route":"/account","width":768,"seriousCritical":0}
{"role":"buyer","route":"/account","width":768,"seriousCritical":0}
{"role":"buyer","route":"/account/favorites","width":768,"seriousCritical":0}
{"role":"buyer","route":"/account/searches","width":768,"seriousCritical":0}
{"role":"buyer","route":"/account/inquiries","width":768,"seriousCritical":0}
{"role":"buyer","route":"/account/viewings","width":768,"seriousCritical":0}
{"role":"buyer","route":"/account/messages","width":768,"seriousCritical":0}
{"role":"buyer","route":"/account/notifications","width":768,"seriousCritical":0}
{"role":"buyer","route":"/account/support","width":768,"seriousCritical":0}
{"role":"buyer","route":"/account","width":1440,"seriousCritical":0}
{"role":"buyer","route":"/account","width":1440,"seriousCritical":0}
{"role":"buyer","route":"/account/favorites","width":1440,"seriousCritical":0}
{"role":"buyer","route":"/account/searches","width":1440,"seriousCritical":0}
{"role":"buyer","route":"/account/inquiries","width":1440,"seriousCritical":0}
{"role":"buyer","route":"/account/viewings","width":1440,"seriousCritical":0}
{"role":"buyer","route":"/account/messages","width":1440,"seriousCritical":0}
{"role":"buyer","route":"/account/notifications","width":1440,"seriousCritical":0}
{"role":"buyer","route":"/account/support","width":1440,"seriousCritical":0}
  ✓   1 [desktop] › tests/e2e/private-responsive-audit.spec.ts:10:115 › Q03 actual authenticated buyer entry evidence at all five required widths (1.0m)
{"role":"owner","route":"/account/owner","width":320,"seriousCritical":0}
{"role":"owner","route":"/account/owner","width":375,"seriousCritical":0}
{"role":"owner","route":"/account/owner","width":390,"seriousCritical":0}
{"role":"owner","route":"/account/owner","width":768,"seriousCritical":0}
{"role":"owner","route":"/account/owner","width":1440,"seriousCritical":0}
  ✓   2 [desktop] › tests/e2e/private-responsive-audit.spec.ts:10:115 › Q03 actual authenticated owner entry evidence at all five required widths (8.4s)
{"role":"tenant","route":"/tenant/leases","width":320,"seriousCritical":0}
{"role":"tenant","route":"/account/tenant","width":320,"seriousCritical":0}
{"role":"tenant","route":"/tenant/leases","width":375,"seriousCritical":0}
{"role":"tenant","route":"/account/tenant","width":375,"seriousCritical":0}
{"role":"tenant","route":"/tenant/leases","width":390,"seriousCritical":0}
{"role":"tenant","route":"/account/tenant","width":390,"seriousCritical":0}
{"role":"tenant","route":"/tenant/leases","width":768,"seriousCritical":0}
{"role":"tenant","route":"/account/tenant","width":768,"seriousCritical":0}
{"role":"tenant","route":"/tenant/leases","width":1440,"seriousCritical":0}
{"role":"tenant","route":"/account/tenant","width":1440,"seriousCritical":0}
  ✓   3 [desktop] › tests/e2e/private-responsive-audit.spec.ts:10:115 › Q03 actual authenticated tenant entry evidence at all five required widths (15.1s)
{"role":"manager","route":"/account/management","width":320,"seriousCritical":0}
{"role":"manager","route":"/account/management","width":375,"seriousCritical":0}
{"role":"manager","route":"/account/management","width":390,"seriousCritical":0}
{"role":"manager","route":"/account/management","width":768,"seriousCritical":0}
{"role":"manager","route":"/account/management","width":1440,"seriousCritical":0}
{"role":"manager","route":"/ops/management","width":320,"seriousCritical":0}
{"role":"manager","route":"/ops/management","width":375,"seriousCritical":0}
{"role":"manager","route":"/ops/management","width":390,"seriousCritical":0}
{"role":"manager","route":"/ops/management","width":768,"seriousCritical":0}
{"role":"manager","route":"/ops/management","width":1440,"seriousCritical":0}
  ✓   4 [desktop] › tests/e2e/private-responsive-audit.spec.ts:10:115 › Q03 actual authenticated manager entry evidence at all five required widths (32.2s)
{"role":"developer","route":"/ops/developments","width":320,"seriousCritical":0}
{"role":"developer","route":"/ops/developments","width":375,"seriousCritical":0}
{"role":"developer","route":"/ops/developments","width":390,"seriousCritical":0}
{"role":"developer","route":"/ops/developments","width":768,"seriousCritical":0}
{"role":"developer","route":"/ops/developments","width":1440,"seriousCritical":0}
  ✓   5 [desktop] › tests/e2e/private-responsive-audit.spec.ts:10:115 › Q03 actual authenticated developer entry evidence at all five required widths (10.4s)
{"role":"vendor","route":"/ops/quotes","width":320,"seriousCritical":0}
{"role":"vendor","route":"/ops/quotes","width":375,"seriousCritical":0}
{"role":"vendor","route":"/ops/quotes","width":390,"seriousCritical":0}
{"role":"vendor","route":"/ops/quotes","width":768,"seriousCritical":0}
{"role":"vendor","route":"/ops/quotes","width":1440,"seriousCritical":0}
  ✓   6 [desktop] › tests/e2e/private-responsive-audit.spec.ts:10:115 › Q03 actual authenticated vendor entry evidence at all five required widths (8.1s)
{"role":"moderator","route":"/ops/reviews","width":320,"seriousCritical":0}
{"role":"moderator","route":"/ops/reviews","width":375,"seriousCritical":0}
{"role":"moderator","route":"/ops/reviews","width":390,"seriousCritical":0}
{"role":"moderator","route":"/ops/reviews","width":768,"seriousCritical":0}
{"role":"moderator","route":"/ops/reviews","width":1440,"seriousCritical":0}
  ✓   7 [desktop] › tests/e2e/private-responsive-audit.spec.ts:10:115 › Q03 actual authenticated moderator entry evidence at all five required widths (9.2s)
{"role":"support","route":"/ops/support","width":320,"seriousCritical":0}
{"role":"support","route":"/ops/support","width":375,"seriousCritical":0}
{"role":"support","route":"/ops/support","width":390,"seriousCritical":0}
{"role":"support","route":"/ops/support","width":768,"seriousCritical":0}
{"role":"support","route":"/ops/support","width":1440,"seriousCritical":0}
  ✓   8 [desktop] › tests/e2e/private-responsive-audit.spec.ts:10:115 › Q03 actual authenticated support entry evidence at all five required widths (8.4s)
  ✘   9 [desktop] › tests/e2e/private-responsive-audit.spec.ts:10:115 › Q03 actual authenticated agent entry evidence at all five required widths (2.7s)
{"role":"admin","route":"/ops","width":320,"seriousCritical":0}
{"role":"admin","route":"/ops/overview","width":320,"seriousCritical":0}
{"role":"admin","route":"/ops/agency","width":320,"seriousCritical":0}
{"role":"admin","route":"/ops/admin","width":320,"seriousCritical":0}
{"role":"admin","route":"/ops","width":375,"seriousCritical":0}
{"role":"admin","route":"/ops/overview","width":375,"seriousCritical":0}
{"role":"admin","route":"/ops/agency","width":375,"seriousCritical":0}
{"role":"admin","route":"/ops/admin","width":375,"seriousCritical":0}
{"role":"admin","route":"/ops","width":390,"seriousCritical":0}
{"role":"admin","route":"/ops/overview","width":390,"seriousCritical":0}
{"role":"admin","route":"/ops/agency","width":390,"seriousCritical":0}
{"role":"admin","route":"/ops/admin","width":390,"seriousCritical":0}
{"role":"admin","route":"/ops","width":768,"seriousCritical":0}
{"role":"admin","route":"/ops/overview","width":768,"seriousCritical":0}
{"role":"admin","route":"/ops/agency","width":768,"seriousCritical":0}
{"role":"admin","route":"/ops/admin","width":768,"seriousCritical":0}
{"role":"admin","route":"/ops","width":1440,"seriousCritical":0}
{"role":"admin","route":"/ops/overview","width":1440,"seriousCritical":0}
{"role":"admin","route":"/ops/agency","width":1440,"seriousCritical":0}
{"role":"admin","route":"/ops/admin","width":1440,"seriousCritical":0}
  ✓  10 [desktop] › tests/e2e/private-responsive-audit.spec.ts:10:115 › Q03 actual authenticated admin entry evidence at all five required widths (30.7s)


  1) [desktop] › tests/e2e/private-responsive-audit.spec.ts:10:115 › Q03 actual authenticated agent entry evidence at all five required widths 

    Error: expect(received).toBeLessThanOrEqual(expected)

    Expected: <= 320
    Received:    338

       8 | const persona=(id:string)=>id==='account-owner'?'owner':['tenant','account-tenant'].includes(id)?'tenant':id==='account-management'||id==='ops-management'?'manager':id==='ops-developments'?'developer':id==='ops-quotes'?'vendor':id==='ops-reviews'?'moderator':id==='ops-support'?'support':['ops-listings','ops-leads','ops-viewings','ops-messages'].includes(id)?'agent':id.startsWith('ops')||id==='operations'?'admin':'buyer';
       9 | test.afterAll(()=>{fs.mkdirSync(folder,{recursive:true});fs.writeFileSync(folder+'/manifest.json',JSON.stringify({evidenceLabel:'P',referenceParity:'unverified',scope:'Current authenticated local synthetic private pages, actual OIDC and strict staff MFA; captures exclude authentication screens.',screens:records},null,2)+'\n');});
    > 10 | for(const role of ['buyer','owner','tenant','manager','developer','vendor','moderator','support','agent','admin'])test('Q03 actual authenticated '+role+' entry evidence at all five required widths',async({page})=>{test.setTimeout(300000);const selected=screens.filter((s:any)=>(s.localRoute.startsWith('/account')||s.localRoute.startsWith('/tenant')||s.localRoute.startsWith('/ops'))&&persona(s.id)===role);fs.mkdirSync(folder,{recursive:true});for(const origin of [process.env.PUBLIC_WEB_URL||'http://localhost:8088',process.env.PUBLIC_OPS_URL||'http://localhost:8089']){const routes=selected.filter((s:any)=>s.localRoute.startsWith('/ops')===(origin===(process.env.PUBLIC_OPS_URL||'http://localhost:8089')));if(!routes.length)continue;await login(page,role,origin,routes[0].localRoute);expect((await page.request.get(origin+'/api/v1/me')).ok()).toBe(true);for(const width of [320,375,390,768,1440]){await page.setViewportSize({width,height:width===375?812:844});for(const screen of routes){expect((await page.goto(origin+screen.localRoute))?.status(),screen.id).toBe(200);await page.waitForLoadState('networkidle');await screenshotReady(page);expect(await page.evaluate(()=>document.documentElement.scrollWidth)).toBeLessThanOrEqual(width);const violations=(await new AxeBuilder({page}).analyze()).violations.filter(v=>v.impact==='serious'||v.impact==='critical');console.log(JSON.stringify({role,route:screen.localRoute,width,seriousCritical:violations.length}));expect(violations).toEqual([]);const file=screen.id+'-'+width+'.png',bytes=await page.screenshot({path:folder+'/'+file,fullPage:true,animations:'disabled'});records.push({id:screen.id,route:screen.localRoute,persona:role,viewport:{width,height:width===375?812:844},file,sha256:createHash('sha256').update(bytes).digest('hex'),capturedAt:new Date().toISOString(),seriousCritical:0,evidenceLabel:'P',referenceParity:'unverified',state:'actual authenticated current workflow; permission/empty states remain visible'});}}}});
         |                                                                                                                                                                                                                                                                                                                                                                                                                                                                                                                                                                                                                                                                                                                                                                                                                                                                                                                                                                                                                                                                                                                                                                                                                                                                ^
      11 |
        at /workspace/tests/e2e/private-responsive-audit.spec.ts:10:1216

    attachment #1: screenshot (image/png) ──────────────────────────────────────────────────────────
    ../artifacts/private-responsive/private-responsive-audit-Q-ac202-at-all-five-required-widths-desktop/test-failed-1.png
    ────────────────────────────────────────────────────────────────────────────────────────────────

    Error Context: ../artifacts/private-responsive/private-responsive-audit-Q-ac202-at-all-five-required-widths-desktop/error-context.md

    Error Context: ../artifacts/private-responsive/private-responsive-audit-Q-ac202-at-all-five-required-widths-desktop/error-context.md

    attachment #4: trace (application/zip) ─────────────────────────────────────────────────────────
    ../artifacts/private-responsive/private-responsive-audit-Q-ac202-at-all-five-required-widths-desktop/trace.zip
    Usage:

        pnpm exec playwright show-trace ../artifacts/private-responsive/private-responsive-audit-Q-ac202-at-all-five-required-widths-desktop/trace.zip

    ────────────────────────────────────────────────────────────────────────────────────────────────

  1 failed
    [desktop] › tests/e2e/private-responsive-audit.spec.ts:10:115 › Q03 actual authenticated agent entry evidence at all five required widths 
  9 passed (3.2m)

