 Container haven-p09-runtime-tests-run-e336e3c07e4d Creating 
 Container haven-p09-runtime-tests-run-e336e3c07e4d Created 

Running 2 tests using 1 worker

{"route":"/bj","width":320,"overflow":0,"seriousCritical":0}
{"route":"/bj/buy","width":320,"overflow":0,"seriousCritical":0}
{"route":"/bj/rent","width":320,"overflow":0,"seriousCritical":0}
{"route":"/bj/commercial","width":320,"overflow":0,"seriousCritical":0}
{"route":"/bj/new-homes","width":320,"overflow":0,"seriousCritical":0}
{"route":"/bj/communities","width":320,"overflow":0,"seriousCritical":0}
{"route":"/bj/agents","width":320,"overflow":0,"seriousCritical":0}
{"route":"/bj/renovation","width":320,"overflow":0,"seriousCritical":0}
{"route":"/bj/tools/mortgage","width":320,"overflow":0,"seriousCritical":0}
{"route":"/bj/list-property","width":320,"overflow":0,"seriousCritical":0}
{"route":"/bj/support","width":320,"overflow":0,"seriousCritical":0}
{"route":"/bj/search","width":320,"overflow":0,"seriousCritical":0}
{"route":"/bj/map","width":320,"overflow":0,"seriousCritical":0}
{"route":"/bj/rankings","width":320,"overflow":0,"seriousCritical":0}
{"route":"/bj/buy/home-1","width":320,"overflow":0,"seriousCritical":0}
{"route":"/bj/rent/rental-62","width":320,"overflow":0,"seriousCritical":0}
{"route":"/bj/commercial/workspace-91","width":320,"overflow":0,"seriousCritical":0}
{"route":"/bj/new-homes/garden-collection-1","width":320,"overflow":0,"seriousCritical":0}
{"route":"/bj/communities/willow-park","width":320,"overflow":0,"seriousCritical":0}
{"route":"/bj/agents/olivia-chen","width":320,"overflow":0,"seriousCritical":0}
{"route":"/bj/renovation/studio-form-1","width":320,"overflow":0,"seriousCritical":0}
  ✓  1 [desktop] › tests/e2e/responsive-audit.spec.ts:10:2 › Q03 all public category and detail layouts, axe and viewport 320 (36.3s)
keyboard 320 start
keyboard 320 gallery
keyboard 320 inquiry
keyboard 320 submit
keyboard 320 await-response
  ✓  2 [desktop] › tests/e2e/responsive-audit.spec.ts:11:2 › Q03 keyboard filter, gallery, real inquiry, long labels and missing image 320 (4.9s)

  2 passed (42.0s)
