 Container haven-p09-runtime-tests-run-7a468586f76b Creating 
 Container haven-p09-runtime-tests-run-7a468586f76b Created 

Running 10 tests using 1 worker

{"route":"/bj","width":320,"overflow":0,"seriousCritical":0}
{"route":"/bj/buy","width":320,"overflow":0,"seriousCritical":0}
{"route":"/bj/rent","width":320,"overflow":0,"seriousCritical":0}
{"route":"/bj/commercial","width":320,"overflow":0,"seriousCritical":0}
{"route":"/bj/new-homes","width":320,"overflow":0,"seriousCritical":0}
{"route":"/bj/communities","width":320,"overflow":0,"seriousCritical":0}
{"route":"/bj/agents","width":320,"overflow":0,"seriousCritical":0}
{"route":"/bj/renovation","width":320,"overflow":0,"seriousCritical":0}
{"route":"/bj/tools/mortgage","width":320,"overflow":0,"seriousCritical":0}
{"route":"/bj/list-property","width":320,"overflow":0,"seriousCritical":0}
{"route":"/bj/support","width":320,"overflow":0,"seriousCritical":0}
{"route":"/bj/search","width":320,"overflow":0,"seriousCritical":0}
{"route":"/bj/map","width":320,"overflow":0,"seriousCritical":0}
{"route":"/bj/rankings","width":320,"overflow":0,"seriousCritical":0}
{"route":"/bj/buy/home-1","width":320,"overflow":0,"seriousCritical":0}
{"route":"/bj/rent/rental-62","width":320,"overflow":0,"seriousCritical":0}
{"route":"/bj/commercial/workspace-91","width":320,"overflow":0,"seriousCritical":0}
{"route":"/bj/new-homes/garden-collection-1","width":320,"overflow":0,"seriousCritical":0}
{"route":"/bj/communities/willow-park","width":320,"overflow":0,"seriousCritical":0}
{"route":"/bj/agents/olivia-chen","width":320,"overflow":0,"seriousCritical":0}
{"route":"/bj/renovation/studio-form-1","width":320,"overflow":0,"seriousCritical":0}
  ✓   1 [desktop] › tests/e2e/responsive-audit.spec.ts:10:2 › Q03 all public category and detail layouts, axe and viewport 320 (36.0s)
keyboard 320 start
keyboard 320 gallery
keyboard 320 inquiry
keyboard 320 submit
keyboard 320 await-response
  ✓   2 [desktop] › tests/e2e/responsive-audit.spec.ts:11:2 › Q03 keyboard filter, gallery, real inquiry, long labels and missing image 320 (4.9s)
{"route":"/bj","width":375,"overflow":0,"seriousCritical":0}
{"route":"/bj/buy","width":375,"overflow":0,"seriousCritical":0}
{"route":"/bj/rent","width":375,"overflow":0,"seriousCritical":0}
{"route":"/bj/commercial","width":375,"overflow":0,"seriousCritical":0}
{"route":"/bj/new-homes","width":375,"overflow":0,"seriousCritical":0}
{"route":"/bj/communities","width":375,"overflow":0,"seriousCritical":0}
{"route":"/bj/agents","width":375,"overflow":0,"seriousCritical":0}
{"route":"/bj/renovation","width":375,"overflow":0,"seriousCritical":0}
{"route":"/bj/tools/mortgage","width":375,"overflow":0,"seriousCritical":0}
{"route":"/bj/list-property","width":375,"overflow":0,"seriousCritical":0}
{"route":"/bj/support","width":375,"overflow":0,"seriousCritical":0}
{"route":"/bj/search","width":375,"overflow":0,"seriousCritical":0}
{"route":"/bj/map","width":375,"overflow":0,"seriousCritical":0}
{"route":"/bj/rankings","width":375,"overflow":0,"seriousCritical":0}
{"route":"/bj/buy/home-1","width":375,"overflow":0,"seriousCritical":0}
{"route":"/bj/rent/rental-62","width":375,"overflow":0,"seriousCritical":0}
{"route":"/bj/commercial/workspace-91","width":375,"overflow":0,"seriousCritical":0}
{"route":"/bj/new-homes/garden-collection-1","width":375,"overflow":0,"seriousCritical":0}
{"route":"/bj/communities/willow-park","width":375,"overflow":0,"seriousCritical":0}
{"route":"/bj/agents/olivia-chen","width":375,"overflow":0,"seriousCritical":0}
{"route":"/bj/renovation/studio-form-1","width":375,"overflow":0,"seriousCritical":0}
  ✓   3 [desktop] › tests/e2e/responsive-audit.spec.ts:10:2 › Q03 all public category and detail layouts, axe and viewport 375 (36.6s)
keyboard 375 start
keyboard 375 gallery
keyboard 375 inquiry
keyboard 375 submit
keyboard 375 await-response
  ✓   4 [desktop] › tests/e2e/responsive-audit.spec.ts:11:2 › Q03 keyboard filter, gallery, real inquiry, long labels and missing image 375 (6.5s)
{"route":"/bj","width":390,"overflow":0,"seriousCritical":0}
{"route":"/bj/buy","width":390,"overflow":0,"seriousCritical":0}
{"route":"/bj/rent","width":390,"overflow":0,"seriousCritical":0}
{"route":"/bj/commercial","width":390,"overflow":0,"seriousCritical":0}
{"route":"/bj/new-homes","width":390,"overflow":0,"seriousCritical":0}
{"route":"/bj/communities","width":390,"overflow":0,"seriousCritical":0}
{"route":"/bj/agents","width":390,"overflow":0,"seriousCritical":0}
{"route":"/bj/renovation","width":390,"overflow":0,"seriousCritical":0}
{"route":"/bj/tools/mortgage","width":390,"overflow":0,"seriousCritical":0}
{"route":"/bj/list-property","width":390,"overflow":0,"seriousCritical":0}
{"route":"/bj/support","width":390,"overflow":0,"seriousCritical":0}
{"route":"/bj/search","width":390,"overflow":0,"seriousCritical":0}
{"route":"/bj/map","width":390,"overflow":0,"seriousCritical":0}
{"route":"/bj/rankings","width":390,"overflow":0,"seriousCritical":0}
{"route":"/bj/buy/home-1","width":390,"overflow":0,"seriousCritical":0}
{"route":"/bj/rent/rental-62","width":390,"overflow":0,"seriousCritical":0}
{"route":"/bj/commercial/workspace-91","width":390,"overflow":0,"seriousCritical":0}
{"route":"/bj/new-homes/garden-collection-1","width":390,"overflow":0,"seriousCritical":0}
{"route":"/bj/communities/willow-park","width":390,"overflow":0,"seriousCritical":0}
{"route":"/bj/agents/olivia-chen","width":390,"overflow":0,"seriousCritical":0}
{"route":"/bj/renovation/studio-form-1","width":390,"overflow":0,"seriousCritical":0}
  ✓   5 [desktop] › tests/e2e/responsive-audit.spec.ts:10:2 › Q03 all public category and detail layouts, axe and viewport 390 (37.5s)
keyboard 390 start
keyboard 390 gallery
keyboard 390 inquiry
keyboard 390 submit
keyboard 390 await-response
  ✓   6 [desktop] › tests/e2e/responsive-audit.spec.ts:11:2 › Q03 keyboard filter, gallery, real inquiry, long labels and missing image 390 (5.2s)
{"route":"/bj","width":768,"overflow":0,"seriousCritical":0}
{"route":"/bj/buy","width":768,"overflow":0,"seriousCritical":0}
{"route":"/bj/rent","width":768,"overflow":0,"seriousCritical":0}
{"route":"/bj/commercial","width":768,"overflow":0,"seriousCritical":0}
{"route":"/bj/new-homes","width":768,"overflow":0,"seriousCritical":0}
{"route":"/bj/communities","width":768,"overflow":0,"seriousCritical":0}
{"route":"/bj/agents","width":768,"overflow":0,"seriousCritical":0}
{"route":"/bj/renovation","width":768,"overflow":0,"seriousCritical":0}
{"route":"/bj/tools/mortgage","width":768,"overflow":0,"seriousCritical":0}
{"route":"/bj/list-property","width":768,"overflow":0,"seriousCritical":0}
{"route":"/bj/support","width":768,"overflow":0,"seriousCritical":0}
{"route":"/bj/search","width":768,"overflow":0,"seriousCritical":0}
{"route":"/bj/map","width":768,"overflow":0,"seriousCritical":0}
{"route":"/bj/rankings","width":768,"overflow":0,"seriousCritical":0}
{"route":"/bj/buy/home-1","width":768,"overflow":0,"seriousCritical":0}
{"route":"/bj/rent/rental-62","width":768,"overflow":0,"seriousCritical":0}
{"route":"/bj/commercial/workspace-91","width":768,"overflow":0,"seriousCritical":0}
{"route":"/bj/new-homes/garden-collection-1","width":768,"overflow":0,"seriousCritical":0}
{"route":"/bj/communities/willow-park","width":768,"overflow":0,"seriousCritical":0}
{"route":"/bj/agents/olivia-chen","width":768,"overflow":0,"seriousCritical":0}
{"route":"/bj/renovation/studio-form-1","width":768,"overflow":0,"seriousCritical":0}
  ✓   7 [desktop] › tests/e2e/responsive-audit.spec.ts:10:2 › Q03 all public category and detail layouts, axe and viewport 768 (35.9s)
keyboard 768 start
keyboard 768 gallery
keyboard 768 inquiry
keyboard 768 submit
keyboard 768 await-response
  ✓   8 [desktop] › tests/e2e/responsive-audit.spec.ts:11:2 › Q03 keyboard filter, gallery, real inquiry, long labels and missing image 768 (7.3s)
{"route":"/bj","width":1440,"overflow":0,"seriousCritical":0}
{"route":"/bj/buy","width":1440,"overflow":0,"seriousCritical":0}
{"route":"/bj/rent","width":1440,"overflow":0,"seriousCritical":0}
{"route":"/bj/commercial","width":1440,"overflow":0,"seriousCritical":0}
{"route":"/bj/new-homes","width":1440,"overflow":0,"seriousCritical":0}
{"route":"/bj/communities","width":1440,"overflow":0,"seriousCritical":0}
{"route":"/bj/agents","width":1440,"overflow":0,"seriousCritical":0}
{"route":"/bj/renovation","width":1440,"overflow":0,"seriousCritical":0}
{"route":"/bj/tools/mortgage","width":1440,"overflow":0,"seriousCritical":0}
{"route":"/bj/list-property","width":1440,"overflow":0,"seriousCritical":0}
{"route":"/bj/support","width":1440,"overflow":0,"seriousCritical":0}
{"route":"/bj/search","width":1440,"overflow":0,"seriousCritical":0}
{"route":"/bj/map","width":1440,"overflow":0,"seriousCritical":0}
{"route":"/bj/rankings","width":1440,"overflow":0,"seriousCritical":0}
{"route":"/bj/buy/home-1","width":1440,"overflow":0,"seriousCritical":0}
{"route":"/bj/rent/rental-62","width":1440,"overflow":0,"seriousCritical":0}
{"route":"/bj/commercial/workspace-91","width":1440,"overflow":0,"seriousCritical":0}
{"route":"/bj/new-homes/garden-collection-1","width":1440,"overflow":0,"seriousCritical":0}
{"route":"/bj/communities/willow-park","width":1440,"overflow":0,"seriousCritical":0}
{"route":"/bj/agents/olivia-chen","width":1440,"overflow":0,"seriousCritical":0}
{"route":"/bj/renovation/studio-form-1","width":1440,"overflow":0,"seriousCritical":0}
  ✓   9 [desktop] › tests/e2e/responsive-audit.spec.ts:10:2 › Q03 all public category and detail layouts, axe and viewport 1440 (37.0s)
keyboard 1440 start
keyboard 1440 gallery
keyboard 1440 inquiry
keyboard 1440 submit
keyboard 1440 await-response
  ✓  10 [desktop] › tests/e2e/responsive-audit.spec.ts:11:2 › Q03 keyboard filter, gallery, real inquiry, long labels and missing image 1440 (10.7s)

  10 passed (3.6m)
