 Container haven-p09-runtime-tests-run-be764a4bdd62 Creating 
 Container haven-p09-runtime-tests-run-be764a4bdd62 Created 

Running 10 tests using 1 worker

{"role":"buyer","route":"/account","width":320,"seriousCritical":0}
{"role":"buyer","route":"/account","width":320,"seriousCritical":0}
{"role":"buyer","route":"/account/favorites","width":320,"seriousCritical":0}
{"role":"buyer","route":"/account/searches","width":320,"seriousCritical":0}
{"role":"buyer","route":"/account/inquiries","width":320,"seriousCritical":0}
{"role":"buyer","route":"/account/viewings","width":320,"seriousCritical":0}
{"role":"buyer","route":"/account/messages","width":320,"seriousCritical":0}
{"role":"buyer","route":"/account/notifications","width":320,"seriousCritical":0}
{"role":"buyer","route":"/account/support","width":320,"seriousCritical":0}
{"role":"buyer","route":"/account","width":375,"seriousCritical":0}
{"role":"buyer","route":"/account","width":375,"seriousCritical":0}
{"role":"buyer","route":"/account/favorites","width":375,"seriousCritical":0}
{"role":"buyer","route":"/account/searches","width":375,"seriousCritical":0}
{"role":"buyer","route":"/account/inquiries","width":375,"seriousCritical":0}
{"role":"buyer","route":"/account/viewings","width":375,"seriousCritical":0}
{"role":"buyer","route":"/account/messages","width":375,"seriousCritical":0}
{"role":"buyer","route":"/account/notifications","width":375,"seriousCritical":0}
{"role":"buyer","route":"/account/support","width":375,"seriousCritical":0}
{"role":"buyer","route":"/account","width":390,"seriousCritical":0}
{"role":"buyer","route":"/account","width":390,"seriousCritical":0}
{"role":"buyer","route":"/account/favorites","width":390,"seriousCritical":0}
{"role":"buyer","route":"/account/searches","width":390,"seriousCritical":0}
{"role":"buyer","route":"/account/inquiries","width":390,"seriousCritical":0}
{"role":"buyer","route":"/account/viewings","width":390,"seriousCritical":0}
{"role":"buyer","route":"/account/messages","width":390,"seriousCritical":0}
{"role":"buyer","route":"/account/notifications","width":390,"seriousCritical":0}
{"role":"buyer","route":"/account/support","width":390,"seriousCritical":0}
{"role":"buyer","route":"/account","width":768,"seriousCritical":0}
{"role":"buyer","route":"/account","width":768,"seriousCritical":0}
{"role":"buyer","route":"/account/favorites","width":768,"seriousCritical":0}
{"role":"buyer","route":"/account/searches","width":768,"seriousCritical":0}
{"role":"buyer","route":"/account/inquiries","width":768,"seriousCritical":0}
{"role":"buyer","route":"/account/viewings","width":768,"seriousCritical":0}
{"role":"buyer","route":"/account/messages","width":768,"seriousCritical":0}
{"role":"buyer","route":"/account/notifications","width":768,"seriousCritical":0}
{"role":"buyer","route":"/account/support","width":768,"seriousCritical":0}
{"role":"buyer","route":"/account","width":1440,"seriousCritical":0}
{"role":"buyer","route":"/account","width":1440,"seriousCritical":0}
{"role":"buyer","route":"/account/favorites","width":1440,"seriousCritical":0}
{"role":"buyer","route":"/account/searches","width":1440,"seriousCritical":0}
{"role":"buyer","route":"/account/inquiries","width":1440,"seriousCritical":0}
{"role":"buyer","route":"/account/viewings","width":1440,"seriousCritical":0}
{"role":"buyer","route":"/account/messages","width":1440,"seriousCritical":0}
{"role":"buyer","route":"/account/notifications","width":1440,"seriousCritical":0}
{"role":"buyer","route":"/account/support","width":1440,"seriousCritical":0}
  ✓   1 [desktop] › tests/e2e/private-responsive-audit.spec.ts:10:115 › Q03 actual authenticated buyer entry evidence at all five required widths (1.1m)
{"role":"owner","route":"/account/owner","width":320,"seriousCritical":0}
{"role":"owner","route":"/account/owner","width":375,"seriousCritical":0}
{"role":"owner","route":"/account/owner","width":390,"seriousCritical":0}
{"role":"owner","route":"/account/owner","width":768,"seriousCritical":0}
{"role":"owner","route":"/account/owner","width":1440,"seriousCritical":0}
  ✓   2 [desktop] › tests/e2e/private-responsive-audit.spec.ts:10:115 › Q03 actual authenticated owner entry evidence at all five required widths (8.6s)
{"role":"tenant","route":"/tenant/leases","width":320,"seriousCritical":0}
{"role":"tenant","route":"/account/tenant","width":320,"seriousCritical":0}
{"role":"tenant","route":"/tenant/leases","width":375,"seriousCritical":0}
{"role":"tenant","route":"/account/tenant","width":375,"seriousCritical":0}
{"role":"tenant","route":"/tenant/leases","width":390,"seriousCritical":0}
{"role":"tenant","route":"/account/tenant","width":390,"seriousCritical":0}
{"role":"tenant","route":"/tenant/leases","width":768,"seriousCritical":0}
{"role":"tenant","route":"/account/tenant","width":768,"seriousCritical":0}
{"role":"tenant","route":"/tenant/leases","width":1440,"seriousCritical":0}
{"role":"tenant","route":"/account/tenant","width":1440,"seriousCritical":0}
  ✓   3 [desktop] › tests/e2e/private-responsive-audit.spec.ts:10:115 › Q03 actual authenticated tenant entry evidence at all five required widths (15.2s)
{"role":"manager","route":"/account/management","width":320,"seriousCritical":0}
{"role":"manager","route":"/account/management","width":375,"seriousCritical":0}
{"role":"manager","route":"/account/management","width":390,"seriousCritical":0}
{"role":"manager","route":"/account/management","width":768,"seriousCritical":0}
{"role":"manager","route":"/account/management","width":1440,"seriousCritical":0}
{"role":"manager","route":"/ops/management","width":320,"seriousCritical":0}
{"role":"manager","route":"/ops/management","width":375,"seriousCritical":0}
{"role":"manager","route":"/ops/management","width":390,"seriousCritical":0}
{"role":"manager","route":"/ops/management","width":768,"seriousCritical":0}
{"role":"manager","route":"/ops/management","width":1440,"seriousCritical":0}
  ✓   4 [desktop] › tests/e2e/private-responsive-audit.spec.ts:10:115 › Q03 actual authenticated manager entry evidence at all five required widths (26.1s)
{"role":"developer","route":"/ops/developments","width":320,"seriousCritical":0}
{"role":"developer","route":"/ops/developments","width":375,"seriousCritical":0}
{"role":"developer","route":"/ops/developments","width":390,"seriousCritical":0}
{"role":"developer","route":"/ops/developments","width":768,"seriousCritical":0}
{"role":"developer","route":"/ops/developments","width":1440,"seriousCritical":0}
  ✓   5 [desktop] › tests/e2e/private-responsive-audit.spec.ts:10:115 › Q03 actual authenticated developer entry evidence at all five required widths (9.9s)
{"role":"vendor","route":"/ops/quotes","width":320,"seriousCritical":0}
{"role":"vendor","route":"/ops/quotes","width":375,"seriousCritical":0}
{"role":"vendor","route":"/ops/quotes","width":390,"seriousCritical":0}
{"role":"vendor","route":"/ops/quotes","width":768,"seriousCritical":0}
{"role":"vendor","route":"/ops/quotes","width":1440,"seriousCritical":0}
  ✓   6 [desktop] › tests/e2e/private-responsive-audit.spec.ts:10:115 › Q03 actual authenticated vendor entry evidence at all five required widths (8.7s)
{"role":"moderator","route":"/ops/reviews","width":320,"seriousCritical":0}
{"role":"moderator","route":"/ops/reviews","width":375,"seriousCritical":0}
{"role":"moderator","route":"/ops/reviews","width":390,"seriousCritical":0}
{"role":"moderator","route":"/ops/reviews","width":768,"seriousCritical":0}
{"role":"moderator","route":"/ops/reviews","width":1440,"seriousCritical":0}
  ✓   7 [desktop] › tests/e2e/private-responsive-audit.spec.ts:10:115 › Q03 actual authenticated moderator entry evidence at all five required widths (10.0s)
{"role":"support","route":"/ops/support","width":320,"seriousCritical":0}
{"role":"support","route":"/ops/support","width":375,"seriousCritical":0}
{"role":"support","route":"/ops/support","width":390,"seriousCritical":0}
{"role":"support","route":"/ops/support","width":768,"seriousCritical":0}
{"role":"support","route":"/ops/support","width":1440,"seriousCritical":0}
  ✓   8 [desktop] › tests/e2e/private-responsive-audit.spec.ts:10:115 › Q03 actual authenticated support entry evidence at all five required widths (8.4s)
{"role":"agent","route":"/ops/listings","width":320,"seriousCritical":0}
{"role":"agent","route":"/ops/leads","width":320,"seriousCritical":0}
{"role":"agent","route":"/ops/viewings","width":320,"seriousCritical":0}
{"role":"agent","route":"/ops/messages","width":320,"seriousCritical":0}
{"role":"agent","route":"/ops/listings","width":375,"seriousCritical":0}
{"role":"agent","route":"/ops/leads","width":375,"seriousCritical":0}
{"role":"agent","route":"/ops/viewings","width":375,"seriousCritical":0}
{"role":"agent","route":"/ops/messages","width":375,"seriousCritical":0}
{"role":"agent","route":"/ops/listings","width":390,"seriousCritical":0}
{"role":"agent","route":"/ops/leads","width":390,"seriousCritical":0}
{"role":"agent","route":"/ops/viewings","width":390,"seriousCritical":0}
{"role":"agent","route":"/ops/messages","width":390,"seriousCritical":0}
{"role":"agent","route":"/ops/listings","width":768,"seriousCritical":0}
{"role":"agent","route":"/ops/leads","width":768,"seriousCritical":0}
{"role":"agent","route":"/ops/viewings","width":768,"seriousCritical":0}
{"role":"agent","route":"/ops/messages","width":768,"seriousCritical":0}
{"role":"agent","route":"/ops/listings","width":1440,"seriousCritical":0}
{"role":"agent","route":"/ops/leads","width":1440,"seriousCritical":0}
{"role":"agent","route":"/ops/viewings","width":1440,"seriousCritical":0}
{"role":"agent","route":"/ops/messages","width":1440,"seriousCritical":0}
  ✓   9 [desktop] › tests/e2e/private-responsive-audit.spec.ts:10:115 › Q03 actual authenticated agent entry evidence at all five required widths (50.0s)
{"role":"admin","route":"/ops","width":320,"seriousCritical":0}
{"role":"admin","route":"/ops/overview","width":320,"seriousCritical":0}
{"role":"admin","route":"/ops/agency","width":320,"seriousCritical":0}
{"role":"admin","route":"/ops/admin","width":320,"seriousCritical":0}
{"role":"admin","route":"/ops","width":375,"seriousCritical":0}
{"role":"admin","route":"/ops/overview","width":375,"seriousCritical":0}
{"role":"admin","route":"/ops/agency","width":375,"seriousCritical":0}
{"role":"admin","route":"/ops/admin","width":375,"seriousCritical":0}
{"role":"admin","route":"/ops","width":390,"seriousCritical":0}
{"role":"admin","route":"/ops/overview","width":390,"seriousCritical":0}
{"role":"admin","route":"/ops/agency","width":390,"seriousCritical":0}
{"role":"admin","route":"/ops/admin","width":390,"seriousCritical":0}
{"role":"admin","route":"/ops","width":768,"seriousCritical":0}
{"role":"admin","route":"/ops/overview","width":768,"seriousCritical":0}
{"role":"admin","route":"/ops/agency","width":768,"seriousCritical":0}
{"role":"admin","route":"/ops/admin","width":768,"seriousCritical":0}
{"role":"admin","route":"/ops","width":1440,"seriousCritical":0}
{"role":"admin","route":"/ops/overview","width":1440,"seriousCritical":0}
{"role":"admin","route":"/ops/agency","width":1440,"seriousCritical":0}
{"role":"admin","route":"/ops/admin","width":1440,"seriousCritical":0}
  ✓  10 [desktop] › tests/e2e/private-responsive-audit.spec.ts:10:115 › Q03 actual authenticated admin entry evidence at all five required widths (30.0s)

  10 passed (3.9m)
