 Container haven-p09-runtime-tests-run-9928edbb7482 Creating 
 Container haven-p09-runtime-tests-run-9928edbb7482 Created 

> @haven/web@0.1.0 build /workspace/apps/web
> node scripts/copy-maplibre-worker.mjs && next build

▲ Next.js 16.3.8 (Turbopack)
✓ Running next.config.ts took 34ms

  Creating an optimized production build ...
✓ Compiled successfully in 5.3s
  Running TypeScript ...
  Finished TypeScript in 11.0s ...
  Collecting page data using 8 workers ...
  Generating static pages using 8 workers (0/3) ...
✓ Generating static pages using 8 workers (3/3) in 464ms
  Finalizing page optimization ...

Route (app)
┌ ○ /_not-found
├ ƒ /[[...path]]
├ ƒ /api/[...path]
├ ○ /robots.txt
├ ƒ /sitemap.xml
└ ƒ /sitemaps/[page]


○  (Static)   prerendered as static content
ƒ  (Dynamic)  server-rendered on demand

