 Container haven-p09-runtime-tests-run-05d5f43a3fa0 Creating 
 Container haven-p09-runtime-tests-run-05d5f43a3fa0 Created 

Running 2 tests using 1 worker

{"route":"/bj","width":390,"overflow":0,"seriousCritical":0}
{"route":"/bj/buy","width":390,"overflow":0,"seriousCritical":0}
{"route":"/bj/rent","width":390,"overflow":0,"seriousCritical":0}
{"route":"/bj/commercial","width":390,"overflow":0,"seriousCritical":0}
{"route":"/bj/new-homes","width":390,"overflow":0,"seriousCritical":0}
{"route":"/bj/communities","width":390,"overflow":0,"seriousCritical":0}
{"route":"/bj/agents","width":390,"overflow":0,"seriousCritical":0}
{"route":"/bj/renovation","width":390,"overflow":0,"seriousCritical":0}
{"route":"/bj/tools/mortgage","width":390,"overflow":0,"seriousCritical":0}
{"route":"/bj/list-property","width":390,"overflow":0,"seriousCritical":0}
{"route":"/bj/support","width":390,"overflow":0,"seriousCritical":0}
{"route":"/bj/search","width":390,"overflow":0,"seriousCritical":0}
{"route":"/bj/map","width":390,"overflow":0,"seriousCritical":0}
{"route":"/bj/rankings","width":390,"overflow":0,"seriousCritical":0}
{"route":"/bj/buy/home-1","width":390,"overflow":0,"seriousCritical":0}
{"route":"/bj/rent/rental-62","width":390,"overflow":0,"seriousCritical":0}
{"route":"/bj/commercial/workspace-91","width":390,"overflow":0,"seriousCritical":0}
{"route":"/bj/new-homes/garden-collection-1","width":390,"overflow":0,"seriousCritical":0}
{"route":"/bj/communities/willow-park","width":390,"overflow":0,"seriousCritical":0}
{"route":"/bj/agents/olivia-chen","width":390,"overflow":0,"seriousCritical":0}
{"route":"/bj/renovation/studio-form-1","width":390,"overflow":0,"seriousCritical":0}
  ✓  1 [mobile] › tests/e2e/responsive-audit.spec.ts:10:2 › Q03 all public category and detail layouts, axe and viewport 390 (37.5s)
keyboard 390 start
keyboard 390 gallery
keyboard 390 inquiry
keyboard 390 submit
keyboard 390 await-response
  ✓  2 [mobile] › tests/e2e/responsive-audit.spec.ts:11:2 › Q03 keyboard filter, gallery, real inquiry, long labels and missing image 390 (5.8s)

  2 passed (44.3s)
