
 RUN  v5.0.3 /workspace

 ✓ tests/integration/financial-reversals.test.ts (5 tests) 5592ms
   ✓ P09 payment reversal preserves original, restores balance and retains one attributed undo across receipt and fresh retries 1280ms
   ✓ P09 charge reversal preserves original and restores payment credit without reversing a reversal 1087ms
   ✓ P09 simultaneous payment reversals and an allocation settle once under the shared finance lock 1168ms
   ✓ P09 stale versions, confirmation, foreign actual finance and revoked grants deny reversal or receipt without evidence 962ms
   ✓ P09 SQL requires exact linked evidence and commit-time allocation undo atomically 1044ms
 ✓ tests/integration/management-dashboard.test.ts (4 tests) 4333ms
   ✓ P15 source counts and aging reconcile, and native payment reversal restores overdue charge debt 1520ms
   ✓ P15 immutable maintenance status, missing history and historical occupancy are declared with no private projection 1315ms
   ✓ P15 current exact scope omits revoked foreign money and denies forged roles and selected foreign organization 835ms
   ✓ P15 all due-date boundaries preserve separate exact USD totals above Number precision 598ms
 ✓ tests/integration/maintenance-workbench.test.ts (2 tests) 15311ms
   ✓ P13 manager resolution and tenant reopen preserve public progression while all tenant APIs exclude internal notes 12483ms
   ✓ P13 versioned public comments and private-only notes remain immutable, filtered and currently scoped 2778ms
 ✓ tests/integration/maintenance-requests.test.ts (5 tests) 10119ms
   ✓ P12 linked tenant creates one versioned request with private owned photo, current manager triages and assigns with exact retained activity 4016ms
   ✓ P12 a current manager can create an authorized request that its linked tenant sees, without impersonating tenant creation 947ms
   ✓ P12 foreign unit/persona/media, stale source versions, malformed labels and inactive workflow states deny without partial request roots 477ms
   ✓ P12 cross-request photo guessing, invalid transitions, stale request versions and wrong-team assignment deny; revoked grant denies manager and new tenant creates 4396ms
 ✓ tests/integration/deposits.test.ts (5 tests) 3919ms
   ✓ P10 received, partial release and explicit bidirectional adjustments reconcile liability without changing rent totals 1651ms
   ✓ P10 excess, stale authority, invalid decimals, wrong currency and unconfirmed movements deny without liability changes; SQL rejects bypass 669ms
   ✓ P10 concurrent releases use one liability version and receipt replay remains scoped after revocation 611ms
   ✓ P10 actual foreign finance and manager-only identities cannot read or mutate another deposit ledger 310ms
   ✓ P10 historical adjustments preserve prior decrease convention and unknown provenance, while subsequent native release is exact 631ms
 ✓ tests/integration/inquiries.test.ts (6 tests) 511ms
 ❯ tests/integration/notifications.test.ts (6 tests | 4 failed) 1108ms
   × A05 a real publication worker plans one daily digest; BullMQ delivers one provider-accepted email and one in-app notification; replay stays deduplicated 241ms
   ✓ A05 opt-out and paused searches cancel queued optional email; unverified email cannot opt in 236ms
   × A05 a crash after SMTP acceptance freezes the batch and reconciles the provider receipt without a second email 159ms
   × A05 failed provider acceptance is truthful; own retry is versioned and scoped, other users and unsigned service calls are denied 182ms
   × A05 necessary inquiry confirmations use the same provider receipt contract independently of optional opt-out 70ms
   ✓ A05 weekly UTC digests group current matches, reject currency leakage and deduplicate concurrent planning 217ms
 ✓ tests/integration/payment-allocations.test.ts (7 tests) 18331ms
   ✓ P08 partial allocation leaves exact outstanding and credit, matching receipt creates one root, and settlement retains overpayment 3238ms
   ✓ P08 concurrent allocations respect payment 100.10 and charge 200.20 caps 2187ms
   ✓ P08 concurrent allocations respect payment 200.20 and charge 100.10 caps 2259ms
   ✓ P08 cross-lease, currency, stale versions, confirmation and over-allocation deny without changing balances 2969ms
   ✓ P08 PostgreSQL independently serializes direct allocations and prevents immutable amount edits 2409ms
   ✓ P08 actual finance-only staff can allocate, manager-only and guessed foreign staff cannot, and revoked grants deny receipts 1918ms
   ✓ P08 allocation and existing linked reversal share lock order and retained undo versions 3300ms
 ✓ tests/integration/payment-evidence.test.ts (5 tests) 5681ms
   ✓ P07 native draft stays out of balances and tenant reads; posting exact evidence retains history and audit once 1202ms
   ✓ P07 edits only current drafts, retains original amount snapshots and denies posted amount changes at API and database 1746ms
   ✓ P07 negative/float/scientific money, foreign currency and stale authority deny creation with no payment roots 366ms
   ✓ P07 posting requires current saved versions and confirmation, concurrent attempts create one post, and revoked grants deny receipts 1457ms
   ✓ P07 drafts cannot be allocated or reversed before posting and actual manager-only authority cannot record payments 865ms
 ✓ tests/integration/tenant-leases.test.ts (5 tests) 8245ms
   ✓ P11 linked tenant sees exact reconciled own balance without private staff references, actor/org fields or draft payments 2486ms
   ✓ P11 foreign users, owners and guessed finance personas cannot read another linked lease or its document 381ms
   ✓ P11 documents are private while draft, then exact approved bound PDF is readable only on its linked lease and revoked asset versions deny 841ms
   ✓ P11 reversals reconcile own recorded balance and retained history without exposing correction reasons 4002ms
   ✓ P11 bounded history pages keep full totals, tenant-link changes deny immediately and revoked professional grant does not erase tenant contract access 486ms
 ✓ tests/integration/statements.test.ts (4 tests) 8353ms
   ✓ P14 golden posted ledger reconciles opening, inclusive period movements and closing with linked reversals and allocation undo 1547ms
   ✓ P14 actual posted finance reconciles with the tenant portal and current grants deny other owners, forged staff and revoked exports 4311ms
   ✓ P14 separate USD/CNY leases preserve amounts above JavaScript integer precision and refuse historical currency conflicts 983ms
   ✓ P14 bounded pages retain full totals and complete exports escape labels, while oversized exports and malformed periods refuse 1460ms
 ✓ tests/integration/lease-lifecycle.test.ts (5 tests) 5253ms
   ✓ P05 valid next term retains original terms, links history and replays one renewal draft 1267ms
   ✓ P05 overlapping next terms and stale/currency versions deny renewal without partial linked drafts 1290ms
   ✓ P05 ending records termination reason and original history, never republishes, and revoked authority denies receipt replay 834ms
   ✓ P05 concurrent renewal requests yield one retained successor and concurrent endings yield one record 1113ms
   ✓ P05 historical lease ending retains unknown provenance and new renewal uses current native authority 699ms
 ✓ tests/integration/recurring-charges.test.ts (6 tests) 4426ms
   ✓ P06 leap-month proration uses exact cents, term-aware due date and one charge across retry and repeated month 948ms
   ✓ P06 concurrent generators cannot duplicate a charge; ended and out-of-term leases are excluded 1300ms
   ✓ P06 stale versions, wrong scope and missing confirmation deny generation; grant revocation denies cached receipt 938ms
   ✓ P06 market full-month policy and explicit historical due-day fallback are snapshotted without inventing original terms 346ms
   ✓ P06 actual finance-only membership can generate within its granted property; a manager without finance cannot 822ms
 ✓ tests/integration/viewing-calendar.test.ts (8 tests) 2580ms
   ✓ L05 consumer atomically reschedules a confirmed viewing, requiring fresh confirmation; idempotent receipt preserves one event and row 379ms
   ✓ L05 assigned professional reschedule retains confirmation; professional cancellation releases the new slot 399ms
   ✓ L05 property capacity remains reserved when assignment changes; the former appointment can be cancelled through actual professional scope 511ms
 ❯ tests/integration/viewing-reminders.test.ts (6 tests | 4 failed) 5503ms
   × L06 confirmation schedules one versioned reminder; actual BullMQ and SMTP receipt replay produce one email and one native notification 2299ms
   × L06 cancellation invalidates queued and failed reminders and all stale retries send no email 2046ms
   × L06 lost post-SMTP acknowledgement reconciles the frozen provider receipt without duplicate sending 271ms
   ✓ L06 rescheduling invalidates the former booking job and fresh confirmation schedules the new version; unsigned service calls and private table reads fail 291ms
   ✓ L06 scoped reports share actual CRM filters, exclude foreign assignments and private note/message content, and neutralize all formula cells 202ms
   × L06 transactional reminders never email unverified accounts, and inactive accounts receive no reminder 318ms
 ✓ tests/integration/development-review.test.ts (4 tests) 464ms
 ✓ tests/integration/account-privacy.test.ts (4 tests) 1029ms
   ✓ A06 one-snapshot personal export excludes another persona even for an administrator and keeps money as decimal strings 400ms
 ✓ tests/integration/viewing-availability.test.ts (6 tests) 875ms
   ✓ L03 private blocked intervals and existing agent appointments remove overlapping or buffered slots; cancellation restores capacity 316ms
 ✓ tests/integration/provider-catalog.test.ts (5 tests) 2254ms
   ✓ V01 only independently approved provider is public in its exact service area, with scanned portfolio and no owner/private review fields 546ms
   ✓ V01 unscanned/foreign/stale-version/duplicate portfolio references and wrong-city districts are rejected without partial provider writes 713ms
   ✓ V01 editing approval removes public access, submitted edits need withdrawal, stale writes conflict, and matching create retry returns one profile 440ms
   ✓ V01 revoked vendor membership removes authoring/public eligibility while exact own personal export retains its provider metadata 464ms
 ✓ tests/integration/analytics.test.ts (3 tests) 374ms
 ✓ tests/integration/agency-assignments.test.ts (3 tests) 405ms
 ✓ tests/integration/viewing-bookings.test.ts (6 tests) 1607ms
   ✓ L04 database writes require current metadata and retained travel gaps apply across properties 472ms
 ✓ tests/integration/tenant-links.test.ts (4 tests) 621ms
   ✓ P02 verified recipient accepts exact grant invitation once and reads own linked profile without enumerating others 383ms
 ✓ tests/integration/messages.test.ts (5 tests) 1313ms
   ✓ M02 foreign/unscanned/stale and other-conversation files are denied without partial message/event/attachment writes 416ms
 ✓ tests/integration/agency-memberships.test.ts (3 tests) 255ms
 ✓ tests/integration/development-inventory.test.ts (2 tests) 1198ms
   ✓ N02 publishes exact decimal range with an approved drawing, keeps types distinct from individual offered units and derives nonnegative availability with timestamps 735ms
   ✓ N02 invalid ranges, foreign/unapproved drawing, wrong building/area, stale versions and incompatible type changes are denied; draft types are private 421ms
 ❯ tests/integration/rental-availability.test.ts (3 tests | 1 failed) 3750ms
   × R04 leased room invalidates whole-property search/detail/contact even with stale index; sibling room remains available and publication checks canonical occupancy 3434ms
   ✓ R04 root lock serializes a whole-property leased transition against child publication and prevents publication after the committed occupancy 197ms
   ✓ R04 active whole-unit lease denies every child contact and public detail; direct consumer lead insert cannot bypass eligibility 116ms
 ✓ tests/integration/home-content.test.ts (3 tests) 1381ms
   ✓ S03 versioned scheduled publication uses the exact eligible snapshot, preserves independent draft edits and current public visibility 744ms
   ✓ S03 future and expired schedules stay absent; invalid city/category/version/link, guessed preview and forged editor permissions deny 332ms
 ✓ tests/integration/discovery-ranking.test.ts (2 tests) 703ms
   ✓ D06 known freshness/view/curated scores produce deterministic order, duplicate events cannot inflate it, and withdrawn or private data is excluded 651ms
 ✓ tests/integration/support-workbench.test.ts (3 tests) 414ms
 ✓ tests/integration/database.test.ts (15 tests) 239ms
 ✓ tests/integration/agent-dashboard.test.ts (3 tests) 248ms
 ✓ tests/integration/owner-lifecycle.test.ts (3 tests) 316ms
 ✓ tests/integration/quotes.test.ts (4 tests) 615ms
 ✓ tests/integration/lease-activation.test.ts (4 tests) 2852ms
   ✓ P04 atomic activation withdraws the public rental offer with exact history, audit and matching receipts 520ms
   ✓ P04 simultaneous overlapping draft activations yield exactly one success and one current-state conflict 637ms
   ✓ P04 property occupation conflicts with child rooms while sibling rooms can hold separate exclusive terms 1195ms
   ✓ P04 stale versions, missing confirmation and expired terms deny activation without withdrawing publication 458ms
 ✓ tests/integration/crm.test.ts (4 tests) 342ms
 ✓ tests/integration/saved-searches.test.ts (2 tests) 212ms
 ✓ tests/integration/read-cursors.test.ts (4 tests) 877ms
 ✓ tests/integration/lease-drafts.test.ts (4 tests) 2403ms
   ✓ P03 updates only current draft versions, retains original history and denies ended lease term edits 1024ms
   ✓ P03 another real manager retains an existing team PDF while foreign and tenant document access are denied 735ms
 ✓ tests/integration/agent-credentials.test.ts (3 tests) 639ms
   ✓ B01 independent approval produces a badge; own/private projections omit internal notes and document identifiers 330ms
 ✓ tests/integration/management-grants.test.ts (5 tests) 451ms
 ✓ tests/integration/support-cases.test.ts (3 tests) 382ms
 ✓ tests/integration/resale-filters.test.ts (2 tests) 8037ms
   ✓ D04 combined resale facets use OR within groups and AND between them, including actual public tour eligibility and bounded transit proximity 7991ms
 ✓ tests/integration/development-projects.test.ts (2 tests) 212ms
 ✓ tests/integration/platform-administration.test.ts (3 tests) 182ms
 ✓ tests/integration/realtime.test.ts (3 tests) 1144ms
   ✓ M04 replay after a saved sequence returns ordered missing pages and no duplicate previously received records 749ms
 ✓ tests/integration/commercial-facts.test.ts (3 tests) 271ms
 ✓ tests/integration/listing-revisions.test.ts (4 tests) 128ms
 ✓ tests/integration/conversations.test.ts (3 tests) 303ms
 ✓ tests/integration/development-discovery.test.ts (2 tests) 345ms
 ✓ tests/integration/listing-expiration.test.ts (5 tests) 2347ms
   ✓ I08 real queue expiration and late duplicate jobs create one atomic transition and remove public destinations/search 1765ms
 ✓ tests/integration/development-detail.test.ts (2 tests) 281ms
 ✓ tests/integration/owner-wizard.test.ts (2 tests) 454ms
 ✓ tests/integration/listing-workflow.test.ts (6 tests) 264ms
 ❯ tests/integration/search-rebuild.test.ts (2 tests | 1 failed) 8785ms
   × D10 verified temporary rebuild preserves the old serving index and browsing, then swaps the complete eligible public count and catches queued projections 4870ms
   ✓ D10 candidate content corruption and changed SQL source abort swap; network outage uses explicit nonempty SQL degradation 3912ms
 ✓ tests/integration/resale-detail.test.ts (1 test) 506ms
   ✓ D08 detail exposes only published facts and current eligible assigned agents; expired/unassigned agents and withdrawn listings cannot receive bookings 500ms
 ✓ tests/integration/owner-assignment.test.ts (2 tests) 154ms
 ✓ tests/integration/browsing-history.test.ts (1 test) 547ms
   ✓ A03 history is opt-in, versioned, removable/clearable and scoped; archived favorites/history stay unavailable without private fields 545ms
 ✓ tests/integration/home-discovery.test.ts (2 tests) 588ms
   ✓ D07 city-scoped bounded home feeds show only active eligible curation and disclosed sponsorship; withdrawal/sold-out remove cards immediately 531ms
 ✓ tests/integration/rental-terms.test.ts (2 tests) 196ms
 ✓ tests/integration/commercial-detail.test.ts (2 tests) 226ms
 ✓ tests/integration/agent-directory.test.ts (3 tests) 1222ms
   ✓ B02 city/name/service-area/language filters open seeded assigned inventory without private credential data or invented statistics 319ms
   ✓ B02 assigned inventory and current counts exclude unpublished/withdrawn offers immediately 661ms
 ❯ tests/integration/outbox.test.ts (2 tests | 2 failed) 21406ms
   ❯ F09 real queue replay and crash recovery (2)
     × crash after SMTP delivery retries without duplicating mail or notifications 1363ms
     × an old publish event cannot resurrect withdrawn inventory 20041ms
 ✓ tests/integration/owner-evidence.test.ts (2 tests) 395ms
   ✓ O03 actual approved PDF attachment is versioned, scoped and labelled; authorized downloads are audited and expired/foreign tickets fail 308ms
 ✓ tests/integration/owner-grants.test.ts (2 tests) 530ms
   ✓ O01 owner creates an exact private draft using a current explicit grant; contact audience isolates reviewers then the assigned team 479ms
 ✓ tests/integration/map-search.test.ts (2 tests) 1807ms
   ✓ D05 map/list bounds use identical canonical criteria and only rounded public community positions; private coordinate sentinels never enter responses or projections 1746ms
 ✓ tests/integration/market-policy.test.ts (2 tests) 182ms
 ✓ tests/integration/rental-detail.test.ts (2 tests) 197ms
 ✓ tests/integration/provider-discovery.test.ts (1 test) 523ms
   ✓ V02 filters published providers by exact category/canonical area/text/city with bounded stable pages; other areas and unknown matches remain empty 460ms
 ❯ tests/integration/typed-search.test.ts (3 tests | 1 failed) 1259ms
   × D02 exact city/decimal filters, UUID ties and opaque bounded cursors return the expected IDs without duplicates 1219ms
   ✓ D02 rejects raw expressions, invalid ordering, ranges, mixed currencies and oversized pages 33ms
   ✓ D02 canonical facets combine OR within each facet with AND between facets using parameters and quoted search values 5ms
 ❯ tests/integration/rental-discovery.test.ts (2 tests | 1 failed) 612ms
   × R02 indexed and SQL rental criteria isolate entire furnished monthly budgets, availability dates and yearly amounts 604ms
   ✓ R02 rental-only filters reject a sale/unspecified transaction, invalid mode and invalid calendar date 5ms
 ❯ tests/integration/commercial-discovery.test.ts (2 tests | 1 failed) 770ms
   × C02 furnished office rentals compare explicit periods, price bases and area definitions in SQL and indexed search 762ms
   ✓ C02 rejects residential filters and incomplete commercial comparison bases rather than normalizing months to years 6ms
 ✓ tests/integration/approved-tours.test.ts (1 test) 1728ms
   ✓ D09 only scanned decoded approved panoramas expose public metadata and a tour badge; denied assets expose no storage URL 1726ms
 ✓ tests/integration/favorites.test.ts (1 test) 252ms
 ✓ tests/integration/inventory-schema.test.ts (6 tests) 69ms
 ✓ tests/integration/city-taxonomy-bootstrap.test.ts (2 tests) 875ms
   ✓ Q04 cold seed includes editable categories and a trusted replay preserves existing native labels, state, versions and original activity 787ms
 ❯ tests/integration/search-projection.test.ts (2 tests | 1 failed) 1079ms
   × D01 approved public projection is searchable with exact decimal price and no private fields; old publication cannot resurrect withdrawal 1076ms
   ✓ D01 numeric projection preserves cents, rejects malformed amounts and declares unsafe legacy prices for SQL comparison 1ms
 ❯ tests/integration/contracts.test.ts (5 tests | 1 failed) 450ms
   ❯ F08 generated API contract (5)
     ✓ published OpenAPI matches generated operations exactly 314ms
     ✓ canonical generated client reads real public decimal-string inventory 61ms
     ✓ invalid range has a field error and stable request ID without private data 4ms
     ✓ canonical transport preserves typed server errors 8ms
     × malformed JSON returns a sanitized client error 11ms
 ✓ tests/integration/seo.test.ts (2 tests) 297ms
 ✓ tests/integration/account-profile.test.ts (1 test) 80ms
 ✓ tests/integration/search-history.test.ts (2 tests) 126ms
 ✓ tests/integration/readiness.test.ts (2 tests) 32ms
 ✓ tests/integration/mortgage-market.test.ts (1 test) 89ms
 ✓ tests/integration/moderation-evidence.test.ts (4 tests) 57ms
 ✓ tests/integration/geography.test.ts (4 tests) 67ms

⎯⎯⎯⎯⎯⎯ Failed Tests 17 ⎯⎯⎯⎯⎯⎯⎯

 FAIL  tests/integration/commercial-discovery.test.ts > C02 furnished office rentals compare explicit periods, price bases and area definitions in SQL and indexed search
Error: ALERT_SERVICE_403
 ❯ alertServiceCall apps/worker/src/alerts.ts:2:446

 ❯ apps/worker/src/processor.ts:50:46
 ❯ transaction packages/database/src/index.ts:7:1159
 ❯ tests/integration/commercial-discovery.test.ts:10:32

⎯⎯⎯⎯⎯⎯⎯⎯⎯⎯⎯⎯⎯⎯⎯⎯⎯⎯⎯⎯⎯⎯⎯[1/17]⎯

 FAIL  tests/integration/contracts.test.ts > F08 generated API contract > malformed JSON returns a sanitized client error
AssertionError: expected 403 to be 400 // Object.is equality

- Expected
+ Received

- 400
+ 403

 ❯ tests/integration/contracts.test.ts:37:27


⎯⎯⎯⎯⎯⎯⎯⎯⎯⎯⎯⎯⎯⎯⎯⎯⎯⎯⎯⎯⎯⎯⎯[2/17]⎯

 FAIL  tests/integration/notifications.test.ts > A05 a real publication worker plans one daily digest; BullMQ delivers one provider-accepted email and one in-app notification; replay stays deduplicated
Error: SEARCH_TASK_FAILED_index_primary_key_multiple_candidates_found
 ❯ searchTask apps/worker/src/processor.ts:16:75

 ❯ apps/worker/src/processor.ts:44:6
 ❯ transaction packages/database/src/index.ts:7:1159
 ❯ tests/integration/notifications.test.ts:24:257

⎯⎯⎯⎯⎯⎯⎯⎯⎯⎯⎯⎯⎯⎯⎯⎯⎯⎯⎯⎯⎯⎯⎯[3/17]⎯

 FAIL  tests/integration/notifications.test.ts > A05 a crash after SMTP acceptance freezes the batch and reconciles the provider receipt without a second email
AssertionError: expected +0 to be 1 // Object.is equality

- Expected
+ Received

- 1
+ 0

 ❯ tests/integration/notifications.test.ts:32:787


⎯⎯⎯⎯⎯⎯⎯⎯⎯⎯⎯⎯⎯⎯⎯⎯⎯⎯⎯⎯⎯⎯⎯[4/17]⎯

 FAIL  tests/integration/notifications.test.ts > A05 failed provider acceptance is truthful; own retry is versioned and scoped, other users and unsigned service calls are denied
AssertionError: expected +0 to be 1 // Object.is equality

- Expected
+ Received

- 1
+ 0

 ❯ tests/integration/notifications.test.ts:35:1554


⎯⎯⎯⎯⎯⎯⎯⎯⎯⎯⎯⎯⎯⎯⎯⎯⎯⎯⎯⎯⎯⎯⎯[5/17]⎯

 FAIL  tests/integration/notifications.test.ts > A05 necessary inquiry confirmations use the same provider receipt contract independently of optional opt-out
AssertionError: expected +0 to be 1 // Object.is equality

- Expected
+ Received

- 1
+ 0

 ❯ tests/integration/notifications.test.ts:39:554


⎯⎯⎯⎯⎯⎯⎯⎯⎯⎯⎯⎯⎯⎯⎯⎯⎯⎯⎯⎯⎯⎯⎯[6/17]⎯

 FAIL  tests/integration/outbox.test.ts > F09 real queue replay and crash recovery > crash after SMTP delivery retries without duplicating mail or notifications
AssertionError: expected +0 to be 1 // Object.is equality

- Expected
+ Received

- 1
+ 0

 ❯ tests/integration/outbox.test.ts:25:202


⎯⎯⎯⎯⎯⎯⎯⎯⎯⎯⎯⎯⎯⎯⎯⎯⎯⎯⎯⎯⎯⎯⎯[7/17]⎯

 FAIL  tests/integration/outbox.test.ts > F09 real queue replay and crash recovery > an old publish event cannot resurrect withdrawn inventory
AssertionError: expected false to be true // Object.is equality

- Expected
+ Received

- true
+ false

 ❯ runQueue tests/integration/outbox.test.ts:13:459

 ❯ tests/integration/outbox.test.ts:37:4

Caused by: Error: Matcher did not succeed in time.
 ❯ runQueue tests/integration/outbox.test.ts:13:308
 ❯ tests/integration/outbox.test.ts:37:4

⎯⎯⎯⎯⎯⎯⎯⎯⎯⎯⎯⎯⎯⎯⎯⎯⎯⎯⎯⎯⎯⎯⎯[8/17]⎯

 FAIL  tests/integration/rental-availability.test.ts > R04 leased room invalidates whole-property search/detail/contact even with stale index; sibling room remains available and publication checks canonical occupancy
Error: ALERT_SERVICE_403
 ❯ alertServiceCall apps/worker/src/alerts.ts:2:446

 ❯ apps/worker/src/processor.ts:50:46
 ❯ transaction packages/database/src/index.ts:7:1159
 ❯ tests/integration/rental-availability.test.ts:17:280

⎯⎯⎯⎯⎯⎯⎯⎯⎯⎯⎯⎯⎯⎯⎯⎯⎯⎯⎯⎯⎯⎯⎯[9/17]⎯

 FAIL  tests/integration/rental-discovery.test.ts > R02 indexed and SQL rental criteria isolate entire furnished monthly budgets, availability dates and yearly amounts
Error: ALERT_SERVICE_403
 ❯ alertServiceCall apps/worker/src/alerts.ts:2:446

 ❯ apps/worker/src/processor.ts:50:46
 ❯ transaction packages/database/src/index.ts:7:1159
 ❯ tests/integration/rental-discovery.test.ts:11:29

⎯⎯⎯⎯⎯⎯⎯⎯⎯⎯⎯⎯⎯⎯⎯⎯⎯⎯⎯⎯⎯⎯[10/17]⎯

 FAIL  tests/integration/search-projection.test.ts > D01 approved public projection is searchable with exact decimal price and no private fields; old publication cannot resurrect withdrawal
Error: ALERT_SERVICE_403
 ❯ alertServiceCall apps/worker/src/alerts.ts:2:446

 ❯ apps/worker/src/processor.ts:50:46
 ❯ transaction packages/database/src/index.ts:7:1159
 ❯ project tests/integration/search-projection.test.ts:10:2
 ❯ tests/integration/search-projection.test.ts:20:3

⎯⎯⎯⎯⎯⎯⎯⎯⎯⎯⎯⎯⎯⎯⎯⎯⎯⎯⎯⎯⎯⎯[11/17]⎯

 FAIL  tests/integration/search-rebuild.test.ts > D10 verified temporary rebuild preserves the old serving index and browsing, then swaps the complete eligible public count and catches queued projections
Error: ALERT_SERVICE_403
 ❯ alertServiceCall apps/worker/src/alerts.ts:2:446

 ❯ apps/worker/src/processor.ts:50:46
 ❯ transaction packages/database/src/index.ts:7:1159
 ❯ tests/integration/search-rebuild.test.ts:27:43

⎯⎯⎯⎯⎯⎯⎯⎯⎯⎯⎯⎯⎯⎯⎯⎯⎯⎯⎯⎯⎯⎯[12/17]⎯

 FAIL  tests/integration/typed-search.test.ts > D02 exact city/decimal filters, UUID ties and opaque bounded cursors return the expected IDs without duplicates
Error: ALERT_SERVICE_403
 ❯ alertServiceCall apps/worker/src/alerts.ts:2:446

 ❯ apps/worker/src/processor.ts:50:46
 ❯ transaction packages/database/src/index.ts:7:1159
 ❯ tests/integration/typed-search.test.ts:14:207

⎯⎯⎯⎯⎯⎯⎯⎯⎯⎯⎯⎯⎯⎯⎯⎯⎯⎯⎯⎯⎯⎯[13/17]⎯

 FAIL  tests/integration/viewing-reminders.test.ts > L06 confirmation schedules one versioned reminder; actual BullMQ and SMTP receipt replay produce one email and one native notification
 FAIL  tests/integration/viewing-reminders.test.ts > L06 cancellation invalidates queued and failed reminders and all stale retries send no email
Error: REMINDER_SERVICE_403
 ❯ QueueEvents.onFailed node_modules/.pnpm/bullmq@6.3.11_ioredis@6.0.0_pg@8.23.1/node_modules/bullmq/dist/cjs/classes/job.js:749:24
 ❯ QueueEvents.emit node_modules/.pnpm/bullmq@6.3.11_ioredis@6.0.0_pg@8.23.1/node_modules/bullmq/dist/cjs/classes/queue-base.js:81:26
 ❯ QueueEvents.emit node_modules/.pnpm/bullmq@6.3.11_ioredis@6.0.0_pg@8.23.1/node_modules/bullmq/dist/cjs/classes/queue-events.js:32:22
 ❯ QueueEvents.consumeEvents node_modules/.pnpm/bullmq@6.3.11_ioredis@6.0.0_pg@8.23.1/node_modules/bullmq/dist/cjs/classes/queue-events.js:102:34
 ❯ QueueEvents.run node_modules/.pnpm/bullmq@6.3.11_ioredis@6.0.0_pg@8.23.1/node_modules/bullmq/dist/cjs/classes/queue-events.js:56:17

⎯⎯⎯⎯⎯⎯⎯⎯⎯⎯⎯⎯⎯⎯⎯⎯⎯⎯⎯⎯⎯⎯[14/17]⎯

 FAIL  tests/integration/viewing-reminders.test.ts > L06 lost post-SMTP acknowledgement reconciles the frozen provider receipt without duplicate sending
AssertionError: expected +0 to be 1 // Object.is equality

- Expected
+ Received

- 1
+ 0

 ❯ tests/integration/viewing-reminders.test.ts:33:550


⎯⎯⎯⎯⎯⎯⎯⎯⎯⎯⎯⎯⎯⎯⎯⎯⎯⎯⎯⎯⎯⎯[15/17]⎯

 FAIL  tests/integration/viewing-reminders.test.ts > L06 transactional reminders never email unverified accounts, and inactive accounts receive no reminder
error: Current administrator, target version and recorded state reason required
 ❯ node_modules/.pnpm/pg@8.23.1/node_modules/pg/lib/client.js:694:17
 ❯ transaction packages/database/src/index.ts:7:1159

 ❯ tests/integration/viewing-reminders.test.ts:36:239

⎯⎯⎯⎯⎯⎯⎯⎯⎯⎯⎯⎯⎯⎯⎯⎯⎯⎯⎯⎯⎯⎯[16/17]⎯


 Test Files  10 failed | 75 passed (85)
      Tests  17 failed | 277 passed (294)
   Start at  19:27:28
   Duration  261.45s (tests 73%, import 26%, transform 1%)
