
 RUN  v5.0.3 /workspace

 ✓ tests/integration/search-rebuild.test.ts (2 tests) 6889ms
   ✓ D10 verified temporary rebuild preserves the old serving index and browsing, then swaps the complete eligible public count and catches queued projections 2898ms
   ✓ D10 candidate content corruption and changed SQL source abort swap; network outage uses explicit nonempty SQL degradation 3988ms
 ✓ tests/integration/rental-availability.test.ts (3 tests) 2375ms
   ✓ R04 leased room invalidates whole-property search/detail/contact even with stale index; sibling room remains available and publication checks canonical occupancy 2089ms
 ✓ tests/integration/notifications.test.ts (6 tests) 1825ms
   ✓ A05 a real publication worker plans one daily digest; BullMQ delivers one provider-accepted email and one in-app notification; replay stays deduplicated 695ms
   ✓ A05 opt-out and paused searches cancel queued optional email; unverified email cannot opt in 330ms
 ❯ tests/integration/typed-search.test.ts (3 tests | 1 failed) 2521ms
   × D02 exact city/decimal filters, UUID ties and opaque bounded cursors return the expected IDs without duplicates 2482ms
   ✓ D02 rejects raw expressions, invalid ordering, ranges, mixed currencies and oversized pages 33ms
   ✓ D02 canonical facets combine OR within each facet with AND between facets using parameters and quoted search values 4ms
 ✓ tests/integration/search-projection.test.ts (2 tests) 1322ms
   ✓ D01 approved public projection is searchable with exact decimal price and no private fields; old publication cannot resurrect withdrawal 1318ms
 ✓ tests/integration/commercial-discovery.test.ts (2 tests) 2785ms
   ✓ C02 furnished office rentals compare explicit periods, price bases and area definitions in SQL and indexed search 2779ms
 ✓ tests/integration/rental-discovery.test.ts (2 tests) 2611ms
   ✓ R02 indexed and SQL rental criteria isolate entire furnished monthly budgets, availability dates and yearly amounts 2607ms
 ✓ tests/integration/payment-allocations.test.ts (7 tests) 45242ms
   ✓ P08 partial allocation leaves exact outstanding and credit, matching receipt creates one root, and settlement retains overpayment 9209ms
   ✓ P08 concurrent allocations respect payment 100.10 and charge 200.20 caps 5761ms
   ✓ P08 concurrent allocations respect payment 200.20 and charge 100.10 caps 6008ms
   ✓ P08 cross-lease, currency, stale versions, confirmation and over-allocation deny without changing balances 6951ms
   ✓ P08 PostgreSQL independently serializes direct allocations and prevents immutable amount edits 5771ms
   ✓ P08 actual finance-only staff can allocate, manager-only and guessed foreign staff cannot, and revoked grants deny receipts 4228ms
   ✓ P08 allocation and existing linked reversal share lock order and retained undo versions 7273ms
 ✓ tests/integration/maintenance-workbench.test.ts (2 tests) 22635ms
   ✓ P13 manager resolution and tenant reopen preserve public progression while all tenant APIs exclude internal notes 18230ms
   ✓ P13 versioned public comments and private-only notes remain immutable, filtered and currently scoped 4358ms
 ✓ tests/integration/maintenance-requests.test.ts (5 tests) 14561ms
   ✓ P12 linked tenant creates one versioned request with private owned photo, current manager triages and assigns with exact retained activity 5309ms
   ✓ P12 a current manager can create an authorized request that its linked tenant sees, without impersonating tenant creation 1772ms
   ✓ P12 foreign unit/persona/media, stale source versions, malformed labels and inactive workflow states deny without partial request roots 950ms
   ✓ P12 cross-request photo guessing, invalid transitions, stale request versions and wrong-team assignment deny; revoked grant denies manager and new tenant creates 5894ms
   ✓ P12 SQL rejects unversioned runtime request and immutable photo/history edits; activity is committed with exact database timestamp 598ms
 ✓ tests/integration/statements.test.ts (4 tests) 14535ms
   ✓ P14 golden posted ledger reconciles opening, inclusive period movements and closing with linked reversals and allocation undo 2634ms
   ✓ P14 actual posted finance reconciles with the tenant portal and current grants deny other owners, forged staff and revoked exports 8221ms
   ✓ P14 separate USD/CNY leases preserve amounts above JavaScript integer precision and refuse historical currency conflicts 1712ms
   ✓ P14 bounded pages retain full totals and complete exports escape labels, while oversized exports and malformed periods refuse 1909ms
 ✓ tests/integration/tenant-leases.test.ts (5 tests) 18040ms
   ✓ P11 linked tenant sees exact reconciled own balance without private staff references, actor/org fields or draft payments 5996ms
   ✓ P11 foreign users, owners and guessed finance personas cannot read another linked lease or its document 739ms
   ✓ P11 documents are private while draft, then exact approved bound PDF is readable only on its linked lease and revoked asset versions deny 1516ms
   ✓ P11 reversals reconcile own recorded balance and retained history without exposing correction reasons 8929ms
   ✓ P11 bounded history pages keep full totals, tenant-link changes deny immediately and revoked professional grant does not erase tenant contract access 806ms
 ✓ tests/integration/resale-filters.test.ts (2 tests) 2242ms
   ✓ D04 combined resale facets use OR within groups and AND between them, including actual public tour eligibility and bounded transit proximity 2208ms
 ✓ tests/integration/payment-evidence.test.ts (5 tests) 13429ms
   ✓ P07 native draft stays out of balances and tenant reads; posting exact evidence retains history and audit once 2872ms
   ✓ P07 edits only current drafts, retains original amount snapshots and denies posted amount changes at API and database 4624ms
   ✓ P07 negative/float/scientific money, foreign currency and stale authority deny creation with no payment roots 624ms
   ✓ P07 posting requires current saved versions and confirmation, concurrent attempts create one post, and revoked grants deny receipts 3303ms
   ✓ P07 drafts cannot be allocated or reversed before posting and actual manager-only authority cannot record payments 1962ms
 ✓ tests/integration/financial-reversals.test.ts (5 tests) 42360ms
   ✓ P09 payment reversal preserves original, restores balance and retains one attributed undo across receipt and fresh retries 10813ms
   ✓ P09 charge reversal preserves original and restores payment credit without reversing a reversal 8939ms
   ✓ P09 simultaneous payment reversals and an allocation settle once under the shared finance lock 9035ms
   ✓ P09 stale versions, confirmation, foreign actual finance and revoked grants deny reversal or receipt without evidence 5927ms
   ✓ P09 SQL requires exact linked evidence and commit-time allocation undo atomically 7584ms
 ✓ tests/integration/lease-lifecycle.test.ts (5 tests) 9634ms
   ✓ P05 valid next term retains original terms, links history and replays one renewal draft 2436ms
   ✓ P05 overlapping next terms and stale/currency versions deny renewal without partial linked drafts 2293ms
   ✓ P05 ending records termination reason and original history, never republishes, and revoked authority denies receipt replay 1387ms
   ✓ P05 concurrent renewal requests yield one retained successor and concurrent endings yield one record 2118ms
   ✓ P05 historical lease ending retains unknown provenance and new renewal uses current native authority 1346ms
 ✓ tests/integration/recurring-charges.test.ts (6 tests) 7712ms
   ✓ P06 leap-month proration uses exact cents, term-aware due date and one charge across retry and repeated month 1638ms
   ✓ P06 concurrent generators cannot duplicate a charge; ended and out-of-term leases are excluded 2329ms
   ✓ P06 stale versions, wrong scope and missing confirmation deny generation; grant revocation denies cached receipt 1605ms
   ✓ P06 market full-month policy and explicit historical due-day fallback are snapshotted without inventing original terms 647ms
   ✓ P06 actual finance-only membership can generate within its granted property; a manager without finance cannot 1419ms
 ✓ tests/integration/management-dashboard.test.ts (4 tests) 29079ms
   ✓ P15 source counts and aging reconcile, and native payment reversal restores overdue charge debt 11920ms
   ✓ P15 immutable maintenance status, missing history and historical occupancy are declared with no private projection 6193ms
   ✓ P15 current exact scope omits revoked foreign money and denies forged roles and selected foreign organization 6333ms
   ✓ P15 all due-date boundaries preserve separate exact USD totals above Number precision 4564ms
 ✓ tests/integration/deposits.test.ts (5 tests) 15000ms
   ✓ P10 received, partial release and explicit bidirectional adjustments reconcile liability without changing rent totals 6973ms
   ✓ P10 excess, stale authority, invalid decimals, wrong currency and unconfirmed movements deny without liability changes; SQL rejects bypass 2611ms
   ✓ P10 concurrent releases use one liability version and receipt replay remains scoped after revocation 2269ms
   ✓ P10 actual foreign finance and manager-only identities cannot read or mutate another deposit ledger 821ms
   ✓ P10 historical adjustments preserve prior decrease convention and unknown provenance, while subsequent native release is exact 2278ms
 ✓ tests/integration/lease-activation.test.ts (4 tests) 4974ms
   ✓ P04 atomic activation withdraws the public rental offer with exact history, audit and matching receipts 890ms
   ✓ P04 simultaneous overlapping draft activations yield exactly one success and one current-state conflict 1172ms
   ✓ P04 property occupation conflicts with child rooms while sibling rooms can hold separate exclusive terms 2088ms
   ✓ P04 stale versions, missing confirmation and expired terms deny activation without withdrawing publication 775ms
 ✓ tests/integration/viewing-calendar.test.ts (8 tests) 2661ms
   ✓ L05 consumer atomically reschedules a confirmed viewing, requiring fresh confirmation; idempotent receipt preserves one event and row 448ms
   ✓ L05 assigned professional reschedule retains confirmation; professional cancellation releases the new slot 365ms
   ✓ L05 property capacity remains reserved when assignment changes; the former appointment can be cancelled through actual professional scope 531ms
 ✓ tests/integration/lease-drafts.test.ts (4 tests) 3921ms
   ✓ P03 creates one permitted canonical lease draft with exact decimals, monthly due terms and private attachment on retry 414ms
   ✓ P03 rejects invalid calendar/range/currency, floating amounts, stale sources and unauthorized documents without partial lease rows 345ms
   ✓ P03 updates only current draft versions, retains original history and denies ended lease term edits 1669ms
   ✓ P03 another real manager retains an existing team PDF while foreign and tenant document access are denied 1248ms
 ✓ tests/integration/listing-expiration.test.ts (5 tests) 1457ms
   ✓ I08 real queue expiration and late duplicate jobs create one atomic transition and remove public destinations/search 847ms
 ✓ tests/integration/provider-catalog.test.ts (5 tests) 2318ms
   ✓ V01 only independently approved provider is public in its exact service area, with scanned portfolio and no owner/private review fields 568ms
   ✓ V01 unscanned/foreign/stale-version/duplicate portfolio references and wrong-city districts are rejected without partial provider writes 697ms
   ✓ V01 editing approval removes public access, submitted edits need withdrawal, stale writes conflict, and matching create retry returns one profile 425ms
   ✓ V01 revoked vendor membership removes authoring/public eligibility while exact own personal export retains its provider metadata 529ms
 ✓ tests/integration/viewing-reminders.test.ts (6 tests) 2070ms
   ✓ L06 confirmation schedules one versioned reminder; actual BullMQ and SMTP receipt replay produce one email and one native notification 457ms
   ✓ L06 cancellation invalidates queued and failed reminders and all stale retries send no email 375ms
   ✓ L06 lost post-SMTP acknowledgement reconciles the frozen provider receipt without duplicate sending 336ms
   ✓ L06 transactional reminders never email unverified accounts, and inactive accounts receive no reminder 347ms
 ✓ tests/integration/outbox.test.ts (2 tests) 1850ms
   ✓ F09 real queue replay and crash recovery (2)
     ✓ crash after SMTP delivery retries without duplicating mail or notifications 1245ms
     ✓ an old publish event cannot resurrect withdrawn inventory 603ms
 ✓ tests/integration/map-search.test.ts (2 tests) 1706ms
   ✓ D05 map/list bounds use identical canonical criteria and only rounded public community positions; private coordinate sentinels never enter responses or projections 1640ms
 ✓ tests/integration/approved-tours.test.ts (1 test) 1579ms
   ✓ D09 only scanned decoded approved panoramas expose public metadata and a tour badge; denied assets expose no storage URL 1576ms
 ✓ tests/integration/viewing-bookings.test.ts (6 tests) 1526ms
   ✓ L04 database writes require current metadata and retained travel gaps apply across properties 460ms
 ✓ tests/integration/home-content.test.ts (3 tests) 1454ms
   ✓ S03 versioned scheduled publication uses the exact eligible snapshot, preserves independent draft edits and current public visibility 804ms
   ✓ S03 future and expired schedules stay absent; invalid city/category/version/link, guessed preview and forged editor permissions deny 319ms
   ✓ S03 actual editor taxonomy is versioned with immutable history; disabled eligibility hides publication and blocks draft admission 328ms
 ✓ tests/integration/messages.test.ts (5 tests) 1350ms
   ✓ M02 scanned owned private files commit with the message and are readable only by its current participants; replay grants remain exact 325ms
   ✓ M02 foreign/unscanned/stale and other-conversation files are denied without partial message/event/attachment writes 414ms
 ✓ tests/integration/agent-directory.test.ts (3 tests) 1550ms
   ✓ B02 city/name/service-area/language filters open seeded assigned inventory without private credential data or invented statistics 363ms
   ✓ B02 assigned inventory and current counts exclude unpublished/withdrawn offers immediately 927ms
 ✓ tests/integration/development-inventory.test.ts (2 tests) 1142ms
   ✓ N02 publishes exact decimal range with an approved drawing, keeps types distinct from individual offered units and derives nonnegative availability with timestamps 668ms
   ✓ N02 invalid ranges, foreign/unapproved drawing, wrong building/area, stale versions and incompatible type changes are denied; draft types are private 430ms
 ✓ tests/integration/realtime.test.ts (3 tests) 1205ms
   ✓ M04 replay after a saved sequence returns ordered missing pages and no duplicate previously received records 807ms
 ✓ tests/integration/account-privacy.test.ts (4 tests) 1427ms
   ✓ A06 one-snapshot personal export excludes another persona even for an administrator and keeps money as decimal strings 530ms
   ✓ A06 strict confirmed versioned deletion revokes every own session/optional channel and preserves posted finance plus reversal history 347ms
   ✓ Q04 own staff deletion keeps original permission history, advances revoked membership versions and never records an administrator reactivation 326ms
 ✓ tests/integration/read-cursors.test.ts (4 tests) 833ms
 ✓ tests/integration/viewing-availability.test.ts (6 tests) 852ms
   ✓ L03 private blocked intervals and existing agent appointments remove overlapping or buffered slots; cancellation restores capacity 313ms
 ✓ tests/integration/city-taxonomy-bootstrap.test.ts (2 tests) 833ms
   ✓ Q04 cold seed includes editable categories and a trusted replay preserves existing native labels, state, versions and original activity 751ms
 ✓ tests/integration/discovery-ranking.test.ts (2 tests) 627ms
   ✓ D06 known freshness/view/curated scores produce deterministic order, duplicate events cannot inflate it, and withdrawn or private data is excluded 567ms
 ✓ tests/integration/agent-credentials.test.ts (3 tests) 1224ms
   ✓ B01 independent approval produces a badge; own/private projections omit internal notes and document identifiers 352ms
   ✓ B01 public identity changes invalidate approval; self-granted expiry and cross-agency authoring are denied 683ms
 ✓ tests/integration/tenant-links.test.ts (4 tests) 1597ms
   ✓ P02 verified recipient accepts exact grant invitation once and reads own linked profile without enumerating others 1363ms
 ✓ tests/integration/quotes.test.ts (4 tests) 603ms
 ✓ tests/integration/home-discovery.test.ts (2 tests) 595ms
   ✓ D07 city-scoped bounded home feeds show only active eligible curation and disclosed sponsorship; withdrawal/sold-out remove cards immediately 555ms
 ✓ tests/integration/browsing-history.test.ts (1 test) 549ms
   ✓ A03 history is opt-in, versioned, removable/clearable and scoped; archived favorites/history stay unavailable without private fields 546ms
 ❯ tests/integration/owner-grants.test.ts (2 tests | 1 failed) 130ms
   × O01 owner creates an exact private draft using a current explicit grant; contact audience isolates reviewers then the assigned team 61ms
   ✓ O01 foreign/missing/stale/revoked/expired grants reject private drafts and direct grant forgery fails 61ms
 ✓ tests/integration/provider-discovery.test.ts (1 test) 609ms
   ✓ V02 filters published providers by exact category/canonical area/text/city with bounded stable pages; other areas and unknown matches remain empty 538ms
 ✓ tests/integration/inquiries.test.ts (6 tests) 498ms
 ✓ tests/integration/resale-detail.test.ts (1 test) 400ms
   ✓ D08 detail exposes only published facts and current eligible assigned agents; expired/unassigned agents and withdrawn listings cannot receive bookings 397ms
 ✓ tests/integration/development-review.test.ts (4 tests) 464ms
 ✓ tests/integration/owner-wizard.test.ts (2 tests) 506ms
   ✓ O02 private autosaved progress survives reads, rejects invalid step advancement and guards version, scope and final completeness 339ms
 ✓ tests/integration/management-grants.test.ts (5 tests) 555ms
   ✓ P01 owner grant admits manager to the same canonical unit, retries persist one root and privacy history 353ms
 ✓ tests/integration/contracts.test.ts (5 tests) 419ms
 ✓ tests/integration/support-workbench.test.ts (3 tests) 471ms
 ✓ tests/integration/agency-assignments.test.ts (3 tests) 369ms
 ✓ tests/integration/owner-evidence.test.ts (2 tests) 429ms
   ✓ O03 actual approved PDF attachment is versioned, scoped and labelled; authorized downloads are audited and expired/foreign tickets fail 342ms
 ✓ tests/integration/support-cases.test.ts (3 tests) 333ms
 ✓ tests/integration/analytics.test.ts (3 tests) 418ms
   ✓ S06 six declared consented source events project exact unique counts; retries, repeated-source events and concurrent workers cannot double count or expose private text 338ms
 ✓ tests/integration/development-discovery.test.ts (2 tests) 337ms
 ✓ tests/integration/crm.test.ts (4 tests) 385ms
 ✓ tests/integration/owner-lifecycle.test.ts (3 tests) 337ms
 ✓ tests/integration/conversations.test.ts (3 tests) 311ms
 ✓ tests/integration/seo.test.ts (2 tests) 339ms
 ✓ tests/integration/development-detail.test.ts (2 tests) 282ms
 ✓ tests/integration/commercial-facts.test.ts (3 tests) 230ms
 ✓ tests/integration/listing-workflow.test.ts (6 tests) 272ms
 ✓ tests/integration/agency-memberships.test.ts (3 tests) 249ms
 ✓ tests/integration/favorites.test.ts (1 test) 226ms
 ✓ tests/integration/agent-dashboard.test.ts (3 tests) 223ms
 ✓ tests/integration/database.test.ts (15 tests) 268ms
 ✓ tests/integration/commercial-detail.test.ts (2 tests) 240ms
 ✓ tests/integration/development-projects.test.ts (2 tests) 213ms
 ✓ tests/integration/saved-searches.test.ts (2 tests) 247ms
 ✓ tests/integration/rental-detail.test.ts (2 tests) 249ms
 ✓ tests/integration/rental-terms.test.ts (2 tests) 202ms
 ✓ tests/integration/platform-administration.test.ts (3 tests) 185ms
 ✓ tests/integration/market-policy.test.ts (2 tests) 275ms
 ✓ tests/integration/owner-assignment.test.ts (2 tests) 157ms
 ✓ tests/integration/listing-revisions.test.ts (4 tests) 133ms
 ✓ tests/integration/search-history.test.ts (2 tests) 123ms
 ✓ tests/integration/mortgage-market.test.ts (1 test) 95ms
 ✓ tests/integration/account-profile.test.ts (1 test) 99ms
 ✓ tests/integration/inventory-schema.test.ts (6 tests) 68ms
 ✓ tests/integration/geography.test.ts (4 tests) 43ms
 ✓ tests/integration/moderation-evidence.test.ts (4 tests) 56ms
 ✓ tests/integration/readiness.test.ts (2 tests) 31ms

⎯⎯⎯⎯⎯⎯⎯ Failed Tests 2 ⎯⎯⎯⎯⎯⎯⎯

 FAIL  tests/integration/owner-grants.test.ts > O01 owner creates an exact private draft using a current explicit grant; contact audience isolates reviewers then the assigned team
AssertionError: expected undefined to match object { ownerGrantVersion: 1 }

- Expected:
{
  "ownerGrantVersion": 1,
}

+ Received:
undefined

 ❯ tests/integration/owner-grants.test.ts:17:342


⎯⎯⎯⎯⎯⎯⎯⎯⎯⎯⎯⎯⎯⎯⎯⎯⎯⎯⎯⎯⎯⎯⎯⎯[1/2]⎯

 FAIL  tests/integration/typed-search.test.ts > D02 exact city/decimal filters, UUID ties and opaque bounded cursors return the expected IDs without duplicates
AssertionError: expected [ …(2) ] to deeply equal [ …(2) ]

- Expected
+ Received

  [
+   "6f267495-282d-404d-96b2-9d3a8b13c6a4",
    "aaac2a78-545d-4c26-bfe8-199757a9afe8",
-   "e99ab20e-550c-421f-940b-86a15048a5d7",
  ]

 ❯ tests/integration/typed-search.test.ts:18:209


⎯⎯⎯⎯⎯⎯⎯⎯⎯⎯⎯⎯⎯⎯⎯⎯⎯⎯⎯⎯⎯⎯⎯⎯[2/2]⎯


 Test Files  2 failed | 83 passed (85)
      Tests  2 failed | 292 passed (294)
   Start at  19:35:41
   Duration  383.56s (tests 82%, import 18%)
