
> haven-real-estate@0.1.0 test:integration /workspace
> vitest run tests/integration


 RUN  v5.0.3 /workspace

 ✓ tests/integration/search-rebuild.test.ts (2 tests) 9183ms
   ✓ D10 verified temporary rebuild preserves the old serving index and browsing, then swaps the complete eligible public count and catches queued projections 5300ms
   ✓ D10 candidate content corruption and changed SQL source abort swap; network outage uses explicit nonempty SQL degradation 3877ms
 ✓ tests/integration/typed-search.test.ts (3 tests) 2564ms
   ✓ D02 exact city/decimal filters, UUID ties and opaque bounded cursors return the expected IDs without duplicates 2451ms
 ✓ tests/integration/resale-filters.test.ts (2 tests) 2247ms
   ✓ D04 combined resale facets use OR within groups and AND between them, including actual public tour eligibility and bounded transit proximity 2184ms
 ✓ tests/integration/maintenance-workbench.test.ts (2 tests) 13155ms
   ✓ P13 manager resolution and tenant reopen preserve public progression while all tenant APIs exclude internal notes 10451ms
   ✓ P13 versioned public comments and private-only notes remain immutable, filtered and currently scoped 2654ms
 ✓ tests/integration/maintenance-requests.test.ts (5 tests) 9118ms
   ✓ P12 linked tenant creates one versioned request with private owned photo, current manager triages and assigns with exact retained activity 3624ms
   ✓ P12 a current manager can create an authorized request that its linked tenant sees, without impersonating tenant creation 837ms
   ✓ P12 foreign unit/persona/media, stale source versions, malformed labels and inactive workflow states deny without partial request roots 370ms
   ✓ P12 cross-request photo guessing, invalid transitions, stale request versions and wrong-team assignment deny; revoked grant denies manager and new tenant creates 4066ms
 ✓ tests/integration/statements.test.ts (4 tests) 4079ms
   ✓ P14 golden posted ledger reconciles opening, inclusive period movements and closing with linked reversals and allocation undo 567ms
   ✓ P14 actual posted finance reconciles with the tenant portal and current grants deny other owners, forged staff and revoked exports 2002ms
   ✓ P14 separate USD/CNY leases preserve amounts above JavaScript integer precision and refuse historical currency conflicts 444ms
   ✓ P14 bounded pages retain full totals and complete exports escape labels, while oversized exports and malformed periods refuse 1000ms
 ✓ tests/integration/financial-reversals.test.ts (5 tests) 7472ms
   ✓ P09 payment reversal preserves original, restores balance and retains one attributed undo across receipt and fresh retries 1667ms
   ✓ P09 charge reversal preserves original and restores payment credit without reversing a reversal 1447ms
   ✓ P09 simultaneous payment reversals and an allocation settle once under the shared finance lock 1623ms
   ✓ P09 stale versions, confirmation, foreign actual finance and revoked grants deny reversal or receipt without evidence 1318ms
   ✓ P09 SQL requires exact linked evidence and commit-time allocation undo atomically 1357ms
 ✓ tests/integration/payment-allocations.test.ts (7 tests) 12845ms
   ✓ P08 partial allocation leaves exact outstanding and credit, matching receipt creates one root, and settlement retains overpayment 2170ms
   ✓ P08 concurrent allocations respect payment 100.10 and charge 200.20 caps 1517ms
   ✓ P08 concurrent allocations respect payment 200.20 and charge 100.10 caps 1627ms
   ✓ P08 cross-lease, currency, stale versions, confirmation and over-allocation deny without changing balances 2090ms
   ✓ P08 PostgreSQL independently serializes direct allocations and prevents immutable amount edits 1755ms
   ✓ P08 actual finance-only staff can allocate, manager-only and guessed foreign staff cannot, and revoked grants deny receipts 1366ms
   ✓ P08 allocation and existing linked reversal share lock order and retained undo versions 2270ms
 ✓ tests/integration/payment-evidence.test.ts (5 tests) 4400ms
   ✓ P07 native draft stays out of balances and tenant reads; posting exact evidence retains history and audit once 921ms
   ✓ P07 edits only current drafts, retains original amount snapshots and denies posted amount changes at API and database 1391ms
   ✓ P07 posting requires current saved versions and confirmation, concurrent attempts create one post, and revoked grants deny receipts 1043ms
   ✓ P07 drafts cannot be allocated or reversed before posting and actual manager-only authority cannot record payments 727ms
 ✓ tests/integration/commercial-discovery.test.ts (2 tests) 2496ms
   ✓ C02 furnished office rentals compare explicit periods, price bases and area definitions in SQL and indexed search 2492ms
 ✓ tests/integration/tenant-leases.test.ts (5 tests) 6736ms
   ✓ P11 linked tenant sees exact reconciled own balance without private staff references, actor/org fields or draft payments 1947ms
   ✓ P11 documents are private while draft, then exact approved bound PDF is readable only on its linked lease and revoked asset versions deny 755ms
   ✓ P11 reversals reconcile own recorded balance and retained history without exposing correction reasons 3178ms
   ✓ P11 bounded history pages keep full totals, tenant-link changes deny immediately and revoked professional grant does not erase tenant contract access 514ms
 ✓ tests/integration/lease-lifecycle.test.ts (5 tests) 4006ms
   ✓ P05 valid next term retains original terms, links history and replays one renewal draft 963ms
   ✓ P05 overlapping next terms and stale/currency versions deny renewal without partial linked drafts 924ms
   ✓ P05 ending records termination reason and original history, never republishes, and revoked authority denies receipt replay 645ms
   ✓ P05 concurrent renewal requests yield one retained successor and concurrent endings yield one record 851ms
   ✓ P05 historical lease ending retains unknown provenance and new renewal uses current native authority 576ms
 ✓ tests/integration/management-dashboard.test.ts (4 tests) 9837ms
   ✓ P15 source counts and aging reconcile, and native payment reversal restores overdue charge debt 3505ms
   ✓ P15 immutable maintenance status, missing history and historical occupancy are declared with no private projection 3174ms
   ✓ P15 current exact scope omits revoked foreign money and denies forged roles and selected foreign organization 1875ms
   ✓ P15 all due-date boundaries preserve separate exact USD totals above Number precision 1213ms
 ✓ tests/integration/recurring-charges.test.ts (6 tests) 3755ms
   ✓ P06 leap-month proration uses exact cents, term-aware due date and one charge across retry and repeated month 794ms
   ✓ P06 concurrent generators cannot duplicate a charge; ended and out-of-term leases are excluded 1085ms
   ✓ P06 stale versions, wrong scope and missing confirmation deny generation; grant revocation denies cached receipt 744ms
   ✓ P06 market full-month policy and explicit historical due-day fallback are snapshotted without inventing original terms 307ms
   ✓ P06 actual finance-only membership can generate within its granted property; a manager without finance cannot 745ms
 ✓ tests/integration/deposits.test.ts (5 tests) 6965ms
   ✓ P10 received, partial release and explicit bidirectional adjustments reconcile liability without changing rent totals 3106ms
   ✓ P10 excess, stale authority, invalid decimals, wrong currency and unconfirmed movements deny without liability changes; SQL rejects bypass 1221ms
   ✓ P10 concurrent releases use one liability version and receipt replay remains scoped after revocation 1079ms
   ✓ P10 actual foreign finance and manager-only identities cannot read or mutate another deposit ledger 423ms
   ✓ P10 historical adjustments preserve prior decrease convention and unknown provenance, while subsequent native release is exact 1083ms
 ✓ tests/integration/lease-activation.test.ts (4 tests) 2698ms
   ✓ P04 atomic activation withdraws the public rental offer with exact history, audit and matching receipts 497ms
   ✓ P04 simultaneous overlapping draft activations yield exactly one success and one current-state conflict 591ms
   ✓ P04 property occupation conflicts with child rooms while sibling rooms can hold separate exclusive terms 1158ms
   ✓ P04 stale versions, missing confirmation and expired terms deny activation without withdrawing publication 403ms
 ✓ tests/integration/rental-discovery.test.ts (2 tests) 2937ms
   ✓ R02 indexed and SQL rental criteria isolate entire furnished monthly budgets, availability dates and yearly amounts 2933ms
 ✓ tests/integration/viewing-calendar.test.ts (8 tests) 2426ms
   ✓ L05 consumer atomically reschedules a confirmed viewing, requiring fresh confirmation; idempotent receipt preserves one event and row 365ms
   ✓ L05 assigned professional reschedule retains confirmation; professional cancellation releases the new slot 321ms
   ✓ L05 property capacity remains reserved when assignment changes; the former appointment can be cancelled through actual professional scope 497ms
 ✓ tests/integration/provider-catalog.test.ts (5 tests) 2448ms
   ✓ V01 only independently approved provider is public in its exact service area, with scanned portfolio and no owner/private review fields 579ms
   ✓ V01 unscanned/foreign/stale-version/duplicate portfolio references and wrong-city districts are rejected without partial provider writes 842ms
   ✓ V01 editing approval removes public access, submitted edits need withdrawal, stale writes conflict, and matching create retry returns one profile 447ms
   ✓ V01 revoked vendor membership removes authoring/public eligibility while exact own personal export retains its provider metadata 480ms
 ✓ tests/integration/map-search.test.ts (2 tests) 1728ms
   ✓ D05 map/list bounds use identical canonical criteria and only rounded public community positions; private coordinate sentinels never enter responses or projections 1670ms
 ✓ tests/integration/rental-availability.test.ts (3 tests) 2143ms
   ✓ R04 leased room invalidates whole-property search/detail/contact even with stale index; sibling room remains available and publication checks canonical occupancy 1794ms
 ✓ tests/integration/outbox.test.ts (2 tests) 1911ms
   ✓ F09 real queue replay and crash recovery (2)
     ✓ crash after SMTP delivery retries without duplicating mail or notifications 1274ms
     ✓ an old publish event cannot resurrect withdrawn inventory 634ms
 ✓ tests/integration/viewing-reminders.test.ts (6 tests) 2007ms
   ✓ L06 confirmation schedules one versioned reminder; actual BullMQ and SMTP receipt replay produce one email and one native notification 487ms
   ✓ L06 cancellation invalidates queued and failed reminders and all stale retries send no email 420ms
   ✓ L06 transactional reminders never email unverified accounts, and inactive accounts receive no reminder 316ms
 ✓ tests/integration/lease-drafts.test.ts (4 tests) 2060ms
   ✓ P03 updates only current draft versions, retains original history and denies ended lease term edits 854ms
   ✓ P03 another real manager retains an existing team PDF while foreign and tenant document access are denied 647ms
 ✓ tests/integration/approved-tours.test.ts (1 test) 1603ms
   ✓ D09 only scanned decoded approved panoramas expose public metadata and a tour badge; denied assets expose no storage URL 1601ms
 ✓ tests/integration/listing-expiration.test.ts (5 tests) 1612ms
   ✓ I08 real queue expiration and late duplicate jobs create one atomic transition and remove public destinations/search 940ms
 ✓ tests/integration/notifications.test.ts (6 tests) 1636ms
   ✓ A05 a real publication worker plans one daily digest; BullMQ delivers one provider-accepted email and one in-app notification; replay stays deduplicated 827ms
 ✓ tests/integration/viewing-bookings.test.ts (6 tests) 1439ms
   ✓ L04 database writes require current metadata and retained travel gaps apply across properties 434ms
 ✓ tests/integration/home-content.test.ts (3 tests) 1336ms
   ✓ S03 versioned scheduled publication uses the exact eligible snapshot, preserves independent draft edits and current public visibility 750ms
   ✓ S03 actual editor taxonomy is versioned with immutable history; disabled eligibility hides publication and blocks draft admission 301ms
 ✓ tests/integration/messages.test.ts (5 tests) 1318ms
   ✓ M02 foreign/unscanned/stale and other-conversation files are denied without partial message/event/attachment writes 422ms
 ✓ tests/integration/search-projection.test.ts (2 tests) 1308ms
   ✓ D01 approved public projection is searchable with exact decimal price and no private fields; old publication cannot resurrect withdrawal 1305ms
 ✓ tests/integration/development-inventory.test.ts (2 tests) 1078ms
   ✓ N02 publishes exact decimal range with an approved drawing, keeps types distinct from individual offered units and derives nonnegative availability with timestamps 621ms
   ✓ N02 invalid ranges, foreign/unapproved drawing, wrong building/area, stale versions and incompatible type changes are denied; draft types are private 415ms
 ✓ tests/integration/realtime.test.ts (3 tests) 1158ms
   ✓ M04 replay after a saved sequence returns ordered missing pages and no duplicate previously received records 777ms
 ✓ tests/integration/account-privacy.test.ts (4 tests) 985ms
   ✓ A06 one-snapshot personal export excludes another persona even for an administrator and keeps money as decimal strings 348ms
 ✓ tests/integration/agent-directory.test.ts (3 tests) 950ms
   ✓ B02 assigned inventory and current counts exclude unpublished/withdrawn offers immediately 512ms
 ✓ tests/integration/city-taxonomy-bootstrap.test.ts (2 tests) 885ms
   ✓ Q04 cold seed includes editable categories and a trusted replay preserves existing native labels, state, versions and original activity 797ms
 ✓ tests/integration/viewing-availability.test.ts (6 tests) 835ms
   ✓ L03 private blocked intervals and existing agent appointments remove overlapping or buffered slots; cancellation restores capacity 313ms
 ✓ tests/integration/read-cursors.test.ts (4 tests) 896ms
 ✓ tests/integration/agent-credentials.test.ts (3 tests) 652ms
   ✓ B01 independent approval produces a badge; own/private projections omit internal notes and document identifiers 311ms
 ✓ tests/integration/quotes.test.ts (4 tests) 613ms
 ✓ tests/integration/home-discovery.test.ts (2 tests) 637ms
   ✓ D07 city-scoped bounded home feeds show only active eligible curation and disclosed sponsorship; withdrawal/sold-out remove cards immediately 580ms
 ✓ tests/integration/discovery-ranking.test.ts (2 tests) 710ms
   ✓ D06 known freshness/view/curated scores produce deterministic order, duplicate events cannot inflate it, and withdrawn or private data is excluded 643ms
 ✓ tests/integration/tenant-links.test.ts (4 tests) 663ms
   ✓ P02 verified recipient accepts exact grant invitation once and reads own linked profile without enumerating others 396ms
 ✓ tests/integration/browsing-history.test.ts (1 test) 511ms
   ✓ A03 history is opt-in, versioned, removable/clearable and scoped; archived favorites/history stay unavailable without private fields 508ms
 ✓ tests/integration/provider-discovery.test.ts (1 test) 565ms
   ✓ V02 filters published providers by exact category/canonical area/text/city with bounded stable pages; other areas and unknown matches remain empty 500ms
 ✓ tests/integration/inquiries.test.ts (6 tests) 521ms
 ✓ tests/integration/owner-grants.test.ts (2 tests) 491ms
   ✓ O01 owner creates an exact private draft using a current explicit grant; contact audience isolates reviewers then the assigned team 389ms
 ✓ tests/integration/development-review.test.ts (4 tests) 437ms
 ✓ tests/integration/owner-evidence.test.ts (2 tests) 445ms
   ✓ O03 actual approved PDF attachment is versioned, scoped and labelled; authorized downloads are audited and expired/foreign tickets fail 334ms
 ✓ tests/integration/contracts.test.ts (5 tests) 440ms
   ✓ F08 generated API contract (5)
     ✓ published OpenAPI matches generated operations exactly 307ms
 ✓ tests/integration/support-workbench.test.ts (3 tests) 451ms
 ✓ tests/integration/resale-detail.test.ts (1 test) 422ms
   ✓ D08 detail exposes only published facts and current eligible assigned agents; expired/unassigned agents and withdrawn listings cannot receive bookings 419ms
 ✓ tests/integration/management-grants.test.ts (5 tests) 444ms
 ✓ tests/integration/analytics.test.ts (3 tests) 436ms
   ✓ S06 six declared consented source events project exact unique counts; retries, repeated-source events and concurrent workers cannot double count or expose private text 367ms
 ✓ tests/integration/owner-wizard.test.ts (2 tests) 406ms
 ✓ tests/integration/agency-assignments.test.ts (3 tests) 390ms
 ✓ tests/integration/development-discovery.test.ts (2 tests) 449ms
   ✓ N03 development SQL search returns expected city/district/budget/basis/status/type-range IDs, stable pages, unknown prices and explicit public fields 388ms
 ✓ tests/integration/support-cases.test.ts (3 tests) 342ms
 ✓ tests/integration/crm.test.ts (4 tests) 343ms
 ✓ tests/integration/conversations.test.ts (3 tests) 286ms
 ✓ tests/integration/owner-lifecycle.test.ts (3 tests) 332ms
 ✓ tests/integration/seo.test.ts (2 tests) 273ms
 ✓ tests/integration/listing-workflow.test.ts (6 tests) 250ms
 ✓ tests/integration/development-detail.test.ts (2 tests) 293ms
 ✓ tests/integration/agency-memberships.test.ts (3 tests) 267ms
 ✓ tests/integration/favorites.test.ts (1 test) 236ms
 ✓ tests/integration/database.test.ts (15 tests) 227ms
 ✓ tests/integration/agent-dashboard.test.ts (3 tests) 203ms
 ✓ tests/integration/saved-searches.test.ts (2 tests) 248ms
 ✓ tests/integration/commercial-facts.test.ts (3 tests) 204ms
 ✓ tests/integration/commercial-detail.test.ts (2 tests) 243ms
 ✓ tests/integration/rental-detail.test.ts (2 tests) 211ms
 ✓ tests/integration/rental-terms.test.ts (2 tests) 190ms
 ✓ tests/integration/platform-administration.test.ts (3 tests) 190ms
 ✓ tests/integration/development-projects.test.ts (2 tests) 207ms
 ✓ tests/integration/owner-assignment.test.ts (2 tests) 227ms
 ✓ tests/integration/market-policy.test.ts (2 tests) 180ms
 ✓ tests/integration/listing-revisions.test.ts (4 tests) 132ms
 ✓ tests/integration/search-history.test.ts (2 tests) 139ms
 ✓ tests/integration/mortgage-market.test.ts (1 test) 82ms
 ✓ tests/integration/account-profile.test.ts (1 test) 73ms
 ✓ tests/integration/inventory-schema.test.ts (6 tests) 67ms
 ✓ tests/integration/moderation-evidence.test.ts (4 tests) 64ms
 ✓ tests/integration/geography.test.ts (4 tests) 48ms
 ✓ tests/integration/readiness.test.ts (2 tests) 29ms

 Test Files  85 passed (85)
      Tests  294 passed (294)
   Start at  20:18:07
   Duration  229.30s (tests 69%, import 30%, transform 1%)

     Import  272 modules were evaluated 371 times · 66.65s total, 30% of tracked time
             ~17.79s faster with isolate: false — shared modules are evaluated once per worker instead of once per file
             learn more: https://vitest.dev/guide/improving-performance#test-isolation
