
> haven-real-estate@0.1.0 test:unit /workspace
> vitest run tests/unit


 RUN  v5.0.3 /workspace

 ✓ tests/unit/mortgage-engine.test.ts (4 tests) 163ms
 ✓ tests/unit/contracts.test.ts (11 tests) 37ms
 ✓ tests/unit/notification-provider.test.ts (2 tests) 18ms
 ✓ tests/unit/fixtures.test.ts (3 tests) 49ms
 ✓ tests/unit/mortgage-csv.test.ts (2 tests) 42ms
 ✓ tests/unit/spatial-media.test.ts (6 tests) 20ms
 ✓ tests/unit/money-inputs.test.ts (2 tests) 11ms
 ✓ tests/unit/visual-policy.test.ts (2 tests) 18ms
 ✓ tests/unit/inquiry-client.test.ts (1 test) 10ms
 ✓ tests/unit/tour-input.test.ts (3 tests) 6ms
 ✓ tests/unit/staff-mfa-flow.test.ts (1 test) 6ms
 ✓ tests/unit/observability.test.ts (2 tests) 5ms
 ✓ tests/unit/exact-parity.test.ts (2 tests) 9ms
 ✓ tests/unit/reference.test.ts (3 tests) 5ms

 Test Files  14 passed (14)
      Tests  44 passed (44)
   Start at  20:02:46
   Duration  4.80s (transform 48%, import 36%, tests 14%, worker 3%)

    Isolate  14 workers spawned · ~124ms startup each (spawn + environment, per file)
             at least ~1.61s faster with isolate: false — reuses workers across files instead of one per file
