 Container haven-p09-runtime-tests-run-a8d699fef5d7 Creating
 Container haven-p09-runtime-tests-run-a8d699fef5d7 Created

Running 34 tests using 1 worker

  ✓   1 [desktop] › tests/e2e/account-privacy.spec.ts:10:1 › A06 fresh account downloads only its own data, confirms deletion, revokes both real sessions and cannot sign back into Haven (11.1s)
  ✓   2 [desktop] › tests/e2e/account-profile.spec.ts:11:1 › A01 own display name/date preference survives refresh and sign-in; other profiles and expired sessions cannot be edited (8.9s)
  ✓   3 [desktop] › tests/e2e/account-profile.spec.ts:24:1 › A01 account API outage shows retry without claiming logout (1.9s)
  ✘   4 [desktop] › tests/e2e/account-profile.spec.ts:27:1 › A01 identity-managed registration and email recovery reset a synthetic account password and preserve its local profile (6.1s)
  ✘   5 [desktop] › tests/e2e/commercial-detail.spec.ts:9:1 › C03 business detail and inquiry preserve the declared offer in the responsible agent workspace and reject withdrawal (25.3s)
  ✓   6 [desktop] › tests/e2e/commercial-facts.spec.ts:4:1 › C01 agent authors an annual per-usable-area furnished office, corrects invalid area, and restores explicit commercial facts after editing and refresh (21.0s)
  ✓   7 [desktop] › tests/e2e/crm.spec.ts:9:1 › L02 agent filters, contacts and qualifies an assigned inquiry, retries a private note and restores the recorded timeline after refresh (14.1s)
  ✓   8 [desktop] › tests/e2e/development-review.spec.ts:4:1 › N05 developer submits publication, independent moderator rejects and approves, browser inventory update stays versioned and selected-type sales leads are scoped (15.7s)
  ✓   9 [desktop] › tests/e2e/listing-workflow.spec.ts:3:1 › I03 author submits a private draft and moderator reviews, rejects incomplete publication and returns a reason (28.7s)
  ✓  10 [desktop] › tests/e2e/mortgage.spec.ts:4:1 › T02 method changes show exact fixture cents, expanded schedule and English invalid-input states (2.6s)
  ✓  11 [desktop] › tests/e2e/mortgage.spec.ts:9:1 › T03 downloaded schedule matches displayed exact totals and configured notes with safe Unicode title (1.8s)
  ✓  12 [desktop] › tests/e2e/owner-assignment.spec.ts:5:1 › O04 authorized assignment is shown in owner progress and notices while private review notes remain hidden (10.4s)
  ✓  13 [desktop] › tests/e2e/owner-lifecycle.spec.ts:9:1 › O05 owner proposes an exact price, independent approval publishes it, and pause/renew/completion remain scoped (47.4s)
  ✓  14 [desktop] › tests/e2e/owner-lifecycle.spec.ts:18:1 › O05 owned unknown amounts stay unknown and commercial rental prices retain exact area basis and billing period (1.8s)
  ✓  15 [desktop] › tests/e2e/owner-wizard.spec.ts:5:1 › O02 private invalid-area progress survives refresh and login return, then the full sale/media/contact/review wizard submits (9.5s)
  ✓  16 [desktop] › tests/e2e/quotes.spec.ts:8:1 › V03 native consumer lost receipt retry, assigned vendor contact and retained customer timeline (10.5s)
  ✓  17 [desktop] › tests/e2e/viewing-calendar.spec.ts:9:1 › L05 confirmed calendar reschedule preserves the original on conflict and retries a lost receipt; assigned actions cancel, complete and record no-show (40.7s)
  ✓  18 [mobile] › tests/e2e/account-privacy.spec.ts:10:1 › A06 fresh account downloads only its own data, confirms deletion, revokes both real sessions and cannot sign back into Haven (4.8s)
  ✓  19 [mobile] › tests/e2e/account-profile.spec.ts:11:1 › A01 own display name/date preference survives refresh and sign-in; other profiles and expired sessions cannot be edited (5.1s)
  ✓  20 [mobile] › tests/e2e/account-profile.spec.ts:24:1 › A01 account API outage shows retry without claiming logout (1.5s)
  ✘  21 [mobile] › tests/e2e/account-profile.spec.ts:27:1 › A01 identity-managed registration and email recovery reset a synthetic account password and preserve its local profile (2.6s)
  ✘  22 [mobile] › tests/e2e/commercial-detail.spec.ts:9:1 › C03 business detail and inquiry preserve the declared offer in the responsible agent workspace and reject withdrawal (24.2s)
  ✓  23 [mobile] › tests/e2e/commercial-facts.spec.ts:4:1 › C01 agent authors an annual per-usable-area furnished office, corrects invalid area, and restores explicit commercial facts after editing and refresh (22.1s)
  ✓  24 [mobile] › tests/e2e/crm.spec.ts:9:1 › L02 agent filters, contacts and qualifies an assigned inquiry, retries a private note and restores the recorded timeline after refresh (26.1s)
  ✓  25 [mobile] › tests/e2e/development-review.spec.ts:4:1 › N05 developer submits publication, independent moderator rejects and approves, browser inventory update stays versioned and selected-type sales leads are scoped (8.7s)
  ✓  26 [mobile] › tests/e2e/listing-workflow.spec.ts:3:1 › I03 author submits a private draft and moderator reviews, rejects incomplete publication and returns a reason (47.9s)
  ✓  27 [mobile] › tests/e2e/mortgage.spec.ts:4:1 › T02 method changes show exact fixture cents, expanded schedule and English invalid-input states (2.6s)
  ✓  28 [mobile] › tests/e2e/mortgage.spec.ts:9:1 › T03 downloaded schedule matches displayed exact totals and configured notes with safe Unicode title (1.8s)
  ✓  29 [mobile] › tests/e2e/owner-assignment.spec.ts:5:1 › O04 authorized assignment is shown in owner progress and notices while private review notes remain hidden (6.8s)
  ✓  30 [mobile] › tests/e2e/owner-lifecycle.spec.ts:9:1 › O05 owner proposes an exact price, independent approval publishes it, and pause/renew/completion remain scoped (48.6s)
  ✓  31 [mobile] › tests/e2e/owner-lifecycle.spec.ts:18:1 › O05 owned unknown amounts stay unknown and commercial rental prices retain exact area basis and billing period (1.4s)
  ✓  32 [mobile] › tests/e2e/owner-wizard.spec.ts:5:1 › O02 private invalid-area progress survives refresh and login return, then the full sale/media/contact/review wizard submits (8.2s)
  ✓  33 [mobile] › tests/e2e/quotes.spec.ts:8:1 › V03 native consumer lost receipt retry, assigned vendor contact and retained customer timeline (6.1s)
  ✓  34 [mobile] › tests/e2e/viewing-calendar.spec.ts:9:1 › L05 confirmed calendar reschedule preserves the original on conflict and retries a lost receipt; assigned actions cancel, complete and record no-show (45.4s)


  1) [desktop] › tests/e2e/account-profile.spec.ts:27:1 › A01 identity-managed registration and email recovery reset a synthetic account password and preserve its local profile

    TypeError: fetch failed
    [cause]: Error: getaddrinfo ENOTFOUND identity-p09

    attachment #1: screenshot (image/png) ──────────────────────────────────────────────────────────
    ../artifacts/marketplace-critical/account-profile-A01-identi-34dad--preserve-its-local-profile-desktop/test-failed-1.png
    ────────────────────────────────────────────────────────────────────────────────────────────────

    Error Context: ../artifacts/marketplace-critical/account-profile-A01-identi-34dad--preserve-its-local-profile-desktop/error-context.md

    Error Context: ../artifacts/marketplace-critical/account-profile-A01-identi-34dad--preserve-its-local-profile-desktop/error-context.md

    attachment #4: trace (application/zip) ─────────────────────────────────────────────────────────
    ../artifacts/marketplace-critical/account-profile-A01-identi-34dad--preserve-its-local-profile-desktop/trace.zip
    Usage:

        pnpm exec playwright show-trace ../artifacts/marketplace-critical/account-profile-A01-identi-34dad--preserve-its-local-profile-desktop/trace.zip

    ────────────────────────────────────────────────────────────────────────────────────────────────

  2) [desktop] › tests/e2e/commercial-detail.spec.ts:9:1 › C03 business detail and inquiry preserve the declared offer in the responsible agent workspace and reject withdrawal

    Error: expect(locator).toBeVisible() failed

    Locator: getByRole('row').filter({ hasText: 'C03 business 2fb5a578-2da6-40f5-a457-ba9308c72965' })
    Expected: visible
    Timeout: 15000ms
    Error: element(s) not found

    Call log:
      - Expect "toBeVisible" getByRole('row').filter({ hasText: 'C03 business 2fb5a578-2da6-40f5-a457-ba9308c72965' }) with timeout 15000ms
      - waiting for getByRole('row').filter({ hasText: 'C03 business 2fb5a578-2da6-40f5-a457-ba9308c72965' })


       9 | test('C03 business detail and inquiry preserve the declared offer in the responsible agent workspace and reject withdrawal',async({page},info)=>{
      10 |  test.setTimeout(180000);const row=await staff(async c=>{const row=(await c.query("INSERT INTO listings(unit_id,organization_id,owner_id,agent_id,slug,title,description,transaction,segment,currency,price,rent_period,photos,status,published_at) SELECT unit_id,organization_id,owner_id,agent_id,$1,'C03 synthetic business premises',description,'rent','commercial','CNY','2400.75','year',photos,'published',now() FROM listings WHERE id='10000000-0000-4000-8000-000000002000' RETURNING id,slug",['c03-browser-'+crypto.randomUUID()])).rows[0];await c.query("INSERT INTO commercial_details(listing_id,property_type,gross_area,usable_area,area_basis,rent_basis,fit_out,floor,parking_spaces,permitted_uses) VALUES($1,'office','180.25','150.75','usable','per_area','Furnished',7,2,ARRAY['Office','Research'])",[row.id]);return row;});
    > 11 |  try{await login(page,'buyer',(process.env.PUBLIC_WEB_URL||'http://localhost:8088'),'/bj/commercial/'+row.slug);const facts=page.getByRole('region',{name:'Commercial offer',exact:true});await expect(facts).toContainText('CNY 2,400.75 / m² (usable) / year');await expect(facts).toContainText('180.25 m²');await expect(facts).toContainText('150.75 m²');await expect(facts).toContainText('Office · Research');await expect(page.getByText('Bedrooms',{exact:true})).toHaveCount(0);await expect(page.getByText('Rental terms',{exact:true})).toHaveCount(0);await expect(page.getByText('Local property agent · Credentials unverified',{exact:true})).toBeVisible();await expect(page.getByRole('region',{name:'Property locations',exact:true})).toBeVisible();await page.getByRole('button',{name:'Send a business inquiry',exact:true}).click();const dialog=page.getByRole('dialog',{name:'Business inquiry',exact:true});await expect(dialog).toContainText('CNY 2,400.75 / m² (usable) / year');const name='C03 business '+crypto.randomUUID();await dialog.getByLabel('Your name',{exact:true}).fill(name);await dialog.getByLabel('Email address',{exact:true}).fill('c03-browser@example.test');await dialog.getByLabel('Phone number',{exact:true}).fill('123456789');await dialog.getByLabel('How can we help?',{exact:true}).fill('Please confirm this office is suitable for our business.');await dialog.getByRole('checkbox').check();const axe=await new AxeBuilder({page}).include('dialog').analyze();expect(axe.violations.filter(v=>v.impact==='serious'||v.impact==='critical')).toEqual([]);await page.screenshot({path:`evidence/c03-inquiry-${info.project.name}.png`,scale:'css'});const submitted=page.waitForResponse(r=>r.url().endsWith('/api/v1/inquiries')&&r.request().method()==='POST');await dialog.getByRole('button',{name:'Send inquiry',exact:true}).click();const response=await submitted;expect(response.status()).toBe(201);expect(response.request().postDataJSON()).toMatchObject({resourceId:row.id,resourceVersion:1});const leadId=(await response.json()).data.id;await expect(dialog).toHaveCount(0);await staff(c=>c.query("UPDATE listings SET price='2600.75',version=version+1 WHERE id=$1",[row.id]));const input={resourceId:row.id,resourceType:'listing',resourceVersion:1,name,email:'c03-browser@example.test',phone:'123456789',message:'Please confirm this office offer.',consent:true};expect((await apiRequest(page,'/inquiries',input)).status()).toBe(409);await staff(c=>c.query("UPDATE listings SET status='paused',version=version+1 WHERE id=$1",[row.id]));expect((await apiRequest(page,'/inquiries',{...input,resourceVersion:3})).status()).toBe(404);await page.reload();await expect(page.getByRole('heading',{name:'This page is unavailable.',exact:true})).toBeVisible();await login(page,'agent',(process.env.PUBLIC_OPS_URL||'http://localhost:8089'),'/ops/leads');const leads=(await (await page.request.get((process.env.PUBLIC_OPS_URL||'http://localhost:8089')+'/api/v1/ops/leads')).json()).data;expect(leads.find((lead:any)=>lead.id===leadId)).toMatchObject({commercial_context:{price:'2400.75',priceBasis:'per_area',areaBasis:'usable',rentPeriod:'year'}});const leadRow=page.getByRole('row').filter({hasText:name});await expect(leadRow).toBeVisible();await leadRow.getByText('Commercial office · rent',{exact:true}).click();await expect(leadRow).toContainText('CNY 2400.75');await expect(leadRow).toContainText('Office · Research');expect(await page.evaluate(()=>document.documentElement.scrollWidth<=window.innerWidth)).toBe(true);await page.screenshot({path:`evidence/c03-lead-${info.project.name}.png`,scale:'css'});
         |                                                                                                                                                                                                                                                                                                                                                                                                                                                                                                                                                                                                                                                                                                                                                                                                                                                                                                                                                                                                                                                                                                                                                                                                                                                                                                                                                                                                                                                                                                                                                                                                                                                                                                                                                                                                                                                                                                                                                                                                                                                                                                                                                                                                                                                                                                                                                                                                                                                                                                                                                                                                                                                                                                                                                                                                                                                                                                                                                                                                                                                                                                                                                                                                                                                                                                                                                        ^
      12 |  }finally{await staff(c=>c.query("UPDATE listings SET status='archived',version=version+1 WHERE id=$1",[row.id]));}
      13 | });
      14 |
        at /workspace/tests/e2e/commercial-detail.spec.ts:11:3224

    attachment #1: screenshot (image/png) ──────────────────────────────────────────────────────────
    ../artifacts/marketplace-critical/commercial-detail-C03-busi-ff2f0-space-and-reject-withdrawal-desktop/test-failed-1.png
    ────────────────────────────────────────────────────────────────────────────────────────────────

    Error Context: ../artifacts/marketplace-critical/commercial-detail-C03-busi-ff2f0-space-and-reject-withdrawal-desktop/error-context.md

    Error Context: ../artifacts/marketplace-critical/commercial-detail-C03-busi-ff2f0-space-and-reject-withdrawal-desktop/error-context.md

    attachment #4: trace (application/zip) ─────────────────────────────────────────────────────────
    ../artifacts/marketplace-critical/commercial-detail-C03-busi-ff2f0-space-and-reject-withdrawal-desktop/trace.zip
    Usage:

        pnpm exec playwright show-trace ../artifacts/marketplace-critical/commercial-detail-C03-busi-ff2f0-space-and-reject-withdrawal-desktop/trace.zip

    ────────────────────────────────────────────────────────────────────────────────────────────────

  3) [mobile] › tests/e2e/account-profile.spec.ts:27:1 › A01 identity-managed registration and email recovery reset a synthetic account password and preserve its local profile

    TypeError: fetch failed
    [cause]: Error: getaddrinfo ENOTFOUND identity-p09

    attachment #1: screenshot (image/png) ──────────────────────────────────────────────────────────
    ../artifacts/marketplace-critical/account-profile-A01-identi-34dad--preserve-its-local-profile-mobile/test-failed-1.png
    ────────────────────────────────────────────────────────────────────────────────────────────────

    Error Context: ../artifacts/marketplace-critical/account-profile-A01-identi-34dad--preserve-its-local-profile-mobile/error-context.md

    Error Context: ../artifacts/marketplace-critical/account-profile-A01-identi-34dad--preserve-its-local-profile-mobile/error-context.md

    attachment #4: trace (application/zip) ─────────────────────────────────────────────────────────
    ../artifacts/marketplace-critical/account-profile-A01-identi-34dad--preserve-its-local-profile-mobile/trace.zip
    Usage:

        pnpm exec playwright show-trace ../artifacts/marketplace-critical/account-profile-A01-identi-34dad--preserve-its-local-profile-mobile/trace.zip

    ────────────────────────────────────────────────────────────────────────────────────────────────

  4) [mobile] › tests/e2e/commercial-detail.spec.ts:9:1 › C03 business detail and inquiry preserve the declared offer in the responsible agent workspace and reject withdrawal

    Error: expect(locator).toBeVisible() failed

    Locator: getByRole('row').filter({ hasText: 'C03 business 9910be92-d165-4df6-a01b-1a81f81c4774' })
    Expected: visible
    Timeout: 15000ms
    Error: element(s) not found

    Call log:
      - Expect "toBeVisible" getByRole('row').filter({ hasText: 'C03 business 9910be92-d165-4df6-a01b-1a81f81c4774' }) with timeout 15000ms
      - waiting for getByRole('row').filter({ hasText: 'C03 business 9910be92-d165-4df6-a01b-1a81f81c4774' })


       9 | test('C03 business detail and inquiry preserve the declared offer in the responsible agent workspace and reject withdrawal',async({page},info)=>{
      10 |  test.setTimeout(180000);const row=await staff(async c=>{const row=(await c.query("INSERT INTO listings(unit_id,organization_id,owner_id,agent_id,slug,title,description,transaction,segment,currency,price,rent_period,photos,status,published_at) SELECT unit_id,organization_id,owner_id,agent_id,$1,'C03 synthetic business premises',description,'rent','commercial','CNY','2400.75','year',photos,'published',now() FROM listings WHERE id='10000000-0000-4000-8000-000000002000' RETURNING id,slug",['c03-browser-'+crypto.randomUUID()])).rows[0];await c.query("INSERT INTO commercial_details(listing_id,property_type,gross_area,usable_area,area_basis,rent_basis,fit_out,floor,parking_spaces,permitted_uses) VALUES($1,'office','180.25','150.75','usable','per_area','Furnished',7,2,ARRAY['Office','Research'])",[row.id]);return row;});
    > 11 |  try{await login(page,'buyer',(process.env.PUBLIC_WEB_URL||'http://localhost:8088'),'/bj/commercial/'+row.slug);const facts=page.getByRole('region',{name:'Commercial offer',exact:true});await expect(facts).toContainText('CNY 2,400.75 / m² (usable) / year');await expect(facts).toContainText('180.25 m²');await expect(facts).toContainText('150.75 m²');await expect(facts).toContainText('Office · Research');await expect(page.getByText('Bedrooms',{exact:true})).toHaveCount(0);await expect(page.getByText('Rental terms',{exact:true})).toHaveCount(0);await expect(page.getByText('Local property agent · Credentials unverified',{exact:true})).toBeVisible();await expect(page.getByRole('region',{name:'Property locations',exact:true})).toBeVisible();await page.getByRole('button',{name:'Send a business inquiry',exact:true}).click();const dialog=page.getByRole('dialog',{name:'Business inquiry',exact:true});await expect(dialog).toContainText('CNY 2,400.75 / m² (usable) / year');const name='C03 business '+crypto.randomUUID();await dialog.getByLabel('Your name',{exact:true}).fill(name);await dialog.getByLabel('Email address',{exact:true}).fill('c03-browser@example.test');await dialog.getByLabel('Phone number',{exact:true}).fill('123456789');await dialog.getByLabel('How can we help?',{exact:true}).fill('Please confirm this office is suitable for our business.');await dialog.getByRole('checkbox').check();const axe=await new AxeBuilder({page}).include('dialog').analyze();expect(axe.violations.filter(v=>v.impact==='serious'||v.impact==='critical')).toEqual([]);await page.screenshot({path:`evidence/c03-inquiry-${info.project.name}.png`,scale:'css'});const submitted=page.waitForResponse(r=>r.url().endsWith('/api/v1/inquiries')&&r.request().method()==='POST');await dialog.getByRole('button',{name:'Send inquiry',exact:true}).click();const response=await submitted;expect(response.status()).toBe(201);expect(response.request().postDataJSON()).toMatchObject({resourceId:row.id,resourceVersion:1});const leadId=(await response.json()).data.id;await expect(dialog).toHaveCount(0);await staff(c=>c.query("UPDATE listings SET price='2600.75',version=version+1 WHERE id=$1",[row.id]));const input={resourceId:row.id,resourceType:'listing',resourceVersion:1,name,email:'c03-browser@example.test',phone:'123456789',message:'Please confirm this office offer.',consent:true};expect((await apiRequest(page,'/inquiries',input)).status()).toBe(409);await staff(c=>c.query("UPDATE listings SET status='paused',version=version+1 WHERE id=$1",[row.id]));expect((await apiRequest(page,'/inquiries',{...input,resourceVersion:3})).status()).toBe(404);await page.reload();await expect(page.getByRole('heading',{name:'This page is unavailable.',exact:true})).toBeVisible();await login(page,'agent',(process.env.PUBLIC_OPS_URL||'http://localhost:8089'),'/ops/leads');const leads=(await (await page.request.get((process.env.PUBLIC_OPS_URL||'http://localhost:8089')+'/api/v1/ops/leads')).json()).data;expect(leads.find((lead:any)=>lead.id===leadId)).toMatchObject({commercial_context:{price:'2400.75',priceBasis:'per_area',areaBasis:'usable',rentPeriod:'year'}});const leadRow=page.getByRole('row').filter({hasText:name});await expect(leadRow).toBeVisible();await leadRow.getByText('Commercial office · rent',{exact:true}).click();await expect(leadRow).toContainText('CNY 2400.75');await expect(leadRow).toContainText('Office · Research');expect(await page.evaluate(()=>document.documentElement.scrollWidth<=window.innerWidth)).toBe(true);await page.screenshot({path:`evidence/c03-lead-${info.project.name}.png`,scale:'css'});
         |                                                                                                                                                                                                                                                                                                                                                                                                                                                                                                                                                                                                                                                                                                                                                                                                                                                                                                                                                                                                                                                                                                                                                                                                                                                                                                                                                                                                                                                                                                                                                                                                                                                                                                                                                                                                                                                                                                                                                                                                                                                                                                                                                                                                                                                                                                                                                                                                                                                                                                                                                                                                                                                                                                                                                                                                                                                                                                                                                                                                                                                                                                                                                                                                                                                                                                                                                        ^
      12 |  }finally{await staff(c=>c.query("UPDATE listings SET status='archived',version=version+1 WHERE id=$1",[row.id]));}
      13 | });
      14 |
        at /workspace/tests/e2e/commercial-detail.spec.ts:11:3224

    attachment #1: screenshot (image/png) ──────────────────────────────────────────────────────────
    ../artifacts/marketplace-critical/commercial-detail-C03-busi-ff2f0-space-and-reject-withdrawal-mobile/test-failed-1.png
    ────────────────────────────────────────────────────────────────────────────────────────────────

    Error Context: ../artifacts/marketplace-critical/commercial-detail-C03-busi-ff2f0-space-and-reject-withdrawal-mobile/error-context.md

    Error Context: ../artifacts/marketplace-critical/commercial-detail-C03-busi-ff2f0-space-and-reject-withdrawal-mobile/error-context.md

    attachment #4: trace (application/zip) ─────────────────────────────────────────────────────────
    ../artifacts/marketplace-critical/commercial-detail-C03-busi-ff2f0-space-and-reject-withdrawal-mobile/trace.zip
    Usage:

        pnpm exec playwright show-trace ../artifacts/marketplace-critical/commercial-detail-C03-busi-ff2f0-space-and-reject-withdrawal-mobile/trace.zip

    ────────────────────────────────────────────────────────────────────────────────────────────────

  4 failed
    [desktop] › tests/e2e/account-profile.spec.ts:27:1 › A01 identity-managed registration and email recovery reset a synthetic account password and preserve its local profile
    [desktop] › tests/e2e/commercial-detail.spec.ts:9:1 › C03 business detail and inquiry preserve the declared offer in the responsible agent workspace and reject withdrawal
    [mobile] › tests/e2e/account-profile.spec.ts:27:1 › A01 identity-managed registration and email recovery reset a synthetic account password and preserve its local profile
    [mobile] › tests/e2e/commercial-detail.spec.ts:9:1 › C03 business detail and inquiry preserve the declared offer in the responsible agent workspace and reject withdrawal
  30 passed (8.8m)
