 Container haven-p09-runtime-tests-run-d05361bc8c86 Creating
 Container haven-p09-runtime-tests-run-d05361bc8c86 Created
Listing tests:
  [desktop] › account-privacy.spec.ts:10:1 › Q04 / A06 fresh account downloads only its own data, confirms deletion, revokes both real sessions and cannot sign back into Haven
  [desktop] › account-profile.spec.ts:12:1 › Q04 / A01 own display name/date preference survives refresh and sign-in; other profiles and expired sessions cannot be edited
  [desktop] › account-profile.spec.ts:25:1 › Q04 / A01 account API outage shows retry without claiming logout
  [desktop] › account-profile.spec.ts:29:1 › Q04 / A01 identity-managed registration and email recovery reset a synthetic account password and preserve its local profile
  [desktop] › commercial-detail.spec.ts:9:1 › Q04 / C03 business detail and inquiry preserve the declared offer in the responsible agent workspace and reject withdrawal
  [desktop] › commercial-facts.spec.ts:4:1 › Q04 / C01 agent authors an annual per-usable-area furnished office, corrects invalid area, and restores explicit commercial facts after editing and refresh
  [desktop] › crm.spec.ts:9:1 › Q04 / L02 agent filters, contacts and qualifies an assigned inquiry, retries a private note and restores the recorded timeline after refresh
  [desktop] › development-review.spec.ts:4:1 › Q04 / N05 developer submits publication, independent moderator rejects and approves, browser inventory update stays versioned and selected-type sales leads are scoped
  [desktop] › favorites.spec.ts:11:1 › Q04 / A02 guest save returns to the intended property once after login; persistence and another user isolation
  [desktop] › favorites.spec.ts:20:1 › Q04 / A02 failed add/remove rolls back optimistic hearts; duplicate clicks write once and refresh persists
  [desktop] › favorites.spec.ts:31:1 › Q04 / A02 expired save resumes once through standard sign-in and clears stale private state
  [desktop] › inbox.spec.ts:10:1 › Q04 / M03 unread read-cursor updates, refresh selection and failed draft retry work in native consumer and professional inboxes
  [desktop] › listing-workflow.spec.ts:3:1 › Q04 / I03 author submits a private draft and moderator reviews, rejects incomplete publication and returns a reason
  [desktop] › mortgage.spec.ts:4:1 › Q04 / T02 method changes show exact fixture cents, expanded schedule and English invalid-input states
  [desktop] › mortgage.spec.ts:9:1 › Q04 / T03 downloaded schedule matches displayed exact totals and configured notes with safe Unicode title
  [desktop] › owner-assignment.spec.ts:5:1 › Q04 / O04 authorized assignment is shown in owner progress and notices while private review notes remain hidden
  [desktop] › owner-lifecycle.spec.ts:9:1 › Q04 / O05 owner proposes an exact price, independent approval publishes it, and pause/renew/completion remain scoped
  [desktop] › owner-lifecycle.spec.ts:18:1 › Q04 / O05 owned unknown amounts stay unknown and commercial rental prices retain exact area basis and billing period
  [desktop] › owner-wizard.spec.ts:5:1 › Q04 / O02 private invalid-area progress survives refresh and login return, then the full sale/media/contact/review wizard submits
  [desktop] › quotes.spec.ts:8:1 › Q04 / V03 native consumer lost receipt retry, assigned vendor contact and retained customer timeline
  [desktop] › rich-media.spec.ts:4:1 › Q04 / D08/D09/F12 short video, floor-plan viewer and linked 360 scenes publish through moderation
  [desktop] › rich-media.spec.ts:115:1 › Q04 / F12 scan rejection, spoofed video MIME and oversized upload intents
  [desktop] › rich-media.spec.ts:125:1 › Q04 / development floor-plan drawings are uploaded, reviewed and displayed with plan inventory
  [desktop] › spatial-tour.spec.ts:4:1 › Q04 / mapped rooms, multiple floors and real 3D geometry publish only after moderation
  [desktop] › viewing-calendar.spec.ts:9:1 › Q04 / L05 confirmed calendar reschedule preserves the original on conflict and retries a lost receipt; assigned actions cancel, complete and record no-show
  [mobile] › account-privacy.spec.ts:10:1 › Q04 / A06 fresh account downloads only its own data, confirms deletion, revokes both real sessions and cannot sign back into Haven
  [mobile] › account-profile.spec.ts:12:1 › Q04 / A01 own display name/date preference survives refresh and sign-in; other profiles and expired sessions cannot be edited
  [mobile] › account-profile.spec.ts:25:1 › Q04 / A01 account API outage shows retry without claiming logout
  [mobile] › account-profile.spec.ts:29:1 › Q04 / A01 identity-managed registration and email recovery reset a synthetic account password and preserve its local profile
  [mobile] › commercial-detail.spec.ts:9:1 › Q04 / C03 business detail and inquiry preserve the declared offer in the responsible agent workspace and reject withdrawal
  [mobile] › commercial-facts.spec.ts:4:1 › Q04 / C01 agent authors an annual per-usable-area furnished office, corrects invalid area, and restores explicit commercial facts after editing and refresh
  [mobile] › crm.spec.ts:9:1 › Q04 / L02 agent filters, contacts and qualifies an assigned inquiry, retries a private note and restores the recorded timeline after refresh
  [mobile] › development-review.spec.ts:4:1 › Q04 / N05 developer submits publication, independent moderator rejects and approves, browser inventory update stays versioned and selected-type sales leads are scoped
  [mobile] › favorites.spec.ts:11:1 › Q04 / A02 guest save returns to the intended property once after login; persistence and another user isolation
  [mobile] › favorites.spec.ts:20:1 › Q04 / A02 failed add/remove rolls back optimistic hearts; duplicate clicks write once and refresh persists
  [mobile] › favorites.spec.ts:31:1 › Q04 / A02 expired save resumes once through standard sign-in and clears stale private state
  [mobile] › inbox.spec.ts:10:1 › Q04 / M03 unread read-cursor updates, refresh selection and failed draft retry work in native consumer and professional inboxes
  [mobile] › listing-workflow.spec.ts:3:1 › Q04 / I03 author submits a private draft and moderator reviews, rejects incomplete publication and returns a reason
  [mobile] › mortgage.spec.ts:4:1 › Q04 / T02 method changes show exact fixture cents, expanded schedule and English invalid-input states
  [mobile] › mortgage.spec.ts:9:1 › Q04 / T03 downloaded schedule matches displayed exact totals and configured notes with safe Unicode title
  [mobile] › owner-assignment.spec.ts:5:1 › Q04 / O04 authorized assignment is shown in owner progress and notices while private review notes remain hidden
  [mobile] › owner-lifecycle.spec.ts:9:1 › Q04 / O05 owner proposes an exact price, independent approval publishes it, and pause/renew/completion remain scoped
  [mobile] › owner-lifecycle.spec.ts:18:1 › Q04 / O05 owned unknown amounts stay unknown and commercial rental prices retain exact area basis and billing period
  [mobile] › owner-wizard.spec.ts:5:1 › Q04 / O02 private invalid-area progress survives refresh and login return, then the full sale/media/contact/review wizard submits
  [mobile] › quotes.spec.ts:8:1 › Q04 / V03 native consumer lost receipt retry, assigned vendor contact and retained customer timeline
  [mobile] › rich-media.spec.ts:4:1 › Q04 / D08/D09/F12 short video, floor-plan viewer and linked 360 scenes publish through moderation
  [mobile] › rich-media.spec.ts:115:1 › Q04 / F12 scan rejection, spoofed video MIME and oversized upload intents
  [mobile] › rich-media.spec.ts:125:1 › Q04 / development floor-plan drawings are uploaded, reviewed and displayed with plan inventory
  [mobile] › spatial-tour.spec.ts:4:1 › Q04 / mapped rooms, multiple floors and real 3D geometry publish only after moderation
  [mobile] › viewing-calendar.spec.ts:9:1 › Q04 / L05 confirmed calendar reschedule preserves the original on conflict and retries a lost receipt; assigned actions cancel, complete and record no-show
Total: 50 tests in 17 files
