 Container haven-p09-runtime-tests-run-5e19c289c912 Creating
 Container haven-p09-runtime-tests-run-5e19c289c912 Created

Running 24 tests using 1 worker

  ✓   1 [desktop] › tests/e2e/account-profile.spec.ts:12:1 › A01 own display name/date preference survives refresh and sign-in; other profiles and expired sessions cannot be edited (9.6s)
  ✓   2 [desktop] › tests/e2e/account-profile.spec.ts:25:1 › A01 account API outage shows retry without claiming logout (2.0s)
  ✓   3 [desktop] › tests/e2e/account-profile.spec.ts:28:1 › A01 identity-managed registration and email recovery reset a synthetic account password and preserve its local profile (9.0s)
  ✓   4 [desktop] › tests/e2e/commercial-detail.spec.ts:9:1 › C03 business detail and inquiry preserve the declared offer in the responsible agent workspace and reject withdrawal (11.7s)
  ✓   5 [desktop] › tests/e2e/favorites.spec.ts:11:1 › A02 guest save returns to the intended property once after login; persistence and another user isolation (7.7s)
  ✓   6 [desktop] › tests/e2e/favorites.spec.ts:20:1 › A02 failed add/remove rolls back optimistic hearts; duplicate clicks write once and refresh persists (7.8s)
  ✓   7 [desktop] › tests/e2e/favorites.spec.ts:31:1 › A02 expired save resumes once through standard sign-in and clears stale private state (5.6s)
  ✓   8 [desktop] › tests/e2e/inbox.spec.ts:10:1 › M03 unread read-cursor updates, refresh selection and failed draft retry work in native consumer and professional inboxes (9.5s)
  ✓   9 [desktop] › tests/e2e/rich-media.spec.ts:4:1 › D08/D09/F12 short video, floor-plan viewer and linked 360 scenes publish through moderation (1.2m)
  ✓  10 [desktop] › tests/e2e/rich-media.spec.ts:115:1 › F12 scan rejection, spoofed video MIME and oversized upload intents (1.8s)
  ✓  11 [desktop] › tests/e2e/rich-media.spec.ts:125:1 › development floor-plan drawings are uploaded, reviewed and displayed with plan inventory (15.8s)
  ✓  12 [desktop] › tests/e2e/spatial-tour.spec.ts:4:1 › mapped rooms, multiple floors and real 3D geometry publish only after moderation (1.4m)
  ✓  13 [mobile] › tests/e2e/account-profile.spec.ts:12:1 › A01 own display name/date preference survives refresh and sign-in; other profiles and expired sessions cannot be edited (5.3s)
  ✓  14 [mobile] › tests/e2e/account-profile.spec.ts:25:1 › A01 account API outage shows retry without claiming logout (1.6s)
  ✓  15 [mobile] › tests/e2e/account-profile.spec.ts:28:1 › A01 identity-managed registration and email recovery reset a synthetic account password and preserve its local profile (2.7s)
  ✓  16 [mobile] › tests/e2e/commercial-detail.spec.ts:9:1 › C03 business detail and inquiry preserve the declared offer in the responsible agent workspace and reject withdrawal (5.5s)
  ✓  17 [mobile] › tests/e2e/favorites.spec.ts:11:1 › A02 guest save returns to the intended property once after login; persistence and another user isolation (5.1s)
  ✓  18 [mobile] › tests/e2e/favorites.spec.ts:20:1 › A02 failed add/remove rolls back optimistic hearts; duplicate clicks write once and refresh persists (7.5s)
  ✓  19 [mobile] › tests/e2e/favorites.spec.ts:31:1 › A02 expired save resumes once through standard sign-in and clears stale private state (3.8s)
  ✓  20 [mobile] › tests/e2e/inbox.spec.ts:10:1 › M03 unread read-cursor updates, refresh selection and failed draft retry work in native consumer and professional inboxes (6.8s)
  ✓  21 [mobile] › tests/e2e/rich-media.spec.ts:4:1 › D08/D09/F12 short video, floor-plan viewer and linked 360 scenes publish through moderation (49.2s)
  ✓  22 [mobile] › tests/e2e/rich-media.spec.ts:115:1 › F12 scan rejection, spoofed video MIME and oversized upload intents (1.1s)
  ✓  23 [mobile] › tests/e2e/rich-media.spec.ts:125:1 › development floor-plan drawings are uploaded, reviewed and displayed with plan inventory (8.5s)
  ✓  24 [mobile] › tests/e2e/spatial-tour.spec.ts:4:1 › mapped rooms, multiple floors and real 3D geometry publish only after moderation (38.6s)

  24 passed (6.3m)
