 Container haven-p09-runtime-tests-run-f072867262d9 Creating
 Container haven-p09-runtime-tests-run-f072867262d9 Created

Running 8 tests using 1 worker

  ✓  1 [desktop] › tests/e2e/account-profile.spec.ts:12:1 › Q04 / A01 own display name/date preference survives refresh and sign-in; other profiles and expired sessions cannot be edited (9.4s)
  ✓  2 [desktop] › tests/e2e/account-profile.spec.ts:25:1 › Q04 / A01 account API outage shows retry without claiming logout (2.0s)
  ✓  3 [desktop] › tests/e2e/account-profile.spec.ts:29:1 › Q04 / A01 identity-managed registration and email recovery reset a synthetic account password and preserve its local profile (9.6s)
  ✓  4 [desktop] › tests/e2e/commercial-detail.spec.ts:9:1 › Q04 / C03 business detail and inquiry preserve the declared offer in the responsible agent workspace and reject withdrawal (11.2s)
  ✓  5 [mobile] › tests/e2e/account-profile.spec.ts:12:1 › Q04 / A01 own display name/date preference survives refresh and sign-in; other profiles and expired sessions cannot be edited (5.6s)
  ✓  6 [mobile] › tests/e2e/account-profile.spec.ts:25:1 › Q04 / A01 account API outage shows retry without claiming logout (1.6s)
  ✓  7 [mobile] › tests/e2e/account-profile.spec.ts:29:1 › Q04 / A01 identity-managed registration and email recovery reset a synthetic account password and preserve its local profile (2.7s)
  ✘  8 [mobile] › tests/e2e/commercial-detail.spec.ts:9:1 › Q04 / C03 business detail and inquiry preserve the declared offer in the responsible agent workspace and reject withdrawal (19.6s)


  1) [mobile] › tests/e2e/commercial-detail.spec.ts:9:1 › Q04 / C03 business detail and inquiry preserve the declared offer in the responsible agent workspace and reject withdrawal

    Error: expect(locator).toHaveAttribute(expected) failed

    Locator: getByRole('link', { name: 'Consumer marketplace' })
    Expected: "http://localhost:8188/bj"
    Timeout: 15000ms
    Error: element(s) not found

    Call log:
      - Expect "toHaveAttribute" getByRole('link', { name: 'Consumer marketplace' }) with timeout 15000ms
      - waiting for getByRole('link', { name: 'Consumer marketplace' })


       9 | test('Q04 / C03 business detail and inquiry preserve the declared offer in the responsible agent workspace and reject withdrawal',async({page},info)=>{
      10 |  test.setTimeout(180000);const row=await staff(async c=>{const row=(await c.query("INSERT INTO listings(unit_id,organization_id,owner_id,agent_id,slug,title,description,transaction,segment,currency,price,rent_period,photos,status,published_at) SELECT unit_id,organization_id,owner_id,agent_id,$1,'C03 synthetic business premises',description,'rent','commercial','CNY','2400.75','year',photos,'published',now() FROM listings WHERE id='10000000-0000-4000-8000-000000002000' RETURNING id,slug",['c03-browser-'+crypto.randomUUID()])).rows[0];await c.query("INSERT INTO commercial_details(listing_id,property_type,gross_area,usable_area,area_basis,rent_basis,fit_out,floor,parking_spaces,permitted_uses) VALUES($1,'office','180.25','150.75','usable','per_area','Furnished',7,2,ARRAY['Office','Research'])",[row.id]);return row;});
    > 11 |  try{await login(page,'buyer',(process.env.PUBLIC_WEB_URL||'http://localhost:8088'),'/bj/commercial/'+row.slug);await expect(page.getByRole('link',{name:'Professional workspace',exact:false})).toHaveAttribute('href',(process.env.PUBLIC_OPS_URL||'http://localhost:8089')+'/ops');const facts=page.getByRole('region',{name:'Commercial offer',exact:true});await expect(facts).toContainText('CNY 2,400.75 / m² (usable) / year');await expect(facts).toContainText('180.25 m²');await expect(facts).toContainText('150.75 m²');await expect(facts).toContainText('Office · Research');await expect(page.getByText('Bedrooms',{exact:true})).toHaveCount(0);await expect(page.getByText('Rental terms',{exact:true})).toHaveCount(0);await expect(page.getByText('Local property agent · Credentials unverified',{exact:true})).toBeVisible();await expect(page.getByRole('region',{name:'Property locations',exact:true})).toBeVisible();await page.getByRole('button',{name:'Send a business inquiry',exact:true}).click();const dialog=page.getByRole('dialog',{name:'Business inquiry',exact:true});await expect(dialog).toContainText('CNY 2,400.75 / m² (usable) / year');const name='C03 business '+crypto.randomUUID();await dialog.getByLabel('Your name',{exact:true}).fill(name);await dialog.getByLabel('Email address',{exact:true}).fill('c03-browser@example.test');await dialog.getByLabel('Phone number',{exact:true}).fill('123456789');await dialog.getByLabel('How can we help?',{exact:true}).fill('Please confirm this office is suitable for our business.');await dialog.getByRole('checkbox').check();const axe=await new AxeBuilder({page}).include('dialog').analyze();expect(axe.violations.filter(v=>v.impact==='serious'||v.impact==='critical')).toEqual([]);await page.screenshot({path:`evidence/c03-inquiry-${info.project.name}.png`,scale:'css'});const submitted=page.waitForResponse(r=>r.url().endsWith('/api/v1/inquiries')&&r.request().method()==='POST');await dialog.getByRole('button',{name:'Send inquiry',exact:true}).click();const response=await submitted;expect(response.status()).toBe(201);expect(response.request().postDataJSON()).toMatchObject({resourceId:row.id,resourceVersion:1});const leadId=(await response.json()).data.id;await expect(dialog).toHaveCount(0);await staff(c=>c.query("UPDATE listings SET price='2600.75',version=version+1 WHERE id=$1",[row.id]));const input={resourceId:row.id,resourceType:'listing',resourceVersion:1,name,email:'c03-browser@example.test',phone:'123456789',message:'Please confirm this office offer.',consent:true};expect((await apiRequest(page,'/inquiries',input)).status()).toBe(409);await staff(c=>c.query("UPDATE listings SET status='paused',version=version+1 WHERE id=$1",[row.id]));expect((await apiRequest(page,'/inquiries',{...input,resourceVersion:3})).status()).toBe(404);await page.reload();await expect(page.getByRole('heading',{name:'This page is unavailable.',exact:true})).toBeVisible();await login(page,'agent',(process.env.PUBLIC_OPS_URL||'http://localhost:8089'),'/ops/leads');await expect(page.getByRole('link',{name:'Consumer marketplace',exact:false})).toHaveAttribute('href',(process.env.PUBLIC_WEB_URL||'http://localhost:8088')+'/bj');const leads=(await (await page.request.get((process.env.PUBLIC_OPS_URL||'http://localhost:8089')+'/api/v1/ops/leads')).json()).data;expect(leads.find((lead:any)=>lead.id===leadId)).toMatchObject({commercial_context:{price:'2400.75',priceBasis:'per_area',areaBasis:'usable',rentPeriod:'year'}});const leadRow=page.getByRole('article').filter({has:page.getByRole('heading',{name,exact:true})});await expect(leadRow).toBeVisible();await leadRow.getByRole('button',{name:'Open inquiry for '+name,exact:true}).click();const details=page.getByRole('dialog',{name:'Inquiry details',exact:true});await expect(details.getByRole('heading',{name,exact:true})).toBeVisible();await details.getByText('Commercial office · rent',{exact:true}).click();await expect(details).toContainText('CNY 2400.75');await expect(details).toContainText('Office · Research');expect(await page.evaluate(()=>document.documentElement.scrollWidth<=window.innerWidth)).toBe(true);await page.screenshot({path:`evidence/c03-lead-${info.project.name}.png`,scale:'css'});
         |                                                                                                                                                                                                                                                                                                                                                                                                                                                                                                                                                                                                                                                                                                                                                                                                                                                                                                                                                                                                                                                                                                                                                                                                                                                                                                                                                                                                                                                                                                                                                                                                                                                                                                                                                                                                                                                                                                                                                                                                                                                                                                                                                                                                                                                                                                                                                                                                                                                                                                                                                                                                                                                                                                                                                                                                                                                                                                                                                                                                                                                                                                                                                                                                                      ^
      12 |  }finally{await staff(c=>c.query("UPDATE listings SET status='archived',version=version+1 WHERE id=$1",[row.id]));}
      13 | });
      14 |
        at /workspace/tests/e2e/commercial-detail.spec.ts:11:3094

    attachment #1: screenshot (image/png) ──────────────────────────────────────────────────────────
    ../artifacts/marketplace-navigation/commercial-detail-Q04-C03--979d5-space-and-reject-withdrawal-mobile/test-failed-1.png
    ────────────────────────────────────────────────────────────────────────────────────────────────

    Error Context: ../artifacts/marketplace-navigation/commercial-detail-Q04-C03--979d5-space-and-reject-withdrawal-mobile/error-context.md

    Error Context: ../artifacts/marketplace-navigation/commercial-detail-Q04-C03--979d5-space-and-reject-withdrawal-mobile/error-context.md

    attachment #4: trace (application/zip) ─────────────────────────────────────────────────────────
    ../artifacts/marketplace-navigation/commercial-detail-Q04-C03--979d5-space-and-reject-withdrawal-mobile/trace.zip
    Usage:

        pnpm exec playwright show-trace ../artifacts/marketplace-navigation/commercial-detail-Q04-C03--979d5-space-and-reject-withdrawal-mobile/trace.zip

    ────────────────────────────────────────────────────────────────────────────────────────────────

  1 failed
    [mobile] › tests/e2e/commercial-detail.spec.ts:9:1 › Q04 / C03 business detail and inquiry preserve the declared offer in the responsible agent workspace and reject withdrawal
  7 passed (1.1m)
