 Container haven-p09-runtime-tests-run-1b1df14ff23b Creating
 Container haven-p09-runtime-tests-run-1b1df14ff23b Created

Running 30 tests using 1 worker

  ✓   1 [desktop] › tests/e2e/deposits.spec.ts:8:1 › Q05 / P10 native deposit liability recovers acknowledgement, caps releases and keeps rent totals separate (1.2m)
  ✓   2 [desktop] › tests/e2e/financial-reversals.spec.ts:8:1 › Q05 / P09 native payment and charge reversal recover acknowledgement, preserve originals and reconcile credit (57.2s)
  ✓   3 [desktop] › tests/e2e/lease-activation.spec.ts:7:1 › Q05 / P04 native activation recovers lost receipt and withdraws the exact public rental offer (36.8s)
  ✓   4 [desktop] › tests/e2e/lease-drafts.spec.ts:5:1 › Q05 / P03 native exact-decimal lease draft with scanned private PDF, lost-save retry and retained edit history (40.1s)
  ✓   5 [desktop] › tests/e2e/lease-lifecycle.spec.ts:7:1 › Q05 / P05 native renewal and ending retain history, recover receipts and require availability review (1.1m)
  ✓   6 [desktop] › tests/e2e/maintenance-requests.spec.ts:8:1 › Q05 / P12 tenant private photo request and manager assignment retain versions after lost acknowledgements (1.5m)
  ✓   7 [desktop] › tests/e2e/maintenance-workbench.spec.ts:8:1 › Q05 / P13 native resolution, private notes and tenant reopen retain current authority (1.9m)
  ✓   8 [desktop] › tests/e2e/management-dashboard.spec.ts:8:1 › Q05 / P15 native management dashboard restores recorded dates and current property scope (51.7s)
  ✘   9 [desktop] › tests/e2e/management-grants.spec.ts:8:1 › Q05 / P01 owner authorizes canonical property, retries lost receipt, manager portfolio and revocation (19.4s)
  ✓  10 [desktop] › tests/e2e/payment-allocations.spec.ts:7:1 › Q05 / P08 native partial allocation recovers acknowledgement, prevents excess and retains overpayment credit (1.8m)
  ✓  11 [desktop] › tests/e2e/payment-evidence.spec.ts:7:1 › Q05 / P07 native payment draft, edit and posting recover receipts and preserve exact bookkeeping history (47.0s)
  ✓  12 [desktop] › tests/e2e/recurring-charges.spec.ts:7:1 › Q05 / P06 native charge preview shows exact leap-month amount and recovers a lost posting receipt (59.1s)
  ✓  13 [desktop] › tests/e2e/statements.spec.ts:9:1 › Q05 / P14 native owner and tenant period statements export actual reconciled ledger sources (55.2s)
  ✓  14 [desktop] › tests/e2e/tenant-leases.spec.ts:9:1 › Q05 / P11 linked tenant reads actual lease PDF and reconciled balance without private staff evidence (48.8s)
  ✓  15 [desktop] › tests/e2e/tenant-links.spec.ts:7:1 › Q05 / P02 native manager invitation and verified recipient acceptance recover lost receipts and isolate tenant profile (26.2s)
  ✓  16 [mobile] › tests/e2e/deposits.spec.ts:8:1 › Q05 / P10 native deposit liability recovers acknowledgement, caps releases and keeps rent totals separate (1.1m)
  ✓  17 [mobile] › tests/e2e/financial-reversals.spec.ts:8:1 › Q05 / P09 native payment and charge reversal recover acknowledgement, preserve originals and reconcile credit (1.2m)
  ✓  18 [mobile] › tests/e2e/lease-activation.spec.ts:7:1 › Q05 / P04 native activation recovers lost receipt and withdraws the exact public rental offer (41.9s)
  ✓  19 [mobile] › tests/e2e/lease-drafts.spec.ts:5:1 › Q05 / P03 native exact-decimal lease draft with scanned private PDF, lost-save retry and retained edit history (33.7s)
  ✓  20 [mobile] › tests/e2e/lease-lifecycle.spec.ts:7:1 › Q05 / P05 native renewal and ending retain history, recover receipts and require availability review (59.4s)
  ✓  21 [mobile] › tests/e2e/maintenance-requests.spec.ts:8:1 › Q05 / P12 tenant private photo request and manager assignment retain versions after lost acknowledgements (1.6m)
  ✓  22 [mobile] › tests/e2e/maintenance-workbench.spec.ts:8:1 › Q05 / P13 native resolution, private notes and tenant reopen retain current authority (1.6m)
  ✓  23 [mobile] › tests/e2e/management-dashboard.spec.ts:8:1 › Q05 / P15 native management dashboard restores recorded dates and current property scope (1.2m)
  ✘  24 [mobile] › tests/e2e/management-grants.spec.ts:8:1 › Q05 / P01 owner authorizes canonical property, retries lost receipt, manager portfolio and revocation (18.0s)
  ✓  25 [mobile] › tests/e2e/payment-allocations.spec.ts:7:1 › Q05 / P08 native partial allocation recovers acknowledgement, prevents excess and retains overpayment credit (1.2m)
  ✓  26 [mobile] › tests/e2e/payment-evidence.spec.ts:7:1 › Q05 / P07 native payment draft, edit and posting recover receipts and preserve exact bookkeeping history (37.7s)
  ✓  27 [mobile] › tests/e2e/recurring-charges.spec.ts:7:1 › Q05 / P06 native charge preview shows exact leap-month amount and recovers a lost posting receipt (1.1m)
  ✓  28 [mobile] › tests/e2e/statements.spec.ts:9:1 › Q05 / P14 native owner and tenant period statements export actual reconciled ledger sources (58.3s)
  ✓  29 [mobile] › tests/e2e/tenant-leases.spec.ts:9:1 › Q05 / P11 linked tenant reads actual lease PDF and reconciled balance without private staff evidence (54.7s)
  ✓  30 [mobile] › tests/e2e/tenant-links.spec.ts:7:1 › Q05 / P02 native manager invitation and verified recipient acceptance recover lost receipts and isolate tenant profile (23.8s)


  1) [desktop] › tests/e2e/management-grants.spec.ts:8:1 › Q05 / P01 owner authorizes canonical property, retries lost receipt, manager portfolio and revocation

    Error: expect(locator).toContainText(expected) failed

    Locator: locator('[data-management-grant="c889c4eb-70cf-4bc6-a12e-1223cb2bdbca"]')
    Expected substring: "fba9ad78-cbae-4122-bff1-45463a1da2c4"
    Timeout: 15000ms
    Error: element(s) not found

    Call log:
      - Expect "toContainText" locator('[data-management-grant="c889c4eb-70cf-4bc6-a12e-1223cb2bdbca"]') with timeout 15000ms
      - waiting for locator('[data-management-grant="c889c4eb-70cf-4bc6-a12e-1223cb2bdbca"]')


       8 | test('Q05 / P01 owner authorizes canonical property, retries lost receipt, manager portfolio and revocation',async({page,browser},info)=>{
       9 |  test.setTimeout(180000);let unit:string;const c=await fixtures.connect();try{await c.query('BEGIN');await c.query("SELECT set_config('app.actor','00000000-0000-4000-8000-000000000010',true),set_config('app.admin','true',true)");unit=(await c.query("INSERT INTO units(community_id,organization_id,area,beds,living_rooms,baths) SELECT community_id,organization_id,'88.50',2,1,1 FROM units WHERE id='10000000-0000-4000-8000-000000001000' RETURNING id")).rows[0].id;const l=(await c.query("INSERT INTO listings(unit_id,organization_id,owner_id,agent_id,slug,title,description,transaction,segment,currency,price,status) SELECT $1,organization_id,'00000000-0000-4000-8000-000000000002',agent_id,$2,'P01 browser ownership fixture',description,'sale','residential','CNY','2400000.75','draft' FROM listings WHERE id='10000000-0000-4000-8000-000000002000' RETURNING id",[unit,'p01-browser-'+crypto.randomUUID()])).rows[0];await c.query("INSERT INTO owner_unit_grants(unit_id,owner_id,source,source_listing_id) VALUES($1,'00000000-0000-4000-8000-000000000002','recorded_listing',$2)",[unit,l.id]);await c.query('COMMIT');}catch(e){await c.query('ROLLBACK');throw e;}finally{c.release();}
    > 10 |  await login(page,'owner',(process.env.PUBLIC_WEB_URL||'http://localhost:8088'),'/account/management');const select=page.getByLabel('Recorded owned property',{exact:true});for(let n=0;n<20;n++){await expect(select).toBeVisible();if(await select.locator('option[value="'+unit+'"]') .count())break;await page.getByRole('button',{name:'Next property page',exact:true}).click();}await select.selectOption(unit);await page.getByLabel('Management organization',{exact:true}).selectOption('10000000-0000-4000-8000-000000000002');await page.getByLabel('Grant expiry (UTC)',{exact:true}).fill('2030-12-31T00:00');await page.getByRole('checkbox').check();let lost=false,id='';await page.route('**/api/v1/me/management-grants',async route=>{if(route.request().method()==='POST'&&!lost){lost=true;const response=await route.fetch();expect(response.ok()).toBe(true);id=(await response.json()).data.id;await route.abort();}else await route.continue();});await page.getByRole('button',{name:'Save management grant',exact:true}).click();await expect(page.locator('.management-grants').getByRole('alert')).toBeVisible();await expect(select).toHaveValue(unit);await page.getByRole('button',{name:'Save management grant',exact:true}).click();await expect(page.getByRole('status').filter({hasText:'Management grant saved'})).toBeVisible();const row=page.locator('[data-management-grant="'+id+'"]');await expect(row).toContainText(unit);await expect(row).toContainText('Current');
         |                                                                                                                                                                                                                                                                                                                                                                                                                                                                                                                                                                                                                                                                                                                                                                                                                                                                                                                                                                                                                                                                                                                                                                                                                                                                                                                                                                                                                                                     ^
      11 |  const managerContext=await browser.newContext({...info.project.use,baseURL:(process.env.PUBLIC_OPS_URL||'http://localhost:8089')}),managerPage=await managerContext.newPage();try{await login(managerPage,'manager',(process.env.PUBLIC_OPS_URL||'http://localhost:8089'),'/ops/management');await managerPage.getByRole('button',{name:'Properties',exact:true}).click();await expect(managerPage.locator('[data-management-grant="'+id+'"]')).toContainText(unit);expect((await new AxeBuilder({page:managerPage}).include('main').analyze()).violations.filter(v=>v.impact==='serious'||v.impact==='critical')).toEqual([]);expect(await managerPage.evaluate(()=>document.documentElement.scrollWidth<=innerWidth)).toBe(true);await managerPage.screenshot({path:`evidence/p01-manager-${info.project.name}.png`,scale:'css'});await row.getByRole('button',{name:'Revoke authorization',exact:true}).click();const dialog=page.getByRole('dialog');await dialog.getByLabel('Reason for revocation',{exact:true}).fill('Owner ended this synthetic browser management grant.');await dialog.getByRole('button',{name:'Confirm revocation',exact:true}).click();await expect(dialog).toHaveCount(0);await expect(row).toContainText('Revoked');await managerPage.getByRole('button',{name:'Refresh grants',exact:true}).click();await expect(managerPage.locator('[data-management-grant="'+id+'"]')).toHaveCount(0);expect((await managerPage.request.get((process.env.PUBLIC_OPS_URL||'http://localhost:8089')+'/api/v1/ops/managed-properties/'+id)).status()).toBe(404);await row.getByText('Authorization history',{exact:true}).click();await expect(row).toContainText('Owner ended this synthetic browser management grant.');expect((await new AxeBuilder({page}).include('main#main').analyze()).violations.filter(v=>v.impact==='serious'||v.impact==='critical')).toEqual([]);expect(await page.evaluate(()=>document.documentElement.scrollWidth<=innerWidth)).toBe(true);await page.screenshot({path:`evidence/p01-owner-${info.project.name}.png`,scale:'css'});}finally{await managerContext.close();}
      12 | });
      13 |
        at /workspace/tests/e2e/management-grants.spec.ts:10:1397

    attachment #1: screenshot (image/png) ──────────────────────────────────────────────────────────
    ../artifacts/management-critical/management-grants-Q05-P01--a7c30-er-portfolio-and-revocation-desktop/test-failed-1.png
    ────────────────────────────────────────────────────────────────────────────────────────────────

    Error Context: ../artifacts/management-critical/management-grants-Q05-P01--a7c30-er-portfolio-and-revocation-desktop/error-context.md

    Error Context: ../artifacts/management-critical/management-grants-Q05-P01--a7c30-er-portfolio-and-revocation-desktop/error-context.md

    attachment #4: trace (application/zip) ─────────────────────────────────────────────────────────
    ../artifacts/management-critical/management-grants-Q05-P01--a7c30-er-portfolio-and-revocation-desktop/trace.zip
    Usage:

        pnpm exec playwright show-trace ../artifacts/management-critical/management-grants-Q05-P01--a7c30-er-portfolio-and-revocation-desktop/trace.zip

    ────────────────────────────────────────────────────────────────────────────────────────────────

  2) [mobile] › tests/e2e/management-grants.spec.ts:8:1 › Q05 / P01 owner authorizes canonical property, retries lost receipt, manager portfolio and revocation

    Error: expect(locator).toContainText(expected) failed

    Locator: locator('[data-management-grant="199c21f8-b79f-4116-9429-68ffef8d86b8"]')
    Expected substring: "e3b5ccef-66dd-42f6-bbe3-1683d4928a2a"
    Timeout: 15000ms
    Error: element(s) not found

    Call log:
      - Expect "toContainText" locator('[data-management-grant="199c21f8-b79f-4116-9429-68ffef8d86b8"]') with timeout 15000ms
      - waiting for locator('[data-management-grant="199c21f8-b79f-4116-9429-68ffef8d86b8"]')


       8 | test('Q05 / P01 owner authorizes canonical property, retries lost receipt, manager portfolio and revocation',async({page,browser},info)=>{
       9 |  test.setTimeout(180000);let unit:string;const c=await fixtures.connect();try{await c.query('BEGIN');await c.query("SELECT set_config('app.actor','00000000-0000-4000-8000-000000000010',true),set_config('app.admin','true',true)");unit=(await c.query("INSERT INTO units(community_id,organization_id,area,beds,living_rooms,baths) SELECT community_id,organization_id,'88.50',2,1,1 FROM units WHERE id='10000000-0000-4000-8000-000000001000' RETURNING id")).rows[0].id;const l=(await c.query("INSERT INTO listings(unit_id,organization_id,owner_id,agent_id,slug,title,description,transaction,segment,currency,price,status) SELECT $1,organization_id,'00000000-0000-4000-8000-000000000002',agent_id,$2,'P01 browser ownership fixture',description,'sale','residential','CNY','2400000.75','draft' FROM listings WHERE id='10000000-0000-4000-8000-000000002000' RETURNING id",[unit,'p01-browser-'+crypto.randomUUID()])).rows[0];await c.query("INSERT INTO owner_unit_grants(unit_id,owner_id,source,source_listing_id) VALUES($1,'00000000-0000-4000-8000-000000000002','recorded_listing',$2)",[unit,l.id]);await c.query('COMMIT');}catch(e){await c.query('ROLLBACK');throw e;}finally{c.release();}
    > 10 |  await login(page,'owner',(process.env.PUBLIC_WEB_URL||'http://localhost:8088'),'/account/management');const select=page.getByLabel('Recorded owned property',{exact:true});for(let n=0;n<20;n++){await expect(select).toBeVisible();if(await select.locator('option[value="'+unit+'"]') .count())break;await page.getByRole('button',{name:'Next property page',exact:true}).click();}await select.selectOption(unit);await page.getByLabel('Management organization',{exact:true}).selectOption('10000000-0000-4000-8000-000000000002');await page.getByLabel('Grant expiry (UTC)',{exact:true}).fill('2030-12-31T00:00');await page.getByRole('checkbox').check();let lost=false,id='';await page.route('**/api/v1/me/management-grants',async route=>{if(route.request().method()==='POST'&&!lost){lost=true;const response=await route.fetch();expect(response.ok()).toBe(true);id=(await response.json()).data.id;await route.abort();}else await route.continue();});await page.getByRole('button',{name:'Save management grant',exact:true}).click();await expect(page.locator('.management-grants').getByRole('alert')).toBeVisible();await expect(select).toHaveValue(unit);await page.getByRole('button',{name:'Save management grant',exact:true}).click();await expect(page.getByRole('status').filter({hasText:'Management grant saved'})).toBeVisible();const row=page.locator('[data-management-grant="'+id+'"]');await expect(row).toContainText(unit);await expect(row).toContainText('Current');
         |                                                                                                                                                                                                                                                                                                                                                                                                                                                                                                                                                                                                                                                                                                                                                                                                                                                                                                                                                                                                                                                                                                                                                                                                                                                                                                                                                                                                                                                     ^
      11 |  const managerContext=await browser.newContext({...info.project.use,baseURL:(process.env.PUBLIC_OPS_URL||'http://localhost:8089')}),managerPage=await managerContext.newPage();try{await login(managerPage,'manager',(process.env.PUBLIC_OPS_URL||'http://localhost:8089'),'/ops/management');await managerPage.getByRole('button',{name:'Properties',exact:true}).click();await expect(managerPage.locator('[data-management-grant="'+id+'"]')).toContainText(unit);expect((await new AxeBuilder({page:managerPage}).include('main').analyze()).violations.filter(v=>v.impact==='serious'||v.impact==='critical')).toEqual([]);expect(await managerPage.evaluate(()=>document.documentElement.scrollWidth<=innerWidth)).toBe(true);await managerPage.screenshot({path:`evidence/p01-manager-${info.project.name}.png`,scale:'css'});await row.getByRole('button',{name:'Revoke authorization',exact:true}).click();const dialog=page.getByRole('dialog');await dialog.getByLabel('Reason for revocation',{exact:true}).fill('Owner ended this synthetic browser management grant.');await dialog.getByRole('button',{name:'Confirm revocation',exact:true}).click();await expect(dialog).toHaveCount(0);await expect(row).toContainText('Revoked');await managerPage.getByRole('button',{name:'Refresh grants',exact:true}).click();await expect(managerPage.locator('[data-management-grant="'+id+'"]')).toHaveCount(0);expect((await managerPage.request.get((process.env.PUBLIC_OPS_URL||'http://localhost:8089')+'/api/v1/ops/managed-properties/'+id)).status()).toBe(404);await row.getByText('Authorization history',{exact:true}).click();await expect(row).toContainText('Owner ended this synthetic browser management grant.');expect((await new AxeBuilder({page}).include('main#main').analyze()).violations.filter(v=>v.impact==='serious'||v.impact==='critical')).toEqual([]);expect(await page.evaluate(()=>document.documentElement.scrollWidth<=innerWidth)).toBe(true);await page.screenshot({path:`evidence/p01-owner-${info.project.name}.png`,scale:'css'});}finally{await managerContext.close();}
      12 | });
      13 |
        at /workspace/tests/e2e/management-grants.spec.ts:10:1397

    attachment #1: screenshot (image/png) ──────────────────────────────────────────────────────────
    ../artifacts/management-critical/management-grants-Q05-P01--a7c30-er-portfolio-and-revocation-mobile/test-failed-1.png
    ────────────────────────────────────────────────────────────────────────────────────────────────

    Error Context: ../artifacts/management-critical/management-grants-Q05-P01--a7c30-er-portfolio-and-revocation-mobile/error-context.md

    Error Context: ../artifacts/management-critical/management-grants-Q05-P01--a7c30-er-portfolio-and-revocation-mobile/error-context.md

    attachment #4: trace (application/zip) ─────────────────────────────────────────────────────────
    ../artifacts/management-critical/management-grants-Q05-P01--a7c30-er-portfolio-and-revocation-mobile/trace.zip
    Usage:

        pnpm exec playwright show-trace ../artifacts/management-critical/management-grants-Q05-P01--a7c30-er-portfolio-and-revocation-mobile/trace.zip

    ────────────────────────────────────────────────────────────────────────────────────────────────

  2 failed
    [desktop] › tests/e2e/management-grants.spec.ts:8:1 › Q05 / P01 owner authorizes canonical property, retries lost receipt, manager portfolio and revocation
    [mobile] › tests/e2e/management-grants.spec.ts:8:1 › Q05 / P01 owner authorizes canonical property, retries lost receipt, manager portfolio and revocation
  28 passed (29.3m)
