
 RUN  v5.0.3 /workspace

 ✓ tests/unit/mortgage-engine.test.ts (4 tests) 133ms
 ✓ tests/unit/credential-scan.test.ts (1 test) 78ms
 ✓ tests/unit/fixtures.test.ts (3 tests) 32ms
 ✓ tests/unit/ci-visual-order.test.ts (3 tests) 43ms
 ✓ tests/unit/mortgage-csv.test.ts (2 tests) 27ms
 ✓ tests/unit/contracts.test.ts (11 tests) 29ms
 ✓ tests/unit/spatial-media.test.ts (6 tests) 14ms
 ✓ tests/unit/visual-policy.test.ts (2 tests) 14ms
 ✓ tests/unit/notification-provider.test.ts (2 tests) 20ms
 ✓ tests/unit/money-inputs.test.ts (2 tests) 11ms
 ✓ tests/unit/inquiry-client.test.ts (1 test) 9ms
 ✓ tests/unit/exact-parity.test.ts (2 tests) 7ms
 ✓ tests/unit/staff-mfa-flow.test.ts (1 test) 4ms
 ✓ tests/unit/tour-input.test.ts (3 tests) 6ms
 ✓ tests/unit/observability.test.ts (2 tests) 5ms
 ✓ tests/unit/reference.test.ts (3 tests) 5ms
 ✓ tests/unit/gateway-rate-address.test.ts (2 tests) 5ms

 Test Files  17 passed (17)
      Tests  50 passed (50)
   Start at  21:12:40
   Duration  3.64s (import 48%, transform 24%, tests 24%, worker 4%)

    Isolate  17 workers spawned · ~97ms startup each (spawn + environment, per file)
             at least ~1.55s faster with isolate: false — reuses workers across files instead of one per file
