 Container haven-q08-compiled-api Creating
 Container haven-q08-compiled-api Created

> @haven/api@0.1.0 start /workspace/apps/api
> node dist/apps/api/src/main.js

node:internal/modules/esm/resolve:272
    throw new ERR_MODULE_NOT_FOUND(
          ^

Error [ERR_MODULE_NOT_FOUND]: Cannot find module '/workspace/packages/contracts/src/domain' imported from /workspace/packages/contracts/src/index.ts
    at finalizeResolution (node:internal/modules/esm/resolve:272:11)
    at moduleResolve (node:internal/modules/esm/resolve:879:10)
    at defaultResolve (node:internal/modules/esm/resolve:1006:11)
    at #cachedDefaultResolve (node:internal/modules/esm/loader:705:20)
    at #resolveAndMaybeBlockOnLoaderThread (node:internal/modules/esm/loader:725:38)
    at ModuleLoader.resolveSync (node:internal/modules/esm/loader:763:56)
    at #resolve (node:internal/modules/esm/loader:687:17)
    at ModuleLoader.getOrCreateModuleJob (node:internal/modules/esm/loader:607:35)
    at ModuleJob.syncLink (node:internal/modules/esm/module_job:276:33)
    at ModuleJob.link (node:internal/modules/esm/module_job:381:17) {
  code: 'ERR_MODULE_NOT_FOUND',
  url: 'file:///workspace/packages/contracts/src/domain'
}

Node.js v24.21.0
/workspace/apps/api:
 ERR_PNPM_RECURSIVE_RUN_FIRST_FAIL  @haven/api@0.1.0 start: `node dist/apps/api/src/main.js`
Exit status 1
