
> haven-real-estate@0.1.0 check:release /home/abn/project/real-estate-solution
> node scripts/tasks.mjs --release

F06: in_progress
F07: todo
F08: todo
F09: todo
F10: todo
F11: todo
F12: todo
F13: todo
F14: todo
G01: todo
G02: todo
G03: todo
G04: todo
G05: todo
I01: todo
I02: todo
I03: todo
I04: todo
I05: todo
I06: todo
I07: todo
I08: todo
U01: todo
U02: todo
U03: todo
U04: todo
U05: todo
U06: todo
U07: todo
D01: todo
D02: todo
D03: todo
D04: todo
D05: todo
D06: todo
D07: todo
D08: todo
D09: todo
D10: todo
A01: todo
A02: todo
A03: todo
A04: todo
A05: todo
A06: todo
R01: todo
R02: todo
R03: todo
R04: todo
N01: todo
N02: todo
N03: todo
N04: todo
N05: todo
C01: todo
C02: todo
C03: todo
O01: todo
O02: todo
O03: todo
O04: todo
O05: todo
B01: todo
B02: todo
B03: todo
B04: todo
B05: todo
L01: todo
L02: todo
L03: todo
L04: todo
L05: todo
L06: todo
M01: todo
M02: todo
M03: todo
M04: todo
V01: todo
V02: todo
V03: todo
T01: todo
T02: todo
T03: todo
P01: todo
P02: todo
P03: todo
P04: todo
P05: todo
P06: todo
P07: todo
P08: todo
P09: todo
P10: todo
P11: todo
P12: todo
P13: todo
P14: todo
P15: todo
S01: todo
S02: todo
S03: todo
S04: todo
S05: todo
S06: todo
Q01: todo
Q02: todo
Q03: todo
Q04: todo
Q05: todo
Q06: todo
Q07: todo
Q08: todo
Q09: todo
Q10: todo
Q11: todo
 ELIFECYCLE  Command failed with exit code 1.
