 Container haven-p02-api-run-b30f41b55112 Creating
 Container haven-p02-api-run-b30f41b55112 Created

 RUN  v5.0.3 /workspace

 ❯ tests/integration/agent-credentials.test.ts (3 tests | 3 failed) 6951ms
   × B01 independent approval produces a badge; own/private projections omit internal notes and document identifiers 1005ms
   × B01 expiry and revocation remove the badge immediately 4952ms
   × B01 public identity changes invalidate approval; self-granted expiry and cross-agency authoring are denied 925ms
 ✓ tests/integration/platform-administration.test.ts (3 tests) 213ms
 ✓ tests/integration/moderation-evidence.test.ts (4 tests) 63ms

⎯⎯⎯⎯⎯⎯⎯ Failed Tests 3 ⎯⎯⎯⎯⎯⎯⎯

 FAIL  tests/integration/agent-credentials.test.ts > B01 independent approval produces a badge; own/private projections omit internal notes and document identifiers
 FAIL  tests/integration/agent-credentials.test.ts > B01 expiry and revocation remove the badge immediately
 FAIL  tests/integration/agent-credentials.test.ts > B01 public identity changes invalidate approval; self-granted expiry and cross-agency authoring are denied
Error: getaddrinfo ENOTFOUND storage
⎯⎯⎯⎯⎯⎯⎯⎯⎯⎯⎯⎯⎯⎯⎯⎯⎯⎯⎯⎯⎯⎯⎯⎯[1/3]⎯


 Test Files  1 failed | 2 passed (3)
      Tests  3 failed | 7 passed (10)
   Start at  17:01:15
   Duration  11.46s (tests 65%, import 27%, transform 7%)

     Import  115 modules were evaluated 191 times · 3.02s total, 27% of tracked time
             ~1.20s faster with isolate: false — shared modules are evaluated once per worker instead of once per file
             learn more: https://vitest.dev/guide/improving-performance#test-isolation
