 Container haven-p09-runtime-tests-run-5cb2aa912c0f Creating
 Container haven-p09-runtime-tests-run-5cb2aa912c0f Created

> @haven/ops@0.1.0 build /workspace/apps/ops
> next build

▲ Next.js 16.3.8 (Turbopack)
✓ Running next.config.ts took 25ms

  Creating an optimized production build ...
✓ Compiled successfully in 1558ms
  Running TypeScript ...
  Finished TypeScript in 6.8s ...
  Collecting page data using 5 workers ...
  Generating static pages using 5 workers (0/2) ...
✓ Generating static pages using 5 workers (2/2) in 466ms
  Finalizing page optimization ...

Route (app)
┌ ○ /_not-found
├ ƒ /[[...path]]
└ ƒ /api/[...path]


○  (Static)   prerendered as static content
ƒ  (Dynamic)  server-rendered on demand
