 Container haven-p02-api-run-d7c7672379bd Creating
 Container haven-p02-api-run-d7c7672379bd Created

 RUN  v5.0.3 /workspace

 ❯ tests/integration/market-policy.test.ts (0 test)

⎯⎯⎯⎯⎯⎯ Failed Suites 1 ⎯⎯⎯⎯⎯⎯⎯

 FAIL  tests/integration/market-policy.test.ts [ tests/integration/market-policy.test.ts ]
Error: Transform failed with 1 error:

[PARSE_ERROR] Expected a semicolon or an implicit semicolon after a statement, but found none
 -  in apps/api/src/geography/administration.ts at 5705..5705
  │
  │ Help: Try inserting a semicolon here

  Plugin: vite:oxc
  File: /workspace/apps/api/src/geography/administration.ts
 ❯ transformWithOxc node_modules/.pnpm/vite@8.3.2_@types+node@26.6.4_esbuild@0.28.2_tsx@4.23.15/node_modules/vite/dist/node/chunks/node.js:7581:19
 ❯ TransformPluginContext.transform node_modules/.pnpm/vite@8.3.2_@types+node@26.6.4_esbuild@0.28.2_tsx@4.23.15/node_modules/vite/dist/node/chunks/node.js:7653:26
 ❯ EnvironmentPluginContainer.transform node_modules/.pnpm/vite@8.3.2_@types+node@26.6.4_esbuild@0.28.2_tsx@4.23.15/node_modules/vite/dist/node/chunks/node.js:8545:51
 ❯ loadAndTransform node_modules/.pnpm/vite@8.3.2_@types+node@26.6.4_esbuild@0.28.2_tsx@4.23.15/node_modules/vite/dist/node/chunks/node.js:19988:26

⎯⎯⎯⎯⎯⎯⎯⎯⎯⎯⎯⎯⎯⎯⎯⎯⎯⎯⎯⎯⎯⎯⎯⎯[1/1]⎯


 Test Files  1 failed (1)
      Tests  no tests
   Start at  17:19:40
   Duration  251ms (worker 96%, environment 4%)
