Local environment and identity fixtures ready. Account credentials: infra/generated/integration/personas.md
 Container haven-integration-proxy-1 Stopping
 Container haven-integration-worker-1 Stopping
 Container haven-integration-proxy-1 Stopped
 Container haven-integration-proxy-1 Removing
 Container haven-integration-worker-1 Stopped
 Container haven-integration-worker-1 Removing
 Container haven-integration-proxy-1 Removed
 Container haven-integration-ops-1 Stopping
 Container haven-integration-web-1 Stopping
 Container haven-integration-worker-1 Removed
 Container haven-integration-mail-1 Stopping
 Container haven-integration-search-1 Stopping
 Container haven-integration-cache-1 Stopping
 Container haven-integration-ops-1 Stopped
 Container haven-integration-ops-1 Removing
 Container haven-integration-web-1 Stopped
 Container haven-integration-web-1 Removing
 Container haven-integration-search-1 Stopped
 Container haven-integration-search-1 Removing
 Container haven-integration-cache-1 Stopped
 Container haven-integration-cache-1 Removing
 Container haven-integration-ops-1 Removed
 Container haven-integration-web-1 Removed
 Container haven-integration-api-1 Stopping
 Container haven-integration-mail-1 Stopped
 Container haven-integration-mail-1 Removing
 Container haven-integration-cache-1 Removed
 Container haven-integration-search-1 Removed
 Container haven-integration-api-1 Stopped
 Container haven-integration-api-1 Removing
 Container haven-integration-mail-1 Removed
 Container haven-integration-api-1 Removed
 Container haven-integration-scanner-1 Stopping
 Container haven-integration-migrate-1 Stopping
 Container haven-integration-identity-1 Stopping
 Container haven-integration-storage-1 Stopping
 Container haven-integration-migrate-1 Stopped
 Container haven-integration-migrate-1 Removing
 Container haven-integration-migrate-1 Removed
 Container haven-integration-install-1 Stopping
 Container haven-integration-install-1 Stopped
 Container haven-integration-install-1 Removing
 Container haven-integration-scanner-1 Stopped
 Container haven-integration-scanner-1 Removing
 Container haven-integration-install-1 Removed
 Container haven-integration-identity-1 Stopped
 Container haven-integration-identity-1 Removing
 Container haven-integration-scanner-1 Removed
 Container haven-integration-identity-1 Removed
 Container haven-integration-db-1 Stopping
 Container haven-integration-db-1 Stopped
 Container haven-integration-db-1 Removing
 Container haven-integration-db-1 Removed
 Container haven-integration-storage-1 Stopped
 Container haven-integration-storage-1 Removing
 Container haven-integration-storage-1 Removed
 Volume haven-integration_apps-worker-dependencies Removing
 Volume haven-integration_packages-contracts-dependencies Removing
 Volume haven-integration_cache Removing
 Volume haven-integration_packages-config-dependencies Removing
 Volume haven-integration_dependencies Removing
 Network haven-integration_private Removing
 Volume haven-integration_objects Removing
 Volume haven-integration_virus-signatures Removing
 Volume haven-integration_search Removing
 Volume haven-integration_packages-database-dependencies Removing
 Volume haven-integration_database Removing
 Volume haven-integration_apps-api-dependencies Removing
 Volume haven-integration_packages-ui-dependencies Removing
 Volume haven-integration_apps-worker-dependencies Removed
 Volume haven-integration_mail-data Removing
 Volume haven-integration_packages-test-support-dependencies Removing
 Volume haven-integration_apps-web-dependencies Removing
 Volume haven-integration_apps-ops-dependencies Removing
 Volume haven-integration_packages-contracts-dependencies Removed
 Network haven-integration_private Removed
 Volume haven-integration_dependencies Removed
 Volume haven-integration_cache Removed
 Volume haven-integration_packages-ui-dependencies Removed
 Volume haven-integration_apps-api-dependencies Removed
 Volume haven-integration_packages-config-dependencies Removed
 Volume haven-integration_database Removed
 Volume haven-integration_packages-database-dependencies Removed
 Volume haven-integration_search Removed
 Volume haven-integration_virus-signatures Removed
 Volume haven-integration_objects Removed
 Volume haven-integration_apps-ops-dependencies Removed
 Volume haven-integration_apps-web-dependencies Removed
 Volume haven-integration_mail-data Removed
 Volume haven-integration_packages-test-support-dependencies Removed
 Image haven-integration-ops Building
 Image haven-integration-install Building
 Image haven-integration-migrate Building
 Image haven-integration-tests Building
 Image haven-integration-worker Building
 Image haven-integration-web Building
 Image haven-integration-api Building
#1 [internal] load local bake definitions
#1 reading from stdin 3.56kB done
#1 DONE 0.0s

#2 [tests internal] load build definition from Dockerfile.dev
#2 transferring dockerfile: 1.33kB done
#2 DONE 0.0s

#3 [worker internal] load metadata for docker.io/library/node:24.21.0-bookworm-slim@sha256:0e0ff40c39bc087845bfb27465a0df4ea419520094bc35842ff83dd8cbe6f9b6
#3 ...

#4 [auth] library/node:pull token for registry-1.docker.io
#4 DONE 0.0s

#3 [worker internal] load metadata for docker.io/library/node:24.21.0-bookworm-slim@sha256:0e0ff40c39bc087845bfb27465a0df4ea419520094bc35842ff83dd8cbe6f9b6
#3 DONE 7.8s

#5 [ops internal] load .dockerignore
#5 transferring context: 192B done
#5 DONE 0.0s

#6 [api dependencies  1/15] FROM docker.io/library/node:24.21.0-bookworm-slim@sha256:0e0ff40c39bc087845bfb27465a0df4ea419520094bc35842ff83dd8cbe6f9b6
#6 resolve docker.io/library/node:24.21.0-bookworm-slim@sha256:0e0ff40c39bc087845bfb27465a0df4ea419520094bc35842ff83dd8cbe6f9b6 0.0s done
#6 DONE 0.0s

#7 [ops internal] load build context
#7 transferring context: 14.02MB 0.1s done
#7 DONE 0.1s

#8 [web dependencies  2/15] RUN apt-get update && apt-get install -y --no-install-recommends ffmpeg=7:5.1.9-0+deb12u1 && rm -rf /var/lib/apt/lists/*
#8 CACHED

#9 [web dependencies  3/15] RUN npm install --global pnpm@10.32.1
#9 CACHED

#10 [tests dependencies  4/15] WORKDIR /workspace
#10 CACHED

#11 [ops dependencies  5/15] COPY package.json pnpm-lock.yaml pnpm-workspace.yaml ./
#11 DONE 0.1s

#12 [api dependencies  6/15] COPY apps/api/package.json ./apps/api/package.json
#12 DONE 0.1s

#13 [migrate dependencies  7/15] COPY apps/web/package.json ./apps/web/package.json
#13 DONE 0.1s

#14 [worker dependencies  8/15] COPY apps/ops/package.json ./apps/ops/package.json
#14 DONE 0.1s

#15 [tests dependencies  9/15] COPY apps/worker/package.json ./apps/worker/package.json
#15 DONE 0.1s

#16 [web dependencies 10/15] COPY packages/config/package.json ./packages/config/package.json
#16 DONE 0.1s

#17 [api dependencies 11/15] COPY packages/contracts/package.json ./packages/contracts/package.json
#17 DONE 0.1s

#18 [api dependencies 12/15] COPY packages/database/package.json ./packages/database/package.json
#18 DONE 0.1s

#19 [migrate dependencies 13/15] COPY packages/ui/package.json ./packages/ui/package.json
#19 DONE 0.1s

#20 [install dependencies 14/15] COPY packages/test-support/package.json ./packages/test-support/package.json
#20 DONE 0.1s

#21 [worker dependencies 15/15] RUN --mount=type=cache,target=/root/.local/share/pnpm/store pnpm install --frozen-lockfile
#21 0.645 Scope: all 10 workspace projects
#21 0.694 Lockfile is up to date, resolution step is skipped
#21 0.728 Progress: resolved 1, reused 0, downloaded 0, added 0
#21 0.809 Packages: +301
#21 0.809 ++++++++++++++++++++++++++++++++++++++++++++++++++++++++++++++++++++++++++++++++
#21 1.729 Progress: resolved 301, reused 301, downloaded 0, added 276
#21 2.730 Progress: resolved 301, reused 301, downloaded 0, added 300
#21 3.450
#21 3.450    ╭─────────────────────────────────────────╮
#21 3.450    │                                         │
#21 3.450    │   Update available! 10.32.1 → 12.9.1.   │
#21 3.450    │   Changelog: https://pnpm.io/v/12.9.1   │
#21 3.450    │    To update, run: pnpm add -g pnpm     │
#21 3.450    │                                         │
#21 3.450    ╰─────────────────────────────────────────╯
#21 3.450
#21 3.616 Progress: resolved 301, reused 301, downloaded 0, added 301, done
#21 4.141
#21 4.141 devDependencies:
#21 4.141 + @axe-core/playwright 4.13.0
#21 4.141 + @eslint/js 10.0.1
#21 4.141 + @playwright/test 1.63.0
#21 4.141 + @types/node 26.6.4
#21 4.141 + @types/nodemailer 8.0.2
#21 4.141 + @types/pg 8.23.1
#21 4.141 + @types/react 19.3.0
#21 4.141 + @types/react-dom 19.3.0
#21 4.141 + eslint 10.12.0
#21 4.141 + tsx 4.23.15
#21 4.141 + typescript 6.0.2
#21 4.141 + typescript-eslint 8.71.0
#21 4.141 + vitest 5.0.3
#21 4.141
#21 4.165 ╭ Warning ─────────────────────────────────────────────────────────────────────╮
#21 4.165 │                                                                              │
#21 4.165 │   Ignored build scripts: @scarf/scarf@1.4.0, msgpackr-extract@3.0.4.         │
#21 4.165 │   Run "pnpm approve-builds" to pick which dependencies should be allowed     │
#21 4.165 │   to run scripts.                                                            │
#21 4.165 │                                                                              │
#21 4.165 ╰──────────────────────────────────────────────────────────────────────────────╯
#21 4.185 Done in 3.9s using pnpm v10.32.1
#21 DONE 4.4s

#22 [worker development 1/1] COPY . .
#22 DONE 0.4s

#23 [worker] exporting to image
#23 exporting layers
#23 ...

#24 [tests browser 1/1] RUN pnpm exec playwright install --with-deps --only-shell chromium
#24 1.364 Installing dependencies...
#24 7.010 Get:1 http://deb.debian.org/debian bookworm InRelease [151 kB]
#24 8.017 Get:2 http://deb.debian.org/debian bookworm-updates InRelease [55.4 kB]
#24 8.281 Get:3 http://deb.debian.org/debian-security bookworm-security InRelease [34.8 kB]
#24 8.544 Get:4 http://deb.debian.org/debian bookworm/main amd64 Packages [8790 kB]
#24 ...

#25 [migrate] exporting to image
#25 ...

#26 [web] exporting to image
#26 ...

#27 [ops] exporting to image
#27 ...

#28 [install] exporting to image
#28 ...

#29 [api] exporting to image
#29 ...

#24 [tests browser 1/1] RUN pnpm exec playwright install --with-deps --only-shell chromium
#24 11.72 Get:5 http://deb.debian.org/debian bookworm-updates/main amd64 Packages [6924 B]
#24 11.91 Get:6 http://deb.debian.org/debian-security bookworm-security/main amd64 Packages [349 kB]
#24 12.68 Fetched 9387 kB in 11s (831 kB/s)
#24 12.68 Reading package lists...
#24 13.20 Reading package lists...
#24 13.77 Building dependency tree...
#24 13.89 Reading state information...
#24 14.01 libasound2 is already the newest version (1.2.8-1+b1).
#24 14.01 libasound2 set to manually installed.
#24 14.01 libcairo2 is already the newest version (1.16.0-7).
#24 14.01 libcairo2 set to manually installed.
#24 14.01 libdbus-1-3 is already the newest version (1.14.10-1~deb12u1).
#24 14.01 libdbus-1-3 set to manually installed.
#24 14.01 libdrm2 is already the newest version (2.4.114-1+b1).
#24 14.01 libdrm2 set to manually installed.
#24 14.01 libgbm1 is already the newest version (22.3.6-1+deb12u2).
#24 14.01 libgbm1 set to manually installed.
#24 14.01 libglib2.0-0 is already the newest version (2.74.6-2+deb12u9).
#24 14.01 libglib2.0-0 set to manually installed.
#24 14.01 libpango-1.0-0 is already the newest version (1.50.12+ds-1).
#24 14.01 libpango-1.0-0 set to manually installed.
#24 14.01 libx11-6 is already the newest version (2:1.8.4-2+deb12u2).
#24 14.01 libx11-6 set to manually installed.
#24 14.01 libxcb1 is already the newest version (1.15-1).
#24 14.01 libxcb1 set to manually installed.
#24 14.01 libxext6 is already the newest version (2:1.3.4-1+b1).
#24 14.01 libxext6 set to manually installed.
#24 14.01 libxfixes3 is already the newest version (1:6.0.0-2).
#24 14.01 libxfixes3 set to manually installed.
#24 14.01 libxkbcommon0 is already the newest version (1.5.0-1).
#24 14.01 libxkbcommon0 set to manually installed.
#24 14.01 libxrandr2 is already the newest version (2:1.5.2-2+b1).
#24 14.01 libxrandr2 set to manually installed.
#24 14.01 libfontconfig1 is already the newest version (2.14.1-4).
#24 14.01 libfontconfig1 set to manually installed.
#24 14.01 libfreetype6 is already the newest version (2.12.1+dfsg-5+deb12u4).
#24 14.01 libfreetype6 set to manually installed.
#24 14.01 The following additional packages will be installed:
#24 14.01   at-spi2-common libavahi-client3 libavahi-common-data libavahi-common3
#24 14.01   libfontenc1 libice6 libsm6 libsqlite3-0 libunwind8 libxaw7 libxfont2
#24 14.01   libxkbfile1 libxmu6 libxpm4 libxt6 x11-xkb-utils xfonts-encodings
#24 14.01   xfonts-utils xserver-common
#24 14.01 Suggested packages:
#24 14.01   cups-common
#24 14.01 Recommended packages:
#24 14.01   fonts-ipafont-mincho fonts-tlwg-loma at-spi2-core xfonts-base xauth
#24 14.13 The following NEW packages will be installed:
#24 14.13   at-spi2-common fonts-freefont-ttf fonts-ipafont-gothic fonts-liberation
#24 14.13   fonts-noto-color-emoji fonts-tlwg-loma-otf fonts-unifont fonts-wqy-zenhei
#24 14.13   libatk-bridge2.0-0 libatk1.0-0 libatspi2.0-0 libavahi-client3
#24 14.13   libavahi-common-data libavahi-common3 libcups2 libfontenc1 libice6 libnspr4
#24 14.13   libnss3 libsm6 libsqlite3-0 libunwind8 libxaw7 libxcomposite1 libxdamage1
#24 14.13   libxfont2 libxkbfile1 libxmu6 libxpm4 libxt6 x11-xkb-utils xfonts-encodings
#24 14.13   xfonts-scalable xfonts-utils xserver-common xvfb
#24 14.75 0 upgraded, 36 newly installed, 0 to remove and 2 not upgraded.
#24 14.75 Need to get 37.1 MB of archives.
#24 14.75 After this operation, 85.4 MB of additional disk space will be used.
#24 14.75 Get:1 http://deb.debian.org/debian bookworm/main amd64 fonts-ipafont-gothic all 00303-23 [3515 kB]
#24 18.09 Get:2 http://deb.debian.org/debian bookworm/main amd64 at-spi2-common all 2.46.0-5 [162 kB]
#24 18.12 Get:3 http://deb.debian.org/debian bookworm/main amd64 fonts-freefont-ttf all 20120503-10 [2552 kB]
#24 19.00 Get:4 http://deb.debian.org/debian bookworm/main amd64 fonts-liberation all 1:1.07.4-11 [828 kB]
#24 19.09 Get:5 http://deb.debian.org/debian bookworm/main amd64 fonts-noto-color-emoji all 2.042-0+deb12u1 [9894 kB]
#24 22.47 Get:6 http://deb.debian.org/debian bookworm/main amd64 fonts-tlwg-loma-otf all 1:0.7.3-1 [147 kB]
#24 22.72 Get:7 http://deb.debian.org/debian bookworm/main amd64 fonts-unifont all 1:15.0.01-2 [2019 kB]
#24 23.94 Get:8 http://deb.debian.org/debian bookworm/main amd64 fonts-wqy-zenhei all 0.9.45-8 [7479 kB]
#24 ...

#25 [migrate] exporting to image
#25 exporting layers 24.8s done
#25 exporting manifest sha256:de6b2f1b1e8f415cccec7729bcb2768eabb73d905e351818ef42046e0f324bf2 0.2s done
#25 exporting config sha256:0983fda9fa341e27b262ef2b8de1b562aef90c8899a746ae84e92dbb5ec219ba
#25 exporting config sha256:0983fda9fa341e27b262ef2b8de1b562aef90c8899a746ae84e92dbb5ec219ba 0.2s done
#25 exporting attestation manifest sha256:36e40c38ea197e5831e1c58c9b579121af48c3afc196c73649be6df232951264
#25 exporting attestation manifest sha256:36e40c38ea197e5831e1c58c9b579121af48c3afc196c73649be6df232951264 0.4s done
#25 exporting manifest list sha256:474a7171a79a6dca827f3f7f88b66a663116cad35b560c0a01e41fef0993f849
#25 exporting manifest list sha256:474a7171a79a6dca827f3f7f88b66a663116cad35b560c0a01e41fef0993f849 0.2s done
#25 naming to docker.io/library/haven-integration-migrate:latest
#25 naming to docker.io/library/haven-integration-migrate:latest 0.1s done
#25 unpacking to docker.io/library/haven-integration-migrate:latest
#25 ...

#24 [tests browser 1/1] RUN pnpm exec playwright install --with-deps --only-shell chromium
#24 25.45 Get:9 http://deb.debian.org/debian bookworm/main amd64 libatk1.0-0 amd64 2.46.0-5 [49.6 kB]
#24 25.45 Get:10 http://deb.debian.org/debian bookworm/main amd64 libatspi2.0-0 amd64 2.46.0-5 [75.4 kB]
#24 25.45 Get:11 http://deb.debian.org/debian bookworm/main amd64 libatk-bridge2.0-0 amd64 2.46.0-5 [64.6 kB]
#24 25.45 Get:12 http://deb.debian.org/debian bookworm/main amd64 libavahi-common-data amd64 0.8-10+deb12u1 [107 kB]
#24 25.45 Get:13 http://deb.debian.org/debian bookworm/main amd64 libavahi-common3 amd64 0.8-10+deb12u1 [42.1 kB]
#24 25.45 Get:14 http://deb.debian.org/debian bookworm/main amd64 libavahi-client3 amd64 0.8-10+deb12u1 [45.8 kB]
#24 25.45 Get:15 http://deb.debian.org/debian bookworm/main amd64 libcups2 amd64 2.4.2-3+deb12u9 [245 kB]
#24 25.45 Get:16 http://deb.debian.org/debian bookworm/main amd64 libfontenc1 amd64 1:1.1.4-1 [24.3 kB]
#24 25.45 Get:17 http://deb.debian.org/debian bookworm/main amd64 libice6 amd64 2:1.0.10-1 [58.5 kB]
#24 25.66 Get:18 http://deb.debian.org/debian bookworm/main amd64 libnspr4 amd64 2:4.35-1 [113 kB]
#24 25.86 Get:19 http://deb.debian.org/debian bookworm/main amd64 libsqlite3-0 amd64 3.40.1-2+deb12u2 [839 kB]
#24 26.50 Get:20 http://deb.debian.org/debian-security bookworm-security/main amd64 libnss3 amd64 2:3.87.1-1+deb12u4 [1331 kB]
#24 27.29 Get:21 http://deb.debian.org/debian bookworm/main amd64 libsm6 amd64 2:1.2.3-1 [35.1 kB]
#24 27.29 Get:22 http://deb.debian.org/debian bookworm/main amd64 libunwind8 amd64 1.6.2-3 [51.2 kB]
#24 27.29 Get:23 http://deb.debian.org/debian bookworm/main amd64 libxt6 amd64 1:1.2.1-1.1 [186 kB]
#24 27.30 Get:24 http://deb.debian.org/debian bookworm/main amd64 libxmu6 amd64 2:1.1.3-3 [60.1 kB]
#24 27.30 Get:25 http://deb.debian.org/debian bookworm/main amd64 libxpm4 amd64 1:3.5.12-1.1+deb12u1 [48.6 kB]
#24 27.30 Get:26 http://deb.debian.org/debian bookworm/main amd64 libxaw7 amd64 2:1.0.14-1 [201 kB]
#24 27.49 Get:27 http://deb.debian.org/debian bookworm/main amd64 libxcomposite1 amd64 1:0.4.5-1 [16.6 kB]
#24 27.49 Get:28 http://deb.debian.org/debian bookworm/main amd64 libxdamage1 amd64 1:1.1.6-1 [15.1 kB]
#24 27.73 Get:29 http://deb.debian.org/debian-security bookworm-security/main amd64 libxfont2 amd64 1:2.0.6-1+deb12u1 [132 kB]
#24 28.13 Get:30 http://deb.debian.org/debian bookworm/main amd64 libxkbfile1 amd64 1:1.1.0-1 [75.2 kB]
#24 28.82 Get:31 http://deb.debian.org/debian bookworm/main amd64 x11-xkb-utils amd64 7.7+7 [165 kB]
#24 28.82 Get:32 http://deb.debian.org/debian bookworm/main amd64 xfonts-encodings all 1:1.0.4-2.2 [577 kB]
#24 29.18 Get:33 http://deb.debian.org/debian bookworm/main amd64 xfonts-utils amd64 1:7.7+6 [93.0 kB]
#24 29.18 Get:34 http://deb.debian.org/debian bookworm/main amd64 xfonts-scalable all 1:1.0.3-1.3 [306 kB]
#24 29.35 Get:35 http://deb.debian.org/debian-security bookworm-security/main amd64 xserver-common all 2:21.1.7-3+deb12u13 [2384 kB]
#24 29.99 Get:36 http://deb.debian.org/debian-security bookworm-security/main amd64 xvfb amd64 2:21.1.7-3+deb12u13 [3154 kB]
#24 30.30 debconf: delaying package configuration, since apt-utils is not installed
#24 30.36 Fetched 37.1 MB in 16s (2327 kB/s)
#24 30.43 Selecting previously unselected package fonts-ipafont-gothic.
#24 30.43 (Reading database ...
(Reading database ... 5%
(Reading database ... 10%
(Reading database ... 15%
(Reading database ... 20%
(Reading database ... 25%
(Reading database ... 30%
(Reading database ... 35%
(Reading database ... 40%
(Reading database ... 45%
(Reading database ... 50%
(Reading database ... 55%
(Reading database ... 60%
(Reading database ... 65%
(Reading database ... 70%
(Reading database ... 75%
(Reading database ... 80%
(Reading database ... 85%
(Reading database ... 90%
(Reading database ... 95%
(Reading database ... 100%
(Reading database ... 8698 files and directories currently installed.)
#24 30.46 Preparing to unpack .../00-fonts-ipafont-gothic_00303-23_all.deb ...
#24 30.48 Unpacking fonts-ipafont-gothic (00303-23) ...
#24 30.95 Selecting previously unselected package at-spi2-common.
#24 30.95 Preparing to unpack .../01-at-spi2-common_2.46.0-5_all.deb ...
#24 30.97 Unpacking at-spi2-common (2.46.0-5) ...
#24 31.07 Selecting previously unselected package fonts-freefont-ttf.
#24 31.07 Preparing to unpack .../02-fonts-freefont-ttf_20120503-10_all.deb ...
#24 31.08 Unpacking fonts-freefont-ttf (20120503-10) ...
#24 31.43 Selecting previously unselected package fonts-liberation.
#24 31.43 Preparing to unpack .../03-fonts-liberation_1%3a1.07.4-11_all.deb ...
#24 31.44 Unpacking fonts-liberation (1:1.07.4-11) ...
#24 31.60 Selecting previously unselected package fonts-noto-color-emoji.
#24 31.61 Preparing to unpack .../04-fonts-noto-color-emoji_2.042-0+deb12u1_all.deb ...
#24 31.62 Unpacking fonts-noto-color-emoji (2.042-0+deb12u1) ...
#24 32.64 Selecting previously unselected package fonts-tlwg-loma-otf.
#24 32.65 Preparing to unpack .../05-fonts-tlwg-loma-otf_1%3a0.7.3-1_all.deb ...
#24 32.66 Unpacking fonts-tlwg-loma-otf (1:0.7.3-1) ...
#24 32.77 Selecting previously unselected package fonts-unifont.
#24 32.77 Preparing to unpack .../06-fonts-unifont_1%3a15.0.01-2_all.deb ...
#24 32.78 Unpacking fonts-unifont (1:15.0.01-2) ...
#24 33.12 Selecting previously unselected package fonts-wqy-zenhei.
#24 33.12 Preparing to unpack .../07-fonts-wqy-zenhei_0.9.45-8_all.deb ...
#24 33.14 Unpacking fonts-wqy-zenhei (0.9.45-8) ...
#24 33.99 Selecting previously unselected package libatk1.0-0:amd64.
#24 33.99 Preparing to unpack .../08-libatk1.0-0_2.46.0-5_amd64.deb ...
#24 34.02 Unpacking libatk1.0-0:amd64 (2.46.0-5) ...
#24 34.13 Selecting previously unselected package libatspi2.0-0:amd64.
#24 34.13 Preparing to unpack .../09-libatspi2.0-0_2.46.0-5_amd64.deb ...
#24 34.14 Unpacking libatspi2.0-0:amd64 (2.46.0-5) ...
#24 34.27 Selecting previously unselected package libatk-bridge2.0-0:amd64.
#24 34.27 Preparing to unpack .../10-libatk-bridge2.0-0_2.46.0-5_amd64.deb ...
#24 34.29 Unpacking libatk-bridge2.0-0:amd64 (2.46.0-5) ...
#24 34.38 Selecting previously unselected package libavahi-common-data:amd64.
#24 34.38 Preparing to unpack .../11-libavahi-common-data_0.8-10+deb12u1_amd64.deb ...
#24 34.39 Unpacking libavahi-common-data:amd64 (0.8-10+deb12u1) ...
#24 34.52 Selecting previously unselected package libavahi-common3:amd64.
#24 34.52 Preparing to unpack .../12-libavahi-common3_0.8-10+deb12u1_amd64.deb ...
#24 34.53 Unpacking libavahi-common3:amd64 (0.8-10+deb12u1) ...
#24 34.64 Selecting previously unselected package libavahi-client3:amd64.
#24 34.65 Preparing to unpack .../13-libavahi-client3_0.8-10+deb12u1_amd64.deb ...
#24 34.66 Unpacking libavahi-client3:amd64 (0.8-10+deb12u1) ...
#24 34.77 Selecting previously unselected package libcups2:amd64.
#24 34.77 Preparing to unpack .../14-libcups2_2.4.2-3+deb12u9_amd64.deb ...
#24 34.79 Unpacking libcups2:amd64 (2.4.2-3+deb12u9) ...
#24 34.91 Selecting previously unselected package libfontenc1:amd64.
#24 34.91 Preparing to unpack .../15-libfontenc1_1%3a1.1.4-1_amd64.deb ...
#24 34.92 Unpacking libfontenc1:amd64 (1:1.1.4-1) ...
#24 35.02 Selecting previously unselected package libice6:amd64.
#24 35.02 Preparing to unpack .../16-libice6_2%3a1.0.10-1_amd64.deb ...
#24 35.04 Unpacking libice6:amd64 (2:1.0.10-1) ...
#24 35.14 Selecting previously unselected package libnspr4:amd64.
#24 35.14 Preparing to unpack .../17-libnspr4_2%3a4.35-1_amd64.deb ...
#24 35.15 Unpacking libnspr4:amd64 (2:4.35-1) ...
#24 35.27 Selecting previously unselected package libsqlite3-0:amd64.
#24 35.27 Preparing to unpack .../18-libsqlite3-0_3.40.1-2+deb12u2_amd64.deb ...
#24 35.28 Unpacking libsqlite3-0:amd64 (3.40.1-2+deb12u2) ...
#24 ...

#23 [worker] exporting to image
#23 exporting layers 24.8s done
#23 exporting manifest sha256:eac7958f943f6bbd4fed0c48939644af7f9df4f238f780e57a9a74e97e5dec33 0.2s done
#23 exporting config sha256:16b6f228051d0fd4176038686e1e80f960eeec521ae0dbd05acf9b5b2eaad737 0.2s done
#23 exporting attestation manifest sha256:71f259fb137ecbf8fd5947c419f632112de14bd2ef9a8ebd95814009dd8505cf 0.4s done
#23 exporting manifest list sha256:bf434dcb514ff28197535f56a1b79d4064d1745de8de6d68122402ae2916157a 0.2s done
#23 naming to docker.io/library/haven-integration-worker:latest 0.0s done
#23 unpacking to docker.io/library/haven-integration-worker:latest
#23 ...

#29 [api] exporting to image
#29 exporting layers 24.8s done
#29 exporting manifest sha256:abca8a2aa4c31fb65443aaaa63bcd039ac02bd1567468d905b5266df5db8a281 0.2s done
#29 exporting config sha256:30dbc87ec314e7e4c4311df67e81c6e3188e4ace11aaba493d647d2f03307684 0.2s done
#29 exporting attestation manifest sha256:0b60cb3330103373c4201e7cf708e4328a4d8292fe58177e8ded04359721dcd5 0.4s done
#29 exporting manifest list sha256:884580e480ba2158e614a499d7ba9df61028d5ecddfcf79d20835a989a471011 0.2s done
#29 naming to docker.io/library/haven-integration-api:latest 0.0s done
#29 unpacking to docker.io/library/haven-integration-api:latest
#29 ...

#27 [ops] exporting to image
#27 exporting layers 24.8s done
#27 exporting manifest sha256:4145f842e66c284fdca6fc8dc34ffed586302b31e9e9540d13f24a1184128320 0.2s done
#27 exporting config sha256:db31bfcf6fbb00812f0ef7e87278d8cce60b8a7b96755cf52bee5c15b0834841 0.2s done
#27 exporting attestation manifest sha256:a4e10ce1c12307f8c876948db1f044cd105c0e95bebc448c5c7894bbd46ef0d3 0.4s done
#27 exporting manifest list sha256:bc02d92d4aa32a334d2a99b691dab0692e2dfd435cd840eb84c8085602a44652 0.2s done
#27 naming to docker.io/library/haven-integration-ops:latest 0.0s done
#27 unpacking to docker.io/library/haven-integration-ops:latest
#27 ...

#28 [install] exporting to image
#28 exporting layers 24.8s done
#28 exporting manifest sha256:a8595fec7b13fce4753530a81330ba43dadbbfd56ecfd009f15e6b4092b8778c 0.2s done
#28 exporting config sha256:893817729b647cb95d9f40eef865b8627eadb95b1159a27f7256fc83be6cc53f 0.2s done
#28 exporting attestation manifest sha256:215d9d102ab95068c0855803a6c9934d6d5b59c07cd37af795b3d3c660873671 0.4s done
#28 exporting manifest list sha256:4691e9f3a1afce0d6eee2701efa574c34bba0e45ffcf532e1bc9f00b66b902d3 0.2s done
#28 naming to docker.io/library/haven-integration-install:latest 0.1s done
#28 unpacking to docker.io/library/haven-integration-install:latest
#28 ...

#26 [web] exporting to image
#26 exporting layers 24.8s done
#26 exporting manifest sha256:d34263f56e213a339301ac0dae17cba6492c90499a51476d5736425771c82603 0.2s done
#26 exporting config sha256:dbfd52f5e0d072896df14aff7dc19a22f01d33d12881d7bc4648c1a9d8a6486c 0.2s done
#26 exporting attestation manifest sha256:3b0c39dd53a42fed883a4151e9e0987a735e9c35852320bc2c7f799585e39620 0.4s done
#26 exporting manifest list sha256:ffe209f89cd1bee3681cff8e7b83dfa3b14b56b7a9f2f16cadfb0fcf3f4b1cb5 0.2s done
#26 naming to docker.io/library/haven-integration-web:latest 0.0s done
#26 unpacking to docker.io/library/haven-integration-web:latest
#26 ...

#24 [tests browser 1/1] RUN pnpm exec playwright install --with-deps --only-shell chromium
#24 35.44 Selecting previously unselected package libnss3:amd64.
#24 35.44 Preparing to unpack .../19-libnss3_2%3a3.87.1-1+deb12u4_amd64.deb ...
#24 35.46 Unpacking libnss3:amd64 (2:3.87.1-1+deb12u4) ...
#24 35.70 Selecting previously unselected package libsm6:amd64.
#24 35.70 Preparing to unpack .../20-libsm6_2%3a1.2.3-1_amd64.deb ...
#24 35.72 Unpacking libsm6:amd64 (2:1.2.3-1) ...
#24 35.83 Selecting previously unselected package libunwind8:amd64.
#24 35.84 Preparing to unpack .../21-libunwind8_1.6.2-3_amd64.deb ...
#24 35.85 Unpacking libunwind8:amd64 (1.6.2-3) ...
#24 35.97 Selecting previously unselected package libxt6:amd64.
#24 35.97 Preparing to unpack .../22-libxt6_1%3a1.2.1-1.1_amd64.deb ...
#24 35.98 Unpacking libxt6:amd64 (1:1.2.1-1.1) ...
#24 36.09 Selecting previously unselected package libxmu6:amd64.
#24 36.10 Preparing to unpack .../23-libxmu6_2%3a1.1.3-3_amd64.deb ...
#24 36.11 Unpacking libxmu6:amd64 (2:1.1.3-3) ...
#24 36.21 Selecting previously unselected package libxpm4:amd64.
#24 36.21 Preparing to unpack .../24-libxpm4_1%3a3.5.12-1.1+deb12u1_amd64.deb ...
#24 36.23 Unpacking libxpm4:amd64 (1:3.5.12-1.1+deb12u1) ...
#24 36.35 Selecting previously unselected package libxaw7:amd64.
#24 36.35 Preparing to unpack .../25-libxaw7_2%3a1.0.14-1_amd64.deb ...
#24 36.37 Unpacking libxaw7:amd64 (2:1.0.14-1) ...
#24 36.48 Selecting previously unselected package libxcomposite1:amd64.
#24 36.48 Preparing to unpack .../26-libxcomposite1_1%3a0.4.5-1_amd64.deb ...
#24 36.50 Unpacking libxcomposite1:amd64 (1:0.4.5-1) ...
#24 36.61 Selecting previously unselected package libxdamage1:amd64.
#24 36.61 Preparing to unpack .../27-libxdamage1_1%3a1.1.6-1_amd64.deb ...
#24 36.62 Unpacking libxdamage1:amd64 (1:1.1.6-1) ...
#24 36.72 Selecting previously unselected package libxfont2:amd64.
#24 36.72 Preparing to unpack .../28-libxfont2_1%3a2.0.6-1+deb12u1_amd64.deb ...
#24 36.75 Unpacking libxfont2:amd64 (1:2.0.6-1+deb12u1) ...
#24 36.86 Selecting previously unselected package libxkbfile1:amd64.
#24 36.86 Preparing to unpack .../29-libxkbfile1_1%3a1.1.0-1_amd64.deb ...
#24 36.87 Unpacking libxkbfile1:amd64 (1:1.1.0-1) ...
#24 36.96 Selecting previously unselected package x11-xkb-utils.
#24 36.96 Preparing to unpack .../30-x11-xkb-utils_7.7+7_amd64.deb ...
#24 36.98 Unpacking x11-xkb-utils (7.7+7) ...
#24 37.07 Selecting previously unselected package xfonts-encodings.
#24 37.07 Preparing to unpack .../31-xfonts-encodings_1%3a1.0.4-2.2_all.deb ...
#24 37.09 Unpacking xfonts-encodings (1:1.0.4-2.2) ...
#24 37.24 Selecting previously unselected package xfonts-utils.
#24 37.24 Preparing to unpack .../32-xfonts-utils_1%3a7.7+6_amd64.deb ...
#24 37.25 Unpacking xfonts-utils (1:7.7+6) ...
#24 37.37 Selecting previously unselected package xfonts-scalable.
#24 37.37 Preparing to unpack .../33-xfonts-scalable_1%3a1.0.3-1.3_all.deb ...
#24 37.39 Unpacking xfonts-scalable (1:1.0.3-1.3) ...
#24 37.49 Selecting previously unselected package xserver-common.
#24 37.50 Preparing to unpack .../34-xserver-common_2%3a21.1.7-3+deb12u13_all.deb ...
#24 37.51 Unpacking xserver-common (2:21.1.7-3+deb12u13) ...
#24 37.60 Selecting previously unselected package xvfb.
#24 37.61 Preparing to unpack .../35-xvfb_2%3a21.1.7-3+deb12u13_amd64.deb ...
#24 37.62 Unpacking xvfb (2:21.1.7-3+deb12u13) ...
#24 37.83 Setting up libice6:amd64 (2:1.0.10-1) ...
#24 37.87 Setting up libxdamage1:amd64 (1:1.1.6-1) ...
#24 37.91 Setting up libxpm4:amd64 (1:3.5.12-1.1+deb12u1) ...
#24 37.95 Setting up fonts-noto-color-emoji (2.042-0+deb12u1) ...
#24 38.00 Setting up libsqlite3-0:amd64 (3.40.1-2+deb12u2) ...
#24 38.04 Setting up fonts-wqy-zenhei (0.9.45-8) ...
#24 38.13 Setting up fonts-freefont-ttf (20120503-10) ...
#24 38.17 Setting up libatspi2.0-0:amd64 (2.46.0-5) ...
#24 38.21 Setting up libunwind8:amd64 (1.6.2-3) ...
#24 38.25 Setting up libfontenc1:amd64 (1:1.1.4-1) ...
#24 38.30 Setting up fonts-tlwg-loma-otf (1:0.7.3-1) ...
#24 38.34 Setting up libnspr4:amd64 (2:4.35-1) ...
#24 38.38 Setting up libavahi-common-data:amd64 (0.8-10+deb12u1) ...
#24 38.42 Setting up xfonts-encodings (1:1.0.4-2.2) ...
#24 38.46 Setting up fonts-ipafont-gothic (00303-23) ...
#24 38.49 update-alternatives: using /usr/share/fonts/opentype/ipafont-gothic/ipag.ttf to provide /usr/share/fonts/truetype/fonts-japanese-gothic.ttf (fonts-japanese-gothic.ttf) in auto mode
#24 38.52 Setting up at-spi2-common (2.46.0-5) ...
#24 38.56 Setting up fonts-liberation (1:1.07.4-11) ...
#24 38.62 Setting up libatk1.0-0:amd64 (2.46.0-5) ...
#24 38.69 Setting up libxkbfile1:amd64 (1:1.1.0-1) ...
#24 38.76 Setting up libxcomposite1:amd64 (1:0.4.5-1) ...
#24 38.80 Setting up libsm6:amd64 (2:1.2.3-1) ...
#24 38.84 Setting up libxfont2:amd64 (1:2.0.6-1+deb12u1) ...
#24 38.88 Setting up fonts-unifont (1:15.0.01-2) ...
#24 38.92 Setting up libavahi-common3:amd64 (0.8-10+deb12u1) ...
#24 38.95 Setting up libnss3:amd64 (2:3.87.1-1+deb12u4) ...
#24 39.00 Setting up xfonts-utils (1:7.7+6) ...
#24 39.05 Setting up libatk-bridge2.0-0:amd64 (2.46.0-5) ...
#24 39.09 Setting up libxt6:amd64 (1:1.2.1-1.1) ...
#24 39.13 Setting up libavahi-client3:amd64 (0.8-10+deb12u1) ...
#24 39.17 Setting up xfonts-scalable (1:1.0.3-1.3) ...
#24 39.25 Setting up libxmu6:amd64 (2:1.1.3-3) ...
#24 39.30 Setting up libxaw7:amd64 (2:1.0.14-1) ...
#24 39.34 Setting up libcups2:amd64 (2.4.2-3+deb12u9) ...
#24 39.38 Setting up x11-xkb-utils (7.7+7) ...
#24 39.42 Setting up xserver-common (2:21.1.7-3+deb12u13) ...
#24 39.46 Setting up xvfb (2:21.1.7-3+deb12u13) ...
#24 39.51 Processing triggers for fontconfig (2.14.1-4) ...
#24 39.66 Processing triggers for libc-bin (2.36-9+deb12u14) ...
#24 ...

#25 [migrate] exporting to image
#25 unpacking to docker.io/library/haven-integration-migrate:latest 13.3s done
#25 DONE 39.4s

#26 [web] exporting to image
#26 unpacking to docker.io/library/haven-integration-web:latest 13.3s done
#26 DONE 39.4s

#29 [api] exporting to image
#29 unpacking to docker.io/library/haven-integration-api:latest 13.3s done
#29 DONE 39.4s

#23 [worker] exporting to image
#23 unpacking to docker.io/library/haven-integration-worker:latest 13.3s done
#23 DONE 39.4s

#24 [tests browser 1/1] RUN pnpm exec playwright install --with-deps --only-shell chromium
#24 39.81 Downloading Chrome Headless Shell 153.0.8010.12 (playwright chromium-headless-shell v1243) from https://cdn.playwright.dev/builds/cft/153.0.8010.12/linux64/chrome-headless-shell-linux64.zip
#24 ...

#28 [install] exporting to image
#28 unpacking to docker.io/library/haven-integration-install:latest 13.3s done
#28 DONE 39.5s

#27 [ops] exporting to image
#27 unpacking to docker.io/library/haven-integration-ops:latest 13.3s done
#27 DONE 39.5s

#24 [tests browser 1/1] RUN pnpm exec playwright install --with-deps --only-shell chromium
#24 ...

#30 [migrate] resolving provenance for metadata file
#30 ...

#31 [web] resolving provenance for metadata file
#31 DONE 0.4s

#32 [install] resolving provenance for metadata file
#32 DONE 0.1s

#33 [worker] resolving provenance for metadata file
#33 DONE 0.2s

#34 [api] resolving provenance for metadata file
#34 DONE 0.3s

#30 [migrate] resolving provenance for metadata file
#30 DONE 0.4s

#35 [ops] resolving provenance for metadata file
#35 DONE 0.0s

#24 [tests browser 1/1] RUN pnpm exec playwright install --with-deps --only-shell chromium
#24 41.96 |                                                                                |   0% of 114.3 MiB
#24 50.71 |■■■■■■■■                                                                        |  10% of 114.3 MiB
#24 54.66 |■■■■■■■■■■■■■■■■                                                                |  20% of 114.3 MiB
#24 59.96 |■■■■■■■■■■■■■■■■■■■■■■■■                                                        |  30% of 114.3 MiB
#24 69.29 |■■■■■■■■■■■■■■■■■■■■■■■■■■■■■■■■                                                |  40% of 114.3 MiB
#24 73.50 |■■■■■■■■■■■■■■■■■■■■■■■■■■■■■■■■■■■■■■■■                                        |  50% of 114.3 MiB
#24 199.5 Error: Request to https://storage.googleapis.com/chrome-for-testing-public/153.0.8010.12/linux64/chrome-headless-shell-linux64.zip timed out after 120000ms
#24 199.5     at ClientRequest.<anonymous> (/workspace/node_modules/.pnpm/playwright-core@1.63.0/node_modules/playwright-core/lib/coreBundle.js:8793:15)
#24 199.5     at ClientRequest.wrapper (node:events:639:12)
#24 199.5     at ClientRequest.emit (node:events:514:28)
#24 199.5     at TLSSocket.emitRequestTimeout (node:_http_client:1122:9)
#24 199.5     at TLSSocket.wrapper (node:events:639:12)
#24 199.5     at TLSSocket.emit (node:events:526:24)
#24 199.5     at Socket._onTimeout (node:net:824:8)
#24 199.5     at Timeout.onStreamTimeout (node:internal/stream_base_commons:237:10)
#24 199.5     at listOnTimeout (node:internal/timers:687:11)
#24 199.5     at process.processTimers (node:internal/timers:618:7)
#24 199.5 Downloading Chrome Headless Shell 153.0.8010.12 (playwright chromium-headless-shell v1243) from https://cdn.playwright.dev/builds/cft/153.0.8010.12/linux64/chrome-headless-shell-linux64.zip
#24 202.1 |                                                                                |   0% of 114.3 MiB
#24 207.3 |■■■■■■■■                                                                        |  10% of 114.3 MiB
#24 213.5 |■■■■■■■■■■■■■■■■                                                                |  20% of 114.3 MiB
#24 219.1 |■■■■■■■■■■■■■■■■■■■■■■■■                                                        |  30% of 114.3 MiB
#24 225.3 |■■■■■■■■■■■■■■■■■■■■■■■■■■■■■■■■                                                |  40% of 114.3 MiB
#24 230.6 |■■■■■■■■■■■■■■■■■■■■■■■■■■■■■■■■■■■■■■■■                                        |  50% of 114.3 MiB
#24 235.9 |■■■■■■■■■■■■■■■■■■■■■■■■■■■■■■■■■■■■■■■■■■■■■■■■                                |  60% of 114.3 MiB
#24 238.5 |■■■■■■■■■■■■■■■■■■■■■■■■■■■■■■■■■■■■■■■■■■■■■■■■■■■■■■■■                        |  70% of 114.3 MiB
#24 242.7 |■■■■■■■■■■■■■■■■■■■■■■■■■■■■■■■■■■■■■■■■■■■■■■■■■■■■■■■■■■■■■■■■                |  80% of 114.3 MiB
#24 248.9 |■■■■■■■■■■■■■■■■■■■■■■■■■■■■■■■■■■■■■■■■■■■■■■■■■■■■■■■■■■■■■■■■■■■■■■■■        |  90% of 114.3 MiB
#24 252.5 |■■■■■■■■■■■■■■■■■■■■■■■■■■■■■■■■■■■■■■■■■■■■■■■■■■■■■■■■■■■■■■■■■■■■■■■■■■■■■■■■| 100% of 114.3 MiB
#24 254.2 Chrome Headless Shell 153.0.8010.12 (playwright chromium-headless-shell v1243) downloaded to /ms-playwright/chromium_headless_shell-1243
#24 254.2 Downloading FFmpeg (playwright ffmpeg v1011) from https://cdn.playwright.dev/dbazure/download/playwright/builds/ffmpeg/1011/ffmpeg-linux.zip
#24 256.6 |                                                                                |   0% of 2.3 MiB
#24 257.7 |■■■■■■■■                                                                        |  10% of 2.3 MiB
#24 257.9 |■■■■■■■■■■■■■■■■                                                                |  20% of 2.3 MiB
#24 258.3 |■■■■■■■■■■■■■■■■■■■■■■■■                                                        |  30% of 2.3 MiB
#24 258.6 |■■■■■■■■■■■■■■■■■■■■■■■■■■■■■■■■                                                |  40% of 2.3 MiB
#24 258.7 |■■■■■■■■■■■■■■■■■■■■■■■■■■■■■■■■■■■■■■■■                                        |  50% of 2.3 MiB
#24 258.7 |■■■■■■■■■■■■■■■■■■■■■■■■■■■■■■■■■■■■■■■■■■■■■■■■                                |  60% of 2.3 MiB
#24 258.7 |■■■■■■■■■■■■■■■■■■■■■■■■■■■■■■■■■■■■■■■■■■■■■■■■■■■■■■■■                        |  70% of 2.3 MiB
#24 258.8 |■■■■■■■■■■■■■■■■■■■■■■■■■■■■■■■■■■■■■■■■■■■■■■■■■■■■■■■■■■■■■■■■                |  80% of 2.3 MiB
#24 258.9 |■■■■■■■■■■■■■■■■■■■■■■■■■■■■■■■■■■■■■■■■■■■■■■■■■■■■■■■■■■■■■■■■■■■■■■■■        |  90% of 2.3 MiB
#24 259.2 |■■■■■■■■■■■■■■■■■■■■■■■■■■■■■■■■■■■■■■■■■■■■■■■■■■■■■■■■■■■■■■■■■■■■■■■■■■■■■■■■| 100% of 2.3 MiB
#24 259.2 FFmpeg (playwright ffmpeg v1011) downloaded to /ms-playwright/ffmpeg-1011
#24 DONE 259.4s

#36 [tests tests 1/1] COPY . .
#36 DONE 0.2s

#37 [tests] exporting to image
#37 exporting layers
#37 exporting layers 16.3s done
#37 exporting manifest sha256:2ac401a733211dae2ba010b4fb23ea429d55043aa948b6ee6017c54c4886221a 0.0s done
#37 exporting config sha256:06fd63b74c730d94288aae05ed879e45e632dbf96915cbe442a8b071e5b41f6f 0.0s done
#37 exporting attestation manifest sha256:ec16c9685a8ca25eec29c9e0a42191573b913ca4ceab2a36566c8ad7dd464897
#37 exporting attestation manifest sha256:ec16c9685a8ca25eec29c9e0a42191573b913ca4ceab2a36566c8ad7dd464897 0.1s done
#37 exporting manifest list sha256:755c4d708e6d4299f1073bf4c702e81e062cddf773001f37a28a25b39f43051d 0.0s done
#37 naming to docker.io/library/haven-integration-tests:latest
#37 naming to docker.io/library/haven-integration-tests:latest done
#37 unpacking to docker.io/library/haven-integration-tests:latest
#37 unpacking to docker.io/library/haven-integration-tests:latest 2.6s done
#37 DONE 19.2s

#38 [tests] resolving provenance for metadata file
#38 DONE 0.0s
 Image haven-integration-tests Built
 Image haven-integration-install Built
 Image haven-integration-worker Built
 Image haven-integration-ops Built
 Image haven-integration-api Built
 Image haven-integration-migrate Built
 Image haven-integration-web Built
 Network haven-integration_private Creating
 Network haven-integration_private Created
 Volume haven-integration_database Creating
 Volume haven-integration_database Created
 Volume haven-integration_mail-data Creating
 Volume haven-integration_mail-data Created
 Volume haven-integration_packages-database-dependencies Creating
 Volume haven-integration_packages-database-dependencies Created
 Volume haven-integration_virus-signatures Creating
 Volume haven-integration_virus-signatures Created
 Volume haven-integration_apps-ops-dependencies Creating
 Volume haven-integration_apps-ops-dependencies Created
 Volume haven-integration_packages-ui-dependencies Creating
 Volume haven-integration_packages-ui-dependencies Created
 Volume haven-integration_objects Creating
 Volume haven-integration_objects Created
 Volume haven-integration_dependencies Creating
 Volume haven-integration_dependencies Created
 Volume haven-integration_search Creating
 Volume haven-integration_search Created
 Volume haven-integration_cache Creating
 Volume haven-integration_cache Created
 Volume haven-integration_packages-contracts-dependencies Creating
 Volume haven-integration_packages-contracts-dependencies Created
 Volume haven-integration_apps-api-dependencies Creating
 Volume haven-integration_apps-api-dependencies Created
 Volume haven-integration_packages-config-dependencies Creating
 Volume haven-integration_packages-config-dependencies Created
 Volume haven-integration_apps-web-dependencies Creating
 Volume haven-integration_apps-web-dependencies Created
 Volume haven-integration_packages-test-support-dependencies Creating
 Volume haven-integration_packages-test-support-dependencies Created
 Volume haven-integration_apps-worker-dependencies Creating
 Volume haven-integration_apps-worker-dependencies Created
 Container haven-integration-mail-1 Creating
 Container haven-integration-install-1 Creating
 Container haven-integration-scanner-1 Creating
 Container haven-integration-storage-1 Creating
 Container haven-integration-db-1 Creating
 Container haven-integration-search-1 Creating
 Container haven-integration-cache-1 Creating
 Container haven-integration-cache-1 Created
 Container haven-integration-mail-1 Created
 Container haven-integration-scanner-1 Created
 Container haven-integration-db-1 Created
 Container haven-integration-identity-1 Creating
 Container haven-integration-search-1 Created
 Container haven-integration-storage-1 Created
 Container haven-integration-identity-1 Created
 Container haven-integration-install-1 Created
 Container haven-integration-migrate-1 Creating
 Container haven-integration-migrate-1 Created
 Container haven-integration-api-1 Creating
 Container haven-integration-worker-1 Creating
 Container haven-integration-api-1 Created
 Container haven-integration-ops-1 Creating
 Container haven-integration-web-1 Creating
 Container haven-integration-worker-1 Created
 Container haven-integration-web-1 Created
 Container haven-integration-ops-1 Created
 Container haven-integration-proxy-1 Creating
 Container haven-integration-proxy-1 Created
 Container haven-integration-install-1 Starting
 Container haven-integration-db-1 Starting
 Container haven-integration-storage-1 Starting
 Container haven-integration-search-1 Starting
 Container haven-integration-cache-1 Starting
 Container haven-integration-scanner-1 Starting
 Container haven-integration-mail-1 Starting
 Container haven-integration-cache-1 Started
 Container haven-integration-scanner-1 Started
 Container haven-integration-storage-1 Started
 Container haven-integration-search-1 Started
 Container haven-integration-mail-1 Started
 Container haven-integration-install-1 Started
 Container haven-integration-db-1 Started
 Container haven-integration-db-1 Waiting
 Container haven-integration-install-1 Waiting
 Container haven-integration-db-1 Waiting
 Container haven-integration-install-1 Exited
 Container haven-integration-db-1 Healthy
 Container haven-integration-migrate-1 Starting
 Container haven-integration-db-1 Healthy
 Container haven-integration-identity-1 Starting
 Container haven-integration-migrate-1 Started
 Container haven-integration-mail-1 Waiting
 Container haven-integration-migrate-1 Waiting
 Container haven-integration-cache-1 Waiting
 Container haven-integration-search-1 Waiting
 Container haven-integration-identity-1 Started
 Container haven-integration-scanner-1 Waiting
 Container haven-integration-storage-1 Waiting
 Container haven-integration-migrate-1 Waiting
 Container haven-integration-identity-1 Waiting
 Container haven-integration-cache-1 Healthy
 Container haven-integration-search-1 Healthy
 Container haven-integration-mail-1 Healthy
 Container haven-integration-migrate-1 Exited
 Container haven-integration-migrate-1 Exited
 Container haven-integration-worker-1 Starting
 Container haven-integration-worker-1 Started
 Container haven-integration-storage-1 Healthy
 Container haven-integration-scanner-1 Healthy
 Container haven-integration-identity-1 Healthy
 Container haven-integration-api-1 Starting
 Container haven-integration-api-1 Started
 Container haven-integration-api-1 Waiting
 Container haven-integration-api-1 Waiting
 Container haven-integration-api-1 Healthy
 Container haven-integration-api-1 Healthy
 Container haven-integration-ops-1 Starting
 Container haven-integration-web-1 Starting
 Container haven-integration-web-1 Started
 Container haven-integration-ops-1 Started
 Container haven-integration-proxy-1 Starting
 Container haven-integration-proxy-1 Started
 Container haven-integration-search-1 Waiting
 Container haven-integration-proxy-1 Waiting
 Container haven-integration-scanner-1 Waiting
 Container haven-integration-identity-1 Waiting
 Container haven-integration-web-1 Waiting
 Container haven-integration-storage-1 Waiting
 Container haven-integration-mail-1 Waiting
 Container haven-integration-api-1 Waiting
 Container haven-integration-migrate-1 Waiting
 Container haven-integration-install-1 Waiting
 Container haven-integration-db-1 Waiting
 Container haven-integration-ops-1 Waiting
 Container haven-integration-cache-1 Waiting
 Container haven-integration-worker-1 Waiting
 Container haven-integration-search-1 Healthy
 Container haven-integration-install-1 Exited
 Container haven-integration-mail-1 Healthy
 Container haven-integration-api-1 Healthy
 Container haven-integration-migrate-1 Exited
 Container haven-integration-db-1 Healthy
 Container haven-integration-identity-1 Healthy
 Container haven-integration-storage-1 Healthy
 Container haven-integration-worker-1 Healthy
 Container haven-integration-scanner-1 Healthy
 Container haven-integration-cache-1 Healthy
 Container haven-integration-proxy-1 Healthy
 Container haven-integration-ops-1 Healthy
 Container haven-integration-web-1 Healthy
Synthetic fixture fingerprint: f7bb07a15d04209b33c17f4c7f0fbde6526d204dd31d6f199147f0fba56224f0
Identity staff OTP and verified level-2 policy configured.
 Container haven-integration-tests-run-b53851372ccf Creating
 Container haven-integration-tests-run-b53851372ccf Created
