 Container haven-tests-run-9ef025fdac84 Creating 
 Container haven-tests-run-9ef025fdac84 Created 

[1m[30m[46m RUN [49m[39m[22m [36mv5.0.3 [39m[90m/workspace[39m

 [31m❯[39m tests/unit/contracts.test.ts [2m([22m[2m0 test[22m[2m)[22m
 [31m❯[39m tests/unit/mortgage-engine.test.ts [2m([22m[2m0 test[22m[2m)[22m

[31m⎯⎯⎯⎯⎯⎯[39m[1m[41m Failed Suites 2 [49m[22m[31m⎯⎯⎯⎯⎯⎯⎯[39m

[41m[1m FAIL [22m[49m tests/unit/contracts.test.ts[2m [ tests/unit/contracts.test.ts ][22m
[31m[1mError[22m: Cannot find package 'decimal.js' imported from /workspace/tests/unit/contracts.test.ts[39m
[36m [2m❯[22m tests/unit/contracts.test.ts:[2m5:1[22m[39m
    [90m  3|[39m import {csvCell} from '../../packages/contracts/src/mortgage';
    [90m  4|[39m import {mortgage} from '../../apps/api/src/geography/mortgage-engine';
    [90m  5|[39m import Decimal from 'decimal.js';
    [90m   |[39m [31m^[39m
    [90m  6|[39m import fs from 'node:fs';
    [90m  7|[39m import {assertImport,assertMutation} from '../../scripts/boundaries.mj…

[31m[2m⎯⎯⎯⎯⎯⎯⎯⎯⎯⎯⎯⎯⎯⎯⎯⎯⎯⎯⎯⎯⎯⎯⎯⎯[1/2]⎯[22m[39m

[41m[1m FAIL [22m[49m tests/unit/mortgage-engine.test.ts[2m [ tests/unit/mortgage-engine.test.ts ][22m
[31m[1mError[22m: Cannot find package 'decimal.js' imported from /workspace/tests/unit/mortgage-engine.test.ts[39m
[36m [2m❯[22m tests/unit/mortgage-engine.test.ts:[2m2:1[22m[39m
    [90m  1|[39m import {it,expect} from 'vitest';
    [90m  2|[39m import Decimal from 'decimal.js';
    [90m   |[39m [31m^[39m
    [90m  3|[39m import {mortgage} from '../../apps/api/src/geography/mortgage-engine';
    [90m  4|[39m const base={price:'120000',downPayment:'0',annualRate:'6',years:10,met…

[31m[2m⎯⎯⎯⎯⎯⎯⎯⎯⎯⎯⎯⎯⎯⎯⎯⎯⎯⎯⎯⎯⎯⎯⎯⎯[2/2]⎯[22m[39m


[2m Test Files [22m [1m[31m2 failed[39m[22m[90m (2)[39m
[2m      Tests [22m [2mno tests[22m
[2m   Start at [22m 06:45:32
[2m   Duration [22m 701ms[2m (worker 96%, environment 4%)[22m


