 Container haven-tests-run-59bea7cd5361 Creating 
 Container haven-tests-run-59bea7cd5361 Created 

Running 4 tests using 1 worker

  ✓  1 [desktop] › tests/e2e/journeys.spec.ts:30:1 › T01/T02/T03 mortgage zero-rate fixture, validation and CSV (2.0s)
  ✘  2 [desktop] › tests/e2e/mortgage.spec.ts:4:1 › T02 method changes show exact fixture cents, expanded schedule and English invalid-input states (3.1s)
  ✓  3 [mobile] › tests/e2e/journeys.spec.ts:30:1 › T01/T02/T03 mortgage zero-rate fixture, validation and CSV (2.2s)
  ✘  4 [mobile] › tests/e2e/mortgage.spec.ts:4:1 › T02 method changes show exact fixture cents, expanded schedule and English invalid-input states (3.0s)


  1) [desktop] › tests/e2e/mortgage.spec.ts:4:1 › T02 method changes show exact fixture cents, expanded schedule and English invalid-input states 

    Error: expect(received).toEqual(expected) // deep equality

    - Expected  -   1
    + Received  + 198

    - Array []
    + Array [
    +   Object {
    +     "description": "Ensure the contrast between foreground and background colors meets WCAG 2 AA minimum contrast ratio thresholds",
    +     "help": "Elements must meet minimum color contrast ratio thresholds",
    +     "helpUrl": "https://dequeuniversity.com/rules/axe/4.13/color-contrast?application=playwright",
    +     "id": "color-contrast",
    +     "impact": "serious",
    +     "nodes": Array [
    +       Object {
    +         "all": Array [],
    +         "any": Array [
    +           Object {
    +             "data": Object {
    +               "bgColor": "#f4f7ee",
    +               "contrastRatio": 4.37,
    +               "expectedContrastRatio": "4.5:1",
    +               "fgColor": "#667862",
    +               "fontSize": "9.0pt (12px)",
    +               "fontWeight": "normal",
    +               "messageKey": null,
    +             },
    +             "id": "color-contrast",
    +             "impact": "serious",
    +             "message": "Element has insufficient color contrast of 4.37 (foreground color: #667862, background color: #f4f7ee, font size: 9.0pt (12px), font weight: normal). Expected contrast ratio of 4.5:1",
    +             "relatedNodes": Array [
    +               Object {
    +                 "html": "<th>Month</th>",
    +                 "target": Array [
    +                   "th:nth-child(1)",
    +                 ],
    +               },
    +             ],
    +           },
    +         ],
    +         "failureSummary": "Fix any of the following:
    +   Element has insufficient color contrast of 4.37 (foreground color: #667862, background color: #f4f7ee, font size: 9.0pt (12px), font weight: normal). Expected contrast ratio of 4.5:1",
    +         "html": "<th>Month</th>",
    +         "impact": "serious",
    +         "none": Array [],
    +         "target": Array [
    +           "th:nth-child(1)",
    +         ],
    +       },
    +       Object {
    +         "all": Array [],
    +         "any": Array [
    +           Object {
    +             "data": Object {
    +               "bgColor": "#f4f7ee",
    +               "contrastRatio": 4.37,
    +               "expectedContrastRatio": "4.5:1",
    +               "fgColor": "#667862",
    +               "fontSize": "9.0pt (12px)",
    +               "fontWeight": "normal",
    +               "messageKey": null,
    +             },
    +             "id": "color-contrast",
    +             "impact": "serious",
    +             "message": "Element has insufficient color contrast of 4.37 (foreground color: #667862, background color: #f4f7ee, font size: 9.0pt (12px), font weight: normal). Expected contrast ratio of 4.5:1",
    +             "relatedNodes": Array [
    +               Object {
    +                 "html": "<th>Principal (CNY)</th>",
    +                 "target": Array [
    +                   "th:nth-child(2)",
    +                 ],
    +               },
    +             ],
    +           },
    +         ],
    +         "failureSummary": "Fix any of the following:
    +   Element has insufficient color contrast of 4.37 (foreground color: #667862, background color: #f4f7ee, font size: 9.0pt (12px), font weight: normal). Expected contrast ratio of 4.5:1",
    +         "html": "<th>Principal (CNY)</th>",
    +         "impact": "serious",
    +         "none": Array [],
    +         "target": Array [
    +           "th:nth-child(2)",
    +         ],
    +       },
    +       Object {
    +         "all": Array [],
    +         "any": Array [
    +           Object {
    +             "data": Object {
    +               "bgColor": "#f4f7ee",
    +               "contrastRatio": 4.37,
    +               "expectedContrastRatio": "4.5:1",
    +               "fgColor": "#667862",
    +               "fontSize": "9.0pt (12px)",
    +               "fontWeight": "normal",
    +               "messageKey": null,
    +             },
    +             "id": "color-contrast",
    +             "impact": "serious",
    +             "message": "Element has insufficient color contrast of 4.37 (foreground color: #667862, background color: #f4f7ee, font size: 9.0pt (12px), font weight: normal). Expected contrast ratio of 4.5:1",
    +             "relatedNodes": Array [
    +               Object {
    +                 "html": "<th>Interest (CNY)</th>",
    +                 "target": Array [
    +                   "th:nth-child(3)",
    +                 ],
    +               },
    +             ],
    +           },
    +         ],
    +         "failureSummary": "Fix any of the following:
    +   Element has insufficient color contrast of 4.37 (foreground color: #667862, background color: #f4f7ee, font size: 9.0pt (12px), font weight: normal). Expected contrast ratio of 4.5:1",
    +         "html": "<th>Interest (CNY)</th>",
    +         "impact": "serious",
    +         "none": Array [],
    +         "target": Array [
    +           "th:nth-child(3)",
    +         ],
    +       },
    +       Object {
    +         "all": Array [],
    +         "any": Array [
    +           Object {
    +             "data": Object {
    +               "bgColor": "#f4f7ee",
    +               "contrastRatio": 4.37,
    +               "expectedContrastRatio": "4.5:1",
    +               "fgColor": "#667862",
    +               "fontSize": "9.0pt (12px)",
    +               "fontWeight": "normal",
    +               "messageKey": null,
    +             },
    +             "id": "color-contrast",
    +             "impact": "serious",
    +             "message": "Element has insufficient color contrast of 4.37 (foreground color: #667862, background color: #f4f7ee, font size: 9.0pt (12px), font weight: normal). Expected contrast ratio of 4.5:1",
    +             "relatedNodes": Array [
    +               Object {
    +                 "html": "<th>Payment (CNY)</th>",
    +                 "target": Array [
    +                   "th:nth-child(4)",
    +                 ],
    +               },
    +             ],
    +           },
    +         ],
    +         "failureSummary": "Fix any of the following:
    +   Element has insufficient color contrast of 4.37 (foreground color: #667862, background color: #f4f7ee, font size: 9.0pt (12px), font weight: normal). Expected contrast ratio of 4.5:1",
    +         "html": "<th>Payment (CNY)</th>",
    +         "impact": "serious",
    +         "none": Array [],
    +         "target": Array [
    +           "th:nth-child(4)",
    +         ],
    +       },
    +       Object {
    +         "all": Array [],
    +         "any": Array [
    +           Object {
    +             "data": Object {
    +               "bgColor": "#f4f7ee",
    +               "contrastRatio": 4.37,
    +               "expectedContrastRatio": "4.5:1",
    +               "fgColor": "#667862",
    +               "fontSize": "9.0pt (12px)",
    +               "fontWeight": "normal",
    +               "messageKey": null,
    +             },
    +             "id": "color-contrast",
    +             "impact": "serious",
    +             "message": "Element has insufficient color contrast of 4.37 (foreground color: #667862, background color: #f4f7ee, font size: 9.0pt (12px), font weight: normal). Expected contrast ratio of 4.5:1",
    +             "relatedNodes": Array [
    +               Object {
    +                 "html": "<th>Balance (CNY)</th>",
    +                 "target": Array [
    +                   "th:nth-child(5)",
    +                 ],
    +               },
    +             ],
    +           },
    +         ],
    +         "failureSummary": "Fix any of the following:
    +   Element has insufficient color contrast of 4.37 (foreground color: #667862, background color: #f4f7ee, font size: 9.0pt (12px), font weight: normal). Expected contrast ratio of 4.5:1",
    +         "html": "<th>Balance (CNY)</th>",
    +         "impact": "serious",
    +         "none": Array [],
    +         "target": Array [
    +           "th:nth-child(5)",
    +         ],
    +       },
    +     ],
    +     "tags": Array [
    +       "cat.color",
    +       "wcag2aa",
    +       "wcag143",
    +       "TTv5",
    +       "TT13.c",
    +       "EN-301-549",
    +       "EN-9.1.4.3",
    +       "ACT",
    +       "RGAAv4",
    +       "RGAA-3.2.1",
    +     ],
    +   },
    + ]

      3 | test.use({actionTimeout:15000});
      4 | test('T02 method changes show exact fixture cents, expanded schedule and English invalid-input states',async({page},info)=>{
    > 5 |  await page.goto('/bj/tools/mortgage');await expect(page.getByLabel('Nominal annual interest rate (%)',{exact:true})).toHaveValue('3.50');await page.getByLabel('Property price (CNY)',{exact:true}).fill('120000');await page.getByLabel('Down payment (CNY)',{exact:true}).fill('0');await page.getByLabel('Nominal annual interest rate (%)',{exact:true}).fill('6');await page.getByLabel('Loan term (years)',{exact:true}).fill('10');await page.getByRole('button',{name:'Calculate payments',exact:true}).click();await expect(page.locator('.mortgage-monthly')).toHaveText('CNY 1,332.25');await expect(page.locator('.mortgage-totals')).toContainText('CNY 39,869.30');await expect(page.getByRole('table')).toContainText('6% nominal annual rate');await expect(page.getByRole('table').locator('tbody tr')).toHaveCount(12);await page.getByRole('button',{name:'Show full schedule',exact:true}).click();await expect(page.getByRole('table').locator('tbody tr')).toHaveCount(120);await expect(page.getByRole('table').locator('tbody tr').last()).toContainText('0.00');await page.getByLabel('Repayment method',{exact:true}).selectOption('equal_principal');await expect(page.locator('.mortgage-monthly')).toHaveCount(0);await page.getByRole('button',{name:'Calculate payments',exact:true}).click();await expect(page.locator('.mortgage-monthly')).toHaveText('CNY 1,600.00');await expect(page.locator('.mortgage-totals')).toContainText('CNY 36,300.00');await expect(page.locator('.mortgage-results')).toContainText('later payments decrease');await expect(page.getByRole('table')).toContainText('Equal principal');await expect(page.locator('.mortgage-results')).toContainText('no lender approval');expect((await new AxeBuilder({page}).include('main#main').analyze()).violations.filter(v=>v.impact==='serious'||v.impact==='critical')).toEqual([]);expect(await page.evaluate(()=>document.documentElement.scrollWidth<=innerWidth)).toBe(true);await page.screenshot({path:`evidence/t02-mortgage-${info.project.name}.png`,scale:'css'});
        |                                                                                                                                                                                                                                                                                                                                                                                                                                                                                                                                                                                                                                                                                                                                                                                                                                                                                                                                                                                                                                                                                                                                                                                                                                                                                                                                                                                                                                                                                                                                                                                                                                                                                                                                                                                                                                                                                    ^
      6 |  for(const [field,value,message] of [['Down payment (CNY)','130000','Down payment must be less'],['Down payment (CNY)','120000','loan principal must be positive'],['Property price (CNY)','broken','Enter a property price'],['Loan term (years)','0','Enter a whole loan term'],['Nominal annual interest rate (%)','-1','between 0 and 30']]){await page.getByLabel('Property price (CNY)',{exact:true}).fill('120000');await page.getByLabel('Down payment (CNY)',{exact:true}).fill('0');await page.getByLabel('Loan term (years)',{exact:true}).fill('10');await page.getByLabel('Nominal annual interest rate (%)',{exact:true}).fill('6');await page.getByLabel(field,{exact:true}).fill(value);await page.getByRole('button',{name:'Calculate payments',exact:true}).click();await expect(page.getByRole('alert')).toContainText(message);await expect(page.locator('.mortgage-monthly')).toHaveCount(0);await expect(page.locator('main#main')).not.toContainText('NaN');await expect(page.getByLabel(field,{exact:true})).toHaveValue(value);}
      7 | });
      8 |
        at /workspace/tests/e2e/mortgage.spec.ts:5:1812

    attachment #1: screenshot (image/png) ──────────────────────────────────────────────────────────
    test-results/mortgage-T02-method-change-15aec-nglish-invalid-input-states-desktop/test-failed-1.png
    ────────────────────────────────────────────────────────────────────────────────────────────────

    Error Context: test-results/mortgage-T02-method-change-15aec-nglish-invalid-input-states-desktop/error-context.md

    attachment #3: trace (application/zip) ─────────────────────────────────────────────────────────
    test-results/mortgage-T02-method-change-15aec-nglish-invalid-input-states-desktop/trace.zip
    Usage:

        pnpm exec playwright show-trace test-results/mortgage-T02-method-change-15aec-nglish-invalid-input-states-desktop/trace.zip

    ────────────────────────────────────────────────────────────────────────────────────────────────

  2) [mobile] › tests/e2e/mortgage.spec.ts:4:1 › T02 method changes show exact fixture cents, expanded schedule and English invalid-input states 

    Error: expect(received).toEqual(expected) // deep equality

    - Expected  -   1
    + Received  + 248

    - Array []
    + Array [
    +   Object {
    +     "description": "Ensure the contrast between foreground and background colors meets WCAG 2 AA minimum contrast ratio thresholds",
    +     "help": "Elements must meet minimum color contrast ratio thresholds",
    +     "helpUrl": "https://dequeuniversity.com/rules/axe/4.13/color-contrast?application=playwright",
    +     "id": "color-contrast",
    +     "impact": "serious",
    +     "nodes": Array [
    +       Object {
    +         "all": Array [],
    +         "any": Array [
    +           Object {
    +             "data": Object {
    +               "bgColor": "#f4f7ee",
    +               "contrastRatio": 4.37,
    +               "expectedContrastRatio": "4.5:1",
    +               "fgColor": "#667862",
    +               "fontSize": "9.0pt (12px)",
    +               "fontWeight": "normal",
    +               "messageKey": null,
    +             },
    +             "id": "color-contrast",
    +             "impact": "serious",
    +             "message": "Element has insufficient color contrast of 4.37 (foreground color: #667862, background color: #f4f7ee, font size: 9.0pt (12px), font weight: normal). Expected contrast ratio of 4.5:1",
    +             "relatedNodes": Array [
    +               Object {
    +                 "html": "<th>Month</th>",
    +                 "target": Array [
    +                   "th:nth-child(1)",
    +                 ],
    +               },
    +             ],
    +           },
    +         ],
    +         "failureSummary": "Fix any of the following:
    +   Element has insufficient color contrast of 4.37 (foreground color: #667862, background color: #f4f7ee, font size: 9.0pt (12px), font weight: normal). Expected contrast ratio of 4.5:1",
    +         "html": "<th>Month</th>",
    +         "impact": "serious",
    +         "none": Array [],
    +         "target": Array [
    +           "th:nth-child(1)",
    +         ],
    +       },
    +       Object {
    +         "all": Array [],
    +         "any": Array [
    +           Object {
    +             "data": Object {
    +               "bgColor": "#f4f7ee",
    +               "contrastRatio": 4.37,
    +               "expectedContrastRatio": "4.5:1",
    +               "fgColor": "#667862",
    +               "fontSize": "9.0pt (12px)",
    +               "fontWeight": "normal",
    +               "messageKey": null,
    +             },
    +             "id": "color-contrast",
    +             "impact": "serious",
    +             "message": "Element has insufficient color contrast of 4.37 (foreground color: #667862, background color: #f4f7ee, font size: 9.0pt (12px), font weight: normal). Expected contrast ratio of 4.5:1",
    +             "relatedNodes": Array [
    +               Object {
    +                 "html": "<th>Principal (CNY)</th>",
    +                 "target": Array [
    +                   "th:nth-child(2)",
    +                 ],
    +               },
    +             ],
    +           },
    +         ],
    +         "failureSummary": "Fix any of the following:
    +   Element has insufficient color contrast of 4.37 (foreground color: #667862, background color: #f4f7ee, font size: 9.0pt (12px), font weight: normal). Expected contrast ratio of 4.5:1",
    +         "html": "<th>Principal (CNY)</th>",
    +         "impact": "serious",
    +         "none": Array [],
    +         "target": Array [
    +           "th:nth-child(2)",
    +         ],
    +       },
    +       Object {
    +         "all": Array [],
    +         "any": Array [
    +           Object {
    +             "data": Object {
    +               "bgColor": "#f4f7ee",
    +               "contrastRatio": 4.37,
    +               "expectedContrastRatio": "4.5:1",
    +               "fgColor": "#667862",
    +               "fontSize": "9.0pt (12px)",
    +               "fontWeight": "normal",
    +               "messageKey": null,
    +             },
    +             "id": "color-contrast",
    +             "impact": "serious",
    +             "message": "Element has insufficient color contrast of 4.37 (foreground color: #667862, background color: #f4f7ee, font size: 9.0pt (12px), font weight: normal). Expected contrast ratio of 4.5:1",
    +             "relatedNodes": Array [
    +               Object {
    +                 "html": "<th>Interest (CNY)</th>",
    +                 "target": Array [
    +                   "th:nth-child(3)",
    +                 ],
    +               },
    +             ],
    +           },
    +         ],
    +         "failureSummary": "Fix any of the following:
    +   Element has insufficient color contrast of 4.37 (foreground color: #667862, background color: #f4f7ee, font size: 9.0pt (12px), font weight: normal). Expected contrast ratio of 4.5:1",
    +         "html": "<th>Interest (CNY)</th>",
    +         "impact": "serious",
    +         "none": Array [],
    +         "target": Array [
    +           "th:nth-child(3)",
    +         ],
    +       },
    +       Object {
    +         "all": Array [],
    +         "any": Array [
    +           Object {
    +             "data": Object {
    +               "bgColor": "#f4f7ee",
    +               "contrastRatio": 4.37,
    +               "expectedContrastRatio": "4.5:1",
    +               "fgColor": "#667862",
    +               "fontSize": "9.0pt (12px)",
    +               "fontWeight": "normal",
    +               "messageKey": null,
    +             },
    +             "id": "color-contrast",
    +             "impact": "serious",
    +             "message": "Element has insufficient color contrast of 4.37 (foreground color: #667862, background color: #f4f7ee, font size: 9.0pt (12px), font weight: normal). Expected contrast ratio of 4.5:1",
    +             "relatedNodes": Array [
    +               Object {
    +                 "html": "<th>Payment (CNY)</th>",
    +                 "target": Array [
    +                   "th:nth-child(4)",
    +                 ],
    +               },
    +             ],
    +           },
    +         ],
    +         "failureSummary": "Fix any of the following:
    +   Element has insufficient color contrast of 4.37 (foreground color: #667862, background color: #f4f7ee, font size: 9.0pt (12px), font weight: normal). Expected contrast ratio of 4.5:1",
    +         "html": "<th>Payment (CNY)</th>",
    +         "impact": "serious",
    +         "none": Array [],
    +         "target": Array [
    +           "th:nth-child(4)",
    +         ],
    +       },
    +       Object {
    +         "all": Array [],
    +         "any": Array [
    +           Object {
    +             "data": Object {
    +               "bgColor": "#f4f7ee",
    +               "contrastRatio": 4.37,
    +               "expectedContrastRatio": "4.5:1",
    +               "fgColor": "#667862",
    +               "fontSize": "9.0pt (12px)",
    +               "fontWeight": "normal",
    +               "messageKey": null,
    +             },
    +             "id": "color-contrast",
    +             "impact": "serious",
    +             "message": "Element has insufficient color contrast of 4.37 (foreground color: #667862, background color: #f4f7ee, font size: 9.0pt (12px), font weight: normal). Expected contrast ratio of 4.5:1",
    +             "relatedNodes": Array [
    +               Object {
    +                 "html": "<th>Balance (CNY)</th>",
    +                 "target": Array [
    +                   "th:nth-child(5)",
    +                 ],
    +               },
    +             ],
    +           },
    +         ],
    +         "failureSummary": "Fix any of the following:
    +   Element has insufficient color contrast of 4.37 (foreground color: #667862, background color: #f4f7ee, font size: 9.0pt (12px), font weight: normal). Expected contrast ratio of 4.5:1",
    +         "html": "<th>Balance (CNY)</th>",
    +         "impact": "serious",
    +         "none": Array [],
    +         "target": Array [
    +           "th:nth-child(5)",
    +         ],
    +       },
    +     ],
    +     "tags": Array [
    +       "cat.color",
    +       "wcag2aa",
    +       "wcag143",
    +       "TTv5",
    +       "TT13.c",
    +       "EN-301-549",
    +       "EN-9.1.4.3",
    +       "ACT",
    +       "RGAAv4",
    +       "RGAA-3.2.1",
    +     ],
    +   },
    +   Object {
    +     "description": "Ensure elements that have scrollable content are accessible by keyboard in Safari",
    +     "help": "Scrollable region must have keyboard access",
    +     "helpUrl": "https://dequeuniversity.com/rules/axe/4.13/scrollable-region-focusable?application=playwright",
    +     "id": "scrollable-region-focusable",
    +     "impact": "serious",
    +     "nodes": Array [
    +       Object {
    +         "all": Array [],
    +         "any": Array [
    +           Object {
    +             "data": null,
    +             "id": "focusable-content",
    +             "impact": "serious",
    +             "message": "Element should have focusable content",
    +             "relatedNodes": Array [],
    +           },
    +           Object {
    +             "data": null,
    +             "id": "focusable-element",
    +             "impact": "serious",
    +             "message": "Element should be focusable",
    +             "relatedNodes": Array [],
    +           },
    +         ],
    +         "failureSummary": "Fix any of the following:
    +   Element should have focusable content
    +   Element should be focusable",
    +         "html": "<div class=\"table-scroll\">",
    +         "impact": "serious",
    +         "none": Array [],
    +         "target": Array [
    +           ".table-scroll",
    +         ],
    +       },
    +     ],
    +     "tags": Array [
    +       "cat.keyboard",
    +       "wcag2a",
    +       "wcag211",
    +       "wcag213",
    +       "TTv5",
    +       "TT4.a",
    +       "EN-301-549",
    +       "EN-9.2.1.1",
    +       "EN-9.2.1.3",
    +       "RGAAv4",
    +       "RGAA-7.3.2",
    +     ],
    +   },
    + ]

      3 | test.use({actionTimeout:15000});
      4 | test('T02 method changes show exact fixture cents, expanded schedule and English invalid-input states',async({page},info)=>{
    > 5 |  await page.goto('/bj/tools/mortgage');await expect(page.getByLabel('Nominal annual interest rate (%)',{exact:true})).toHaveValue('3.50');await page.getByLabel('Property price (CNY)',{exact:true}).fill('120000');await page.getByLabel('Down payment (CNY)',{exact:true}).fill('0');await page.getByLabel('Nominal annual interest rate (%)',{exact:true}).fill('6');await page.getByLabel('Loan term (years)',{exact:true}).fill('10');await page.getByRole('button',{name:'Calculate payments',exact:true}).click();await expect(page.locator('.mortgage-monthly')).toHaveText('CNY 1,332.25');await expect(page.locator('.mortgage-totals')).toContainText('CNY 39,869.30');await expect(page.getByRole('table')).toContainText('6% nominal annual rate');await expect(page.getByRole('table').locator('tbody tr')).toHaveCount(12);await page.getByRole('button',{name:'Show full schedule',exact:true}).click();await expect(page.getByRole('table').locator('tbody tr')).toHaveCount(120);await expect(page.getByRole('table').locator('tbody tr').last()).toContainText('0.00');await page.getByLabel('Repayment method',{exact:true}).selectOption('equal_principal');await expect(page.locator('.mortgage-monthly')).toHaveCount(0);await page.getByRole('button',{name:'Calculate payments',exact:true}).click();await expect(page.locator('.mortgage-monthly')).toHaveText('CNY 1,600.00');await expect(page.locator('.mortgage-totals')).toContainText('CNY 36,300.00');await expect(page.locator('.mortgage-results')).toContainText('later payments decrease');await expect(page.getByRole('table')).toContainText('Equal principal');await expect(page.locator('.mortgage-results')).toContainText('no lender approval');expect((await new AxeBuilder({page}).include('main#main').analyze()).violations.filter(v=>v.impact==='serious'||v.impact==='critical')).toEqual([]);expect(await page.evaluate(()=>document.documentElement.scrollWidth<=innerWidth)).toBe(true);await page.screenshot({path:`evidence/t02-mortgage-${info.project.name}.png`,scale:'css'});
        |                                                                                                                                                                                                                                                                                                                                                                                                                                                                                                                                                                                                                                                                                                                                                                                                                                                                                                                                                                                                                                                                                                                                                                                                                                                                                                                                                                                                                                                                                                                                                                                                                                                                                                                                                                                                                                                                                    ^
      6 |  for(const [field,value,message] of [['Down payment (CNY)','130000','Down payment must be less'],['Down payment (CNY)','120000','loan principal must be positive'],['Property price (CNY)','broken','Enter a property price'],['Loan term (years)','0','Enter a whole loan term'],['Nominal annual interest rate (%)','-1','between 0 and 30']]){await page.getByLabel('Property price (CNY)',{exact:true}).fill('120000');await page.getByLabel('Down payment (CNY)',{exact:true}).fill('0');await page.getByLabel('Loan term (years)',{exact:true}).fill('10');await page.getByLabel('Nominal annual interest rate (%)',{exact:true}).fill('6');await page.getByLabel(field,{exact:true}).fill(value);await page.getByRole('button',{name:'Calculate payments',exact:true}).click();await expect(page.getByRole('alert')).toContainText(message);await expect(page.locator('.mortgage-monthly')).toHaveCount(0);await expect(page.locator('main#main')).not.toContainText('NaN');await expect(page.getByLabel(field,{exact:true})).toHaveValue(value);}
      7 | });
      8 |
        at /workspace/tests/e2e/mortgage.spec.ts:5:1812

    attachment #1: screenshot (image/png) ──────────────────────────────────────────────────────────
    test-results/mortgage-T02-method-change-15aec-nglish-invalid-input-states-mobile/test-failed-1.png
    ────────────────────────────────────────────────────────────────────────────────────────────────

    Error Context: test-results/mortgage-T02-method-change-15aec-nglish-invalid-input-states-mobile/error-context.md

    attachment #3: trace (application/zip) ─────────────────────────────────────────────────────────
    test-results/mortgage-T02-method-change-15aec-nglish-invalid-input-states-mobile/trace.zip
    Usage:

        pnpm exec playwright show-trace test-results/mortgage-T02-method-change-15aec-nglish-invalid-input-states-mobile/trace.zip

    ────────────────────────────────────────────────────────────────────────────────────────────────

  2 failed
    [desktop] › tests/e2e/mortgage.spec.ts:4:1 › T02 method changes show exact fixture cents, expanded schedule and English invalid-input states 
    [mobile] › tests/e2e/mortgage.spec.ts:4:1 › T02 method changes show exact fixture cents, expanded schedule and English invalid-input states 
  2 passed (12.2s)

