 Container haven-integration-tests-run-6675422350b1 Creating 
 Container haven-integration-tests-run-6675422350b1 Created 

[1m[30m[46m RUN [49m[39m[22m [36mv5.0.3 [39m[90m/workspace[39m

 [32m✓[39m tests/integration/provider-catalog.test.ts [2m([22m[2m5 tests[22m[2m)[22m[33m 2325[2mms[22m[39m
   [33m[2m✓[22m[39m V01 only independently approved provider is public in its exact service area, with scanned portfolio and no owner/private review fields[33m 617[2mms[22m[39m
   [33m[2m✓[22m[39m V01 unscanned/foreign/stale-version/duplicate portfolio references and wrong-city districts are rejected without partial provider writes[33m 690[2mms[22m[39m
   [33m[2m✓[22m[39m V01 editing approval removes public access, submitted edits need withdrawal, stale writes conflict, and matching create retry returns one profile[33m 467[2mms[22m[39m
   [33m[2m✓[22m[39m V01 revoked vendor membership removes authoring/public eligibility while exact own personal export retains its provider metadata[33m 469[2mms[22m[39m
 [31m❯[39m tests/integration/inquiries.test.ts [2m([22m[2m6 tests[22m[2m | [22m[31m1 failed[39m[2m)[22m[33m 521[2mms[22m[39m
   [32m✓[39m L01 guest persists one consented destination lead, routes a real team notification, replays one receipt, and creates no account or conversation[32m 84[2mms[22m[39m
   [32m✓[39m L01 guest admission survives session rotation and rejects spam, absent consent, stale resource and withdrawn destination[32m 179[2mms[22m[39m
   [32m✓[39m L01 session integrity rejects tampering, stale versions, native-cookie fallback and forged client headers; guest scope cannot read another guest or mutate a lead[32m 52[2mms[22m[39m
   [32m✓[39m L01 account retries preserve exactly one linked conversation and unknown historical consent stays unknown[32m 27[2mms[22m[39m
[31m   [31m×[31m L01 direct agent, approved provider and published project guests reach actual destination teams; stale/unpublished provider is rejected[39m[32m 92[2mms[22m[39m
   [32m✓[39m L01 an expired assigned agent routes listing contacts to the actual agency manager without granting that agent the unassigned lead[32m 44[2mms[22m[39m
 [32m✓[39m tests/integration/provider-discovery.test.ts [2m([22m[2m1 test[22m[2m)[22m[33m 520[2mms[22m[39m
   [33m[2m✓[22m[39m V02 filters published providers by exact category/canonical area/text/city with bounded stable pages; other areas and unknown matches remain empty[33m 467[2mms[22m[39m

[31m⎯⎯⎯⎯⎯⎯⎯[39m[1m[41m Failed Tests 1 [49m[22m[31m⎯⎯⎯⎯⎯⎯⎯[39m

[41m[1m FAIL [22m[49m tests/integration/inquiries.test.ts[2m > [22mL01 direct agent, approved provider and published project guests reach actual destination teams; stale/unpublished provider is rejected
[31m[1mHttpException[22m: This resource is no longer available[39m
[36m [2m❯[22m fail apps/api/src/platform/core.ts:[2m9:87[22m[39m

[90m [2m❯[22m inquiryDestination apps/api/src/engagement/inquiry-destinations.ts:[2m12:13[22m[39m
[90m [2m❯[22m persist apps/api/src/engagement/inquiries.ts:[2m15:15[22m[39m
[90m [2m❯[22m apps/api/src/engagement/inquiries.ts:[2m38:17[22m[39m
[90m [2m❯[22m transaction packages/database/src/index.ts:[2m7:1159[22m[39m
[90m [2m❯[22m tests/integration/inquiries.test.ts:[2m29:237[22m[39m

[31m[2m⎯⎯⎯⎯⎯⎯⎯⎯⎯⎯⎯⎯⎯⎯⎯⎯⎯⎯⎯⎯⎯⎯⎯⎯[1/1]⎯[22m[39m


[2m Test Files [22m [1m[31m1 failed[39m[22m[2m | [22m[1m[32m2 passed[39m[22m[90m (3)[39m
[2m      Tests [22m [1m[31m1 failed[39m[22m[2m | [22m[1m[32m11 passed[39m[22m[90m (12)[39m
[2m   Start at [22m 06:16:00
[2m   Duration [22m 6.50s[2m (tests 55%, import 39%, transform 6%)[22m


