 Container haven-integration-tests-run-33e7e6146f3c Creating 
 Container haven-integration-tests-run-33e7e6146f3c Created 

[1m[30m[46m RUN [49m[39m[22m [36mv5.0.3 [39m[90m/workspace[39m

 [32m✓[39m tests/integration/quotes.test.ts [2m([22m[2m4 tests[22m[2m)[22m[33m 613[2mms[22m[39m
 [32m✓[39m tests/integration/provider-catalog.test.ts [2m([22m[2m5 tests[22m[2m)[22m[33m 2271[2mms[22m[39m
   [33m[2m✓[22m[39m V01 only independently approved provider is public in its exact service area, with scanned portfolio and no owner/private review fields[33m 555[2mms[22m[39m
   [33m[2m✓[22m[39m V01 unscanned/foreign/stale-version/duplicate portfolio references and wrong-city districts are rejected without partial provider writes[33m 731[2mms[22m[39m
   [33m[2m✓[22m[39m V01 editing approval removes public access, submitted edits need withdrawal, stale writes conflict, and matching create retry returns one profile[33m 456[2mms[22m[39m
   [33m[2m✓[22m[39m V01 revoked vendor membership removes authoring/public eligibility while exact own personal export retains its provider metadata[33m 460[2mms[22m[39m

[2m Test Files [22m [1m[32m2 passed[39m[22m[90m (2)[39m
[2m      Tests [22m [1m[32m9 passed[39m[22m[90m (9)[39m
[2m   Start at [22m 06:36:21
[2m   Duration [22m 5.24s[2m (tests 57%, import 35%, transform 7%)[22m

 Container haven-integration-tests-run-105721a937fa Creating 
 Container haven-integration-tests-run-105721a937fa Created 

[1m[30m[46m RUN [49m[39m[22m [36mv5.0.3 [39m[90m/workspace[39m

 [32m✓[39m tests/integration/account-privacy.test.ts [2m([22m[2m3 tests[22m[2m)[22m[33m 441[2mms[22m[39m

[2m Test Files [22m [1m[32m1 passed[39m[22m[90m (1)[39m
[2m      Tests [22m [1m[32m3 passed[39m[22m[90m (3)[39m
[2m   Start at [22m 06:39:02
[2m   Duration [22m 1.55s[2m (import 50%, tests 30%, transform 19%)[22m

