 Container haven-integration-tests-run-1609068c5b45 Creating 
 Container haven-integration-tests-run-1609068c5b45 Created 

[1m[30m[46m RUN [49m[39m[22m [36mv5.0.3 [39m[90m/workspace[39m

 [31m❯[39m tests/integration/quotes.test.ts [2m([22m[2m4 tests[22m[2m | [22m[31m3 failed[39m[2m)[22m[33m 557[2mms[22m[39m
[31m   [31m×[31m V03 consumer persists one exact intended-recipient quote on matching retry; vendor contacts and customer sees committed history[39m[32m 17[2mms[22m[39m
[31m   [31m×[31m V03 same-team and foreign vendors, forged admin role and other customers cannot read or change the request[39m[32m 7[2mms[22m[39m
   [32m✓[39m V03 source, consent, contact and decimal validation rejects invalid requests without partial quote rows[32m 21[2mms[22m[39m
[31m   [31m×[31m V03 stale and terminal updates are rejected; recipient revocation denies vendor while customer history survives provider withdrawal[39m[32m 6[2mms[22m[39m

[31m⎯⎯⎯⎯⎯⎯⎯[39m[1m[41m Failed Tests 3 [49m[22m[31m⎯⎯⎯⎯⎯⎯⎯[39m

[41m[1m FAIL [22m[49m tests/integration/quotes.test.ts[2m > [22mV03 consumer persists one exact intended-recipient quote on matching retry; vendor contacts and customer sees committed history
[31m[1merror[22m: new row violates row-level security policy for table "quotes"[39m
[90m [2m❯[22m node_modules/.pnpm/pg@8.23.1/node_modules/pg/lib/client.js:[2m694:17[22m[39m
[36m [2m❯[22m apps/api/src/services/controller.ts:[2m17:11[22m[39m

[90m [2m❯[22m idempotent apps/api/src/platform/core.ts:[2m21:1047[22m[39m
[90m [2m❯[22m transaction packages/database/src/index.ts:[2m7:1159[22m[39m
[90m [2m❯[22m tests/integration/quotes.test.ts:[2m17:181[22m[39m

[31m[2m⎯⎯⎯⎯⎯⎯⎯⎯⎯⎯⎯⎯⎯⎯⎯⎯⎯⎯⎯⎯⎯⎯⎯⎯[1/3]⎯[22m[39m

[41m[1m FAIL [22m[49m tests/integration/quotes.test.ts[2m > [22mV03 same-team and foreign vendors, forged admin role and other customers cannot read or change the request
[31m[1merror[22m: new row violates row-level security policy for table "quotes"[39m
[90m [2m❯[22m node_modules/.pnpm/pg@8.23.1/node_modules/pg/lib/client.js:[2m694:17[22m[39m
[36m [2m❯[22m apps/api/src/services/controller.ts:[2m17:11[22m[39m

[90m [2m❯[22m idempotent apps/api/src/platform/core.ts:[2m21:1047[22m[39m
[90m [2m❯[22m transaction packages/database/src/index.ts:[2m7:1159[22m[39m
[90m [2m❯[22m create tests/integration/quotes.test.ts:[2m14:34[22m[39m
[90m [2m❯[22m tests/integration/quotes.test.ts:[2m18:131[22m[39m

[31m[2m⎯⎯⎯⎯⎯⎯⎯⎯⎯⎯⎯⎯⎯⎯⎯⎯⎯⎯⎯⎯⎯⎯⎯⎯[2/3]⎯[22m[39m

[41m[1m FAIL [22m[49m tests/integration/quotes.test.ts[2m > [22mV03 stale and terminal updates are rejected; recipient revocation denies vendor while customer history survives provider withdrawal
[31m[1merror[22m: new row violates row-level security policy for table "quotes"[39m
[90m [2m❯[22m node_modules/.pnpm/pg@8.23.1/node_modules/pg/lib/client.js:[2m694:17[22m[39m
[36m [2m❯[22m apps/api/src/services/controller.ts:[2m17:11[22m[39m

[90m [2m❯[22m idempotent apps/api/src/platform/core.ts:[2m21:1047[22m[39m
[90m [2m❯[22m transaction packages/database/src/index.ts:[2m7:1159[22m[39m
[90m [2m❯[22m create tests/integration/quotes.test.ts:[2m14:34[22m[39m
[90m [2m❯[22m tests/integration/quotes.test.ts:[2m20:156[22m[39m

[31m[2m⎯⎯⎯⎯⎯⎯⎯⎯⎯⎯⎯⎯⎯⎯⎯⎯⎯⎯⎯⎯⎯⎯⎯⎯[3/3]⎯[22m[39m


[2m Test Files [22m [1m[31m1 failed[39m[22m[90m (1)[39m
[2m      Tests [22m [1m[31m3 failed[39m[22m[2m | [22m[1m[32m1 passed[39m[22m[90m (4)[39m
[2m   Start at [22m 06:36:00
[2m   Duration [22m 1.89s[2m (import 49%, tests 31%, transform 19%)[22m


