Local environment and identity fixtures ready. Account credentials: infra/generated/integration/personas.md
 Container haven-integration-proxy-1 Stopping 
 Container haven-integration-worker-1 Stopping 
 Container haven-integration-proxy-1 Stopped 
 Container haven-integration-proxy-1 Removing 
 Container haven-integration-worker-1 Stopped 
 Container haven-integration-worker-1 Removing 
 Container haven-integration-proxy-1 Removed 
 Container haven-integration-web-1 Stopping 
 Container haven-integration-ops-1 Stopping 
 Container haven-integration-worker-1 Removed 
 Container haven-integration-search-1 Stopping 
 Container haven-integration-mail-1 Stopping 
 Container haven-integration-cache-1 Stopping 
 Container haven-integration-web-1 Stopped 
 Container haven-integration-web-1 Removing 
 Container haven-integration-ops-1 Stopped 
 Container haven-integration-ops-1 Removing 
 Container haven-integration-cache-1 Stopped 
 Container haven-integration-cache-1 Removing 
 Container haven-integration-web-1 Removed 
 Container haven-integration-search-1 Stopped 
 Container haven-integration-search-1 Removing 
 Container haven-integration-cache-1 Removed 
 Container haven-integration-ops-1 Removed 
 Container haven-integration-api-1 Stopping 
 Container haven-integration-mail-1 Stopped 
 Container haven-integration-mail-1 Removing 
 Container haven-integration-search-1 Removed 
 Container haven-integration-api-1 Stopped 
 Container haven-integration-api-1 Removing 
 Container haven-integration-mail-1 Removed 
 Container haven-integration-api-1 Removed 
 Container haven-integration-storage-1 Stopping 
 Container haven-integration-identity-1 Stopping 
 Container haven-integration-scanner-1 Stopping 
 Container haven-integration-migrate-1 Stopping 
 Container haven-integration-migrate-1 Stopped 
 Container haven-integration-migrate-1 Removing 
 Container haven-integration-migrate-1 Removed 
 Container haven-integration-install-1 Stopping 
 Container haven-integration-install-1 Stopped 
 Container haven-integration-install-1 Removing 
 Container haven-integration-scanner-1 Stopped 
 Container haven-integration-scanner-1 Removing 
 Container haven-integration-install-1 Removed 
 Container haven-integration-identity-1 Stopped 
 Container haven-integration-identity-1 Removing 
 Container haven-integration-scanner-1 Removed 
 Container haven-integration-identity-1 Removed 
 Container haven-integration-db-1 Stopping 
 Container haven-integration-db-1 Stopped 
 Container haven-integration-db-1 Removing 
 Container haven-integration-db-1 Removed 
 Container haven-integration-storage-1 Stopped 
 Container haven-integration-storage-1 Removing 
 Container haven-integration-storage-1 Removed 
 Volume haven-integration_database Removing 
 Volume haven-integration_packages-ui-dependencies Removing 
 Volume haven-integration_packages-config-dependencies Removing 
 Volume haven-integration_apps-web-dependencies Removing 
 Volume haven-integration_packages-database-dependencies Removing 
 Volume haven-integration_mail-data Removing 
 Volume haven-integration_cache Removing 
 Volume haven-integration_apps-worker-dependencies Removing 
 Volume haven-integration_packages-test-support-dependencies Removing 
 Volume haven-integration_dependencies Removing 
 Volume haven-integration_packages-contracts-dependencies Removing 
 Volume haven-integration_virus-signatures Removing 
 Volume haven-integration_apps-ops-dependencies Removing 
 Volume haven-integration_search Removing 
 Volume haven-integration_apps-api-dependencies Removing 
 Volume haven-integration_objects Removing 
 Network haven-integration_private Removing 
 Volume haven-integration_database Removed 
 Volume haven-integration_packages-ui-dependencies Removed 
 Volume haven-integration_virus-signatures Removed 
 Volume haven-integration_cache Removed 
 Volume haven-integration_packages-test-support-dependencies Removed 
 Volume haven-integration_apps-web-dependencies Removed 
 Volume haven-integration_packages-config-dependencies Removed 
 Volume haven-integration_search Removed 
 Volume haven-integration_packages-contracts-dependencies Removed 
 Volume haven-integration_mail-data Removed 
 Network haven-integration_private Removed 
 Volume haven-integration_dependencies Removed 
 Volume haven-integration_apps-worker-dependencies Removed 
 Volume haven-integration_apps-api-dependencies Removed 
 Volume haven-integration_packages-database-dependencies Removed 
 Volume haven-integration_objects Removed 
 Volume haven-integration_apps-ops-dependencies Removed 
 Image haven-integration-migrate Building 
 Image haven-integration-worker Building 
 Image haven-integration-api Building 
 Image haven-integration-install Building 
 Image haven-integration-tests Building 
 Image haven-integration-ops Building 
 Image haven-integration-web Building 
#1 [internal] load local bake definitions
#1 reading from stdin 3.56kB done
#1 DONE 0.0s

#2 [web internal] load build definition from Dockerfile.dev
#2 transferring dockerfile: 1.33kB done
#2 DONE 0.0s

#3 [ops internal] load metadata for docker.io/library/node:24.21.0-bookworm-slim@sha256:0e0ff40c39bc087845bfb27465a0df4ea419520094bc35842ff83dd8cbe6f9b6
#3 DONE 0.1s

#4 [ops internal] load .dockerignore
#4 transferring context: 180B done
#4 DONE 0.0s

#5 [api dependencies  1/15] FROM docker.io/library/node:24.21.0-bookworm-slim@sha256:0e0ff40c39bc087845bfb27465a0df4ea419520094bc35842ff83dd8cbe6f9b6
#5 resolve docker.io/library/node:24.21.0-bookworm-slim@sha256:0e0ff40c39bc087845bfb27465a0df4ea419520094bc35842ff83dd8cbe6f9b6 0.0s done
#5 DONE 0.0s

#6 [tests internal] load build context
#6 transferring context: 37.81MB 1.6s done
#6 DONE 1.7s

#7 [migrate dependencies 11/15] COPY packages/contracts/package.json ./packages/contracts/package.json
#7 CACHED

#8 [migrate dependencies 13/15] COPY packages/ui/package.json ./packages/ui/package.json
#8 CACHED

#9 [migrate dependencies  6/15] COPY apps/api/package.json ./apps/api/package.json
#9 CACHED

#10 [migrate dependencies  8/15] COPY apps/ops/package.json ./apps/ops/package.json
#10 CACHED

#11 [migrate dependencies  5/15] COPY package.json pnpm-lock.yaml pnpm-workspace.yaml ./
#11 CACHED

#12 [migrate dependencies 12/15] COPY packages/database/package.json ./packages/database/package.json
#12 CACHED

#13 [migrate dependencies  7/15] COPY apps/web/package.json ./apps/web/package.json
#13 CACHED

#14 [migrate dependencies 14/15] COPY packages/test-support/package.json ./packages/test-support/package.json
#14 CACHED

#15 [migrate dependencies  4/15] WORKDIR /workspace
#15 CACHED

#16 [migrate dependencies  2/15] RUN apt-get update && apt-get install -y --no-install-recommends ffmpeg=7:5.1.9-0+deb12u1 && rm -rf /var/lib/apt/lists/*
#16 CACHED

#17 [migrate dependencies 10/15] COPY packages/config/package.json ./packages/config/package.json
#17 CACHED

#18 [migrate dependencies  3/15] RUN npm install --global pnpm@10.32.1
#18 CACHED

#19 [migrate dependencies  9/15] COPY apps/worker/package.json ./apps/worker/package.json
#19 CACHED

#20 [migrate dependencies 15/15] RUN --mount=type=cache,target=/root/.local/share/pnpm/store pnpm install --frozen-lockfile
#20 CACHED

#17 [install dependencies 10/15] COPY packages/config/package.json ./packages/config/package.json
#17 CACHED

#12 [install dependencies 12/15] COPY packages/database/package.json ./packages/database/package.json
#12 CACHED

#8 [install dependencies 13/15] COPY packages/ui/package.json ./packages/ui/package.json
#8 CACHED

#19 [install dependencies  9/15] COPY apps/worker/package.json ./apps/worker/package.json
#19 CACHED

#11 [install dependencies  5/15] COPY package.json pnpm-lock.yaml pnpm-workspace.yaml ./
#11 CACHED

#14 [install dependencies 14/15] COPY packages/test-support/package.json ./packages/test-support/package.json
#14 CACHED

#15 [install dependencies  4/15] WORKDIR /workspace
#15 CACHED

#13 [install dependencies  7/15] COPY apps/web/package.json ./apps/web/package.json
#13 CACHED

#7 [install dependencies 11/15] COPY packages/contracts/package.json ./packages/contracts/package.json
#7 CACHED

#10 [install dependencies  8/15] COPY apps/ops/package.json ./apps/ops/package.json
#10 CACHED

#18 [install dependencies  3/15] RUN npm install --global pnpm@10.32.1
#18 CACHED

#16 [install dependencies  2/15] RUN apt-get update && apt-get install -y --no-install-recommends ffmpeg=7:5.1.9-0+deb12u1 && rm -rf /var/lib/apt/lists/*
#16 CACHED

#9 [install dependencies  6/15] COPY apps/api/package.json ./apps/api/package.json
#9 CACHED

#21 [tests browser 1/1] RUN pnpm exec playwright install --with-deps --only-shell chromium
#21 CACHED

#22 [worker development 1/1] COPY . .
#22 ...

#23 [tests tests 1/1] COPY . .
#23 DONE 4.4s

#22 [install development 1/1] COPY . .
#22 DONE 4.4s

#24 [web] exporting to image
#24 exporting layers
#24 ...

#25 [install] exporting to image
#25 ...

#26 [worker] exporting to image
#26 ...

#27 [ops] exporting to image
#27 ...

#28 [api] exporting to image
#28 ...

#29 [tests] exporting to image
#29 ...

#30 [migrate] exporting to image
#30 ...

#26 [worker] exporting to image
#26 exporting layers 25.4s done
#26 exporting manifest sha256:6abc78af82ee53a056fe4f9e843fa7e61cd5d1d9d65a1d21f1c4d37144f1a561
#26 exporting manifest sha256:6abc78af82ee53a056fe4f9e843fa7e61cd5d1d9d65a1d21f1c4d37144f1a561 0.2s done
#26 exporting config sha256:ef9b7ebd7e62b4f76b643b642a64ee9121bc296ad939eab2083cab16dde75a24
#26 exporting config sha256:ef9b7ebd7e62b4f76b643b642a64ee9121bc296ad939eab2083cab16dde75a24 0.2s done
#26 exporting attestation manifest sha256:8d2b74014126345b0fd71664119c23761224d3b7f61d5ddd52d4436ff6af0360
#26 exporting attestation manifest sha256:8d2b74014126345b0fd71664119c23761224d3b7f61d5ddd52d4436ff6af0360 0.5s done
#26 exporting manifest list sha256:d5170b5215e75d664548b8a3b0ab3a44a72d0514e51fa7981bb8836201d42568
#26 exporting manifest list sha256:d5170b5215e75d664548b8a3b0ab3a44a72d0514e51fa7981bb8836201d42568 0.3s done
#26 naming to docker.io/library/haven-integration-worker:latest
#26 naming to docker.io/library/haven-integration-worker:latest 0.1s done
#26 unpacking to docker.io/library/haven-integration-worker:latest
#26 ...

#29 [tests] exporting to image
#29 exporting layers 26.0s done
#29 exporting manifest sha256:3d3b17c3e062c00434fe29bec2ff997a8f4fd5d80c69154273904997fe567883 0.2s done
#29 exporting config sha256:9bda6a58f23645f7ca6114dc5ed952307d0d623738c30b2d82c1fac6295e32eb 0.3s done
#29 exporting attestation manifest sha256:1b60755364380d7927d397469b7956464a93dd7f314171288b594d85d7d1f78c 0.2s done
#29 exporting manifest list sha256:7cf1983d8cfb3cf106176e28c011b744f24c0f0b2df504e0d9d03f65bbaa8b1b 0.0s done
#29 naming to docker.io/library/haven-integration-tests:latest done
#29 unpacking to docker.io/library/haven-integration-tests:latest
#29 ...

#27 [ops] exporting to image
#27 exporting layers 25.4s done
#27 exporting manifest sha256:c892d1affe88bf20c796f03f406e723addd33713fe040298f872eec6e7f2c98e 0.2s done
#27 exporting config sha256:34dd06db634ad82052dad71efb41f1f82f0f4a78da6a05f3140fe6ae03f08300 0.2s done
#27 exporting attestation manifest sha256:8a2a0681b0997c40562090358e9377484824ecdffd3b4deff477421be6e3bdb0 0.5s done
#27 exporting manifest list sha256:59ef6b1f01abbf2856bd22674557dc5599bbbabae26f2cef5f02e96aaf503ad3 0.3s done
#27 naming to docker.io/library/haven-integration-ops:latest 0.1s done
#27 unpacking to docker.io/library/haven-integration-ops:latest
#27 ...

#24 [web] exporting to image
#24 exporting layers 25.4s done
#24 exporting manifest sha256:67ec627739887c7e45ceff2bc1a6348d4d26bfdff40b38548925d32e046e6996 0.2s done
#24 exporting config sha256:a15cbcab972ee3feb08164acb389bf61ab601e193a30d42ee2f4130adc316a1e 0.2s done
#24 exporting attestation manifest sha256:e986604308a6cdb1d22a7b14994914ac65165bdb2b4fdb317a43accd8e6c48b2 0.5s done
#24 exporting manifest list sha256:093b1b610fa3b93ee57052a4036586320559e4ace4842eb5defdf3609a132bb2 0.2s done
#24 naming to docker.io/library/haven-integration-web:latest 0.1s done
#24 unpacking to docker.io/library/haven-integration-web:latest
#24 ...

#28 [api] exporting to image
#28 exporting layers 25.4s done
#28 exporting manifest sha256:c96c4602fb3175cea1b071eb557960dd0a0df60324bb1d585cb664904df15ad5 0.2s done
#28 exporting config sha256:d0005b0e5b819d8cbf65c0245cd9f80fc307430e7211c7c48b98d19cce62d97d 0.2s done
#28 exporting attestation manifest sha256:be3975c8b265fba6a0475ddc2c6df41260eccee70bbb1808da0862dbc0354aa3 0.5s done
#28 exporting manifest list sha256:d09a86daeca6d086c83ed9804579b1a68c7617d1ab68c501dd1184e30bd6be75 0.2s done
#28 naming to docker.io/library/haven-integration-api:latest 0.1s done
#28 unpacking to docker.io/library/haven-integration-api:latest
#28 ...

#25 [install] exporting to image
#25 exporting layers 25.4s done
#25 exporting manifest sha256:465358e81b9a912b3f260966d58659a73f631de514dc44964cce34f776593ba4 0.2s done
#25 exporting config sha256:3d47bc9b7e6c5b3897fc5f46ccfe67591b463e5e3d269cee4548031dea6b5e52 0.2s done
#25 exporting attestation manifest sha256:ecc96cea1a81ee34398f776e71f6264d251583d04c5c75512549daab0f387402 0.5s done
#25 exporting manifest list sha256:d25898d2e358e66268572ae4c0a2e3b1c79a2270cbe7361298ec9eb1498db19c 0.2s done
#25 naming to docker.io/library/haven-integration-install:latest 0.0s done
#25 unpacking to docker.io/library/haven-integration-install:latest
#25 ...

#30 [migrate] exporting to image
#30 exporting layers 25.4s done
#30 exporting manifest sha256:fede55bc70bedb997fd93562c731dcb99b548bf947eb59289ca1d53076db80f2 0.2s done
#30 exporting config sha256:ab62f66e3ccf619fbf3e9d4c8dad587df700f9466ba594d892fe7f53102dbcb1 0.2s done
#30 exporting attestation manifest sha256:d9ce46e8f5bb32c46536cccf580d332c8aaa11d3925d610a3bc8b0cce063c774 0.5s done
#30 exporting manifest list sha256:2082b1a36ef62a78d66471acf0a9dfc1cf03611064a35d5bcf17f6de152a7888 0.3s done
#30 naming to docker.io/library/haven-integration-migrate:latest 0.1s done
#30 unpacking to docker.io/library/haven-integration-migrate:latest
#30 unpacking to docker.io/library/haven-integration-migrate:latest 9.1s done
#30 DONE 36.0s

#26 [worker] exporting to image
#26 unpacking to docker.io/library/haven-integration-worker:latest 9.1s done
#26 DONE 36.0s

#27 [ops] exporting to image
#27 unpacking to docker.io/library/haven-integration-ops:latest 9.1s done
#27 DONE 36.0s

#24 [web] exporting to image
#24 unpacking to docker.io/library/haven-integration-web:latest 9.1s done
#24 DONE 36.0s

#25 [install] exporting to image
#25 unpacking to docker.io/library/haven-integration-install:latest 9.1s done
#25 DONE 36.0s

#28 [api] exporting to image
#28 unpacking to docker.io/library/haven-integration-api:latest 9.1s done
#28 DONE 36.0s

#29 [tests] exporting to image
#29 unpacking to docker.io/library/haven-integration-tests:latest 9.0s done
#29 DONE 36.0s

#31 [worker] resolving provenance for metadata file
#31 DONE 0.4s

#32 [ops] resolving provenance for metadata file
#32 DONE 0.3s

#33 [api] resolving provenance for metadata file
#33 DONE 0.2s

#34 [tests] resolving provenance for metadata file
#34 DONE 0.1s

#35 [web] resolving provenance for metadata file
#35 DONE 0.4s

#36 [install] resolving provenance for metadata file
#36 DONE 0.4s

#37 [migrate] resolving provenance for metadata file
#37 DONE 0.0s
 Image haven-integration-install Built 
 Image haven-integration-web Built 
 Image haven-integration-migrate Built 
 Image haven-integration-worker Built 
 Image haven-integration-ops Built 
 Image haven-integration-api Built 
 Image haven-integration-tests Built 
 Network haven-integration_private Creating 
 Network haven-integration_private Created 
 Volume haven-integration_packages-test-support-dependencies Creating 
 Volume haven-integration_packages-test-support-dependencies Created 
 Volume haven-integration_apps-api-dependencies Creating 
 Volume haven-integration_apps-api-dependencies Created 
 Volume haven-integration_packages-contracts-dependencies Creating 
 Volume haven-integration_packages-contracts-dependencies Created 
 Volume haven-integration_cache Creating 
 Volume haven-integration_cache Created 
 Volume haven-integration_search Creating 
 Volume haven-integration_search Created 
 Volume haven-integration_packages-database-dependencies Creating 
 Volume haven-integration_packages-database-dependencies Created 
 Volume haven-integration_packages-ui-dependencies Creating 
 Volume haven-integration_packages-ui-dependencies Created 
 Volume haven-integration_database Creating 
 Volume haven-integration_database Created 
 Volume haven-integration_packages-config-dependencies Creating 
 Volume haven-integration_packages-config-dependencies Created 
 Volume haven-integration_apps-ops-dependencies Creating 
 Volume haven-integration_apps-ops-dependencies Created 
 Volume haven-integration_mail-data Creating 
 Volume haven-integration_mail-data Created 
 Volume haven-integration_apps-web-dependencies Creating 
 Volume haven-integration_apps-web-dependencies Created 
 Volume haven-integration_dependencies Creating 
 Volume haven-integration_dependencies Created 
 Volume haven-integration_objects Creating 
 Volume haven-integration_objects Created 
 Volume haven-integration_apps-worker-dependencies Creating 
 Volume haven-integration_apps-worker-dependencies Created 
 Volume haven-integration_virus-signatures Creating 
 Volume haven-integration_virus-signatures Created 
 Container haven-integration-mail-1 Creating 
 Container haven-integration-cache-1 Creating 
 Container haven-integration-storage-1 Creating 
 Container haven-integration-db-1 Creating 
 Container haven-integration-install-1 Creating 
 Container haven-integration-scanner-1 Creating 
 Container haven-integration-search-1 Creating 
 Container haven-integration-db-1 Created 
 Container haven-integration-identity-1 Creating 
 Container haven-integration-mail-1 Created 
 Container haven-integration-storage-1 Created 
 Container haven-integration-search-1 Created 
 Container haven-integration-scanner-1 Created 
 Container haven-integration-cache-1 Created 
 Container haven-integration-identity-1 Created 
 Container haven-integration-install-1 Created 
 Container haven-integration-migrate-1 Creating 
 Container haven-integration-migrate-1 Created 
 Container haven-integration-api-1 Creating 
 Container haven-integration-worker-1 Creating 
 Container haven-integration-worker-1 Created 
 Container haven-integration-api-1 Created 
 Container haven-integration-ops-1 Creating 
 Container haven-integration-web-1 Creating 
 Container haven-integration-web-1 Created 
 Container haven-integration-ops-1 Created 
 Container haven-integration-proxy-1 Creating 
 Container haven-integration-proxy-1 Created 
 Container haven-integration-scanner-1 Starting 
 Container haven-integration-mail-1 Starting 
 Container haven-integration-cache-1 Starting 
 Container haven-integration-install-1 Starting 
 Container haven-integration-db-1 Starting 
 Container haven-integration-storage-1 Starting 
 Container haven-integration-search-1 Starting 
 Container haven-integration-mail-1 Started 
 Container haven-integration-install-1 Started 
 Container haven-integration-storage-1 Started 
 Container haven-integration-cache-1 Started 
 Container haven-integration-scanner-1 Started 
 Container haven-integration-search-1 Started 
 Container haven-integration-db-1 Started 
 Container haven-integration-db-1 Waiting 
 Container haven-integration-install-1 Waiting 
 Container haven-integration-db-1 Waiting 
 Container haven-integration-install-1 Exited 
 Container haven-integration-db-1 Healthy 
 Container haven-integration-db-1 Healthy 
 Container haven-integration-migrate-1 Starting 
 Container haven-integration-identity-1 Starting 
 Container haven-integration-migrate-1 Started 
 Container haven-integration-mail-1 Waiting 
 Container haven-integration-migrate-1 Waiting 
 Container haven-integration-cache-1 Waiting 
 Container haven-integration-search-1 Waiting 
 Container haven-integration-identity-1 Started 
 Container haven-integration-scanner-1 Waiting 
 Container haven-integration-storage-1 Waiting 
 Container haven-integration-migrate-1 Waiting 
 Container haven-integration-identity-1 Waiting 
 Container haven-integration-mail-1 Healthy 
 Container haven-integration-cache-1 Healthy 
 Container haven-integration-search-1 Healthy 
 Container haven-integration-storage-1 Healthy 
 Container haven-integration-migrate-1 Exited 
 Container haven-integration-worker-1 Starting 
 Container haven-integration-migrate-1 Exited 
 Container haven-integration-worker-1 Started 
 Container haven-integration-scanner-1 Healthy 
 Container haven-integration-identity-1 Healthy 
 Container haven-integration-api-1 Starting 
 Container haven-integration-api-1 Started 
 Container haven-integration-api-1 Waiting 
 Container haven-integration-api-1 Waiting 
 Container haven-integration-api-1 Healthy 
 Container haven-integration-web-1 Starting 
 Container haven-integration-api-1 Healthy 
 Container haven-integration-ops-1 Starting 
 Container haven-integration-ops-1 Started 
 Container haven-integration-web-1 Started 
 Container haven-integration-proxy-1 Starting 
 Container haven-integration-proxy-1 Started 
 Container haven-integration-web-1 Waiting 
 Container haven-integration-migrate-1 Waiting 
 Container haven-integration-worker-1 Waiting 
 Container haven-integration-scanner-1 Waiting 
 Container haven-integration-cache-1 Waiting 
 Container haven-integration-api-1 Waiting 
 Container haven-integration-mail-1 Waiting 
 Container haven-integration-storage-1 Waiting 
 Container haven-integration-install-1 Waiting 
 Container haven-integration-ops-1 Waiting 
 Container haven-integration-db-1 Waiting 
 Container haven-integration-proxy-1 Waiting 
 Container haven-integration-identity-1 Waiting 
 Container haven-integration-search-1 Waiting 
 Container haven-integration-mail-1 Healthy 
 Container haven-integration-migrate-1 Exited 
 Container haven-integration-db-1 Healthy 
 Container haven-integration-search-1 Healthy 
 Container haven-integration-storage-1 Healthy 
 Container haven-integration-install-1 Exited 
 Container haven-integration-cache-1 Healthy 
 Container haven-integration-scanner-1 Healthy 
 Container haven-integration-worker-1 Healthy 
 Container haven-integration-api-1 Healthy 
 Container haven-integration-identity-1 Healthy 
 Container haven-integration-proxy-1 Healthy 
 Container haven-integration-ops-1 Healthy 
 Container haven-integration-web-1 Healthy 
Synthetic fixture fingerprint: 0ae00bbfe3ea10e0f25a9c09782968c553c59d46277245a6f6a2a4f633c46100
Identity staff OTP and verified level-2 policy configured.
 Container haven-integration-tests-run-da3d7f94518f Creating 
 Container haven-integration-tests-run-da3d7f94518f Created 
Captured 33 proposed screens, renderer 153.0.8010.12; human approval is pending.
