time="2026-10-07T04:33:42+04:00" level=warning msg="Found orphan containers ([haven-q11-clean-tests-run-7ef1ad8f4a27]) for this project. If you removed or renamed this service in your compose file, you can run this command with the --remove-orphans flag to clean it up."
 Container haven-q11-clean-tests-run-c36fcc139c86 Creating
 Container haven-q11-clean-tests-run-c36fcc139c86 Created

> haven-real-estate@0.1.0 lint /workspace
> eslint . && node scripts/boundaries.mjs

Application import boundaries passed

> haven-real-estate@0.1.0 test:unit /workspace
> vitest run tests/unit


[1m[30m[46m RUN [49m[39m[22m [36mv5.0.3 [39m[90m/workspace[39m

 [32m✓[39m tests/unit/recovery-envelope.test.ts [2m([22m[2m2 tests[22m[2m)[22m[32m 257[2mms[22m[39m
 [32m✓[39m tests/unit/ci-recording.test.ts [2m([22m[2m1 test[22m[2m)[22m[32m 190[2mms[22m[39m
 [32m✓[39m tests/unit/mortgage-engine.test.ts [2m([22m[2m4 tests[22m[2m)[22m[32m 207[2mms[22m[39m
 [32m✓[39m tests/unit/credential-scan.test.ts [2m([22m[2m1 test[22m[2m)[22m[32m 92[2mms[22m[39m
 [32m✓[39m tests/unit/ci-visual-order.test.ts [2m([22m[2m3 tests[22m[2m)[22m[32m 69[2mms[22m[39m
 [32m✓[39m tests/unit/fixtures.test.ts [2m([22m[2m3 tests[22m[2m)[22m[32m 42[2mms[22m[39m
 [32m✓[39m tests/unit/mortgage-csv.test.ts [2m([22m[2m2 tests[22m[2m)[22m[32m 32[2mms[22m[39m
 [32m✓[39m tests/unit/contracts.test.ts [2m([22m[2m11 tests[22m[2m)[22m[32m 29[2mms[22m[39m
 [32m✓[39m tests/unit/release-readiness.test.ts [2m([22m[2m2 tests[22m[2m)[22m[32m 13[2mms[22m[39m
 [32m✓[39m tests/unit/notification-provider.test.ts [2m([22m[2m2 tests[22m[2m)[22m[32m 19[2mms[22m[39m
 [32m✓[39m tests/unit/money-inputs.test.ts [2m([22m[2m2 tests[22m[2m)[22m[32m 12[2mms[22m[39m
 [32m✓[39m tests/unit/spatial-media.test.ts [2m([22m[2m6 tests[22m[2m)[22m[32m 14[2mms[22m[39m
 [32m✓[39m tests/unit/inquiry-client.test.ts [2m([22m[2m1 test[22m[2m)[22m[32m 9[2mms[22m[39m
 [32m✓[39m tests/unit/exact-parity.test.ts [2m([22m[2m2 tests[22m[2m)[22m[32m 8[2mms[22m[39m
 [32m✓[39m tests/unit/visual-policy.test.ts [2m([22m[2m2 tests[22m[2m)[22m[32m 7[2mms[22m[39m
 [32m✓[39m tests/unit/gateway-rate-address.test.ts [2m([22m[2m2 tests[22m[2m)[22m[32m 5[2mms[22m[39m
 [32m✓[39m tests/unit/reference.test.ts [2m([22m[2m3 tests[22m[2m)[22m[32m 15[2mms[22m[39m
 [32m✓[39m tests/unit/staff-mfa-flow.test.ts [2m([22m[2m1 test[22m[2m)[22m[32m 4[2mms[22m[39m
 [32m✓[39m tests/unit/observability.test.ts [2m([22m[2m2 tests[22m[2m)[22m[32m 5[2mms[22m[39m
 [32m✓[39m tests/unit/public-query.test.ts [2m([22m[2m2 tests[22m[2m)[22m[32m 5[2mms[22m[39m
 [32m✓[39m tests/unit/tour-input.test.ts [2m([22m[2m3 tests[22m[2m)[22m[32m 4[2mms[22m[39m

[2m Test Files [22m [1m[32m21 passed[39m[22m[90m (21)[39m
[2m      Tests [22m [1m[32m57 passed[39m[22m[90m (57)[39m
[2m   Start at [22m 00:33:52
[2m   Duration [22m 5.34s[2m (import 36%, tests 36%, transform 24%, worker 4%)[22m

[2m    Isolate [22m [33m21 workers spawned[39m[2m · ~109ms startup each (spawn + environment, per file)[22m
[2m            [22m [2mat least ~2.19s faster with [22m[33misolate: false[39m[2m — reuses workers across files instead of one per file[22m
