 Container haven-q10-upgrade-db-1 Running
 Container haven-q10-upgrade-archive-init-1 Starting
 Container haven-q10-upgrade-archive-init-1 Started
 Container haven-q10-upgrade-archive-init-1 Waiting
 Container haven-q10-upgrade-archive-init-1 Exited
 Container haven-q10-upgrade-db-1 Waiting
 Container haven-q10-upgrade-db-1 Healthy
 Container haven-q10-upgrade-migrate-run-1254ee2f4e62 Creating
 Container haven-q10-upgrade-migrate-run-1254ee2f4e62 Created
Applied 001-initial.sql
Applied 002-lead-destination.sql
Applied 003-financial-locks.sql
Applied 004-owner-grants.sql
Applied 005-assignment-isolation.sql
Applied 006-grant-expiry-and-membership-scope.sql
Applied 007-reviewer-unit-creation.sql
Applied 008-property-rich-media.sql
Applied 009-rich-media-revisions.sql
Applied 010-private-unit-details.sql
Applied 011-development-media.sql
Applied 012-media-publication-access.sql
Applied 013-outbox-effects.sql
Applied 014-published-destination-lock.sql
Applied 015-geography.sql
Applied 016-geography-identifiers.sql
Applied 017-canonical-inventory.sql
Applied 018-mandate-owner-scope.sql
Applied 019-listing-workflow.sql
Applied 020-moderation-evidence-grants.sql
Applied 021-published-revisions-and-price-history.sql
Applied 022-revision-assignment-scope.sql
Applied 023-property-media-revision-actor.sql
Applied 024-listing-expiration.sql
Applied 025-recent-searches.sql
Applied 026-discovery-facets.sql
Applied 027-private-coordinates.sql
Applied 028-discovery-ranking.sql
Applied 029-public-listing-agents.sql
Applied 030-viewing-agent-eligibility.sql
Applied 031-usable-public-tours.sql
Applied 032-account-profile.sql
Applied 033-favorite-state.sql
Applied 034-browsing-history.sql
Applied 035-saved-searches.sql
Applied 036-notification-alerts.sql
Applied 037-own-alert-retry.sql
Applied 038-notification-provider-receipts.sql
Applied 039-account-privacy.sql
Applied 040-preserve-pending-mail-reconciliation.sql
Applied 041-disable-deletion-history-consent.sql
Applied 042-rentable-room-units.sql
Applied 043-room-label-identity.sql
Applied 044-rental-scope-trigger-row-shape.sql
Applied 045-require-room-label.sql
Applied 046-rental-discovery-projection.sql
Applied 047-rental-availability-authority.sql
Applied 048-development-project-scope.sql
Applied 049-development-floor-types-inventory.sql
Applied 050-development-price-basis.sql
Applied 051-development-inquiries.sql
Applied 052-development-inquiry-version-guard.sql
Applied 053-development-contact-lock.sql
Applied 054-development-publication-review.sql
Applied 055-development-pending-review-changes.sql
Applied 056-development-bootstrap-import-role.sql
Applied 057-commercial-area-price-bases.sql
Applied 058-commercial-authored-facts-guard.sql
Applied 059-commercial-discovery-projection.sql
Applied 060-commercial-inquiry-context.sql
Applied 061-commercial-inquiry-scope.sql
Applied 062-owner-unit-grants.sql
Applied 063-owner-grant-lock.sql
Applied 064-owner-submission-wizard.sql
Applied 065-reviewed-owner-contact.sql
Applied 066-owner-submission-canonical-terms.sql
Applied 067-owner-evidence-policy.sql
Applied 068-owner-assignment-progress.sql
Applied 069-owner-assignment-private-ports.sql
Applied 070-owner-price-revisions.sql
Applied 071-proposed-price-numeric.sql
Applied 072-agent-credentials.sql
Applied 073-agent-profile-scope.sql
Applied 074-agent-approval-integrity.sql
Applied 075-agency-memberships.sql
Applied 076-agency-history-retention.sql
Applied 077-agency-invitation-decision-reason.sql
Applied 078-identity-consumer-bootstrap.sql
Applied 079-agency-assignments.sql
Applied 080-assignment-notification-kind.sql
Applied 081-assignment-notification-and-thread-scope.sql
Applied 082-guest-inquiries-and-consent.sql
Applied 083-guest-destination-restriction.sql
Applied 084-guest-session-read-lock.sql
Applied 085-lead-crm-activity.sql
Applied 086-viewing-availability.sql
Applied 087-viewing-property-zone-lock.sql
Applied 088-viewing-reservation-authority.sql
Applied 089-viewing-calendar-actions.sql
Applied 090-viewing-past-and-property-capacity.sql
Applied 091-viewing-reminders.sql
Applied 092-reminder-personal-export.sql
Applied 093-conversation-members-and-context.sql
Applied 094-conversation-mutation-guards.sql
Applied 095-durable-messages-and-private-attachments.sql
Applied 096-message-version-and-commit-guards.sql
Applied 097-conversation-read-cursors.sql
Applied 098-message-send-admission.sql
Applied 099-owned-provider-catalog.sql
Applied 100-provider-workflow-and-portfolio-guards.sql
Applied 101-current-public-provider-areas.sql
Applied 102-quote-recipient-and-timeline.sql
Applied 103-quote-city-read-port.sql
Applied 104-quote-own-receipt-visibility.sql
Applied 105-mortgage-estimate-notes.sql
Applied 106-management-grant-authority.sql
Applied 107-management-owner-admission-lock.sql
Applied 108-management-canonical-organization-type.sql
Applied 109-management-dependent-grant-scope.sql
Applied 110-verified-tenant-invitations.sql
Applied 111-tenant-personal-and-team-read-scope.sql
Applied 112-tenant-invitation-context-port.sql
Applied 113-native-lease-draft-authority.sql
Applied 114-retained-lease-document-authority.sql
Applied 115-lease-document-admission-lock.sql
Applied 116-atomic-lease-activation-and-rental-withdrawal.sql
Applied 117-lease-renewal-links-and-ending-history.sql
Applied 118-lease-ending-workflow-state-guard.sql
Applied 119-configured-recurring-charge-evidence.sql
Applied 120-recurring-charge-policy-defaults-for-new-markets.sql
Applied 121-recurring-charge-policy-object-guard.sql
Applied 122-native-payment-evidence-drafts-and-posting.sql
Applied 123-exact-finance-allocation-authority-and-caps.sql
Applied 131-audited-versioned-financial-reversals.sql
Applied 132-financial-reversal-generic-record-guard.sql
Applied 133-versioned-deposit-liability.sql
Applied 134-tenant-own-lease-document-read.sql
Applied 135-tenant-lease-download-admission-lock.sql
Applied 136-private-versioned-maintenance-requests.sql
Applied 137-maintenance-private-photo-admission.sql
Applied 138-maintenance-tenant-source-admission.sql
Applied 139-maintenance-returning-row-scope.sql
Applied 140-maintenance-comment-reopen-workflow.sql
Applied 141-maintenance-comment-text-admission.sql
Applied 142-maintenance-private-note-workflow-transaction.sql
Applied 143-current-owner-statement-admission.sql
Applied 145-management-dashboard-source-ports.sql
Applied 146-management-dashboard-finance-source-indexes.sql
Applied 147-private-versioned-support-cases.sql
Applied 148-support-current-staff-admission-locks.sql
Applied 149-public-support-listing-admission.sql
Applied 150-support-approved-pdf-storage-key.sql
Applied 151-assigned-support-workflows-and-private-notes.sql
Applied 152-versioned-home-sections-and-taxonomy.sql
Applied 153-public-editorial-taxonomy-projection.sql
Applied 154-audited-platform-account-and-staff-administration.sql
Applied 155-immutable-attributed-market-configuration-history.sql
Applied 156-consented-deduplicated-analytics-projections.sql
Applied 157-disambiguate-analytics-event-actor.sql
Applied 158-map-agent-and-provider-inquiry-analytics.sql
Applied 159-account-deletion-administration-boundary.sql
