2026-10-06T23:02:56Z	INFO	[vuln] Vulnerability scanning is enabled
2026-10-06T23:02:57Z	INFO	Detected OS	family="alpine" version="3.23.6"
2026-10-06T23:02:57Z	INFO	[alpine] Detecting vulnerabilities...	os_version="3.23" repository="3.23" pkg_num=120
2026-10-06T23:02:57Z	INFO	Number of language-specific files	num=1
2026-10-06T23:02:57Z	INFO	[node-pkg] Detecting vulnerabilities...

📣 Notices:
  - Version 0.75.0 of Trivy is now available, current version is 0.70.0

To suppress version checks, run Trivy scans with the --skip-version-check flag

2026-10-06T23:02:59Z	INFO	[vuln] Vulnerability scanning is enabled
2026-10-06T23:02:59Z	INFO	Detected OS	family="alpine" version="3.23.6"
2026-10-06T23:02:59Z	INFO	[alpine] Detecting vulnerabilities...	os_version="3.23" repository="3.23" pkg_num=18
2026-10-06T23:02:59Z	INFO	Number of language-specific files	num=1
2026-10-06T23:02:59Z	INFO	[node-pkg] Detecting vulnerabilities...
2026-10-06T23:03:02Z	INFO	[vuln] Vulnerability scanning is enabled
2026-10-06T23:03:02Z	INFO	Detected OS	family="alpine" version="3.23.6"
2026-10-06T23:03:02Z	INFO	[alpine] Detecting vulnerabilities...	os_version="3.23" repository="3.23" pkg_num=18
2026-10-06T23:03:02Z	INFO	Number of language-specific files	num=1
2026-10-06T23:03:02Z	INFO	[node-pkg] Detecting vulnerabilities...
2026-10-06T23:03:03Z	INFO	[vuln] Vulnerability scanning is enabled
2026-10-06T23:03:04Z	INFO	Detected OS	family="alpine" version="3.23.6"
2026-10-06T23:03:04Z	INFO	[alpine] Detecting vulnerabilities...	os_version="3.23" repository="3.23" pkg_num=18
2026-10-06T23:03:04Z	INFO	Number of language-specific files	num=1
2026-10-06T23:03:04Z	INFO	[node-pkg] Detecting vulnerabilities...
2026-10-06T23:03:06Z	INFO	[vuln] Vulnerability scanning is enabled
2026-10-06T23:03:06Z	INFO	Detected OS	family="alpine" version="3.23.6"
2026-10-06T23:03:06Z	INFO	[alpine] Detecting vulnerabilities...	os_version="3.23" repository="3.23" pkg_num=18
2026-10-06T23:03:06Z	INFO	Number of language-specific files	num=1
2026-10-06T23:03:06Z	INFO	[node-pkg] Detecting vulnerabilities...
